<11>[    8.058723] c3 1 (init) init: using deprecated syntax for specifying property 'sys.usb.config', use ${name} instead
<11>[    8.061407] c3 1 (init) init: using deprecated syntax for specifying property 'sys.usb.config', use ${name} instead
<11>[    8.069073] c3 1 (init) init: untracked pid 642 exited
<4>[    9.049567] c0 0 (swapper/0) if_set_alt s_if1,1.1
<4>[    9.049671] c0 0 (swapper/0) my_if1_en ok
<11>[    9.079505] c1 1 (init) init: untracked pid 641 exited
<11>[    9.081597] c1 1 (init) init: untracked pid 709 exited
<6>[    9.287044] c2 740 (mount) EXT4-fs (mmcblk0p5): re-mounted. Opts: (null)
<6>[    9.389797] c3 443 (hg_wl_chn_recei) sdr: to empty: wait cp communication to ready
<6>[   16.973525] c1 1052 (mount) EXT4-fs (mmcblk0p5): re-mounted. Opts: (null)
<6>[   17.002914] c1 1053 (mount) EXT4-fs (mmcblk0p5): re-mounted. Opts: (null)
<6>[   29.350119] c0 461 (hdvt_work) modem: modem open ref 1, status 3
<6>[   29.350144] c0 461 (hdvt_work) modem: modem status(3) != MODEM_RELEASE.open modem again! 
<6>[   29.361016] c0 461 (hdvt_work) modem: modem release ref 2, status 3
<6>[   29.482979] c3 443 (hg_wl_chn_recei) sdr: to empty: cp ready
<7>[   29.615499] c2 496 (dji_hdvt_gnd) bridge: start_xmit info: lmi42 xmit skb cacfee40 CP busy!
<7>[   29.936959] c0 0 (swapper/0) bridge: start_xmit info: lmi42 xmit skb cacfee40 CP ready!
<7>[   29.954059] c0 0 (swapper/0) bridge: start_xmit info: lmi42 xmit skb cad13d80 CP busy!
<7>[   29.964059] c0 0 (swapper/0) bridge: start_xmit info: lmi42 xmit skb cad13d80 CP ready!
<7>[   36.127030] c1 445 (dji_hdvt_gnd) bridge: start_xmit info: lmi42 xmit skb ceb3fe40 CP busy!
<7>[   36.162525] c0 0 (swapper/0) bridge: start_xmit info: lmi42 xmit skb ceb3fe40 CP ready!
<7>[   45.417155] c0 426 (dji_hdvt_gnd) bridge: start_xmit info: lmi42 xmit skb cad2b240 CP busy!
<7>[   45.472819] c0 485 (monitor_task) bridge: start_xmit info: lmi42 xmit skb cad2b240 CP ready!
<7>[   48.441047] c0 426 (dji_hdvt_gnd) bridge: start_xmit info: lmi42 xmit skb ce75cb40 CP busy!
<7>[   48.458882] c0 0 (swapper/0) bridge: start_xmit info: lmi42 xmit skb ce75cb40 CP ready!
<7>[   57.505261] c0 426 (dji_hdvt_gnd) bridge: start_xmit info: lmi42 xmit skb cebcec00 CP busy!
<7>[   57.541624] c0 2675 (ps) bridge: start_xmit info: lmi42 xmit skb cebcec00 CP ready!
<7>[   63.452020] c3 445 (dji_hdvt_gnd) bridge: start_xmit info: lmi42 xmit skb cacdd300 CP busy!
<7>[   63.571916] c0 0 (swapper/0) bridge: start_xmit info: lmi42 xmit skb cacdd300 CP ready!
<7>[   75.571263] c0 426 (dji_hdvt_gnd) bridge: start_xmit info: lmi42 xmit skb ce294f00 CP busy!
<7>[   75.699219] c0 0 (swapper/0) bridge: start_xmit info: lmi42 xmit skb ce294f00 CP ready!
<7>[   81.605339] c0 426 (dji_hdvt_gnd) bridge: start_xmit info: lmi42 xmit skb ce75cd80 CP busy!
<7>[   81.727498] c0 437 (1643_recv_threa) bridge: start_xmit info: lmi42 xmit skb ce75cd80 CP ready!
<7>[   82.800953] c1 6 (kworker/u10:0) key 263 reported
<7>[   84.842985] c1 6 (kworker/u10:0) key 263 reported
<7>[   96.613199] c0 6 (kworker/u10:0) key 263 reported
<7>[  112.086003] c2 38 (kworker/u10:1) key 263 reported
<6>[  112.086027] c2 38 (kworker/u10:1) key 263 reported. elapse 15473
<7>[  135.267233] c3 448 (hg_wl_chn_recei) bridge: start_xmit info: lmi42 xmit skb cacdee40 CP busy!
<7>[  136.558767] c0 5808 (sh) bridge: start_xmit info: lmi42 xmit skb cacdee40 CP ready!


!!!New kernel log start!!!

<6>[    0.000000] c0 0 (swapper) Booting Linux on physical CPU 0x100
<6>[    0.000000] c0 0 (swapper) Initializing cgroup subsys cpu
<6>[    0.000000] c0 0 (swapper) Initializing cgroup subsys cpuacct
<5>[    0.000000] c0 0 (swapper) Linux version 3.10.62 (jenkins@APServer01) (gcc version 4.7 (GCC) ) #1 SMP PREEMPT Thu Dec 28 16:11:42 CST 2017
<4>[    0.000000] c0 0 (swapper) CPU: ARMv7 Processor [410fc075] revision 5 (ARMv7), cr=10c5387d
<4>[    0.000000] c0 0 (swapper) CPU: PIPT / VIPT nonaliasing data cache, VIPT aliasing instruction cache
<4>[    0.000000] c0 0 (swapper) Machine: Leadcore Innopower
<4>[    0.000000] c0 0 (swapper) start comip_parse_tag_mem_ext.
<4>[    0.000000] c0 0 (swapper) Physical memory layout:
<4>[    0.000000] c0 0 (swapper)     DRAM Bank1  : 0x00000000 - 0x20000000  ( 512 MB)
<4>[    0.000000] c0 0 (swapper)     Modem       : 0x00000000 - 0x06400000  ( 100 MB)
<4>[    0.000000] c0 0 (swapper)     Kernel Bank1: 0x06400000 - 0x16800000  ( 260 MB)
<4>[    0.000000] c0 0 (swapper)     Framebuffer : 0x16800000 - 0x17800000  (  16 MB)
<4>[    0.000000] c0 0 (swapper)     ON2         : 0x17800000 - 0x1f800000  ( 128 MB)
<4>[    0.000000] c0 0 (swapper)     TrustZone   : 0x1f800000 - 0x20000000  (   8 MB)
<4>[    0.000000] c0 0 (swapper) Ignoring unrecognised tag 0x54410101
<7>[    0.000000] c0 0 (swapper) Boot mode: normal
<6>[    0.000000] c0 0 (swapper) Main VOUT: 7250/9000
<4>[    0.000000] c0 0 (swapper) Chip id: 0x442db66b, rom id: 0x1, bb id: 0x282e05
<4>[    0.000000] c0 0 (swapper) Ignoring unrecognised tag 0x54410105
<4>[    0.000000] c0 0 (swapper) Memory policy: ECC disabled, Data cache writealloc
<4>[    0.000000] c0 0 (swapper) ddr_pwr_pll_mclk rate:1066000000
<4>[    0.000000] c0 0 (swapper) pll0_out rate:988000000
<4>[    0.000000] c0 0 (swapper) pll1_out rate:1248000000
<4>[    0.000000] c0 0 (swapper) A7 rate: 988000000, gr:16
<7>[    0.000000] c0 0 (swapper) On node 0 totalpages: 66560
<7>[    0.000000] c0 0 (swapper) free_area_init_node: node 0, pgdat c05ecd00, node_mem_map c0956000
<7>[    0.000000] c0 0 (swapper)   Normal zone: 520 pages used for memmap
<7>[    0.000000] c0 0 (swapper)   Normal zone: 0 pages reserved
<7>[    0.000000] c0 0 (swapper)   Normal zone: 66560 pages, LIFO batch:15
<4>[    0.000000] c0 0 (swapper) mcpm_smp_init_cpus: cores number:5
<6>[    0.000000] c0 0 (swapper) cpu logical map 0x100
<6>[    0.000000] c0 0 (swapper) cpu logical map 0x101
<6>[    0.000000] c0 0 (swapper) cpu logical map 0x102
<6>[    0.000000] c0 0 (swapper) cpu logical map 0x103
<6>[    0.000000] c0 0 (swapper) cpu logical map 0x0
<6>[    0.000000] c0 0 (swapper) PERCPU: Embedded 9 pages/cpu @c0b64000 s12928 r8192 d15744 u36864
<7>[    0.000000] c0 0 (swapper) pcpu-alloc: s12928 r8192 d15744 u36864 alloc=9*4096
<7>[    0.000000] c0 0 (swapper) pcpu-alloc: [0] 0 [0] 1 [0] 2 [0] 3 [0] 4 
<4>[    0.000000] c0 0 (swapper) Built 1 zonelists in Zone order, mobility grouping on.  Total pages: 66040
<5>[    0.000000] c0 0 (swapper) Kernel command line: watchdog_thresh=3 console=ttyS3,921600 vmalloc=412M maxcpus=4 android firmware_class.path=/vendor/firmware isolcpus=4 initrd=0x07400000,1M lcpart=mmcblk0=gpt:0:2000:200,ddr:2000:2000:200,env:4000:2000:200,panic:6000:2000:200,amt:8000:20000:200,factory:28000:4000:200,factory_out:2c000:4000:200,recovery:30000:8000:200,normal:38000:8000:200,system:40000:40000:200,vendor:80000:20000:200,cache:a0000:80000:200,blackbox:120000:400000:200,userdata:520000:228000:200  chip_sn=6bb62d44 board_sn=08XUEC90060K1K production quiet board_id=0xe2200104
<6>[    0.000000] c0 0 (swapper) board_id = 0xe2200104
<6>[    0.000000] c0 0 (swapper) PID hash table entries: 2048 (order: 1, 8192 bytes)
<6>[    0.000000] c0 0 (swapper) Dentry cache hash table entries: 65536 (order: 6, 262144 bytes)
<6>[    0.000000] c0 0 (swapper) Inode-cache hash table entries: 32768 (order: 5, 131072 bytes)
<6>[    0.000000] c0 0 (swapper) allocated 532480 bytes of page_cgroup
<6>[    0.000000] c0 0 (swapper) please try 'cgroup_disable=memory' option if you don't want memory cgroups
<6>[    0.000000] c0 0 (swapper) Memory: 260MB = 260MB total
<5>[    0.000000] c0 0 (swapper) Memory: 252448k/252448k available, 13792k reserved, 0K highmem
<5>[    0.000000] c0 0 (swapper) Virtual kernel memory layout:
<5>[    0.000000]     vector  : 0xffff0000 - 0xffff1000   (   4 kB)
<5>[    0.000000]     fixmap  : 0xfff00000 - 0xfffe0000   ( 896 kB)
<5>[    0.000000]     vmalloc : 0xd0800000 - 0xff000000   ( 744 MB)
<5>[    0.000000]     lowmem  : 0xc0000000 - 0xd0400000   ( 260 MB)
<5>[    0.000000]     pkmap   : 0xbfe00000 - 0xc0000000   (   2 MB)
<5>[    0.000000]     modules : 0xbf000000 - 0xbfe00000   (  14 MB)
<5>[    0.000000]       .text : 0xc0008000 - 0xc054486c   (5363 kB)
<5>[    0.000000]       .init : 0xc0545000 - 0xc057d280   ( 225 kB)
<5>[    0.000000]       .data : 0xc057e000 - 0xc05f0bb0   ( 459 kB)
<5>[    0.000000]        .bss : 0xc05f0bb0 - 0xc094d090   (3442 kB)
<6>[    0.000000] c0 0 (swapper) SLUB: HWalign=64, Order=0-3, MinObjects=0, CPUs=5, Nodes=1
<6>[    0.000000] c0 0 (swapper/0) Preemptible hierarchical RCU implementation.
<6>[    0.000000] c0 0 (swapper/0) 	Additional per-CPU info printed with stalls.
<6>[    0.000000] c0 0 (swapper/0) NR_IRQS:458
<6>[    0.000000] c0 0 (swapper/0) sched_clock: 32 bits at 13MHz, resolution 76ns, wraps every 330382ms
<6>[    0.000000] c0 0 (swapper/0) Switching to timer-based delay loop
<6>[    0.000000] c0 0 (swapper/0) uart3 is settting quot! baud 921600, quot 1!
<4>[    0.000000] c0 0 (swapper/0) write reg 0xc passes, val 0x93
<4>[    0.000000] c0 0 (swapper/0) write reg 0x0 passes, val 0x1
<4>[    0.000000] c0 0 (swapper/0) write reg 0x4 passes, val 0x0
<4>[    0.000000] c0 0 (swapper/0) write reg 0xc passes, val 0x13
<6>[    0.000000] c0 0 (swapper/0) uart3 new lcr is 0x13, cval = 0x13
<6>[    0.000000] c0 0 (swapper/0) console [ttyS3] enabled
<6>[    0.000000] c0 0 (swapper/0) Console: colour dummy device 80x30
<6>[    0.000655] c0 0 (swapper/0) Calibrating delay loop (skipped), value calculated using timer frequency.. 26.00 BogoMIPS (lpj=13000)
<6>[    0.000677] c0 0 (swapper/0) pid_max: default: 32768 minimum: 301
<6>[    0.001012] c0 0 (swapper/0) Mount-cache hash table entries: 512
<6>[    0.002387] c0 0 (swapper/0) Initializing cgroup subsys debug
<6>[    0.002405] c0 0 (swapper/0) Initializing cgroup subsys memory
<6>[    0.002455] c0 0 (swapper/0) Initializing cgroup subsys freezer
<6>[    0.002507] c0 0 (swapper/0) CPU: Testing write buffer coherency: ok
<6>[    0.002891] c0 1 (swapper/0) CPU0: thread -1, cpu 0, socket 1, mpidr 80000100
<6>[    0.002933] c0 1 (swapper/0) Setting up static identity map for 0xc03c2850 - 0xc03c2900
<6>[    0.002962] c0 1 (swapper/0) pm initialized success 
<7>[    0.010872] c1 0 (swapper/1) CPU1: Booted secondary processor
<6>[    0.010891] c1 0 (swapper/1) CPU1: thread -1, cpu 1, socket 1, mpidr 80000101
<7>[    0.013846] c2 0 (swapper/2) CPU2: Booted secondary processor
<6>[    0.013863] c2 0 (swapper/2) CPU2: thread -1, cpu 2, socket 1, mpidr 80000102
<7>[    0.016851] c3 0 (swapper/3) CPU3: Booted secondary processor
<6>[    0.016869] c3 0 (swapper/3) CPU3: thread -1, cpu 3, socket 1, mpidr 80000103
<6>[    0.016995] c0 1 (swapper/0) Brought up 4 CPUs
<6>[    0.017037] c0 1 (swapper/0) SMP: Total of 4 processors activated (104.00 BogoMIPS).
<6>[    0.017050] c0 1 (swapper/0) CPU: All CPU(s) started in SVC mode.
<6>[    0.039450] c0 1 (swapper/0) NET: Registered protocol family 16
<6>[    0.044162] c0 1 (swapper/0) DMA: preallocated 4096 KiB pool for atomic coherent allocations
<6>[    0.044340] c0 1 (swapper/0) Android kernel panic handler initialized (bind=panic)
<4>[    0.045084] c0 1 (swapper/0) comip_init_common_mfp p_otg->fsm.id=0
<7>[    0.047648] c0 1 (swapper/0) addr 0xe100c220: 0x00000000
<7>[    0.047664] c0 1 (swapper/0) addr 0xe100c224: 0x00000000
<7>[    0.047678] c0 1 (swapper/0) addr 0xe100c228: 0x00000000
<7>[    0.047693] c0 1 (swapper/0) addr 0xe100c22c: 0x00000000
<7>[    0.047707] c0 1 (swapper/0) addr 0xe100c230: 0x00000000
<7>[    0.047721] c0 1 (swapper/0) addr 0xe100c234: 0x00000000
<7>[    0.047733] c0 1 (swapper/0) addr 0xe100c238: 0x00000000
<7>[    0.047747] c0 1 (swapper/0) addr 0xe100c23c: 0x00000000
<7>[    0.047761] c0 1 (swapper/0) addr 0xe100c240: 0x00000000
<7>[    0.047775] c0 1 (swapper/0) addr 0xe100c244: 0x00000000
<7>[    0.047790] c0 1 (swapper/0) addr 0xe100c248: 0x00000000
<7>[    0.047804] c0 1 (swapper/0) addr 0xe100c24c: 0x00000000
<7>[    0.047818] c0 1 (swapper/0) addr 0xe100c250: 0x00000000
<7>[    0.047832] c0 1 (swapper/0) addr 0xe100c254: 0x00000000
<7>[    0.047846] c0 1 (swapper/0) addr 0xe100c258: 0x00000000
<7>[    0.047860] c0 1 (swapper/0) addr 0xe100c25c: 0x00000000
<7>[    0.047878] c0 1 (swapper/0) addr 0xe100a120: 0x00000000
<7>[    0.047892] c0 1 (swapper/0) addr 0xe100a124: 0x00000000
<7>[    0.047904] c0 1 (swapper/0) addr 0xe100a128: 0x00000000
<7>[    0.047918] c0 1 (swapper/0) addr 0xe100a12c: 0x00000000
<7>[    0.047931] c0 1 (swapper/0) addr 0xe100a130: 0x00000000
<6>[    0.048836] c0 1 (swapper/0) hw-breakpoint: found 5 (+1 reserved) breakpoint and 4 watchpoint registers.
<6>[    0.048851] c0 1 (swapper/0) hw-breakpoint: maximum watchpoint size is 8 bytes.
<6>[    0.049426] c0 1 (swapper/0) i2c->adap.nr = 0, i2c->flags = 0x2
<3>[    0.049446] c0 1 (swapper/0) i2c-0: clock: 26000000, speed:400000
<6>[    0.050680] c0 1 (swapper/0) i2c->adap.nr = 1, i2c->flags = 0x2
<3>[    0.050696] c0 1 (swapper/0) i2c-1: clock: 26000000, speed:400000
<6>[    0.051922] c0 1 (swapper/0) i2c->adap.nr = 4, i2c->flags = 0x1
<3>[    0.051941] c0 1 (swapper/0) i2c-4: clock: 10660000, speed:100000
<6>[    0.053257] c0 1 (swapper/0) comip-pwm comip-pwm: comip_pwm_probe
<6>[    0.053673] c0 1 (swapper/0) comip-spi comip-spi.0: master is unqueued, this is deprecated
<6>[    0.053945] c0 1 (swapper/0) comip-spi comip-spi.1: master is unqueued, this is deprecated
<6>[    0.054222] c0 1 (swapper/0) comip-spi comip-spi.2: master is unqueued, this is deprecated
<6>[    0.089379] c0 1 (swapper/0) LC1160: version 0x10, eco no 0, rtc version 1
<6>[    0.090305] c0 1 (swapper/0) parse_bootup_reason: value from 0x5c reg is: 0x1
<6>[    0.090319] c0 1 (swapper/0) parse_bootup_reason: +++++++++start of day reason: onkey
<6>[    0.090332] c0 1 (swapper/0) parse_shutdown_reason: value from 0x5d reg is: 0x0
<6>[    0.090346] c0 1 (swapper/0) parse_shutdown_reason: ----------last end of day reason: unknown
<6>[    0.091163] c0 1 (swapper/0) LC1160: Raw startup 0x01(pwr_key),raw shutdown 0x00(), saved shutdown 0x00()
<6>[    0.091635] c0 1 (swapper/0) LC1160: Power on reason(power_key), reboot reason(null)
<6>[    0.094871] c0 1 (swapper/0) PMIC_DCDC5 SET VOUT = 1200 mv
<6>[    0.095684] c0 1 (swapper/0) PMIC_DCDC7 SET VOUT = 1800 mv
<6>[    0.138233] c0 1 (swapper/0) comip_monitor_probe 
<6>[    0.143280] c0 1 (swapper/0) bio: create slab <bio-0> at 0
<5>[    0.144365] c0 1 (swapper/0) SCSI subsystem initialized
<6>[    0.144517] c0 1 (swapper/0) usbcore: registered new interface driver usbfs
<6>[    0.144586] c0 1 (swapper/0) usbcore: registered new interface driver hub
<6>[    0.144707] c0 1 (swapper/0) usbcore: registered new device driver usb
<6>[    0.144969] c0 1 (swapper/0) i2c-gpio i2c-gpio.6: using pins 131 (SDA) and 129 (SCL)
<6>[    0.145109] c0 1 (swapper/0) i2c-gpio i2c-gpio.7: using pins 201 (SDA) and 202 (SCL)
<6>[    0.145284] c0 1 (swapper/0) i2c-gpio i2c-gpio.8: using pins 157 (SDA) and 159 (SCL)
<6>[    0.145422] c0 1 (swapper/0) i2c-gpio i2c-gpio.9: using pins 219 (SDA) and 221 (SCL)
<6>[    0.145572] c0 1 (swapper/0) i2c-gpio i2c-gpio.10: using pins 161 (SDA) and 163 (SCL)
<6>[    0.145904] c0 1 (swapper/0) Advanced Linux Sound Architecture Driver Initialized.
<6>[    0.147334] c0 1 (swapper/0) input: lc1160_adc_a as /devices/platform/lc11xx_adc/input/input0
<6>[    0.147547] c0 1 (swapper/0) input: lc1160_adc_b as /devices/platform/lc11xx_adc/input/input1
<6>[    0.147603] c0 1 (swapper/0) lc1160_adc: probe success
<6>[    0.147855] c0 1 (swapper/0) Switching to clocksource timer3_clk
<4>[    0.175844] c2 1 (swapper/0) USB_OTG: comip_usb_otg_early_init
<4>[    0.175967] c2 1 (swapper/0) USB_OTG: comip_otg_early_probe
<4>[    0.276979] c2 1 (swapper/0) comip_otg_ctrl_gpio_init WM220: set vbus 1, read back vbus 0
<6>[    0.277257] c2 1 (swapper/0) NET: Registered protocol family 2
<6>[    0.278266] c2 1 (swapper/0) TCP established hash table entries: 4096 (order: 3, 32768 bytes)
<6>[    0.278368] c2 1 (swapper/0) TCP bind hash table entries: 4096 (order: 4, 98304 bytes)
<6>[    0.278496] c2 1 (swapper/0) TCP: Hash tables configured (established 4096 bind 4096)
<6>[    0.278584] c2 1 (swapper/0) TCP: reno registered
<6>[    0.278604] c2 1 (swapper/0) UDP hash table entries: 256 (order: 2, 16384 bytes)
<6>[    0.278665] c2 1 (swapper/0) UDP-Lite hash table entries: 256 (order: 2, 16384 bytes)
<6>[    0.279112] c2 1 (swapper/0) NET: Registered protocol family 1
<6>[    0.279412] c2 1 (swapper/0) Unpacking initramfs...
<0>[    0.306017] c0 1 (swapper/0) Initramfs unpacking failed: broken padding
<6>[    0.308542] c0 1 (swapper/0) Freeing initrd memory: 1024K (c1000000 - c1100000)
<6>[    0.309046] c0 1 (swapper/0) CPU PMU: probing PMU on CPU 0
<6>[    0.309082] c0 1 (swapper/0) hw perfevents: enabled with ARMv7 Cortex-A7 PMU driver, 5 counters available
<3>[    0.309458] c0 1 (swapper/0) modem: comip_register_reboot_callback faild, non init
<6>[    0.310764] c0 1 (swapper/0) sdr: devices driver up version v1.0.1, build time Dec 28 2017 16:10:37
<6>[    0.310834] c0 1 (swapper/0) comip_wdt_probe: AP_PWR_LP_CTL 607
<6>[    0.310977] c0 1 (swapper/0) comip_wdt_probe: AP_PWR_LP_CTL 600
<6>[    0.311038] c0 1 (swapper/0) comip_wdt_probe: AP_PWR_LP_CTL 600
<6>[    0.311103] c0 1 (swapper/0) comip_wdt_probe: AP_PWR_LP_CTL 600
<6>[    0.312301] c0 1 (swapper/0) comip_snd_soc comip_snd_soc.0: comip_snd_soc_probe
<6>[    0.313247] c0 1 (swapper/0) comip-uart.0: ttyS0 at MMIO 0x0 (irq = 72) is a uart0
<6>[    0.313588] c0 1 (swapper/0) comip-uart.1: ttyS1 at MMIO 0x0 (irq = 73) is a uart1
<6>[    0.313945] c0 1 (swapper/0) comip-uart.2: ttyS2 at MMIO 0x0 (irq = 74) is a uart2
<6>[    0.314306] c0 1 (swapper/0) comip-uart.3: ttyS3 at MMIO 0x0 (irq = 89) is a uart3
<7>[    0.319972] c0 1 (swapper/0) mmc-1: set mmc clock rate to 400000
<7>[    0.326175] c0 1 (swapper/0) mmc-0: card detect 0. gpio 243.
<3>[    0.326336] c0 1 (swapper/0) comip_mmc0_set_power: set card vdd ret = -6 vdd = 16
<7>[    0.332953] c0 1 (swapper/0) mmc-0: set mmc clock rate to 400000
<7>[    0.344977] c0 1 (swapper/0) mmc-2: set mmc clock rate to 400000
<6>[    0.351099] c0 1 (swapper/0) ion-lc ion-lc: lc_ion_probe
<6>[    0.351229] c0 1 (swapper/0) ion: creat /dev/ion success
<3>[    0.351551] c0 1 (swapper/0) Failed to create heap debugfs at /ion/heaps/lc_ion_lcmem_heap
<4>[    0.353006] c0 1 (swapper/0) mali ddk r5p0-06rel0 early init
<6>[    0.353238] c0 1 (swapper/0) mali mali.0: Continuing without Mali clock control
<6>[    0.353541] c0 1 (swapper/0) mali mali.0: GPU identified as 0x0620 r1p0 status 1
<6>[    0.354220] c0 1 (swapper/0) mali mali.0: Probed as mali0
<6>[    0.355391] c0 1 (swapper/0) input: comip-gpio-keys as /devices/platform/comip-gpio-keys/input/input2
<7>[    0.355425] c0 1 (swapper/0) key 212 reported
<7>[    0.355441] c0 1 (swapper/0) key 256 reported
<7>[    0.355458] c0 1 (swapper/0) key 257 reported
<7>[    0.355472] c0 1 (swapper/0) key 258 reported
<7>[    0.355489] c0 1 (swapper/0) key 259 reported
<7>[    0.355504] c0 1 (swapper/0) key 260 reported
<7>[    0.355519] c0 1 (swapper/0) key 261 reported
<7>[    0.355536] c0 1 (swapper/0) key 262 reported
<7>[    0.355551] c0 1 (swapper/0) key 263 reported
<7>[    0.355564] c0 1 (swapper/0) key 393 reported
<7>[    0.355579] c0 1 (swapper/0) key 105 reported
<7>[    0.355593] c0 1 (swapper/0) key 106 reported
<6>[    0.355805] c0 1 (swapper/0) comip-i2s comip-i2s.0: comip_i2s_probe, id=0
<6>[    0.355980] c0 1 (swapper/0) comip-pcm comip-pcm.0: comip_pcm_virtual_probe
<6>[    0.356368] c0 1 (swapper/0) comip-snd-lowpower comip-snd-lowpower: snd_lowpower_probe
<6>[    0.365858] c0 1 (swapper/0) comip-rtc comip-rtc: rtc core: registered comip-rtc as rtc0
<6>[    0.366364] c0 1 (swapper/0) hx170dec: dec/pp kernel module. 
<6>[    0.366495] c0 1 (swapper/0) hx170dec: Core 0 HW ID=0x67314808
<6>[    0.366507] c0 1 (swapper/0) hx170dec: Supported HW found at 0xa0340200
<6>[    0.366522] c0 1 (swapper/0) hx170dec: core[0] has H264
<6>[    0.366535] c0 1 (swapper/0) hx170dec: core[0] has JPEG
<6>[    0.366546] c0 1 (swapper/0) hx170dec: core[0] has MPEG4
<6>[    0.366559] c0 1 (swapper/0) hx170dec: core[0] has VC1
<6>[    0.366572] c0 1 (swapper/0) hx170dec: core[0] has MPEG2
<6>[    0.366585] c0 1 (swapper/0) hx170dec: core[0] has VP6
<6>[    0.366598] c0 1 (swapper/0) hx170dec: core[0] has VP8
<6>[    0.366611] c0 1 (swapper/0) hx170dec: core[0] has VP7
<6>[    0.366624] c0 1 (swapper/0) hx170dec: core[0] has WebP
<6>[    0.366636] c0 1 (swapper/0) hx170dec: core[0] has AVS
<6>[    0.366649] c0 1 (swapper/0) hx170dec: core[0] has RV
<6>[    0.366662] c0 1 (swapper/0) hx170dec: core[0] has PP
<4>[    0.367021] c0 1 (swapper/0) hx280enc_probe
<6>[    0.367077] c0 1 (swapper/0) hx280enc: HW ID=0x72802080
<6>[    0.367090] c0 1 (swapper/0) hx280enc: Compatible HW found at 0xa0340000
<6>[    0.367216] c0 1 (swapper/0) hx280enc: probe successfully. Major = 252
<4>[    0.367419] c0 1 (swapper/0) hx280enc_h1_probe
<6>[    0.367475] c0 1 (swapper/0) hx280enc_h1_data.hwregs = f8342000
<6>[    0.367489] c0 1 (swapper/0) hx280enc_h1: HW at base <0xa0342000> with ID <0x48314780>
<4>[    0.367830] c0 1 (swapper/0) lcmem_probe in: module init
<4>[    0.367842] c0 1 (swapper/0) lcmem: Linear Memory Allocator, $Revision: 1.10 $ 
<4>[    0.367856] c0 1 (swapper/0) lcmem: linear memory base = 0x17801000 
<6>[    0.368015] c0 1 (swapper/0) lcmem: probe successfully. Major = 250
<4>[    0.370552] c0 1 (swapper/0) lhc_cdin!
<6>[    0.371183] c0 1 (swapper/0) on2psm: probe successfully. power = 0x7
<6>[    0.371287] c0 1 (swapper/0) thermal: comip_thermal_probe called
<3>[    0.371509] c0 1 (swapper/0) [UREG]Ureg Driver Registered
<6>[    0.373327] c0 6 (kworker/u10:0) mmc0: BKOPS_EN bit is not set
<7>[    0.379966] c0 6 (kworker/u10:0) mmc-1: set mmc clock rate to 104000000
<7>[    0.379990] c0 6 (kworker/u10:0) found (fe014e, Micron), use read_delay 1.
<7>[    0.380011] c0 6 (kworker/u10:0) mmc-1: tuning result phase is 1
<6>[    0.380410] c0 6 (kworker/u10:0) mmc0: new HS200 MMC card at address 0001
<3>[    0.380665] c0 6 (kworker/u10:0) comip_mmc0_set_power: set card vdd ret = -6 vdd = 0
<6>[    0.386318] c1 1 (swapper/0) fuse init (API version 7.22)
<6>[    0.386873] c1 1 (swapper/0) msgmni has been set to 495
<6>[    0.388850] c1 1 (swapper/0) io scheduler noop registered
<6>[    0.389085] c1 1 (swapper/0) io scheduler cfq registered (default)
<6>[    0.398866] c1 1 (swapper/0) loop: module loaded
<4>[    0.398962] c1 1 (swapper/0) mfi_i2c_client addr:17
<4>[    0.399117] c1 1 (swapper/0) applecp module init ok
<6>[    0.399460] c1 1 (swapper/0) usbcore: registered new interface driver cdc_ether
<6>[    0.399527] c1 1 (swapper/0) usbcore: registered new interface driver cdc_eem
<6>[    0.399586] c1 1 (swapper/0) usbcore: registered new interface driver rndis_host
<6>[    0.399643] c1 1 (swapper/0) usbcore: registered new interface driver cdc_subset
<6>[    0.399764] c1 1 (swapper/0) usbcore: registered new interface driver cdc_ncm
<6>[    0.399824] c1 1 (swapper/0) usbcore: registered new interface driver cdc_mbim
<4>[    0.400231] c1 1 (swapper/0) comip_hcd_driver_probe(c05a3740) id=0
<4>[    0.401267] c1 1 (swapper/0) set USB power on.
<4>[    0.401296] c1 1 (swapper/0) enter comip_cil_init,core_if->type=0
<4>[    0.401309] c1 1 (swapper/0) USB HSIC core power up success.
<4>[    0.402329] c1 1 (swapper/0) LZS set_usb_init_reg: 192, AP_PWR_PDFSM_ST1=0x07077707
<4>[    0.405500] c1 1 (swapper/0) hcd:Core Release: 2.94a
<4>[    0.405519] c1 1 (swapper/0) hcd:Setting default values for core params
<4>[    0.405564] c1 1 (swapper/0) LZS hcd_init: 345, enter
<6>[    0.405640] c1 1 (swapper/0) comip-hcd comip-hcd.0: COMIP Controller
<6>[    0.405670] c1 1 (swapper/0) comip-hcd comip-hcd.0: new USB bus registered, assigned bus number 1
<6>[    0.405717] c1 1 (swapper/0) comip-hcd comip-hcd.0: irq 49, io mem 0x00000000
<4>[    0.405789] c1 1 (swapper/0) usb usb1: config index 0 lenght 25, result 9
<4>[    0.405800] c1 1 (swapper/0) 09 02 19 00 01 01 00 e0 00 
<4>[    0.405866] c1 1 (swapper/0) usb usb1: config index 0 lenght 25, result 25
<4>[    0.405877] c1 1 (swapper/0) 09 02 19 00 01 01 00 e0 00 09 04 00 00 01 09 00 00 00 07 05 81 03 04 00 0c 
<6>[    0.406605] c1 1 (swapper/0) hub 1-0:1.0: USB hub found
<6>[    0.406637] c1 1 (swapper/0) hub 1-0:1.0: 1 port detected
<4>[    0.406969] c1 1 (swapper/0) comip_hcd_driver_probe:comip_hcd_dev->core_if->id=0
<4>[    0.408277] c1 1 (swapper/0) set USB power off.
<4>[    0.408315] c1 1 (swapper/0) comip_hcd_driver_probe(c05a3920) id=2
<4>[    0.415622] c1 1 (swapper/0) set USB power on.
<4>[    0.415651] c1 1 (swapper/0) enter comip_cil_init,core_if->type=2
<4>[    0.415738] c1 1 (swapper/0) USB HSIC core power up success.
<4>[    0.422762] c1 1 (swapper/0) read USB1_GLPMCFG = 40000000
<4>[    0.422775] c1 1 (swapper/0) [HSIC]: USB1_GRSTCTL = 0x80000001
<7>[    0.422789] c1 1 (swapper/0) [HSIC]: USB1_GRSTCTL = 0x80000000 timeout=99
<4>[    0.423947] c1 1 (swapper/0) hcd:Core Release: 2.94a
<4>[    0.423963] c1 1 (swapper/0) hcd:Setting default values for core params
<4>[    0.423984] c1 1 (swapper/0) LZS hcd_init: 345, enter
<6>[    0.424045] c1 1 (swapper/0) comip-hcd comip-hcd.2: COMIP Controller
<6>[    0.424078] c1 1 (swapper/0) comip-hcd comip-hcd.2: new USB bus registered, assigned bus number 2
<6>[    0.424123] c1 1 (swapper/0) comip-hcd comip-hcd.2: irq 50, io mem 0x00000000
<4>[    0.424156] c1 1 (swapper/0) hcd:Init: Power Port (0)
<4>[    0.424201] c1 1 (swapper/0) usb usb2: config index 0 lenght 25, result 9
<4>[    0.424211] c1 1 (swapper/0) 09 02 19 00 01 01 00 e0 00 
<4>[    0.424270] c1 1 (swapper/0) usb usb2: config index 0 lenght 25, result 25
<4>[    0.424281] c1 1 (swapper/0) 09 02 19 00 01 01 00 e0 00 09 04 00 00 01 09 00 00 00 07 05 81 03 04 00 0c 
<6>[    0.424847] c1 1 (swapper/0) hub 2-0:1.0: USB hub found
<6>[    0.424874] c1 1 (swapper/0) hub 2-0:1.0: 1 port detected
<4>[    0.425179] c1 1 (swapper/0) enter hsic init
<4>[    0.425193] c1 1 (swapper/0) LZS comip_hcd_driver_start: 1251, enter
<4>[    0.425207] c1 1 (swapper/0) enter comip_hcd_driver_start:id=2
<4>[    0.430242] c1 1 (swapper/0) USB power should be on.
<7>[    0.435258] c1 1 (swapper/0) hcd:I: comip_hcd_driver_start init_reg
<4>[    0.442280] c1 1 (swapper/0) read USB1_GLPMCFG = 40000000
<4>[    0.442294] c1 1 (swapper/0) [HSIC]: USB1_GRSTCTL = 0x80000001
<7>[    0.442309] c1 1 (swapper/0) [HSIC]: USB1_GRSTCTL = 0x80000000 timeout=99
<4>[    0.642412] c1 1 (swapper/0) hcd:Using Descriptor DMA mode
<4>[    0.642426] c1 1 (swapper/0) hcd:Periodic Transfer Interrupt Enhancement - disabled
<4>[    0.642439] c1 1 (swapper/0) hcd:Multiprocessor Interrupt Enhancement - disabled
<4>[    0.642454] c1 1 (swapper/0) hcd:OTG VER PARAM: 1, OTG VER FLAG: 1
<4>[    0.642484] c1 1 (swapper/0) hcd:Init: Power Port (0)
<7>[    0.642695] c1 1 (swapper/0) hcd:I: comip_hcd_driver_start end
<6>[    0.642903] c1 1 (swapper/0) usbcore: registered new interface driver cdc_wdm
<6>[    0.643045] c1 1 (swapper/0) usbcore: registered new interface driver usb-storage
<3>[    0.771446] c1 1 (swapper/0) i2c-0: wait rx timeout!
<3>[    0.772298] c1 1 (swapper/0) i2c-0-0x08: xfer error -110.
<3>[    0.773221] c1 1 (swapper/0) usb3503 0-0008: CFG1 failed (-110)
<6>[    0.774234] c1 1 (swapper/0) usb3503 0-0008: usb3503_probe: probed on  hub mode
<4>[    0.776540] c1 1 (swapper/0) usb aoa module init ok
<4>[    0.776644] c1 1 (swapper/0) apple_roleswitch module init ok
<6>[    0.777592] c1 1 (swapper/0) mlx90393 spi0.0: osr = 0x3, dig_filt = 0x7, res_xyz = 0x3f, osr2 = 0x3
<6>[    0.777835] c1 1 (swapper/0) input: mlx90393-0 as /devices/platform/comip-spi.0/spi_master/spi0/spi0.0/input/input3
<6>[    0.783689] c1 1 (swapper/0) mlx90393 spi1.0: osr = 0x3, dig_filt = 0x2, res_xyz = 0x3f, osr2 = 0x3
<6>[    0.783905] c1 1 (swapper/0) input: mlx90393-1 as /devices/platform/comip-spi.1/spi_master/spi1/spi1.0/input/input4
<6>[    0.789597] c1 1 (swapper/0) mlx90393 spi2.0: osr = 0x3, dig_filt = 0x2, res_xyz = 0x3f, osr2 = 0x3
<6>[    0.789813] c1 1 (swapper/0) input: mlx90393-2 as /devices/platform/comip-spi.2/spi_master/spi2/spi2.0/input/input5
<6>[    0.795484] c1 1 (swapper/0) i2c /dev entries driver
<6>[    0.796715] c1 1 (swapper/0) mmcblk0: mmc0:0001 P1J94M 3.64 GiB 
<6>[    0.797033] c1 1 (swapper/0) mmcblk0boot0: mmc0:0001 P1J94M partition 1 1.00 MiB
<6>[    0.797308] c1 1 (swapper/0) mmcblk0boot1: mmc0:0001 P1J94M partition 2 1.00 MiB
<6>[    0.797593] c1 1 (swapper/0) mmcblk0rpmb: mmc0:0001 P1J94M partition 3 1.00 MiB
<6>[    0.798156] c0 1 (swapper/0)  mmcblk0: p1 (gpt) p2 (ddr) p3 (env) p4 (panic) p5 (amt) p6 (factory) p7 (factory_out) p8 (recovery) p9 (normal) p10 (system) p11 (vendor) p12 (cache) p13 (blackbox) p14 (userdata)mmcblk0boot1 has no partition table!
<4>[    0.801881] c0 1 (swapper/0) mmcblk0boot0 has no partition table!
<6>[    0.802802] c0 1 (swapper/0) zram: Created 1 device(s) ...
<6>[    0.803479] c0 1 (swapper/0) ashmem: initialized
<6>[    0.803657] c0 1 (swapper/0) logger: created 256K log 'log_main'
<6>[    0.803821] c0 1 (swapper/0) logger: created 256K log 'log_events'
<6>[    0.804024] c0 1 (swapper/0) logger: created 256K log 'log_radio'
<6>[    0.804199] c0 1 (swapper/0) logger: created 256K log 'log_system'
<4>[    0.804837] c0 1 (swapper/0) soc-audio soc-audio: ASoC: machine comip_snd_soc should use snd_soc_register_card()
<6>[    0.816392] c0 1 (swapper/0) LC1160_R71=0x1f
<6>[    0.816861] c0 1 (swapper/0) LC1160_R72=0x1f
<6>[    0.817327] c0 1 (swapper/0) LC1160_R73=0x1b
<6>[    0.817794] c0 1 (swapper/0) LC1160_R74=0x1d
<6>[    0.817812] c0 1 (swapper/0) comip_codec comip_codec: codec probe success, chip version is LC1160B
<7>[    0.849063] c0 1 (swapper/0) [SND CODEC] comip_pcm_new
<7>[    0.849470] c0 1 (swapper/0) [SND CODEC] comip_pcm_preallocate_dma_buffer addr: 0xe0040000, area: 0xd0d80000, bytes: 131072
<7>[    0.849640] c0 1 (swapper/0) [SND CODEC] comip_pcm_preallocate_dma_buffer addr: 0x14ac0000, area: 0xd0da1000, bytes: 131072
<6>[    0.849657] c0 1 (swapper/0) soc-audio soc-audio:  comip_hifi <-> comip-i2s.0 mapping ok
<6>[    0.850134] c0 1 (swapper/0) soc-audio soc-audio:  comip_voice <-> comip-pcm.0 mapping ok
<6>[    0.853678] c0 1 (swapper/0) input: comip_snd_soc Headset as /devices/platform/soc-audio/sound/card0/input6
<6>[    0.854459] c0 1 (swapper/0) ip_tables: (C) 2000-2006 Netfilter Core Team
<6>[    0.854552] c0 1 (swapper/0) TCP: cubic registered
<6>[    0.854569] c0 1 (swapper/0) NET: Registered protocol family 17
<6>[    0.854863] c0 1 (swapper/0) VFP support v0.3: implementor 41 architecture 2 part 30 variant 7 rev 5
<5>[    0.854907] c0 1 (swapper/0) Registering SWP/SWPB emulation handler
<7>[    0.854953] c0 1 (swapper/0) shadow_timer_delta=6500000, shadow_timer_delta_max=1672352866
<6>[    0.856773] c0 1 (swapper/0) modem: devices driver up.
<6>[    0.858776] c0 39 (kworker/0:1) comip_codec comip_codec: lc1160_irq_work_handle: status = 0x0
<4>[    0.864199] c3 1 (swapper/0) USB_OTG: comip_otg_probe: 799, exit
<4>[    0.864230] c3 1 (swapper/0) comip-otg: probe of comip-otg failed with error 3
<6>[    0.864616] c3 1 (swapper/0) file system registered
<6>[    0.866939] c3 1 (swapper/0) android_usb gadget: Mass Storage Function, version: 2009/09/11
<6>[    0.866955] c3 1 (swapper/0) android_usb gadget: Number of LUNs=1
<6>[    0.866973] c3 1 (swapper/0)  lun0: LUN: removable file: (no medium)
<6>[    0.867011] c3 1 (swapper/0) android_usb gadget: android_usb ready
<6>[    0.869886] c3 1 (swapper/0) comip-rtc comip-rtc: setting system clock to 1980-01-01 00:00:03 UTC (315532803)
<6>[    0.870048] c3 1 (swapper/0) ALSA device list:
<6>[    0.870062] c3 1 (swapper/0)   #0: comip_snd_soc
<6>[    0.870419] c3 1 (swapper/0) uart3 already has set quot! baud 921600, quot 1!
<6>[    0.870435] c3 1 (swapper/0) uart3 new lcr is 0x3, cval = 0x13
<6>[    0.870778] c3 1 (swapper/0) Freeing unused kernel memory: 224K (c0545000 - c057d000)
<11>[    0.875483] c0 1 (init) init: /init.environ.rc: 14: invalid command 'exoprt'
<11>[    0.979006] c0 1 (init) init: /dev/hw_random not found
<6>[    0.980210] c0 1 (init) uart3 already has set quot! baud 921600, quot 1!
<6>[    0.980226] c0 1 (init) uart3 new lcr is 0x3, cval = 0x13
<11>[    0.980558] c0 1 (init) init: cannot open '/initlogo.rle'
<6>[    0.989559] c0 1 (init) EXT4-fs (mmcblk0p5): mounted filesystem with ordered data mode. Opts: (null)
<6>[    0.997737] c0 1 (init) EXT4-fs (mmcblk0p14): mounted filesystem with ordered data mode. Opts: (null)
<6>[    1.003678] c0 1 (init) EXT4-fs (mmcblk0p11): mounted filesystem with ordered data mode. Opts: (null)
<6>[    1.009278] c2 1 (init) EXT4-fs (mmcblk0p10): mounted filesystem with ordered data mode. Opts: (null)
<6>[    1.013122] c1 1 (init) EXT4-fs (mmcblk0p12): mounted filesystem with ordered data mode. Opts: (null)
<6>[    1.016279] c1 1 (init) uart1 is settting quot! baud 9600, quot 60!
<4>[    1.016295] c1 1 (init) write reg 0xc passes, val 0x93
<4>[    1.016309] c1 1 (init) write reg 0x0 passes, val 0x60
<4>[    1.016323] c1 1 (init) write reg 0x4 passes, val 0x0
<4>[    1.016753] c1 1 (init) write reg 0xc passes, val 0x13
<6>[    1.016767] c1 1 (init) uart1 new lcr is 0x13, cval = 0x13
<6>[    1.017961] c1 1 (init) uart2 is settting quot! baud 9600, quot 60!
<4>[    1.017976] c1 1 (init) write reg 0xc passes, val 0x93
<4>[    1.017989] c1 1 (init) write reg 0x0 passes, val 0x60
<4>[    1.018002] c1 1 (init) write reg 0x4 passes, val 0x0
<4>[    1.018432] c1 1 (init) write reg 0xc passes, val 0x13
<6>[    1.018445] c1 1 (init) uart2 new lcr is 0x13, cval = 0x13
<11>[    1.019175] c1 1 (init) init: /dev/hw_random not found
<11>[    1.023485] c1 1 (init) init: The sn.txt is not exist in the path of amt!
<6>[    1.028201] c2 97 (init) uart3 already has set quot! baud 921600, quot 1!
<6>[    1.028219] c2 97 (init) uart3 new lcr is 0x3, cval = 0x13
<6>[    1.072911] c0 1 (init) Galcore version 4.6.9.9754
<4>[    1.072967] c0 1 (init) galcore options:
<4>[    1.072995] c0 1 (init)   irqLine           = 42
<4>[    1.073008] c0 1 (init)   registerMemBase   = 0xA0300000
<4>[    1.073019] c0 1 (init)   registerMemSize   = 0x00040000
<4>[    1.073031] c0 1 (init)   contiguousSize    = 4194304
<4>[    1.073042] c0 1 (init)   contiguousBase    = 0x00000000
<4>[    1.073053] c0 1 (init)   bankSize          = 0x00000000
<4>[    1.073063] c0 1 (init)   fastClear         = -1
<4>[    1.073093] c0 1 (init)   compression       = -1
<4>[    1.073104] c0 1 (init)   signal            = 48
<4>[    1.073116] c0 1 (init)   baseAddress       = 0x00000000
<4>[    1.073128] c0 1 (init)   physSize          = 0x80000000
<4>[    1.073139] c0 1 (init)   logFileSize       = 0 KB 
<4>[    1.073150] c0 1 (init)   powerManagement   = 1
<4>[    1.073160] c0 1 (init)   gpuProfiler   = 0
<4>[    1.073172] c0 1 (init)   coreClock       = 234000000
<4>[    1.078408] c0 1 (init) orignal gc outstanding setting: 0x3c000000
<6>[    1.078426] c0 1 (init) change gc outstanding setting: 0x3c000000
<11>[    1.092678] c0 1 (init) init: property 'sys.powerctl' doesn't exist while expanding '${sys.powerctl}'
<11>[    1.094458] c0 1 (init) init: powerctl: cannot expand '${sys.powerctl}'
<11>[    1.095732] c0 1 (init) init: using deprecated syntax for specifying property 'persist.sys.usb.config', use ${name} instead
<6>[    1.245987] c1 118 (busybox) EXT4-fs (mmcblk0p13): mounted filesystem with ordered data mode. Opts: data=ordered
<6>[    1.309533] c1 125 (busybox) EXT4-fs (mmcblk0p12): mounted filesystem with ordered data mode. Opts: data=ordered
<3>[    1.483854] c0 1 (init) android_usb: already disabled
<11>[    1.485252] c0 1 (init) init: using deprecated syntax for specifying property 'sys.usb.config', use ${name} instead
<6>[    1.487696] c0 1 (init) android functions_store: rndis,mass_storage,bulk,acm
<6>[    1.487986] c0 1 (init) rndis_function_bind_config MAC: 00:00:00:00:00:00
<4>[    1.488077] c0 1 (init) android_usb gadget: using random self ethernet address
<4>[    1.488113] c0 1 (init) android_usb gadget: using random host ethernet address
<11>[    1.488596] c0 84 (ueventd) init: add network interface: rndis0
<6>[    1.490409] c0 1 (init) rndis0: MAC 8e:e4:5b:fd:2b:28
<6>[    1.490428] c0 1 (init) rndis0: HOST MAC 36:4c:ad:06:a2:02
<6>[    1.490558] c0 1 (init) bulk_bind_config
<11>[    1.498515] c2 84 (ueventd) init: exec CMD: /system/bin/ifconfig rndis0 192.168.42.2
<4>[    1.500662] c0 1 (init) u2d_usb_init
<11>[    1.507164] c0 1 (init) init: using deprecated syntax for specifying property 'sys.usb.config', use ${name} instead
<6>[    1.987543] c0 271 (mount) EXT4-fs (mmcblk0p5): re-mounted. Opts: (null)
<6>[    2.024135] c0 272 (mount) EXT4-fs (mmcblk0p5): re-mounted. Opts: (null)
<6>[    2.681861] c3 156 (sdrs) modem: modem open ref 0, status 0
<6>[    2.691536] c1 156 (sdrs) modem: request_firmware head data d7d55000 size 1272448
<6>[    3.612519] c1 156 (sdrs) modem: reboot flag 0, 0
<6>[    3.612542] c1 156 (sdrs) modem: run modem, set CP to reset state first
<7>[    3.662969] c1 156 (sdrs) addr 0xe100c220: 0x0000ffff
<7>[    3.662985] c1 156 (sdrs) addr 0xe100c224: 0x0000ffff
<7>[    3.662998] c1 156 (sdrs) addr 0xe100c228: 0x0000ffff
<7>[    3.663012] c1 156 (sdrs) addr 0xe100c22c: 0x0000ffff
<7>[    3.663027] c1 156 (sdrs) addr 0xe100c230: 0x0000ffff
<7>[    3.663041] c1 156 (sdrs) addr 0xe100c234: 0x0000ffff
<7>[    3.663056] c1 156 (sdrs) addr 0xe100c238: 0x0000ffff
<7>[    3.663070] c1 156 (sdrs) addr 0xe100c23c: 0x0000ffff
<7>[    3.663084] c1 156 (sdrs) addr 0xe100c240: 0x0000ffff
<7>[    3.663099] c1 156 (sdrs) addr 0xe100c244: 0x0000ffff
<7>[    3.663113] c1 156 (sdrs) addr 0xe100c248: 0x0000ffff
<7>[    3.663127] c1 156 (sdrs) addr 0xe100c24c: 0x0000ffff
<7>[    3.663142] c1 156 (sdrs) addr 0xe100c250: 0x0000ffff
<7>[    3.663156] c1 156 (sdrs) addr 0xe100c254: 0x0000ffff
<7>[    3.663170] c1 156 (sdrs) addr 0xe100c258: 0x0000ffff
<7>[    3.663185] c1 156 (sdrs) addr 0xe100c25c: 0x0000ffff
<7>[    3.663202] c1 156 (sdrs) addr 0xe100a120: 0x01ffffff
<7>[    3.663216] c1 156 (sdrs) addr 0xe100a124: 0x00000000
<7>[    3.663231] c1 156 (sdrs) addr 0xe100a128: 0x01ffffff
<7>[    3.663245] c1 156 (sdrs) addr 0xe100a12c: 0x01ffffff
<7>[    3.663260] c1 156 (sdrs) addr 0xe100a130: 0x01ffffff
<7>[    3.668958] c1 156 (sdrs) bridge: reset run image flag 2
<7>[    3.669330] c1 156 (sdrs) modem: add bridge TPC0 
<7>[    3.669542] c1 156 (sdrs) bridge: TPC0 found! 
<7>[    3.669904] c1 156 (sdrs) modem: add bridge TPC1 
<7>[    3.670090] c1 156 (sdrs) bridge: TPC1 found! 
<7>[    3.670181] c1 156 (sdrs) modem: add bridge lmi0 
<7>[    3.670310] c1 156 (sdrs) bridge: lmi0 found! 
<7>[    3.670361] c1 156 (sdrs) modem: add bridge lmi1 
<7>[    3.670660] c1 156 (sdrs) bridge: lmi1 found! 
<7>[    3.670713] c1 156 (sdrs) modem: add bridge lmi2 
<7>[    3.670840] c1 156 (sdrs) bridge: lmi2 found! 
<7>[    3.671037] c1 156 (sdrs) modem: add bridge lmi3 
<7>[    3.671176] c1 156 (sdrs) bridge: lmi3 found! 
<7>[    3.671228] c1 156 (sdrs) modem: add bridge lmi4 
<7>[    3.671359] c1 156 (sdrs) bridge: lmi4 found! 
<7>[    3.671410] c1 156 (sdrs) modem: add bridge lmi5 
<7>[    3.671536] c1 156 (sdrs) bridge: lmi5 found! 
<7>[    3.671704] c1 156 (sdrs) modem: add bridge lmi6 
<7>[    3.671826] c1 156 (sdrs) bridge: lmi6 found! 
<7>[    3.671879] c1 156 (sdrs) modem: add bridge lmi7 
<7>[    3.672054] c1 156 (sdrs) bridge: lmi7 found! 
<7>[    3.672106] c1 156 (sdrs) modem: add bridge lmi8 
<7>[    3.672231] c1 156 (sdrs) bridge: lmi8 found! 
<7>[    3.672341] c1 156 (sdrs) modem: add bridge lmi9 
<7>[    3.672481] c1 156 (sdrs) bridge: lmi9 found! 
<7>[    3.672592] c1 156 (sdrs) modem: add bridge lmi10 
<7>[    3.672721] c1 156 (sdrs) bridge: lmi10 found! 
<7>[    3.672743] c1 156 (sdrs) modem: add bridge lmi40 
<7>[    3.673417] c1 156 (sdrs) bridge: lmi40 found! 
<7>[    3.673441] c1 156 (sdrs) modem: add bridge lmi41 
<7>[    3.674277] c1 156 (sdrs) bridge: lmi41 found! 
<7>[    3.674300] c1 156 (sdrs) modem: add bridge lmi42 
<7>[    3.675100] c1 156 (sdrs) bridge: lmi42 found! 
<7>[    3.675125] c1 156 (sdrs) modem: add bridge lmi44 
<7>[    3.675960] c1 156 (sdrs) bridge: lmi44 found! 
<7>[    3.675983] c1 156 (sdrs) modem: add bridge lmi45 
<7>[    3.676814] c1 156 (sdrs) bridge: lmi45 found! 
<7>[    3.676838] c1 156 (sdrs) modem: add bridge lmi46 
<7>[    3.677158] c1 156 (sdrs) bridge: lmi46 found! 
<7>[    3.677183] c1 156 (sdrs) modem: add bridge lmi47 
<7>[    3.677460] c1 156 (sdrs) bridge: lmi47 found! 
<7>[    3.677515] c1 156 (sdrs) modem: add bridge socbridge 
<7>[    3.677794] c1 156 (sdrs) bridge: socbridge found! 
<6>[    3.689529] c1 156 (sdrs) modem: load modemarm 1272448 bytes
<6>[    3.701551] c1 156 (sdrs) modem: load modemdsp_gnd 1483856 bytes
<7>[    3.725268] c0 164 (sdrs_log) bridge: lmi10: cp not ready 0
<7>[    3.725984] c0 156 (sdrs) modem: t0 0:0
<7>[    3.725984] t1 315532806:299131
<7>[    3.725984] t2 0:0
<7>[    3.725984] t3 0:0
<7>[    3.725984] t4 315532806:345110
<7>[    3.725984] t5 315532806:345112
<7>[    3.726020] c0 156 (sdrs) modem: run modem count 1 , status 3.
<7>[    3.825969] c0 164 (sdrs_log) bridge: lmi10: cp not ready 0
<4>[    3.873867] c1 80 (kworker/u10:2) USB_OTG: comip_otg_event: begin last_id 1 last_state 2 curr_id 0 curr_state 1
<4>[    3.873882] c1 80 (kworker/u10:2) USB_OTG: comip_otg_start_gadget: 227, on = 0
<6>[    3.876184] c1 37 (kworker/1:1) android_work: did not send uevent (0 0   (null))
<7>[    3.926961] c0 164 (sdrs_log) bridge: lmi10: cp not ready 0
<11>[    3.973737] c0 84 (ueventd) init: remove network interface: rndis0
<11>[    4.006869] c2 1 (init) init: untracked pid 168 exited
<7>[    4.027966] c0 164 (sdrs_log) bridge: lmi10: cp not ready 0
<6>[    4.127694] c1 37 (kworker/1:1) comip-u2d comip-u2d: vbus insert
<4>[    4.127714] c1 37 (kworker/1:1) USB power should be on.
<7>[    4.128973] c0 164 (sdrs_log) bridge: lmi10: cp not ready 0
<6>[    4.224944] c1 15 (kworker/1:0) comip_codec comip_codec: lc1160_irq_work_handle: status = 0x2
<7>[    4.229959] c0 164 (sdrs_log) bridge: lmi10: cp ready ok
<7>[    4.229973] c0 164 (sdrs_log) bridge: open lmi10 ok.
<7>[    4.230281] c0 164 (sdrs_log) bridge: TPC0: cp ready ok
<7>[    4.230295] c0 164 (sdrs_log) bridge: open TPC0 ok.
<7>[    4.230495] c0 164 (sdrs_log) bridge: TPC1: cp ready ok
<7>[    4.230510] c0 164 (sdrs_log) bridge: open TPC1 ok.
<6>[    4.230772] c1 15 (kworker/1:0) lc1160_switch_to_speaker
<7>[    4.230880] c0 156 (sdrs) bridge: lmi0: cp ready ok
<7>[    4.230894] c0 156 (sdrs) bridge: open lmi0 ok.
<7>[    4.231013] c2 210 (dji_hdvt_gnd) bridge: lmi6: cp ready ok
<7>[    4.231029] c2 210 (dji_hdvt_gnd) bridge: open lmi6 ok.
<6>[    4.231138] c1 15 (kworker/1:0) comip_codec comip_codec: jack removed !!!
<7>[    4.235041] c0 156 (sdrs) bridge: close lmi0 .
<6>[    4.266274] c1 210 (dji_hdvt_gnd) sdr: sdr_open
<6>[    4.267164] c1 210 (dji_hdvt_gnd) sdr: shm:
<6>[    4.267164] ma d0c06000
<6>[    4.267164] ma->buffer_base 17801040
<6>[    4.267164] ma->elem_size 2f7600
<6>[    4.267164] ma->buf_num 16
<6>[    4.267164] ma->reinited 1
<6>[    4.281085] c2 210 (dji_hdvt_gnd) uart1 already has set quot! baud 9600, quot 60!
<6>[    4.281106] c2 210 (dji_hdvt_gnd) uart1 new lcr is 0x3, cval = 0x13
<6>[    4.281189] c2 210 (dji_hdvt_gnd) uart1 is settting quot! baud 115200, quot 8!
<4>[    4.281204] c2 210 (dji_hdvt_gnd) write reg 0xc passes, val 0x93
<4>[    4.281217] c2 210 (dji_hdvt_gnd) write reg 0x0 passes, val 0x8
<4>[    4.281229] c2 210 (dji_hdvt_gnd) write reg 0x4 passes, val 0x0
<4>[    4.281278] c2 210 (dji_hdvt_gnd) write reg 0xc passes, val 0x13
<6>[    4.281292] c2 210 (dji_hdvt_gnd) uart1 new lcr is 0x13, cval = 0x13
<7>[    4.281799] c2 210 (dji_hdvt_gnd) bridge: lmi4: cp ready ok
<7>[    4.281813] c2 210 (dji_hdvt_gnd) bridge: open lmi4 ok.
<7>[    4.282244] c2 210 (dji_hdvt_gnd) bridge: lmi7: cp ready ok
<7>[    4.282258] c2 210 (dji_hdvt_gnd) bridge: open lmi7 ok.
<7>[    4.289330] c3 210 (dji_hdvt_gnd) bridge: lmi5: cp ready ok
<7>[    4.289349] c3 210 (dji_hdvt_gnd) bridge: open lmi5 ok.
<6>[    4.297871] c2 210 (dji_hdvt_gnd) adc_a_open is called.
<6>[    4.298024] c2 210 (dji_hdvt_gnd) adc_b_open is called.
<6>[    4.300241] c0 450 (hdvt_work) modem: modem open ref 1, status 3
<6>[    4.300263] c0 450 (hdvt_work) modem: modem status(3) != MODEM_RELEASE.open modem again! 
<6>[    4.316916] c1 465 (sh) modem: modem release ref 2, status 3
<6>[    4.338254] c3 210 (dji_hdvt_gnd) usbcore: registered new interface driver apple_roleswitch
<6>[    4.338311] c1 481 (dji_hdvt_gnd) usbcore: registered new interface driver usb_aoa
<4>[    4.338327] c1 481 (dji_hdvt_gnd) aoa start ok
<4>[    4.338419] c3 210 (dji_hdvt_gnd) apple roleswitch start ok
<4>[    4.338434] c0 482 (mfi_dev_timer_k) mfi_dev_timer_kthread start
<4>[    4.391981] c1 37 (kworker/1:1) u2d_usb_init
<6>[    4.398104] c1 37 (kworker/1:1) comip-u2d comip-u2d: otg_ohy_status detected = 0x1
<6>[    4.398118] c1 37 (kworker/1:1) PC detected!
<4>[    3.875952] c2 80 (kworker/u10:2) u2d:E: comip_ep_dequeue:return ep:0 c05aa68c:cf6e7b00:1:1!!
<6>[    4.481272] c2 80 (kworker/u10:2) unloading
<4>[    4.502976] c2 80 (kworker/u10:2) USB_OTG: set vbus power 0
<4>[    4.603958] c2 80 (kworker/u10:2) USB_OTG: set vbus power 1
<4>[    4.704978] c2 80 (kworker/u10:2) USB_OTG: comip_otg_start_host: 186, on = 1
<4>[    4.715025] c2 80 (kworker/u10:2) USB_OTG: comip_otg_start_host:host on......c05a3740
<4>[    4.715041] c2 80 (kworker/u10:2) LZS comip_hcd_driver_start: 1251, enter
<4>[    4.715059] c2 80 (kworker/u10:2) enter comip_hcd_driver_start:id=0
<4>[    4.715072] c2 80 (kworker/u10:2) USB power should be on.
<7>[    4.720086] c2 80 (kworker/u10:2) hcd:I: comip_hcd_driver_start init_reg
<4>[    4.721102] c2 80 (kworker/u10:2) LZS set_usb_init_reg: 192, AP_PWR_PDFSM_ST1=0x00077000
<4>[    4.923197] c2 80 (kworker/u10:2) hcd:Using Descriptor DMA mode
<4>[    4.923218] c2 80 (kworker/u10:2) hcd:Periodic Transfer Interrupt Enhancement - disabled
<4>[    4.923231] c2 80 (kworker/u10:2) hcd:Multiprocessor Interrupt Enhancement - disabled
<4>[    4.923246] c2 80 (kworker/u10:2) hcd:OTG VER PARAM: 1, OTG VER FLAG: 1
<4>[    4.923298] c2 80 (kworker/u10:2) hcd:Init: Power Port (0)
<7>[    4.926148] c3 80 (kworker/u10:2) hcd:I: comip_hcd_driver_start end
<7>[    5.054676] c3 503 (ip) bridge: lmi42: cp ready ok
<7>[    5.054695] c3 503 (ip) bridge: open lmi42 ok.
<4>[    5.059036] c1 34 (khubd) hcd:Indeed it is in host mode hprt0 = 00021501
<7>[    5.109453] c0 0 (swapper/0) hcd:I:   --Port Interrupt HPRT0=0x0000100d Port Enable Changed--
<6>[    5.211015] c1 34 (khubd) usb 1-1: new high-speed USB device number 2 using comip-hcd
<4>[    5.211335] c0 34 (khubd) hcd:Indeed it is in host mode hprt0 = 00001101
<7>[    5.211353] c0 34 (khubd) hcd:I:   --Port Interrupt HPRT0=0x00001109 Port Enable Changed--
<4>[    5.226978] c3 80 (kworker/u10:2) USB_OTG: state change not supported 2!
<4>[    5.227007] c3 80 (kworker/u10:2) USB_OTG: comip_otg_event: end   last_id 0 last_state 1 curr_id 0 curr_state 1
<7>[    5.263728] c0 70 (mmcqd/0) hcd:I:   --Port Interrupt HPRT0=0x0000100d Port Enable Changed--
<4>[    5.376443] c0 34 (khubd) usb 1-1: config index 0 lenght 39, result 9
<4>[    5.376462] c0 34 (khubd) 09 02 27 00 01 01 05 c0 fa 
<4>[    5.376769] c0 34 (khubd) usb 1-1: config index 0 lenght 39, result 39
<4>[    5.376781] c0 34 (khubd) 09 02 27 00 01 01 05 c0 fa 09 04 00 00 03 06 01 01 00 07 05 02 02 00 02 0a 07 05 81 02 00 02 0a 07 05 83 03 40 00 0a 
<4>[    5.377497] c0 34 (khubd) usb 1-1: config index 1 lenght 149, result 9
<4>[    5.377527] c0 34 (khubd) 09 02 95 00 03 02 06 c0 fa 
<4>[    5.377833] c0 34 (khubd) usb 1-1: config index 1 lenght 149, result 149
<4>[    5.377845] c0 34 (khubd) 09 02 95 00 03 02 06 c0 fa 09 04 00 00 00 01 01 00 00 09 24 01 00 01 1e 00 01 01 0c 24 02 01 01 02 02 02 03 00 00 00 09 24 03 02 01 01 01 01 00 09 04 01 00 00 01 02 00 00 09 04 01 01 01 01 02 00 00 07 24 01 02 
<4>[    5.378542] c0 34 (khubd) usb 1-1: config index 2 lenght 62, result 9
<4>[    5.378553] c0 34 (khubd) 09 02 3e 00 02 03 07 c0 fa 
<4>[    5.378956] c0 34 (khubd) usb 1-1: config index 2 lenght 62, result 62
<4>[    5.378968] c0 34 (khubd) 09 02 3e 00 02 03 07 c0 fa 09 04 00 00 03 06 01 01 00 07 05 02 02 00 02 0a 07 05 81 02 00 02 0a 07 05 83 03 40 00 0a 09 04 01 00 02 ff fe 02 0c 07 05 04 02 00 02 00 07 05 85 02 00 02 00 
<4>[    5.379639] c0 34 (khubd) usb 1-1: config index 3 lenght 117, result 9
<4>[    5.379650] c0 34 (khubd) 09 02 75 00 03 04 08 c0 fa 
<4>[    5.379950] c0 34 (khubd) usb 1-1: config index 3 lenght 117, result 117
<4>[    5.379961] c0 34 (khubd) 09 02 75 00 03 04 08 c0 fa 09 04 00 00 03 06 01 01 00 07 05 02 02 00 02 0a 07 05 81 02 00 02 0a 07 05 83 03 40 00 0a 09 04 01 00 02 ff fe 02 0c 07 05 04 02 00 02 00 07 05 85 02 00 02 00 09 04 02 00 00 ff fd 01 
<3>[    5.381184] c0 34 (khubd) usb 1-1: device v05ac p12a8 is not supported
<4>[    5.582241] c0 34 (khubd) role switch ok:0
<4>[    5.612961] c0 34 (khubd) USB_OTG: comip_otg_host_to_mfi, ID 0 otg_state 3
<4>[    5.613004] c3 80 (kworker/u10:2) USB_OTG: comip_otg_event: begin last_id 0 last_state 1 curr_id 0 curr_state 3
<4>[    5.613021] c0 34 (khubd) apple_roleswitch: probe of 1-1:1.0 failed with error 1
<4>[    5.613027] c3 80 (kworker/u10:2) USB_OTG: id not changed! id = 0
<4>[    5.613039] c3 80 (kworker/u10:2) USB_OTG: comip_otg_start_host: 186, on = 0
<4>[    5.613048] c3 80 (kworker/u10:2) USB_OTG: comip_otg_start_host:host off......
<4>[    5.613058] c3 80 (kworker/u10:2) LZS comip_hcd_driver_stop: 1210, enter:_dev->id=0
<4>[    5.613119] c0 34 (khubd) apple device connected
<4>[    5.613144] c0 34 (khubd) usb_aoa: probe of 1-1:1.0 failed with error -1
<6>[    5.613675] c0 34 (khubd) usb 1-1: USB disconnect, device number 2
<4>[    5.650958] c2 482 (mfi_dev_timer_k) mfi_dev_timer_kthread waiting for apple device enmuration
<4>[    5.723550] c3 80 (kworker/u10:2) USB power should be on.
<7>[    5.723572] c3 80 (kworker/u10:2) hcd:I: comip_hcd_driver_stop end
<4>[    5.733590] c3 80 (kworker/u10:2) USB_OTG: set vbus power 1
<4>[    5.834018] c3 80 (kworker/u10:2) USB_OTG: comip_otg_start_mfi: 242, on = 1
<6>[    5.834161] c3 80 (kworker/u10:2) mfi_dev gadget: mfi_dev ready
<4>[    5.834627] c3 80 (kworker/u10:2) my_alloc_ep_reqs ok
<4>[    5.834640] c3 80 (kworker/u10:2) my_ep_init ok
<4>[    5.834656] c3 80 (kworker/u10:2) my_alloc_ep_reqs ok
<4>[    5.834667] c3 80 (kworker/u10:2) my_ep_init ok
<4>[    5.834677] c3 80 (kworker/u10:2) my_if0_init ok
<4>[    5.834812] c3 80 (kworker/u10:2) my_alloc_ep_reqs ok
<4>[    5.834824] c3 80 (kworker/u10:2) my_ep_init ok
<4>[    5.834844] c3 80 (kworker/u10:2) my_alloc_ep_reqs ok
<4>[    5.834854] c3 80 (kworker/u10:2) my_ep_init ok
<4>[    5.834865] c3 80 (kworker/u10:2) my_if1_init ok
<4>[    5.844891] c3 80 (kworker/u10:2) u2d_usb_init
<4>[    6.003425] c0 0 (swapper/0) dev->gadget.speed = USB_SPEED_HIGH
<6>[    6.025892] c0 0 (swapper/0) mfi_dev gadget: high-speed config #1: mfi device
<4>[    6.025911] c0 0 (swapper/0) if_set_alt s_if0,0.0
<4>[    6.025949] c0 0 (swapper/0) my_if0_en ok
<4>[    6.025962] c0 0 (swapper/0) if_set_alt s_if1,1.0
<4>[    6.151975] c2 80 (kworker/u10:2) USB_OTG: comip_otg_event: end   last_id 0 last_state 3 curr_id 0 curr_state 3
<3>[    6.726659] c2 551 (iap2_task) i2c-1: wait rx timeout!
<3>[    6.727639] c2 551 (iap2_task) i2c-1-0x11: xfer error -110.
<4>[    6.728672] c2 551 (iap2_task) mfi_i2c_read_bytes i2c_master_recv_retry error -110
<3>[    6.870446] c1 551 (iap2_task) i2c-1: wait rx timeout!
<3>[    6.871410] c1 551 (iap2_task) i2c-1-0x11: xfer error -110.
<4>[    6.872445] c1 551 (iap2_task) mfi_i2c_read_bytes i2c_master_recv_retry error -110
<11>[    6.911209] c1 1 (init) init: using deprecated syntax for specifying property 'sys.usb.config', use ${name} instead
<11>[    6.913798] c1 1 (init) init: using deprecated syntax for specifying property 'sys.usb.config', use ${name} instead
<11>[    6.948770] c1 1 (init) init: untracked pid 611 exited
<11>[    7.931692] c3 1 (init) init: untracked pid 610 exited
<11>[    7.932722] c3 1 (init) init: untracked pid 666 exited
<4>[    8.505086] c0 0 (swapper/0) if_set_alt s_if1,1.1
<4>[    8.505188] c0 0 (swapper/0) my_if1_en ok
<6>[    8.552265] c1 432 (hg_wl_chn_recei) sdr: to empty: wait cp communication to ready
<6>[    8.631111] c1 734 (mount) EXT4-fs (mmcblk0p5): re-mounted. Opts: (null)
<6>[    8.835179] c1 736 (mount) EXT4-fs (mmcblk0p5): re-mounted. Opts: (null)
<6>[    8.867125] c1 744 (mount) EXT4-fs (mmcblk0p5): re-mounted. Opts: (null)
<6>[   41.742146] c0 450 (hdvt_work) modem: modem open ref 1, status 3
<6>[   41.742167] c0 450 (hdvt_work) modem: modem status(3) != MODEM_RELEASE.open modem again! 
<6>[   41.754146] c0 450 (hdvt_work) modem: modem release ref 2, status 3
<6>[   41.907000] c3 432 (hg_wl_chn_recei) sdr: to empty: cp ready
<7>[   42.225537] c3 415 (dji_hdvt_gnd) bridge: start_xmit info: lmi42 xmit skb cad0aa80 CP busy!
<7>[   42.356182] c0 234 (DUMP_Output) bridge: start_xmit info: lmi42 xmit skb cad0aa80 CP ready!
<7>[   42.361020] c0 0 (swapper/0) bridge: start_xmit info: lmi42 xmit skb cad0d180 CP busy!
<7>[   42.384436] c0 0 (swapper/0) bridge: start_xmit info: lmi42 xmit skb cad0d180 CP ready!
<6>[   51.704368] c1 2471 (mount) EXT4-fs (mmcblk0p5): re-mounted. Opts: (null)
<6>[   51.745917] c0 2472 (mount) EXT4-fs (mmcblk0p5): re-mounted. Opts: (null)
<7>[   67.438054] c2 434 (dji_hdvt_gnd) bridge: start_xmit info: lmi42 xmit skb caca93c0 CP busy!
<7>[   67.455574] c0 0 (swapper/0) bridge: start_xmit info: lmi42 xmit skb caca93c0 CP ready!
<7>[  152.159154] c0 415 (dji_hdvt_gnd) bridge: start_xmit info: lmi42 xmit skb caca9180 CP busy!
<7>[  152.275462] c0 0 (swapper/0) bridge: start_xmit info: lmi42 xmit skb caca9180 CP ready!
<7>[  166.121930] c0 0 (swapper/0) Warnning: timer1 int-excep
<7>[  179.484061] c2 434 (dji_hdvt_gnd) bridge: start_xmit info: lmi42 xmit skb ce222d80 CP busy!
<7>[  179.516202] c0 0 (swapper/0) bridge: start_xmit info: lmi42 xmit skb ce222d80 CP ready!
<7>[  228.018034] c2 489 (dji_hdvt_gnd) bridge: start_xmit info: lmi42 xmit skb cebd36c0 CP busy!
<7>[  228.038677] c0 0 (swapper/0) bridge: start_xmit info: lmi42 xmit skb cebd36c0 CP ready!
<7>[  245.023980] c0 80 (kworker/u10:2) key 263 reported
<7>[  246.895972] c0 80 (kworker/u10:2) key 263 reported
<7>[  255.211677] c1 415 (dji_hdvt_gnd) bridge: start_xmit info: lmi42 xmit skb cacf5600 CP busy!
<7>[  255.265033] c0 3 (ksoftirqd/0) bridge: start_xmit info: lmi42 xmit skb cacf5600 CP ready!
<7>[  294.730000] c1 80 (kworker/u10:2) key 263 reported
<7>[  323.109934] c0 0 (swapper/0) Warnning: timer1 int-excep
<7>[  350.745932] c0 0 (swapper/0) Warnning: timer1 int-excep
<7>[  400.666583] c0 415 (dji_hdvt_gnd) bridge: start_xmit info: lmi42 xmit skb cac08240 CP busy!
<7>[  400.720729] c0 0 (swapper/0) bridge: start_xmit info: lmi42 xmit skb cac08240 CP ready!
<7>[  409.970967] c1 12467 (kworker/u10:1) key 263 reported
<7>[  414.931967] c2 12467 (kworker/u10:1) key 263 reported
<7>[  455.207084] c3 489 (dji_hdvt_gnd) bridge: start_xmit info: lmi42 xmit skb cad0a9c0 CP busy!
<7>[  455.215423] c0 0 (swapper/0) bridge: start_xmit info: lmi42 xmit skb cad0a9c0 CP ready!
<7>[  458.248021] c2 489 (dji_hdvt_gnd) bridge: start_xmit info: lmi42 xmit skb ce716f00 CP busy!
<7>[  458.314417] c0 441 (MB_WL_Receiver) bridge: start_xmit info: lmi42 xmit skb ce716f00 CP ready!
<7>[  534.041100] c2 489 (dji_hdvt_gnd) bridge: start_xmit info: lmi42 xmit skb ce3d1c00 CP busy!
<7>[  534.218459] c0 0 (swapper/0) bridge: start_xmit info: lmi42 xmit skb ce3d1c00 CP ready!
<7>[  549.219418] c3 300 (MB_WL_Receiver) bridge: start_xmit info: lmi42 xmit skb cacb5e40 CP busy!
<7>[  549.275230] c0 0 (swapper/0) bridge: start_xmit info: lmi42 xmit skb cacb5e40 CP ready!
<7>[  555.758023] c1 12467 (kworker/u10:1) key 263 reported
<7>[  561.232994] c1 0 (swapper/1) bridge: start_xmit info: lmi42 xmit skb ce34e3b0 CP busy!
<7>[  561.289834] c0 0 (swapper/0) bridge: start_xmit info: lmi42 xmit skb ce34e3b0 CP ready!
<7>[  584.338975] c1 80 (kworker/u10:2) key 263 reported
<7>[  612.758231] c0 415 (dji_hdvt_gnd) bridge: start_xmit info: lmi42 xmit skb ce3ac240 CP busy!
<7>[  612.812739] c0 426 (1643_recv_threa) bridge: start_xmit info: lmi42 xmit skb ce3ac240 CP ready!
<4>[  653.466556] c0 0 (swapper/0) if_set_alt s_if1,1.0
<7>[  664.200988] c3 0 (swapper/3) bridge: start_xmit info: lmi42 xmit skb cac12530 CP busy!
<7>[  664.208880] c0 0 (swapper/0) bridge: start_xmit info: lmi42 xmit skb cac12530 CP ready!
<7>[  682.297042] c2 489 (dji_hdvt_gnd) bridge: start_xmit info: lmi42 xmit skb cebd6180 CP busy!
<7>[  682.308264] c0 0 (swapper/0) bridge: start_xmit info: lmi42 xmit skb cebd6180 CP ready!
<7>[  688.617934] c0 0 (swapper/0) Warnning: timer1 int-excep
<7>[  691.388041] c1 434 (dji_hdvt_gnd) bridge: start_xmit info: lmi42 xmit skb ce322900 CP busy!
<7>[  691.435125] c0 0 (swapper/0) bridge: start_xmit info: lmi42 xmit skb ce322900 CP ready!
<7>[  703.362195] c0 415 (dji_hdvt_gnd) bridge: start_xmit info: lmi42 xmit skb cad146c0 CP busy!
<7>[  703.451246] c0 0 (swapper/0) bridge: start_xmit info: lmi42 xmit skb cad146c0 CP ready!
<7>[  727.497928] c1 0 (swapper/1) Warnning: timer2 int-excep
<4>[  732.909635] c0 29147 (grep) if_set_alt s_if1,1.1
<4>[  732.909657] c0 29147 (grep) my_if1_en already ok
<6>[  734.208130] c0 29195 (mount) EXT4-fs (mmcblk0p5): re-mounted. Opts: (null)
<6>[  734.401699] c1 29227 (mount) EXT4-fs (mmcblk0p5): re-mounted. Opts: (null)
<6>[  734.596869] c1 29240 (mount) EXT4-fs (mmcblk0p5): re-mounted. Opts: (null)
<6>[  734.632128] c3 29241 (mount) EXT4-fs (mmcblk0p5): re-mounted. Opts: (null)
<7>[  761.071095] c3 434 (dji_hdvt_gnd) bridge: start_xmit info: lmi42 xmit skb ce219300 CP busy!
<7>[  761.071479] c0 0 (swapper/0) bridge: start_xmit info: lmi42 xmit skb ce219300 CP ready!
<7>[  772.988362] c0 415 (dji_hdvt_gnd) bridge: start_xmit info: lmi42 xmit skb cacfb600 CP busy!
<7>[  773.100219] c0 442 (MB_WL_Receiver) bridge: start_xmit info: lmi42 xmit skb cacfb600 CP ready!
<7>[  779.070086] c2 434 (dji_hdvt_gnd) bridge: start_xmit info: lmi42 xmit skb ce386b40 CP busy!
<7>[  779.114430] c0 0 (swapper/0) bridge: start_xmit info: lmi42 xmit skb ce386b40 CP ready!
<7>[  794.171280] c2 489 (dji_hdvt_gnd) bridge: start_xmit info: lmi42 xmit skb ce3d7000 CP busy!
<7>[  794.199400] c0 0 (swapper/0) bridge: start_xmit info: lmi42 xmit skb ce3d7000 CP ready!
<7>[  815.305244] c3 300 (MB_WL_Receiver) bridge: start_xmit info: lmi42 xmit skb ce38e240 CP busy!
<7>[  815.369434] c0 426 (1643_recv_threa) bridge: start_xmit info: lmi42 xmit skb ce38e240 CP ready!
<7>[  815.403058] c3 489 (dji_hdvt_gnd) bridge: start_xmit info: lmi42 xmit skb ce38e480 CP busy!
<7>[  815.467855] c0 427 (4210_recv_threa) bridge: start_xmit info: lmi42 xmit skb ce38e480 CP ready!
<7>[  830.490107] c3 489 (dji_hdvt_gnd) bridge: start_xmit info: lmi42 xmit skb ceadea80 CP busy!
<7>[  830.510516] c0 0 (swapper/0) bridge: start_xmit info: lmi42 xmit skb ceadea80 CP ready!
<7>[  863.798391] c0 415 (dji_hdvt_gnd) bridge: start_xmit info: lmi42 xmit skb caccf480 CP busy!
<7>[  863.934233] c0 70 (mmcqd/0) bridge: start_xmit info: lmi42 xmit skb caccf480 CP ready!
<7>[  866.981094] c2 489 (dji_hdvt_gnd) bridge: start_xmit info: lmi42 xmit skb ceb529c0 CP busy!
<7>[  867.018813] c0 461 (push_buzzer_dat) bridge: start_xmit info: lmi42 xmit skb ceb529c0 CP ready!
<7>[  872.703931] c3 0 (swapper/3) Warnning: timer5 int-excep
<7>[  897.201217] c0 415 (dji_hdvt_gnd) bridge: start_xmit info: lmi42 xmit skb ce233840 CP busy!
<7>[  897.245191] c0 0 (swapper/0) bridge: start_xmit info: lmi42 xmit skb ce233840 CP ready!
<7>[  918.478025] c2 434 (dji_hdvt_gnd) bridge: start_xmit info: lmi42 xmit skb cacb0b40 CP busy!
<7>[  918.499540] c0 0 (swapper/0) bridge: start_xmit info: lmi42 xmit skb cacb0b40 CP ready!
<7>[  973.020087] c2 489 (dji_hdvt_gnd) bridge: start_xmit info: lmi42 xmit skb cebd3180 CP busy!
<7>[  973.093057] c0 3 (ksoftirqd/0) bridge: start_xmit info: lmi42 xmit skb cebd3180 CP ready!
<7>[  988.088111] c1 434 (dji_hdvt_gnd) bridge: start_xmit info: lmi42 xmit skb ce9d0300 CP busy!
<7>[  988.177946] c0 0 (swapper/0) bridge: start_xmit info: lmi42 xmit skb ce9d0300 CP ready!
<7>[ 1024.386785] c0 415 (dji_hdvt_gnd) bridge: start_xmit info: lmi42 xmit skb cad3c0c0 CP busy!
<7>[ 1024.489185] c0 0 (swapper/0) bridge: start_xmit info: lmi42 xmit skb cad3c0c0 CP ready!
<7>[ 1027.431145] c0 415 (dji_hdvt_gnd) bridge: start_xmit info: lmi42 xmit skb cacec9c0 CP busy!
<7>[ 1027.475103] c0 0 (swapper/0) bridge: start_xmit info: lmi42 xmit skb cacec9c0 CP ready!
<7>[ 1030.491150] c0 415 (dji_hdvt_gnd) bridge: start_xmit info: lmi42 xmit skb cacd06c0 CP busy!
<7>[ 1030.559784] c0 0 (swapper/0) bridge: start_xmit info: lmi42 xmit skb cacd06c0 CP ready!
<7>[ 1163.891239] c0 415 (dji_hdvt_gnd) bridge: start_xmit info: lmi42 xmit skb ceabb180 CP busy!
<7>[ 1163.972818] c0 0 (swapper/0) bridge: start_xmit info: lmi42 xmit skb ceabb180 CP ready!
<7>[ 1167.022065] c2 489 (dji_hdvt_gnd) bridge: start_xmit info: lmi42 xmit skb cad06f00 CP busy!
<7>[ 1167.099814] c0 586 (logcat) bridge: start_xmit info: lmi42 xmit skb cad06f00 CP ready!
<7>[ 1179.001728] c0 415 (dji_hdvt_gnd) bridge: start_xmit info: lmi42 xmit skb cacb5300 CP busy!
<7>[ 1179.114219] c0 0 (swapper/0) bridge: start_xmit info: lmi42 xmit skb cacb5300 CP ready!
<7>[ 1266.998051] c0 489 (dji_hdvt_gnd) bridge: start_xmit info: lmi42 xmit skb ce325000 CP busy!
<7>[ 1267.145810] c0 251 (logcat) bridge: start_xmit info: lmi42 xmit skb ce325000 CP ready!
<7>[ 1314.029925] c0 0 (swapper/0) Warnning: timer1 int-excep
<7>[ 1315.378097] c3 489 (dji_hdvt_gnd) bridge: start_xmit info: lmi42 xmit skb ce325900 CP busy!
<7>[ 1315.471349] c0 0 (swapper/0) bridge: start_xmit info: lmi42 xmit skb ce325900 CP ready!
<7>[ 1324.426063] c2 434 (dji_hdvt_gnd) bridge: start_xmit info: lmi42 xmit skb ce202cc0 CP busy!
<7>[ 1324.499638] c0 0 (swapper/0) bridge: start_xmit info: lmi42 xmit skb ce202cc0 CP ready!
<7>[ 1345.550296] c0 300 (MB_WL_Receiver) bridge: start_xmit info: lmi42 xmit skb ce805240 CP busy!
<7>[ 1345.613033] c0 0 (swapper/0) bridge: start_xmit info: lmi42 xmit skb ce805240 CP ready!
<7>[ 1370.898930] c0 0 (swapper/0) Warnning: timer1 int-excep
<7>[ 1378.996137] c1 489 (dji_hdvt_gnd) bridge: start_xmit info: lmi42 xmit skb cac29600 CP busy!
<7>[ 1379.079183] c0 426 (1643_recv_threa) bridge: start_xmit info: lmi42 xmit skb cac29600 CP ready!
<7>[ 1390.931627] c3 489 (dji_hdvt_gnd) bridge: start_xmit info: lmi42 xmit skb ce36fcc0 CP busy!
<7>[ 1391.079575] c0 426 (1643_recv_threa) bridge: start_xmit info: lmi42 xmit skb ce36fcc0 CP ready!
<7>[ 1400.019068] c2 434 (dji_hdvt_gnd) bridge: start_xmit info: lmi42 xmit skb ce3f9a80 CP busy!
<7>[ 1400.023409] c0 0 (swapper/0) bridge: start_xmit info: lmi42 xmit skb ce3f9a80 CP ready!
<7>[ 1401.438928] c0 0 (swapper/0) Warnning: timer1 int-excep
<4>[ 1439.925928] c1 0 (swapper/1) hrtimer: interrupt took 22846 ns
<7>[ 1460.562044] c3 434 (dji_hdvt_gnd) bridge: start_xmit info: lmi42 xmit skb cac25d80 CP busy!
<7>[ 1460.588872] c0 0 (swapper/0) bridge: start_xmit info: lmi42 xmit skb cac25d80 CP ready!
<7>[ 1472.648292] c3 415 (dji_hdvt_gnd) bridge: start_xmit info: lmi42 xmit skb ce9a9840 CP busy!
<7>[ 1472.716425] c0 441 (MB_WL_Receiver) bridge: start_xmit info: lmi42 xmit skb ce9a9840 CP ready!
<7>[ 1499.877079] c1 434 (dji_hdvt_gnd) bridge: start_xmit info: lmi42 xmit skb cad14e40 CP busy!
<7>[ 1499.914259] c0 0 (swapper/0) bridge: start_xmit info: lmi42 xmit skb cad14e40 CP ready!
<7>[ 1513.933764] c0 27396 (kworker/u10:0) key 263 reported
<7>[ 1514.994081] c1 415 (dji_hdvt_gnd) bridge: start_xmit info: lmi42 xmit skb cacefb40 CP busy!
<7>[ 1515.055625] c0 0 (swapper/0) bridge: start_xmit info: lmi42 xmit skb cacefb40 CP ready!
<7>[ 1536.141330] c0 415 (dji_hdvt_gnd) bridge: start_xmit info: lmi42 xmit skb caca8180 CP busy!
<7>[ 1536.239434] c0 0 (swapper/0) bridge: start_xmit info: lmi42 xmit skb caca8180 CP ready!
<4>[ 1611.558113] c0 0 (swapper/0) if_set_alt s_if1,1.0
<7>[ 1634.833932] c0 0 (swapper/0) Warnning: timer1 int-excep
<7>[ 1729.063937] c0 0 (swapper/0) Warnning: timer1 int-excep
<7>[ 1811.920393] c3 489 (dji_hdvt_gnd) bridge: start_xmit info: lmi42 xmit skb cad75780 CP busy!
<7>[ 1811.954133] c0 0 (swapper/0) bridge: start_xmit info: lmi42 xmit skb cad75780 CP ready!
<7>[ 1836.098060] c3 489 (dji_hdvt_gnd) bridge: start_xmit info: lmi42 xmit skb cad74f00 CP busy!
<7>[ 1836.207711] c0 7608 (grep) bridge: start_xmit info: lmi42 xmit skb cad74f00 CP ready!
<7>[ 1860.090934] c0 0 (swapper/0) Warnning: timer1 int-excep
<7>[ 1873.114935] c0 0 (swapper/0) Warnning: timer1 int-excep
<7>[ 1881.591148] c0 415 (dji_hdvt_gnd) bridge: start_xmit info: lmi42 xmit skb ceb81900 CP busy!
<7>[ 1881.674043] c0 426 (1643_recv_threa) bridge: start_xmit info: lmi42 xmit skb ceb81900 CP ready!
<7>[ 1908.748345] c2 415 (dji_hdvt_gnd) bridge: start_xmit info: lmi42 xmit skb ce36f300 CP busy!
<7>[ 1908.844020] c0 0 (swapper/0) bridge: start_xmit info: lmi42 xmit skb ce36f300 CP ready!
<7>[ 1917.832029] c2 434 (dji_hdvt_gnd) bridge: start_xmit info: lmi42 xmit skb ce713f00 CP busy!
<7>[ 1917.900665] c0 0 (swapper/0) bridge: start_xmit info: lmi42 xmit skb ce713f00 CP ready!
<7>[ 1920.853029] c2 434 (dji_hdvt_gnd) bridge: start_xmit info: lmi42 xmit skb cad13780 CP busy!
<7>[ 1920.872517] c0 0 (swapper/0) bridge: start_xmit info: lmi42 xmit skb cad13780 CP ready!
<7>[ 1954.205260] c2 415 (dji_hdvt_gnd) bridge: start_xmit info: lmi42 xmit skb ce715e40 CP busy!
<7>[ 1954.254170] c0 12237 (ps) bridge: start_xmit info: lmi42 xmit skb ce715e40 CP ready!
<7>[ 1996.548077] c0 415 (dji_hdvt_gnd) bridge: start_xmit info: lmi42 xmit skb ce3879c0 CP busy!
<7>[ 1996.593604] c0 426 (1643_recv_threa) bridge: start_xmit info: lmi42 xmit skb ce3879c0 CP ready!
<7>[ 2099.079932] c0 0 (swapper/0) Warnning: timer1 int-excep
<7>[ 2176.083928] c1 0 (swapper/1) Warnning: timer2 int-excep
<7>[ 2205.401084] c1 415 (dji_hdvt_gnd) bridge: start_xmit info: lmi42 xmit skb ce222a80 CP busy!
<7>[ 2205.488149] c0 0 (swapper/0) bridge: start_xmit info: lmi42 xmit skb ce222a80 CP ready!
<7>[ 2214.501131] c0 415 (dji_hdvt_gnd) bridge: start_xmit info: lmi42 xmit skb ceb739c0 CP busy!
<7>[ 2214.544883] c0 22450 (sh) bridge: start_xmit info: lmi42 xmit skb ceb739c0 CP ready!
<7>[ 2266.082277] c2 434 (dji_hdvt_gnd) bridge: start_xmit info: lmi42 xmit skb ce3f2600 CP busy!
<7>[ 2266.166369] c0 0 (swapper/0) bridge: start_xmit info: lmi42 xmit skb ce3f2600 CP ready!
<7>[ 2281.211578] c2 415 (dji_hdvt_gnd) bridge: start_xmit info: lmi42 xmit skb ce752480 CP busy!
<7>[ 2281.293597] c0 0 (swapper/0) bridge: start_xmit info: lmi42 xmit skb ce752480 CP ready!
<4>[ 2294.218339] c0 25563 (sh) dev->gadget.speed = USB_SPEED_FULL
<4>[ 2294.225358] c3 482 (mfi_dev_timer_k) mfi_dev_timer_kthread mfi back to host
<4>[ 2294.257008] c3 482 (mfi_dev_timer_k) USB_OTG: comip_otg_mfi_to_host, ID 0 otg_state 1
<4>[ 2294.257065] c3 18702 (kworker/u10:2) USB_OTG: comip_otg_event: begin last_id 0 last_state 3 curr_id 0 curr_state 1
<4>[ 2294.257078] c3 18702 (kworker/u10:2) USB_OTG: id not changed! id = 0
<4>[ 2294.257092] c3 18702 (kworker/u10:2) USB_OTG: comip_otg_start_mfi: 242, on = 0
<4>[ 2294.257347] c3 18702 (kworker/u10:2) if_disable s_if0
<4>[ 2294.257395] c3 18702 (kworker/u10:2) my_if0_dis ok
<4>[ 2294.257408] c3 18702 (kworker/u10:2) if_disable s_if1
<4>[ 2294.257492] c3 18702 (kworker/u10:2) my_if1_dis ok
<4>[ 2294.259548] c3 18702 (kworker/u10:2) if_unbind s_if0
<4>[ 2294.259578] c3 18702 (kworker/u10:2) my_free_ep_reqs ok
<4>[ 2294.259605] c3 18702 (kworker/u10:2) my_free_ep_reqs ok
<4>[ 2294.259621] c3 18702 (kworker/u10:2) my_if0_del ok
<4>[ 2294.259632] c3 18702 (kworker/u10:2) if_unbind s_if1
<4>[ 2294.259666] c3 18702 (kworker/u10:2) my_free_ep_reqs ok
<4>[ 2294.259882] c3 18702 (kworker/u10:2) my_free_ep_reqs ok
<4>[ 2294.259900] c3 18702 (kworker/u10:2) my_if1_del ok
<4>[ 2294.259945] c3 18702 (kworker/u10:2) mfi_dev unbind
<4>[ 2294.262272] c3 18702 (kworker/u10:2) USB_OTG: set vbus power 0
<4>[ 2294.362980] c3 18702 (kworker/u10:2) USB_OTG: set vbus power 1
<4>[ 2294.393955] c3 18702 (kworker/u10:2) USB_OTG: comip_otg_start_host: 186, on = 1
<4>[ 2294.403988] c3 18702 (kworker/u10:2) USB_OTG: comip_otg_start_host:host on......c05a3740
<4>[ 2294.404008] c3 18702 (kworker/u10:2) LZS comip_hcd_driver_start: 1251, enter
<4>[ 2294.404031] c3 18702 (kworker/u10:2) enter comip_hcd_driver_start:id=0
<4>[ 2294.404045] c3 18702 (kworker/u10:2) USB power should be on.
<7>[ 2294.409064] c3 18702 (kworker/u10:2) hcd:I: comip_hcd_driver_start init_reg
<4>[ 2294.410082] c3 18702 (kworker/u10:2) LZS set_usb_init_reg: 192, AP_PWR_PDFSM_ST1=0x00077000
<4>[ 2294.512146] c3 18702 (kworker/u10:2) hcd:Using Descriptor DMA mode
<4>[ 2294.512163] c3 18702 (kworker/u10:2) hcd:Periodic Transfer Interrupt Enhancement - disabled
<4>[ 2294.512174] c3 18702 (kworker/u10:2) hcd:Multiprocessor Interrupt Enhancement - disabled
<4>[ 2294.512187] c3 18702 (kworker/u10:2) hcd:OTG VER PARAM: 1, OTG VER FLAG: 1
<4>[ 2294.512228] c3 18702 (kworker/u10:2) hcd:Init: Power Port (0)
<7>[ 2294.513948] c3 18702 (kworker/u10:2) hcd:I: comip_hcd_driver_start end
<4>[ 2294.815023] c3 18702 (kworker/u10:2) USB_OTG: comip_otg_event: end   last_id 0 last_state 1 curr_id 0 curr_state 1
<7>[ 2344.708555] c0 415 (dji_hdvt_gnd) bridge: start_xmit info: lmi42 xmit skb cebda9c0 CP busy!
<7>[ 2344.788774] c0 0 (swapper/0) bridge: start_xmit info: lmi42 xmit skb cebda9c0 CP ready!
<7>[ 2359.948149] c0 300 (MB_WL_Receiver) bridge: start_xmit info: lmi42 xmit skb ce70ca80 CP busy!
<7>[ 2359.972459] c0 0 (swapper/0) bridge: start_xmit info: lmi42 xmit skb ce70ca80 CP ready!
<7>[ 2378.073043] c3 434 (dji_hdvt_gnd) bridge: start_xmit info: lmi42 xmit skb cacb5b40 CP busy!
<7>[ 2378.184385] c0 234 (DUMP_Output) bridge: start_xmit info: lmi42 xmit skb cacb5b40 CP ready!
<7>[ 2723.295314] c1 251 (logcat) Warnning: timer2 int-excep
<7>[ 2887.211010] c0 0 (swapper/0) bridge: start_xmit info: lmi42 xmit skb ce338830 CP busy!
<7>[ 2887.540239] c0 0 (swapper/0) bridge: start_xmit info: lmi42 xmit skb ce338830 CP ready!


!!!New kernel log start!!!

<6>[    0.000000] c0 0 (swapper) Booting Linux on physical CPU 0x100
<6>[    0.000000] c0 0 (swapper) Initializing cgroup subsys cpu
<6>[    0.000000] c0 0 (swapper) Initializing cgroup subsys cpuacct
<5>[    0.000000] c0 0 (swapper) Linux version 3.10.62 (jenkins@APServer01) (gcc version 4.7 (GCC) ) #1 SMP PREEMPT Thu Dec 28 16:11:42 CST 2017
<4>[    0.000000] c0 0 (swapper) CPU: ARMv7 Processor [410fc075] revision 5 (ARMv7), cr=10c5387d
<4>[    0.000000] c0 0 (swapper) CPU: PIPT / VIPT nonaliasing data cache, VIPT aliasing instruction cache
<4>[    0.000000] c0 0 (swapper) Machine: Leadcore Innopower
<4>[    0.000000] c0 0 (swapper) start comip_parse_tag_mem_ext.
<4>[    0.000000] c0 0 (swapper) Physical memory layout:
<4>[    0.000000] c0 0 (swapper)     DRAM Bank1  : 0x00000000 - 0x20000000  ( 512 MB)
<4>[    0.000000] c0 0 (swapper)     Modem       : 0x00000000 - 0x06400000  ( 100 MB)
<4>[    0.000000] c0 0 (swapper)     Kernel Bank1: 0x06400000 - 0x16800000  ( 260 MB)
<4>[    0.000000] c0 0 (swapper)     Framebuffer : 0x16800000 - 0x17800000  (  16 MB)
<4>[    0.000000] c0 0 (swapper)     ON2         : 0x17800000 - 0x1f800000  ( 128 MB)
<4>[    0.000000] c0 0 (swapper)     TrustZone   : 0x1f800000 - 0x20000000  (   8 MB)
<4>[    0.000000] c0 0 (swapper) Ignoring unrecognised tag 0x54410101
<7>[    0.000000] c0 0 (swapper) Boot mode: normal
<6>[    0.000000] c0 0 (swapper) Main VOUT: 7250/9000
<4>[    0.000000] c0 0 (swapper) Chip id: 0x442db66b, rom id: 0x1, bb id: 0x282e05
<4>[    0.000000] c0 0 (swapper) Ignoring unrecognised tag 0x54410105
<4>[    0.000000] c0 0 (swapper) Memory policy: ECC disabled, Data cache writealloc
<4>[    0.000000] c0 0 (swapper) ddr_pwr_pll_mclk rate:1066000000
<4>[    0.000000] c0 0 (swapper) pll0_out rate:988000000
<4>[    0.000000] c0 0 (swapper) pll1_out rate:1248000000
<4>[    0.000000] c0 0 (swapper) A7 rate: 988000000, gr:16
<7>[    0.000000] c0 0 (swapper) On node 0 totalpages: 66560
<7>[    0.000000] c0 0 (swapper) free_area_init_node: node 0, pgdat c05ecd00, node_mem_map c0956000
<7>[    0.000000] c0 0 (swapper)   Normal zone: 520 pages used for memmap
<7>[    0.000000] c0 0 (swapper)   Normal zone: 0 pages reserved
<7>[    0.000000] c0 0 (swapper)   Normal zone: 66560 pages, LIFO batch:15
<4>[    0.000000] c0 0 (swapper) mcpm_smp_init_cpus: cores number:5
<6>[    0.000000] c0 0 (swapper) cpu logical map 0x100
<6>[    0.000000] c0 0 (swapper) cpu logical map 0x101
<6>[    0.000000] c0 0 (swapper) cpu logical map 0x102
<6>[    0.000000] c0 0 (swapper) cpu logical map 0x103
<6>[    0.000000] c0 0 (swapper) cpu logical map 0x0
<6>[    0.000000] c0 0 (swapper) PERCPU: Embedded 9 pages/cpu @c0b64000 s12928 r8192 d15744 u36864
<7>[    0.000000] c0 0 (swapper) pcpu-alloc: s12928 r8192 d15744 u36864 alloc=9*4096
<7>[    0.000000] c0 0 (swapper) pcpu-alloc: [0] 0 [0] 1 [0] 2 [0] 3 [0] 4 
<4>[    0.000000] c0 0 (swapper) Built 1 zonelists in Zone order, mobility grouping on.  Total pages: 66040
<5>[    0.000000] c0 0 (swapper) Kernel command line: watchdog_thresh=3 console=ttyS3,921600 vmalloc=412M maxcpus=4 android firmware_class.path=/vendor/firmware isolcpus=4 initrd=0x07400000,1M lcpart=mmcblk0=gpt:0:2000:200,ddr:2000:2000:200,env:4000:2000:200,panic:6000:2000:200,amt:8000:20000:200,factory:28000:4000:200,factory_out:2c000:4000:200,recovery:30000:8000:200,normal:38000:8000:200,system:40000:40000:200,vendor:80000:20000:200,cache:a0000:80000:200,blackbox:120000:400000:200,userdata:520000:228000:200  chip_sn=6bb62d44 board_sn=08XUEC90060K1K production quiet board_id=0xe2200104
<6>[    0.000000] c0 0 (swapper) board_id = 0xe2200104
<6>[    0.000000] c0 0 (swapper) PID hash table entries: 2048 (order: 1, 8192 bytes)
<6>[    0.000000] c0 0 (swapper) Dentry cache hash table entries: 65536 (order: 6, 262144 bytes)
<6>[    0.000000] c0 0 (swapper) Inode-cache hash table entries: 32768 (order: 5, 131072 bytes)
<6>[    0.000000] c0 0 (swapper) allocated 532480 bytes of page_cgroup
<6>[    0.000000] c0 0 (swapper) please try 'cgroup_disable=memory' option if you don't want memory cgroups
<6>[    0.000000] c0 0 (swapper) Memory: 260MB = 260MB total
<5>[    0.000000] c0 0 (swapper) Memory: 252448k/252448k available, 13792k reserved, 0K highmem
<5>[    0.000000] c0 0 (swapper) Virtual kernel memory layout:
<5>[    0.000000]     vector  : 0xffff0000 - 0xffff1000   (   4 kB)
<5>[    0.000000]     fixmap  : 0xfff00000 - 0xfffe0000   ( 896 kB)
<5>[    0.000000]     vmalloc : 0xd0800000 - 0xff000000   ( 744 MB)
<5>[    0.000000]     lowmem  : 0xc0000000 - 0xd0400000   ( 260 MB)
<5>[    0.000000]     pkmap   : 0xbfe00000 - 0xc0000000   (   2 MB)
<5>[    0.000000]     modules : 0xbf000000 - 0xbfe00000   (  14 MB)
<5>[    0.000000]       .text : 0xc0008000 - 0xc054486c   (5363 kB)
<5>[    0.000000]       .init : 0xc0545000 - 0xc057d280   ( 225 kB)
<5>[    0.000000]       .data : 0xc057e000 - 0xc05f0bb0   ( 459 kB)
<5>[    0.000000]        .bss : 0xc05f0bb0 - 0xc094d090   (3442 kB)
<6>[    0.000000] c0 0 (swapper) SLUB: HWalign=64, Order=0-3, MinObjects=0, CPUs=5, Nodes=1
<6>[    0.000000] c0 0 (swapper/0) Preemptible hierarchical RCU implementation.
<6>[    0.000000] c0 0 (swapper/0) 	Additional per-CPU info printed with stalls.
<6>[    0.000000] c0 0 (swapper/0) NR_IRQS:458
<6>[    0.000000] c0 0 (swapper/0) sched_clock: 32 bits at 13MHz, resolution 76ns, wraps every 330382ms
<6>[    0.000000] c0 0 (swapper/0) Switching to timer-based delay loop
<6>[    0.000000] c0 0 (swapper/0) uart3 is settting quot! baud 921600, quot 1!
<4>[    0.000000] c0 0 (swapper/0) write reg 0xc passes, val 0x93
<4>[    0.000000] c0 0 (swapper/0) write reg 0x0 passes, val 0x1
<4>[    0.000000] c0 0 (swapper/0) write reg 0x4 passes, val 0x0
<4>[    0.000000] c0 0 (swapper/0) write reg 0xc passes, val 0x13
<6>[    0.000000] c0 0 (swapper/0) uart3 new lcr is 0x13, cval = 0x13
<6>[    0.000000] c0 0 (swapper/0) console [ttyS3] enabled
<6>[    0.000000] c0 0 (swapper/0) Console: colour dummy device 80x30
<6>[    0.000661] c0 0 (swapper/0) Calibrating delay loop (skipped), value calculated using timer frequency.. 26.00 BogoMIPS (lpj=13000)
<6>[    0.000684] c0 0 (swapper/0) pid_max: default: 32768 minimum: 301
<6>[    0.001018] c0 0 (swapper/0) Mount-cache hash table entries: 512
<6>[    0.002382] c0 0 (swapper/0) Initializing cgroup subsys debug
<6>[    0.002399] c0 0 (swapper/0) Initializing cgroup subsys memory
<6>[    0.002453] c0 0 (swapper/0) Initializing cgroup subsys freezer
<6>[    0.002506] c0 0 (swapper/0) CPU: Testing write buffer coherency: ok
<6>[    0.002885] c0 1 (swapper/0) CPU0: thread -1, cpu 0, socket 1, mpidr 80000100
<6>[    0.002926] c0 1 (swapper/0) Setting up static identity map for 0xc03c2850 - 0xc03c2900
<6>[    0.002957] c0 1 (swapper/0) pm initialized success 
<7>[    0.010878] c1 0 (swapper/1) CPU1: Booted secondary processor
<6>[    0.010897] c1 0 (swapper/1) CPU1: thread -1, cpu 1, socket 1, mpidr 80000101
<7>[    0.013853] c2 0 (swapper/2) CPU2: Booted secondary processor
<6>[    0.013871] c2 0 (swapper/2) CPU2: thread -1, cpu 2, socket 1, mpidr 80000102
<7>[    0.016857] c3 0 (swapper/3) CPU3: Booted secondary processor
<6>[    0.016875] c3 0 (swapper/3) CPU3: thread -1, cpu 3, socket 1, mpidr 80000103
<6>[    0.017005] c0 1 (swapper/0) Brought up 4 CPUs
<6>[    0.017044] c0 1 (swapper/0) SMP: Total of 4 processors activated (104.00 BogoMIPS).
<6>[    0.017057] c0 1 (swapper/0) CPU: All CPU(s) started in SVC mode.
<6>[    0.039506] c0 1 (swapper/0) NET: Registered protocol family 16
<6>[    0.044227] c0 1 (swapper/0) DMA: preallocated 4096 KiB pool for atomic coherent allocations
<6>[    0.044399] c0 1 (swapper/0) Android kernel panic handler initialized (bind=panic)
<4>[    0.045180] c0 1 (swapper/0) comip_init_common_mfp p_otg->fsm.id=0
<7>[    0.047724] c0 1 (swapper/0) addr 0xe100c220: 0x00000000
<7>[    0.047738] c0 1 (swapper/0) addr 0xe100c224: 0x00000000
<7>[    0.047753] c0 1 (swapper/0) addr 0xe100c228: 0x00000000
<7>[    0.047767] c0 1 (swapper/0) addr 0xe100c22c: 0x00000000
<7>[    0.047781] c0 1 (swapper/0) addr 0xe100c230: 0x00000000
<7>[    0.047795] c0 1 (swapper/0) addr 0xe100c234: 0x00000000
<7>[    0.047809] c0 1 (swapper/0) addr 0xe100c238: 0x00000000
<7>[    0.047824] c0 1 (swapper/0) addr 0xe100c23c: 0x00000000
<7>[    0.047838] c0 1 (swapper/0) addr 0xe100c240: 0x00000000
<7>[    0.047852] c0 1 (swapper/0) addr 0xe100c244: 0x00000000
<7>[    0.047866] c0 1 (swapper/0) addr 0xe100c248: 0x00000000
<7>[    0.047880] c0 1 (swapper/0) addr 0xe100c24c: 0x00000000
<7>[    0.047894] c0 1 (swapper/0) addr 0xe100c250: 0x00000000
<7>[    0.047907] c0 1 (swapper/0) addr 0xe100c254: 0x00000000
<7>[    0.047921] c0 1 (swapper/0) addr 0xe100c258: 0x00000000
<7>[    0.047933] c0 1 (swapper/0) addr 0xe100c25c: 0x00000000
<7>[    0.047947] c0 1 (swapper/0) addr 0xe100a120: 0x00000000
<7>[    0.047961] c0 1 (swapper/0) addr 0xe100a124: 0x00000000
<7>[    0.047975] c0 1 (swapper/0) addr 0xe100a128: 0x00000000
<7>[    0.047989] c0 1 (swapper/0) addr 0xe100a12c: 0x00000000
<7>[    0.048003] c0 1 (swapper/0) addr 0xe100a130: 0x00000000
<6>[    0.048921] c0 1 (swapper/0) hw-breakpoint: found 5 (+1 reserved) breakpoint and 4 watchpoint registers.
<6>[    0.048936] c0 1 (swapper/0) hw-breakpoint: maximum watchpoint size is 8 bytes.
<6>[    0.049507] c0 1 (swapper/0) i2c->adap.nr = 0, i2c->flags = 0x2
<3>[    0.049527] c0 1 (swapper/0) i2c-0: clock: 26000000, speed:400000
<6>[    0.050767] c0 1 (swapper/0) i2c->adap.nr = 1, i2c->flags = 0x2
<3>[    0.050783] c0 1 (swapper/0) i2c-1: clock: 26000000, speed:400000
<6>[    0.052003] c0 1 (swapper/0) i2c->adap.nr = 4, i2c->flags = 0x1
<3>[    0.052022] c0 1 (swapper/0) i2c-4: clock: 10660000, speed:100000
<6>[    0.053332] c0 1 (swapper/0) comip-pwm comip-pwm: comip_pwm_probe
<6>[    0.053745] c0 1 (swapper/0) comip-spi comip-spi.0: master is unqueued, this is deprecated
<6>[    0.054013] c0 1 (swapper/0) comip-spi comip-spi.1: master is unqueued, this is deprecated
<6>[    0.054293] c0 1 (swapper/0) comip-spi comip-spi.2: master is unqueued, this is deprecated
<6>[    0.089535] c0 1 (swapper/0) LC1160: version 0x10, eco no 0, rtc version 1
<6>[    0.090460] c0 1 (swapper/0) parse_bootup_reason: value from 0x5c reg is: 0x1
<6>[    0.090475] c0 1 (swapper/0) parse_bootup_reason: +++++++++start of day reason: onkey
<6>[    0.090489] c0 1 (swapper/0) parse_shutdown_reason: value from 0x5d reg is: 0x0
<6>[    0.090503] c0 1 (swapper/0) parse_shutdown_reason: ----------last end of day reason: unknown
<6>[    0.091322] c0 1 (swapper/0) LC1160: Raw startup 0x01(pwr_key),raw shutdown 0x00(), saved shutdown 0x00()
<6>[    0.091794] c0 1 (swapper/0) LC1160: Power on reason(power_key), reboot reason(null)
<6>[    0.095028] c0 1 (swapper/0) PMIC_DCDC5 SET VOUT = 1200 mv
<6>[    0.095842] c0 1 (swapper/0) PMIC_DCDC7 SET VOUT = 1800 mv
<6>[    0.138374] c0 1 (swapper/0) comip_monitor_probe 
<6>[    0.143410] c0 1 (swapper/0) bio: create slab <bio-0> at 0
<5>[    0.144494] c0 1 (swapper/0) SCSI subsystem initialized
<6>[    0.144643] c0 1 (swapper/0) usbcore: registered new interface driver usbfs
<6>[    0.144710] c0 1 (swapper/0) usbcore: registered new interface driver hub
<6>[    0.144836] c0 1 (swapper/0) usbcore: registered new device driver usb
<6>[    0.145104] c0 1 (swapper/0) i2c-gpio i2c-gpio.6: using pins 131 (SDA) and 129 (SCL)
<6>[    0.145271] c0 1 (swapper/0) i2c-gpio i2c-gpio.7: using pins 201 (SDA) and 202 (SCL)
<6>[    0.145418] c0 1 (swapper/0) i2c-gpio i2c-gpio.8: using pins 157 (SDA) and 159 (SCL)
<6>[    0.145556] c0 1 (swapper/0) i2c-gpio i2c-gpio.9: using pins 219 (SDA) and 221 (SCL)
<6>[    0.145704] c0 1 (swapper/0) i2c-gpio i2c-gpio.10: using pins 161 (SDA) and 163 (SCL)
<6>[    0.146037] c0 1 (swapper/0) Advanced Linux Sound Architecture Driver Initialized.
<6>[    0.147426] c0 1 (swapper/0) input: lc1160_adc_a as /devices/platform/lc11xx_adc/input/input0
<6>[    0.147639] c0 1 (swapper/0) input: lc1160_adc_b as /devices/platform/lc11xx_adc/input/input1
<6>[    0.147696] c0 1 (swapper/0) lc1160_adc: probe success
<6>[    0.147947] c0 1 (swapper/0) Switching to clocksource timer3_clk
<4>[    0.176053] c0 1 (swapper/0) USB_OTG: comip_usb_otg_early_init
<4>[    0.176144] c0 1 (swapper/0) USB_OTG: comip_otg_early_probe
<4>[    0.277074] c0 1 (swapper/0) comip_otg_ctrl_gpio_init WM220: set vbus 1, read back vbus 0
<6>[    0.277356] c0 1 (swapper/0) NET: Registered protocol family 2
<6>[    0.278347] c0 1 (swapper/0) TCP established hash table entries: 4096 (order: 3, 32768 bytes)
<6>[    0.278452] c0 1 (swapper/0) TCP bind hash table entries: 4096 (order: 4, 98304 bytes)
<6>[    0.278580] c0 1 (swapper/0) TCP: Hash tables configured (established 4096 bind 4096)
<6>[    0.278669] c0 1 (swapper/0) TCP: reno registered
<6>[    0.278689] c0 1 (swapper/0) UDP hash table entries: 256 (order: 2, 16384 bytes)
<6>[    0.278750] c0 1 (swapper/0) UDP-Lite hash table entries: 256 (order: 2, 16384 bytes)
<6>[    0.279193] c0 1 (swapper/0) NET: Registered protocol family 1
<6>[    0.279496] c0 1 (swapper/0) Unpacking initramfs...
<0>[    0.305714] c0 1 (swapper/0) Initramfs unpacking failed: broken padding
<6>[    0.308255] c0 1 (swapper/0) Freeing initrd memory: 1024K (c1000000 - c1100000)
<6>[    0.308710] c0 1 (swapper/0) CPU PMU: probing PMU on CPU 0
<6>[    0.308744] c0 1 (swapper/0) hw perfevents: enabled with ARMv7 Cortex-A7 PMU driver, 5 counters available
<3>[    0.309160] c0 1 (swapper/0) modem: comip_register_reboot_callback faild, non init
<6>[    0.310464] c0 1 (swapper/0) sdr: devices driver up version v1.0.1, build time Dec 28 2017 16:10:37
<6>[    0.310532] c0 1 (swapper/0) comip_wdt_probe: AP_PWR_LP_CTL 607
<6>[    0.310640] c0 1 (swapper/0) comip_wdt_probe: AP_PWR_LP_CTL 600
<6>[    0.310707] c0 1 (swapper/0) comip_wdt_probe: AP_PWR_LP_CTL 600
<6>[    0.310766] c0 1 (swapper/0) comip_wdt_probe: AP_PWR_LP_CTL 600
<6>[    0.311993] c0 1 (swapper/0) comip_snd_soc comip_snd_soc.0: comip_snd_soc_probe
<6>[    0.312977] c0 1 (swapper/0) comip-uart.0: ttyS0 at MMIO 0x0 (irq = 72) is a uart0
<6>[    0.313362] c0 1 (swapper/0) comip-uart.1: ttyS1 at MMIO 0x0 (irq = 73) is a uart1
<6>[    0.313674] c0 1 (swapper/0) comip-uart.2: ttyS2 at MMIO 0x0 (irq = 74) is a uart2
<6>[    0.314071] c0 1 (swapper/0) comip-uart.3: ttyS3 at MMIO 0x0 (irq = 89) is a uart3
<7>[    0.320064] c0 1 (swapper/0) mmc-1: set mmc clock rate to 400000
<7>[    0.326246] c3 1 (swapper/0) mmc-0: card detect 0. gpio 243.
<3>[    0.326478] c3 1 (swapper/0) comip_mmc0_set_power: set card vdd ret = -6 vdd = 16
<7>[    0.333050] c3 1 (swapper/0) mmc-0: set mmc clock rate to 400000
<7>[    0.345053] c3 1 (swapper/0) mmc-2: set mmc clock rate to 400000
<6>[    0.351191] c3 1 (swapper/0) ion-lc ion-lc: lc_ion_probe
<6>[    0.351340] c3 1 (swapper/0) ion: creat /dev/ion success
<3>[    0.351617] c3 1 (swapper/0) Failed to create heap debugfs at /ion/heaps/lc_ion_lcmem_heap
<4>[    0.353072] c3 1 (swapper/0) mali ddk r5p0-06rel0 early init
<6>[    0.353306] c3 1 (swapper/0) mali mali.0: Continuing without Mali clock control
<6>[    0.353606] c3 1 (swapper/0) mali mali.0: GPU identified as 0x0620 r1p0 status 1
<6>[    0.354204] c3 1 (swapper/0) mali mali.0: Probed as mali0
<6>[    0.355404] c0 1 (swapper/0) input: comip-gpio-keys as /devices/platform/comip-gpio-keys/input/input2
<7>[    0.355438] c0 1 (swapper/0) key 212 reported
<7>[    0.355454] c0 1 (swapper/0) key 256 reported
<7>[    0.355467] c0 1 (swapper/0) key 257 reported
<7>[    0.355480] c0 1 (swapper/0) key 258 reported
<7>[    0.355495] c0 1 (swapper/0) key 259 reported
<7>[    0.355512] c0 1 (swapper/0) key 260 reported
<7>[    0.355528] c0 1 (swapper/0) key 261 reported
<7>[    0.355545] c0 1 (swapper/0) key 262 reported
<7>[    0.355560] c0 1 (swapper/0) key 263 reported
<7>[    0.355573] c0 1 (swapper/0) key 393 reported
<7>[    0.355588] c0 1 (swapper/0) key 105 reported
<7>[    0.355602] c0 1 (swapper/0) key 106 reported
<6>[    0.355809] c0 1 (swapper/0) comip-i2s comip-i2s.0: comip_i2s_probe, id=0
<6>[    0.355937] c0 1 (swapper/0) comip-pcm comip-pcm.0: comip_pcm_virtual_probe
<6>[    0.356376] c0 1 (swapper/0) comip-snd-lowpower comip-snd-lowpower: snd_lowpower_probe
<6>[    0.365874] c0 1 (swapper/0) comip-rtc comip-rtc: rtc core: registered comip-rtc as rtc0
<6>[    0.366389] c0 1 (swapper/0) hx170dec: dec/pp kernel module. 
<6>[    0.366522] c0 1 (swapper/0) hx170dec: Core 0 HW ID=0x67314808
<6>[    0.366534] c0 1 (swapper/0) hx170dec: Supported HW found at 0xa0340200
<6>[    0.366547] c0 1 (swapper/0) hx170dec: core[0] has H264
<6>[    0.366562] c0 1 (swapper/0) hx170dec: core[0] has JPEG
<6>[    0.366573] c0 1 (swapper/0) hx170dec: core[0] has MPEG4
<6>[    0.366586] c0 1 (swapper/0) hx170dec: core[0] has VC1
<6>[    0.366599] c0 1 (swapper/0) hx170dec: core[0] has MPEG2
<6>[    0.366612] c0 1 (swapper/0) hx170dec: core[0] has VP6
<6>[    0.366625] c0 1 (swapper/0) hx170dec: core[0] has VP8
<6>[    0.366638] c0 1 (swapper/0) hx170dec: core[0] has VP7
<6>[    0.366650] c0 1 (swapper/0) hx170dec: core[0] has WebP
<6>[    0.366663] c0 1 (swapper/0) hx170dec: core[0] has AVS
<6>[    0.366676] c0 1 (swapper/0) hx170dec: core[0] has RV
<6>[    0.366689] c0 1 (swapper/0) hx170dec: core[0] has PP
<4>[    0.367046] c0 1 (swapper/0) hx280enc_probe
<6>[    0.367103] c0 1 (swapper/0) hx280enc: HW ID=0x72802080
<6>[    0.367117] c0 1 (swapper/0) hx280enc: Compatible HW found at 0xa0340000
<6>[    0.367242] c0 1 (swapper/0) hx280enc: probe successfully. Major = 252
<4>[    0.367438] c0 1 (swapper/0) hx280enc_h1_probe
<6>[    0.367488] c0 1 (swapper/0) hx280enc_h1_data.hwregs = f8342000
<6>[    0.367504] c0 1 (swapper/0) hx280enc_h1: HW at base <0xa0342000> with ID <0x48314780>
<4>[    0.367844] c0 1 (swapper/0) lcmem_probe in: module init
<4>[    0.367857] c0 1 (swapper/0) lcmem: Linear Memory Allocator, $Revision: 1.10 $ 
<4>[    0.367869] c0 1 (swapper/0) lcmem: linear memory base = 0x17801000 
<6>[    0.367997] c0 1 (swapper/0) lcmem: probe successfully. Major = 250
<4>[    0.370572] c0 1 (swapper/0) lhc_cdin!
<6>[    0.371236] c0 1 (swapper/0) on2psm: probe successfully. power = 0x7
<6>[    0.371335] c0 1 (swapper/0) thermal: comip_thermal_probe called
<3>[    0.371559] c0 1 (swapper/0) [UREG]Ureg Driver Registered
<6>[    0.373405] c0 6 (kworker/u10:0) mmc0: BKOPS_EN bit is not set
<7>[    0.379965] c0 6 (kworker/u10:0) mmc-1: set mmc clock rate to 104000000
<7>[    0.379987] c0 6 (kworker/u10:0) found (fe014e, Micron), use read_delay 1.
<7>[    0.380043] c0 6 (kworker/u10:0) mmc-1: tuning result phase is 1
<6>[    0.380436] c0 6 (kworker/u10:0) mmc0: new HS200 MMC card at address 0001
<3>[    0.380706] c0 6 (kworker/u10:0) comip_mmc0_set_power: set card vdd ret = -6 vdd = 0
<6>[    0.386327] c1 1 (swapper/0) fuse init (API version 7.22)
<6>[    0.386874] c1 1 (swapper/0) msgmni has been set to 495
<6>[    0.389075] c1 1 (swapper/0) io scheduler noop registered
<6>[    0.389294] c1 1 (swapper/0) io scheduler cfq registered (default)
<6>[    0.399614] c1 1 (swapper/0) loop: module loaded
<4>[    0.399680] c1 1 (swapper/0) mfi_i2c_client addr:17
<4>[    0.399830] c1 1 (swapper/0) applecp module init ok
<6>[    0.400211] c1 1 (swapper/0) usbcore: registered new interface driver cdc_ether
<6>[    0.400266] c1 1 (swapper/0) usbcore: registered new interface driver cdc_eem
<6>[    0.400326] c1 1 (swapper/0) usbcore: registered new interface driver rndis_host
<6>[    0.400388] c1 1 (swapper/0) usbcore: registered new interface driver cdc_subset
<6>[    0.400515] c1 1 (swapper/0) usbcore: registered new interface driver cdc_ncm
<6>[    0.400574] c1 1 (swapper/0) usbcore: registered new interface driver cdc_mbim
<4>[    0.400941] c1 1 (swapper/0) comip_hcd_driver_probe(c05a3740) id=0
<4>[    0.401976] c1 1 (swapper/0) set USB power on.
<4>[    0.402026] c1 1 (swapper/0) enter comip_cil_init,core_if->type=0
<4>[    0.402038] c1 1 (swapper/0) USB HSIC core power up success.
<4>[    0.403055] c1 1 (swapper/0) LZS set_usb_init_reg: 192, AP_PWR_PDFSM_ST1=0x07077707
<4>[    0.406223] c1 1 (swapper/0) hcd:Core Release: 2.94a
<4>[    0.406242] c1 1 (swapper/0) hcd:Setting default values for core params
<4>[    0.406288] c1 1 (swapper/0) LZS hcd_init: 345, enter
<6>[    0.406367] c1 1 (swapper/0) comip-hcd comip-hcd.0: COMIP Controller
<6>[    0.406397] c1 1 (swapper/0) comip-hcd comip-hcd.0: new USB bus registered, assigned bus number 1
<6>[    0.406443] c1 1 (swapper/0) comip-hcd comip-hcd.0: irq 49, io mem 0x00000000
<4>[    0.406514] c1 1 (swapper/0) usb usb1: config index 0 lenght 25, result 9
<4>[    0.406525] c1 1 (swapper/0) 09 02 19 00 01 01 00 e0 00 
<4>[    0.406591] c1 1 (swapper/0) usb usb1: config index 0 lenght 25, result 25
<4>[    0.406601] c1 1 (swapper/0) 09 02 19 00 01 01 00 e0 00 09 04 00 00 01 09 00 00 00 07 05 81 03 04 00 0c 
<6>[    0.407316] c1 1 (swapper/0) hub 1-0:1.0: USB hub found
<6>[    0.407348] c1 1 (swapper/0) hub 1-0:1.0: 1 port detected
<4>[    0.407643] c1 1 (swapper/0) comip_hcd_driver_probe:comip_hcd_dev->core_if->id=0
<4>[    0.408930] c1 1 (swapper/0) set USB power off.
<4>[    0.408965] c1 1 (swapper/0) comip_hcd_driver_probe(c05a3920) id=2
<4>[    0.416291] c1 1 (swapper/0) set USB power on.
<4>[    0.416321] c1 1 (swapper/0) enter comip_cil_init,core_if->type=2
<4>[    0.416407] c1 1 (swapper/0) USB HSIC core power up success.
<4>[    0.423436] c1 1 (swapper/0) read USB1_GLPMCFG = 40000000
<4>[    0.423450] c1 1 (swapper/0) [HSIC]: USB1_GRSTCTL = 0x80000001
<7>[    0.423463] c1 1 (swapper/0) [HSIC]: USB1_GRSTCTL = 0x80000000 timeout=99
<4>[    0.424611] c1 1 (swapper/0) hcd:Core Release: 2.94a
<4>[    0.424627] c1 1 (swapper/0) hcd:Setting default values for core params
<4>[    0.424646] c1 1 (swapper/0) LZS hcd_init: 345, enter
<6>[    0.424713] c1 1 (swapper/0) comip-hcd comip-hcd.2: COMIP Controller
<6>[    0.424743] c1 1 (swapper/0) comip-hcd comip-hcd.2: new USB bus registered, assigned bus number 2
<6>[    0.424789] c1 1 (swapper/0) comip-hcd comip-hcd.2: irq 50, io mem 0x00000000
<4>[    0.424824] c1 1 (swapper/0) hcd:Init: Power Port (0)
<4>[    0.424871] c1 1 (swapper/0) usb usb2: config index 0 lenght 25, result 9
<4>[    0.424883] c1 1 (swapper/0) 09 02 19 00 01 01 00 e0 00 
<4>[    0.424946] c1 1 (swapper/0) usb usb2: config index 0 lenght 25, result 25
<4>[    0.424957] c1 1 (swapper/0) 09 02 19 00 01 01 00 e0 00 09 04 00 00 01 09 00 00 00 07 05 81 03 04 00 0c 
<6>[    0.425569] c1 1 (swapper/0) hub 2-0:1.0: USB hub found
<6>[    0.425600] c1 1 (swapper/0) hub 2-0:1.0: 1 port detected
<4>[    0.425882] c1 1 (swapper/0) enter hsic init
<4>[    0.425897] c1 1 (swapper/0) LZS comip_hcd_driver_start: 1251, enter
<4>[    0.425911] c1 1 (swapper/0) enter comip_hcd_driver_start:id=2
<4>[    0.430944] c1 1 (swapper/0) USB power should be on.
<7>[    0.435958] c1 1 (swapper/0) hcd:I: comip_hcd_driver_start init_reg
<4>[    0.442979] c1 1 (swapper/0) read USB1_GLPMCFG = 40000000
<4>[    0.442992] c1 1 (swapper/0) [HSIC]: USB1_GRSTCTL = 0x80000001
<7>[    0.443005] c1 1 (swapper/0) [HSIC]: USB1_GRSTCTL = 0x80000000 timeout=99
<4>[    0.643110] c1 1 (swapper/0) hcd:Using Descriptor DMA mode
<4>[    0.643122] c1 1 (swapper/0) hcd:Periodic Transfer Interrupt Enhancement - disabled
<4>[    0.643136] c1 1 (swapper/0) hcd:Multiprocessor Interrupt Enhancement - disabled
<4>[    0.643150] c1 1 (swapper/0) hcd:OTG VER PARAM: 1, OTG VER FLAG: 1
<4>[    0.643181] c1 1 (swapper/0) hcd:Init: Power Port (0)
<7>[    0.643294] c1 1 (swapper/0) hcd:I: comip_hcd_driver_start end
<6>[    0.643542] c1 1 (swapper/0) usbcore: registered new interface driver cdc_wdm
<6>[    0.643651] c1 1 (swapper/0) usbcore: registered new interface driver usb-storage
<3>[    0.771539] c1 1 (swapper/0) i2c-0: wait rx timeout!
<3>[    0.772385] c1 1 (swapper/0) i2c-0-0x08: xfer error -110.
<3>[    0.773308] c1 1 (swapper/0) usb3503 0-0008: CFG1 failed (-110)
<6>[    0.774313] c1 1 (swapper/0) usb3503 0-0008: usb3503_probe: probed on  hub mode
<4>[    0.776626] c1 1 (swapper/0) usb aoa module init ok
<4>[    0.776727] c1 1 (swapper/0) apple_roleswitch module init ok
<6>[    0.777693] c1 1 (swapper/0) mlx90393 spi0.0: osr = 0x3, dig_filt = 0x7, res_xyz = 0x3f, osr2 = 0x3
<6>[    0.777932] c1 1 (swapper/0) input: mlx90393-0 as /devices/platform/comip-spi.0/spi_master/spi0/spi0.0/input/input3
<6>[    0.783816] c1 1 (swapper/0) mlx90393 spi1.0: osr = 0x3, dig_filt = 0x2, res_xyz = 0x3f, osr2 = 0x3
<6>[    0.784068] c1 1 (swapper/0) input: mlx90393-1 as /devices/platform/comip-spi.1/spi_master/spi1/spi1.0/input/input4
<6>[    0.789701] c1 1 (swapper/0) mlx90393 spi2.0: osr = 0x3, dig_filt = 0x2, res_xyz = 0x3f, osr2 = 0x3
<6>[    0.789919] c1 1 (swapper/0) input: mlx90393-2 as /devices/platform/comip-spi.2/spi_master/spi2/spi2.0/input/input5
<6>[    0.795590] c1 1 (swapper/0) i2c /dev entries driver
<6>[    0.796811] c1 1 (swapper/0) mmcblk0: mmc0:0001 P1J94M 3.64 GiB 
<6>[    0.797121] c1 1 (swapper/0) mmcblk0boot0: mmc0:0001 P1J94M partition 1 1.00 MiB
<6>[    0.797384] c1 1 (swapper/0) mmcblk0boot1: mmc0:0001 P1J94M partition 2 1.00 MiB
<6>[    0.797651] c1 1 (swapper/0) mmcblk0rpmb: mmc0:0001 P1J94M partition 3 1.00 MiB
<6>[    0.798230] c1 1 (swapper/0)  mmcblk0: p1 (gpt) p2 (ddr) p3 (env) p4 (panic) p5 (amt) p6 (factory) p7 (factory_out) p8 (recovery) p9 (normal) p10 (system) p11 (vendor) p12 (cache) p13 (blackbox) p14 (userdata)mmcblk0boot1 has no partition table!
<4>[    0.801881] c1 1 (swapper/0) mmcblk0boot0 has no partition table!
<6>[    0.802751] c1 1 (swapper/0) zram: Created 1 device(s) ...
<6>[    0.803433] c1 1 (swapper/0) ashmem: initialized
<6>[    0.803597] c1 1 (swapper/0) logger: created 256K log 'log_main'
<6>[    0.803760] c1 1 (swapper/0) logger: created 256K log 'log_events'
<6>[    0.803936] c1 1 (swapper/0) logger: created 256K log 'log_radio'
<6>[    0.804138] c1 1 (swapper/0) logger: created 256K log 'log_system'
<4>[    0.804799] c1 1 (swapper/0) soc-audio soc-audio: ASoC: machine comip_snd_soc should use snd_soc_register_card()
<6>[    0.816984] c1 1 (swapper/0) LC1160_R71=0x1d
<6>[    0.817476] c1 1 (swapper/0) LC1160_R72=0x1e
<6>[    0.817942] c1 1 (swapper/0) LC1160_R73=0x1f
<6>[    0.818409] c1 1 (swapper/0) LC1160_R74=0x1f
<6>[    0.818428] c1 1 (swapper/0) comip_codec comip_codec: codec probe success, chip version is LC1160B
<7>[    0.849652] c1 1 (swapper/0) [SND CODEC] comip_pcm_new
<7>[    0.850084] c1 1 (swapper/0) [SND CODEC] comip_pcm_preallocate_dma_buffer addr: 0xe0040000, area: 0xd0d80000, bytes: 131072
<7>[    0.850260] c1 1 (swapper/0) [SND CODEC] comip_pcm_preallocate_dma_buffer addr: 0x14ac0000, area: 0xd0da1000, bytes: 131072
<6>[    0.850279] c1 1 (swapper/0) soc-audio soc-audio:  comip_hifi <-> comip-i2s.0 mapping ok
<6>[    0.850631] c1 1 (swapper/0) soc-audio soc-audio:  comip_voice <-> comip-pcm.0 mapping ok
<6>[    0.854172] c1 1 (swapper/0) input: comip_snd_soc Headset as /devices/platform/soc-audio/sound/card0/input6
<6>[    0.854954] c1 1 (swapper/0) ip_tables: (C) 2000-2006 Netfilter Core Team
<6>[    0.855078] c1 1 (swapper/0) TCP: cubic registered
<6>[    0.855095] c1 1 (swapper/0) NET: Registered protocol family 17
<6>[    0.855338] c1 1 (swapper/0) VFP support v0.3: implementor 41 architecture 2 part 30 variant 7 rev 5
<5>[    0.855380] c1 1 (swapper/0) Registering SWP/SWPB emulation handler
<7>[    0.855397] c1 1 (swapper/0) shadow_timer_delta=6500000, shadow_timer_delta_max=1672352866
<6>[    0.857252] c1 1 (swapper/0) modem: devices driver up.
<6>[    0.859872] c1 62 (kworker/1:1) comip_codec comip_codec: lc1160_irq_work_handle: status = 0x0
<4>[    0.864618] c0 1 (swapper/0) USB_OTG: comip_otg_probe: 799, exit
<4>[    0.864649] c0 1 (swapper/0) comip-otg: probe of comip-otg failed with error 3
<6>[    0.865047] c0 1 (swapper/0) file system registered
<6>[    0.867330] c0 1 (swapper/0) android_usb gadget: Mass Storage Function, version: 2009/09/11
<6>[    0.867345] c0 1 (swapper/0) android_usb gadget: Number of LUNs=1
<6>[    0.867362] c0 1 (swapper/0)  lun0: LUN: removable file: (no medium)
<6>[    0.867400] c0 1 (swapper/0) android_usb gadget: android_usb ready
<6>[    0.870277] c0 1 (swapper/0) comip-rtc comip-rtc: setting system clock to 1980-01-01 00:00:03 UTC (315532803)
<6>[    0.870381] c0 1 (swapper/0) ALSA device list:
<6>[    0.870393] c0 1 (swapper/0)   #0: comip_snd_soc
<6>[    0.870787] c0 1 (swapper/0) uart3 already has set quot! baud 921600, quot 1!
<6>[    0.870802] c0 1 (swapper/0) uart3 new lcr is 0x3, cval = 0x13
<6>[    0.871228] c0 1 (swapper/0) Freeing unused kernel memory: 224K (c0545000 - c057d000)
<11>[    0.875975] c1 1 (init) init: /init.environ.rc: 14: invalid command 'exoprt'
<11>[    0.979490] c1 1 (init) init: /dev/hw_random not found
<6>[    0.980709] c1 1 (init) uart3 already has set quot! baud 921600, quot 1!
<6>[    0.980726] c1 1 (init) uart3 new lcr is 0x3, cval = 0x13
<11>[    0.981207] c1 1 (init) init: cannot open '/initlogo.rle'
<6>[    0.989624] c1 1 (init) EXT4-fs (mmcblk0p5): mounted filesystem with ordered data mode. Opts: (null)
<6>[    0.998583] c1 1 (init) EXT4-fs (mmcblk0p14): mounted filesystem with ordered data mode. Opts: (null)
