<11>[   18.546472] c1 1 (init) init: untracked pid 1199 exited
<3>[   18.954452] c2 1239 (iap2_task) i2c-1: wait rx timeout!
<3>[   18.955445] c2 1239 (iap2_task) i2c-1-0x11: xfer error -110.
<4>[   18.956500] c2 1239 (iap2_task) mfi_i2c_read_bytes i2c_master_recv_retry error -110
<3>[   19.095112] c2 1239 (iap2_task) i2c-1: wait rx timeout!
<3>[   19.096034] c2 1239 (iap2_task) i2c-1-0x11: xfer error -110.
<4>[   19.097042] c2 1239 (iap2_task) mfi_i2c_read_bytes i2c_master_recv_retry error -110
<7>[   19.546743] c3 1305 (lmi_recv_thread) bridge: lmi10: cp ready ok
<7>[   19.546765] c3 1305 (lmi_recv_thread) bridge: open lmi10 ok.
<7>[   19.546823] c2 1306 (1643_recv_threa) bridge: TPC0: cp ready ok
<7>[   19.546840] c2 1306 (1643_recv_threa) bridge: open TPC0 ok.
<4>[   20.464768] c0 1307 (4210_recv_threa) if_set_alt s_if1,1.1
<4>[   20.464894] c0 1307 (4210_recv_threa) my_if1_en ok
<6>[   20.642744] c1 1055 (hg_wl_chn_recei) sdr: to empty: wait cp communication to ready
<6>[   20.645455] c2 1368 (mount) EXT4-fs (mmcblk0p5): re-mounted. Opts: (null)
<6>[   20.684677] c0 1373 (mount) EXT4-fs (mmcblk0p5): re-mounted. Opts: (null)
<6>[   37.950048] c0 1073 (hdvt_work) modem: modem open ref 1, status 3
<6>[   37.950094] c0 1073 (hdvt_work) modem: modem status(3) != MODEM_RELEASE.open modem again! 
<6>[   37.963261] c0 1073 (hdvt_work) modem: modem release ref 2, status 3
<6>[   38.085083] c3 1055 (hg_wl_chn_recei) sdr: to empty: cp ready
<7>[   38.330418] c1 1057 (dji_hdvt_gnd) bridge: start_xmit info: lmi42 xmit skb ce2ab840 CP busy!
<7>[   38.458084] c0 3 (ksoftirqd/0) bridge: start_xmit info: lmi42 xmit skb ce2ab840 CP ready!
<6>[   46.917491] c0 2437 (mount) EXT4-fs (mmcblk0p5): re-mounted. Opts: (null)
<6>[   46.947358] c2 2438 (mount) EXT4-fs (mmcblk0p5): re-mounted. Opts: (null)
<7>[  133.933391] c1 6 (kworker/u10:0) key 263 reported
<7>[  164.110581] c0 1048 (dji_hdvt_gnd) bridge: start_xmit info: lmi42 xmit skb ce561840 CP busy!
<7>[  164.222994] c0 0 (swapper/0) bridge: start_xmit info: lmi42 xmit skb ce561840 CP ready!
<7>[  167.109264] c3 1048 (dji_hdvt_gnd) bridge: start_xmit info: lmi42 xmit skb ce718c00 CP busy!
<7>[  167.307607] c0 252 (logcat) bridge: start_xmit info: lmi42 xmit skb ce718c00 CP ready!
<7>[  176.202054] c2 1057 (dji_hdvt_gnd) bridge: start_xmit info: lmi42 xmit skb ce313300 CP busy!
<7>[  176.237494] c0 0 (swapper/0) bridge: start_xmit info: lmi42 xmit skb ce313300 CP ready!
<7>[  179.327203] c3 1048 (dji_hdvt_gnd) bridge: start_xmit info: lmi42 xmit skb ce3a09c0 CP busy!
<7>[  179.477058] c0 0 (swapper/0) bridge: start_xmit info: lmi42 xmit skb ce3a09c0 CP ready!
<7>[  182.240349] c0 1048 (dji_hdvt_gnd) bridge: start_xmit info: lmi42 xmit skb ce34a9c0 CP busy!
<7>[  182.265902] c0 0 (swapper/0) bridge: start_xmit info: lmi42 xmit skb ce34a9c0 CP ready!
<7>[  182.318143] c2 1128 (dji_hdvt_gnd) bridge: start_xmit info: lmi42 xmit skb ce330a80 CP busy!
<7>[  182.364510] c0 0 (swapper/0) bridge: start_xmit info: lmi42 xmit skb ce330a80 CP ready!
<7>[  185.323885] c3 1048 (dji_hdvt_gnd) bridge: start_xmit info: lmi42 xmit skb ce35b840 CP busy!
<7>[  185.420907] c0 0 (swapper/0) bridge: start_xmit info: lmi42 xmit skb ce35b840 CP ready!
<7>[  188.412227] c0 1048 (dji_hdvt_gnd) bridge: start_xmit info: lmi42 xmit skb ce213a80 CP busy!
<7>[  188.463291] c0 0 (swapper/0) bridge: start_xmit info: lmi42 xmit skb ce213a80 CP ready!
<7>[  191.339267] c0 1048 (dji_hdvt_gnd) bridge: start_xmit info: lmi42 xmit skb cacfd3c0 CP busy!
<7>[  191.421046] c0 0 (swapper/0) bridge: start_xmit info: lmi42 xmit skb cacfd3c0 CP ready!
<7>[  200.787165] c0 1048 (dji_hdvt_gnd) bridge: start_xmit info: lmi42 xmit skb ceb30240 CP busy!
<7>[  200.858298] c0 1307 (4210_recv_threa) bridge: start_xmit info: lmi42 xmit skb ceb30240 CP ready!
<7>[  200.889267] c0 1048 (dji_hdvt_gnd) bridge: start_xmit info: lmi42 xmit skb ceb89cc0 CP busy!
<7>[  200.998892] c0 0 (swapper/0) bridge: start_xmit info: lmi42 xmit skb ceb89cc0 CP ready!
<7>[  206.478707] c0 1048 (dji_hdvt_gnd) bridge: start_xmit info: lmi42 xmit skb cf672840 CP busy!
<7>[  206.492114] c0 0 (swapper/0) bridge: start_xmit info: lmi42 xmit skb cf672840 CP ready!
<7>[  212.714098] c0 1048 (dji_hdvt_gnd) bridge: start_xmit info: lmi42 xmit skb cacf9180 CP busy!
<7>[  212.788069] c0 1033 (DUMP_Output) bridge: start_xmit info: lmi42 xmit skb cacf9180 CP ready!
<7>[  212.845109] c3 1057 (dji_hdvt_gnd) bridge: start_xmit info: lmi42 xmit skb ceb52780 CP busy!
<7>[  212.858471] c0 1075 (hdvt_amt_rx_tas) bridge: start_xmit info: lmi42 xmit skb ceb52780 CP ready!
<7>[  215.844246] c0 1048 (dji_hdvt_gnd) bridge: start_xmit info: lmi42 xmit skb caca2000 CP busy!
<7>[  215.872670] c0 1049 (UdtDataReceiver) bridge: start_xmit info: lmi42 xmit skb caca2000 CP ready!
<7>[  218.667337] c0 1048 (dji_hdvt_gnd) bridge: start_xmit info: lmi42 xmit skb ce34cb40 CP busy!
<7>[  218.788353] c0 9230 (ps) bridge: start_xmit info: lmi42 xmit skb ce34cb40 CP ready!
<7>[  255.036197] c0 1048 (dji_hdvt_gnd) bridge: start_xmit info: lmi42 xmit skb ceb1f6c0 CP busy!
<7>[  255.099362] c0 0 (swapper/0) bridge: start_xmit info: lmi42 xmit skb ceb1f6c0 CP ready!
<7>[  255.179095] c2 1128 (dji_hdvt_gnd) bridge: start_xmit info: lmi42 xmit skb ce37bf00 CP busy!
<7>[  255.183842] c0 0 (swapper/0) bridge: start_xmit info: lmi42 xmit skb ce37bf00 CP ready!
<7>[  261.043269] c0 1048 (dji_hdvt_gnd) bridge: start_xmit info: lmi42 xmit skb ce358180 CP busy!
<7>[  261.085588] c0 1307 (4210_recv_threa) bridge: start_xmit info: lmi42 xmit skb ce358180 CP ready!
<7>[  264.773016] c1 75 (kworker/u10:3) key 263 reported
<7>[  270.236142] c1 1057 (dji_hdvt_gnd) bridge: start_xmit info: lmi42 xmit skb ce2daf00 CP busy!
<7>[  270.254827] c0 0 (swapper/0) bridge: start_xmit info: lmi42 xmit skb ce2daf00 CP ready!
<7>[  291.288022] c0 1048 (dji_hdvt_gnd) bridge: start_xmit info: lmi42 xmit skb ce20af00 CP busy!
<7>[  291.410463] c0 0 (swapper/0) bridge: start_xmit info: lmi42 xmit skb ce20af00 CP ready!
<7>[  312.568235] c0 1048 (dji_hdvt_gnd) bridge: start_xmit info: lmi42 xmit skb ce308e40 CP busy!
<7>[  312.622559] c0 1186 (logcat) bridge: start_xmit info: lmi42 xmit skb ce308e40 CP ready!
<7>[  315.627129] c0 1048 (dji_hdvt_gnd) bridge: start_xmit info: lmi42 xmit skb ce352e40 CP busy!
<7>[  315.650936] c0 13059 (grep) bridge: start_xmit info: lmi42 xmit skb ce352e40 CP ready!
<7>[  321.647079] c3 1048 (dji_hdvt_gnd) bridge: start_xmit info: lmi42 xmit skb ce21f780 CP busy!
<7>[  321.707391] c0 0 (swapper/0) bridge: start_xmit info: lmi42 xmit skb ce21f780 CP ready!
<7>[  321.736092] c3 1128 (dji_hdvt_gnd) bridge: start_xmit info: lmi42 xmit skb ce21f000 CP busy!
<7>[  321.791858] c0 0 (swapper/0) bridge: start_xmit info: lmi42 xmit skb ce21f000 CP ready!
<7>[  327.572193] c0 1048 (dji_hdvt_gnd) bridge: start_xmit info: lmi42 xmit skb cebec180 CP busy!
<7>[  327.721698] c0 0 (swapper/0) bridge: start_xmit info: lmi42 xmit skb cebec180 CP ready!
<7>[  327.777079] c0 1048 (dji_hdvt_gnd) bridge: start_xmit info: lmi42 xmit skb ce319240 CP busy!
<7>[  328.496325] c0 0 (swapper/0) bridge: start_xmit info: lmi42 xmit skb ce319240 CP ready!
<7>[  328.668113] c2 1128 (dji_hdvt_gnd) bridge: start_xmit info: lmi42 xmit skb ceb89600 CP busy!
<7>[  328.715986] c0 1093 (monitor_task) bridge: start_xmit info: lmi42 xmit skb ceb89600 CP ready!
<7>[  329.868125] c1 1128 (dji_hdvt_gnd) bridge: start_xmit info: lmi42 xmit skb cea95900 CP busy!
<7>[  329.890718] c0 0 (swapper/0) bridge: start_xmit info: lmi42 xmit skb cea95900 CP ready!
<7>[  330.011108] c1 1057 (dji_hdvt_gnd) bridge: start_xmit info: lmi42 xmit skb caca16c0 CP busy!
<4>[  331.992981] c3 0 (swapper/3) ------------[ cut here ]------------
<4>[  331.993017] c3 0 (swapper/3) WARNING: at net/sched/sch_generic.c:255 dev_watchdog+0x13c/0x230()
<6>[  331.993033] c3 0 (swapper/3) NETDEV WATCHDOG: lmi42 (comip-modem): transmit queue 0 timed out
<4>[  331.993044] c3 0 (swapper/3) Modules linked in: galcore
<4>[  331.993079] c3 0 (swapper/3) CPU: 3 PID: 0 Comm: swapper/3 Not tainted 3.10.62 #1
<4>[  331.993118] c3 0 (swapper/3) [<c0013598>] (unwind_backtrace+0x0/0xe0) from [<c0011680>] (show_stack+0x10/0x14)
<4>[  331.993144] c3 0 (swapper/3) [<c0011680>] (show_stack+0x10/0x14) from [<c0068ef0>] (warn_slowpath_common+0x4c/0x6c)
<4>[  331.993170] c3 0 (swapper/3) [<c0068ef0>] (warn_slowpath_common+0x4c/0x6c) from [<c0068f90>] (warn_slowpath_fmt+0x2c/0x3c)
<4>[  331.993194] c3 0 (swapper/3) [<c0068f90>] (warn_slowpath_fmt+0x2c/0x3c) from [<c03626cc>] (dev_watchdog+0x13c/0x230)
<4>[  331.993221] c3 0 (swapper/3) [<c03626cc>] (dev_watchdog+0x13c/0x230) from [<c0076aa4>] (call_timer_fn+0x80/0x198)
<4>[  331.993246] c3 0 (swapper/3) [<c0076aa4>] (call_timer_fn+0x80/0x198) from [<c00770a8>] (run_timer_softirq+0x1f8/0x270)
<4>[  331.993270] c3 0 (swapper/3) [<c00770a8>] (run_timer_softirq+0x1f8/0x270) from [<c0070630>] (__do_softirq+0x148/0x304)
<4>[  331.993292] c3 0 (swapper/3) [<c0070630>] (__do_softirq+0x148/0x304) from [<c0070884>] (do_softirq+0x48/0x6c)
<4>[  331.993313] c3 0 (swapper/3) [<c0070884>] (do_softirq+0x48/0x6c) from [<c0070ba4>] (irq_exit+0x84/0xd8)
<4>[  331.993337] c3 0 (swapper/3) [<c0070ba4>] (irq_exit+0x84/0xd8) from [<c000e500>] (handle_IRQ+0x68/0x8c)
<4>[  331.993360] c3 0 (swapper/3) [<c000e500>] (handle_IRQ+0x68/0x8c) from [<c0008448>] (gic_handle_irq+0x3c/0x60)
<4>[  331.993382] c3 0 (swapper/3) [<c0008448>] (gic_handle_irq+0x3c/0x60) from [<c000d784>] (__irq_svc+0x44/0x78)
<4>[  331.993397] c3 0 (swapper/3) Exception stack(0xcf471f98 to 0xcf471fe0)
<4>[  331.993412] c3 0 (swapper/3) 1f80:                                                       00000003 00000000
<4>[  331.993431] c3 0 (swapper/3) 1fa0: 00000003 00000000 cf470000 00000015 c03cb818 c05f0f38 0640406a 410fc075
<4>[  331.993451] c3 0 (swapper/3) 1fc0: 00000000 00000000 00000000 cf471fe0 c001c064 c001c068 600f0013 ffffffff
<4>[  331.993474] c3 0 (swapper/3) [<c000d784>] (__irq_svc+0x44/0x78) from [<c001c068>] (comip_wfi_do+0x24/0x28)
<4>[  331.993497] c3 0 (swapper/3) [<c001c068>] (comip_wfi_do+0x24/0x28) from [<c000e8b8>] (arch_cpu_idle+0x18/0x30)
<4>[  331.993523] c3 0 (swapper/3) [<c000e8b8>] (arch_cpu_idle+0x18/0x30) from [<c00a8650>] (cpu_startup_entry+0x174/0x230)
<4>[  331.993546] c3 0 (swapper/3) [<c00a8650>] (cpu_startup_entry+0x174/0x230) from [<067b82a4>] (0x67b82a4)
<4>[  331.993562] c3 0 (swapper/3) ---[ end trace a5daf247aff22089 ]---
<7>[  331.993576] c3 0 (swapper/3) bridge: bridge net tx still busy
<7>[  333.992989] c3 0 (swapper/3) bridge: bridge net tx still busy
<7>[  335.992997] c3 0 (swapper/3) bridge: bridge net tx still busy
<7>[  336.806459] c0 0 (swapper/0) bridge: start_xmit info: lmi42 xmit skb caca16c0 CP ready!
<7>[  336.864296] c0 1048 (dji_hdvt_gnd) bridge: start_xmit info: lmi42 xmit skb ce712a80 CP busy!
<7>[  336.876879] c0 0 (swapper/0) bridge: start_xmit info: lmi42 xmit skb ce712a80 CP ready!
<7>[  337.358617] c0 1057 (dji_hdvt_gnd) bridge: start_xmit info: lmi42 xmit skb ceb86d80 CP busy!
<7>[  337.482491] c0 0 (swapper/0) bridge: start_xmit info: lmi42 xmit skb ceb86d80 CP ready!
<7>[  337.602077] c0 1048 (dji_hdvt_gnd) bridge: start_xmit info: lmi42 xmit skb cebc3840 CP busy!
<7>[  337.623348] c0 0 (swapper/0) bridge: start_xmit info: lmi42 xmit skb cebc3840 CP ready!
<7>[  339.602342] c0 1048 (dji_hdvt_gnd) bridge: start_xmit info: lmi42 xmit skb ce37c300 CP busy!
<7>[  339.693865] c0 0 (swapper/0) bridge: start_xmit info: lmi42 xmit skb ce37c300 CP ready!
<7>[  340.134291] c0 1048 (dji_hdvt_gnd) bridge: start_xmit info: lmi42 xmit skb cacb8300 CP busy!
<7>[  340.313694] c0 0 (swapper/0) bridge: start_xmit info: lmi42 xmit skb cacb8300 CP ready!
<7>[  347.693676] c0 1048 (dji_hdvt_gnd) bridge: start_xmit info: lmi42 xmit skb cacbc9c0 CP busy!
<7>[  347.708333] c0 0 (swapper/0) bridge: start_xmit info: lmi42 xmit skb cacbc9c0 CP ready!
<7>[  347.713296] c0 1048 (dji_hdvt_gnd) bridge: start_xmit info: lmi42 xmit skb cacbcf00 CP busy!
<7>[  348.271695] c0 0 (swapper/0) bridge: start_xmit info: lmi42 xmit skb cacbcf00 CP ready!
<7>[  348.329203] c0 1057 (dji_hdvt_gnd) bridge: start_xmit info: lmi42 xmit skb cebc39c0 CP busy!
<7>[  348.398356] c0 0 (swapper/0) bridge: start_xmit info: lmi42 xmit skb cebc39c0 CP ready!
<7>[  348.707156] c1 1048 (dji_hdvt_gnd) bridge: start_xmit info: lmi42 xmit skb ce2da480 CP busy!
<7>[  348.806935] c0 0 (swapper/0) bridge: start_xmit info: lmi42 xmit skb ce2da480 CP ready!
<7>[  348.822644] c1 1048 (dji_hdvt_gnd) bridge: start_xmit info: lmi42 xmit skb ce2daa80 CP busy!
<7>[  348.933190] c0 0 (swapper/0) bridge: start_xmit info: lmi42 xmit skb ce2daa80 CP ready!
<7>[  348.993565] c0 1048 (dji_hdvt_gnd) bridge: start_xmit info: lmi42 xmit skb cf5e6a80 CP busy!
<7>[  349.637887] c0 0 (swapper/0) bridge: start_xmit info: lmi42 xmit skb cf5e6a80 CP ready!
<7>[  349.709400] c0 1057 (dji_hdvt_gnd) bridge: start_xmit info: lmi42 xmit skb ce563480 CP busy!
<7>[  349.821009] c0 0 (swapper/0) bridge: start_xmit info: lmi42 xmit skb ce563480 CP ready!
<7>[  351.102110] c1 1057 (dji_hdvt_gnd) bridge: start_xmit info: lmi42 xmit skb caccb780 CP busy!
<7>[  351.637922] c0 0 (swapper/0) bridge: start_xmit info: lmi42 xmit skb caccb780 CP ready!
<7>[  352.103957] c0 1048 (dji_hdvt_gnd) bridge: start_xmit info: lmi42 xmit skb ceb1fb40 CP busy!
<7>[  352.483048] c0 0 (swapper/0) bridge: start_xmit info: lmi42 xmit skb ceb1fb40 CP ready!
<7>[  352.497022] c0 1048 (dji_hdvt_gnd) bridge: start_xmit info: lmi42 xmit skb ceaac540 CP busy!
<7>[  352.623971] c0 0 (swapper/0) bridge: start_xmit info: lmi42 xmit skb ceaac540 CP ready!
<7>[  352.627953] c0 1048 (dji_hdvt_gnd) bridge: start_xmit info: lmi42 xmit skb ceaac540 CP busy!
<7>[  352.891558] c0 0 (swapper/0) bridge: start_xmit info: lmi42 xmit skb ceaac540 CP ready!
<7>[  352.958509] c2 1048 (dji_hdvt_gnd) bridge: start_xmit info: lmi42 xmit skb ce3133c0 CP busy!
<7>[  353.004303] c0 0 (swapper/0) bridge: start_xmit info: lmi42 xmit skb ce3133c0 CP ready!
<7>[  353.153065] c2 14524 (ps) bridge: start_xmit info: lmi42 xmit skb caca83b0 CP busy!
<7>[  353.609847] c0 0 (swapper/0) bridge: start_xmit info: lmi42 xmit skb caca83b0 CP ready!
<7>[  353.860207] c2 1057 (dji_hdvt_gnd) bridge: start_xmit info: lmi42 xmit skb ceba5540 CP busy!
<7>[  354.074763] c0 0 (swapper/0) bridge: start_xmit info: lmi42 xmit skb ceba5540 CP ready!
<7>[  354.364121] c0 1057 (dji_hdvt_gnd) bridge: start_xmit info: lmi42 xmit skb ce308d80 CP busy!
<7>[  354.595897] c0 0 (swapper/0) bridge: start_xmit info: lmi42 xmit skb ce308d80 CP ready!
<7>[  354.661229] c3 1048 (dji_hdvt_gnd) bridge: start_xmit info: lmi42 xmit skb ce55c840 CP busy!
<7>[  354.905689] c0 0 (swapper/0) bridge: start_xmit info: lmi42 xmit skb ce55c840 CP ready!
<7>[  355.094182] c0 1048 (dji_hdvt_gnd) bridge: start_xmit info: lmi42 xmit skb ce2ec180 CP busy!
<7>[  355.102885] c0 0 (swapper/0) bridge: start_xmit info: lmi42 xmit skb ce2ec180 CP ready!
<7>[  356.850477] c0 1057 (dji_hdvt_gnd) bridge: start_xmit info: lmi42 xmit skb ce5643c0 CP busy!
<7>[  357.992979] c3 0 (swapper/3) bridge: bridge net tx still busy
<7>[  359.992995] c3 14806 (modem_info.sh) bridge: bridge net tx still busy
<7>[  361.992983] c3 0 (swapper/3) bridge: bridge net tx still busy
<7>[  363.993001] c3 0 (swapper/3) bridge: bridge net tx still busy
<7>[  365.992980] c3 0 (swapper/3) bridge: bridge net tx still busy
<7>[  366.046944] c0 0 (swapper/0) bridge: start_xmit info: lmi42 xmit skb ce5643c0 CP ready!
<7>[  366.047372] c0 3 (ksoftirqd/0) bridge: start_xmit info: lmi42 xmit skb ce37b6c0 CP busy!
<7>[  366.356955] c0 0 (swapper/0) bridge: start_xmit info: lmi42 xmit skb ce37b6c0 CP ready!
<7>[  366.394159] c1 1057 (dji_hdvt_gnd) bridge: start_xmit info: lmi42 xmit skb ce2eca80 CP busy!
<7>[  366.694835] c0 15067 (modem_info.sh) bridge: start_xmit info: lmi42 xmit skb ce2eca80 CP ready!
<7>[  368.129496] c0 1057 (dji_hdvt_gnd) bridge: start_xmit info: lmi42 xmit skb ce27f0c0 CP busy!
<7>[  368.258324] c0 36 (kworker/0:1) bridge: start_xmit info: lmi42 xmit skb ce27f0c0 CP ready!
<7>[  369.399842] c2 1057 (dji_hdvt_gnd) bridge: start_xmit info: lmi42 xmit skb cebc5540 CP busy!
<7>[  369.811974] c0 0 (swapper/0) Warnning: timer1 int-excep
<7>[  370.018890] c0 0 (swapper/0) bridge: start_xmit info: lmi42 xmit skb cebc5540 CP ready!
<7>[  370.062232] c0 1057 (dji_hdvt_gnd) bridge: start_xmit info: lmi42 xmit skb caca1780 CP busy!
<7>[  370.328885] c0 0 (swapper/0) bridge: start_xmit info: lmi42 xmit skb caca1780 CP ready!
<7>[  370.857428] c2 1057 (dji_hdvt_gnd) bridge: start_xmit info: lmi42 xmit skb ce210d80 CP busy!
<7>[  370.892136] c0 0 (swapper/0) bridge: start_xmit info: lmi42 xmit skb ce210d80 CP ready!
<7>[  372.996510] c0 1057 (dji_hdvt_gnd) bridge: start_xmit info: lmi42 xmit skb ce223840 CP busy!
<7>[  373.075448] c0 235 (Thread_Monitor_) bridge: start_xmit info: lmi42 xmit skb ce223840 CP ready!
<7>[  373.114199] c0 1057 (dji_hdvt_gnd) bridge: start_xmit info: lmi42 xmit skb ceaacd80 CP busy!
<7>[  375.992987] c3 0 (swapper/3) bridge: bridge net tx still busy
<7>[  377.992985] c3 0 (swapper/3) bridge: bridge net tx still busy
<7>[  379.992988] c3 1055 (hg_wl_chn_recei) bridge: bridge net tx still busy
<7>[  381.992985] c3 0 (swapper/3) bridge: bridge net tx still busy
<7>[  383.992987] c3 0 (swapper/3) bridge: bridge net tx still busy
<7>[  385.992988] c3 0 (swapper/3) bridge: bridge net tx still busy
<7>[  387.992987] c3 0 (swapper/3) bridge: bridge net tx still busy
<7>[  389.992984] c3 0 (swapper/3) bridge: bridge net tx still busy
<7>[  391.992991] c3 1055 (hg_wl_chn_recei) bridge: bridge net tx still busy
<7>[  393.992982] c3 0 (swapper/3) bridge: bridge net tx still busy
<7>[  395.992999] c3 16247 (grep) bridge: bridge net tx still busy
<7>[  397.992981] c3 0 (swapper/3) bridge: bridge net tx still busy
<7>[  399.992980] c3 0 (swapper/3) bridge: bridge net tx still busy
<7>[  401.992996] c3 0 (swapper/3) bridge: bridge net tx still busy
<7>[  403.992985] c3 0 (swapper/3) bridge: bridge net tx still busy
<7>[  405.992984] c3 0 (swapper/3) bridge: bridge net tx still busy
<7>[  407.992984] c3 0 (swapper/3) bridge: bridge net tx still busy
<7>[  409.992983] c3 0 (swapper/3) bridge: bridge net tx still busy
<7>[  411.992989] c3 0 (swapper/3) bridge: bridge net tx still busy
<7>[  413.992984] c3 0 (swapper/3) bridge: bridge net tx still busy
<7>[  415.992984] c3 0 (swapper/3) bridge: bridge net tx still busy
<7>[  417.992981] c3 0 (swapper/3) bridge: bridge net tx still busy
<7>[  418.245940] c0 0 (swapper/0) bridge: start_xmit info: lmi42 xmit skb ceaacd80 CP ready!
<7>[  418.248383] c3 75 (kworker/u10:3) bridge: lmi42 pkt No space!
<7>[  418.248400] c3 75 (kworker/u10:3) bridge: lmi42 buf put ret:fffffff4 rcvoffset:7 sndoffset:6
<7>[  418.259388] c0 1057 (dji_hdvt_gnd) bridge: start_xmit info: lmi42 xmit skb ceb1f180 CP busy!
<7>[  418.415470] c0 17126 (sh) bridge: start_xmit info: lmi42 xmit skb ceb1f180 CP ready!
<7>[  418.829442] c0 1057 (dji_hdvt_gnd) bridge: start_xmit info: lmi42 xmit skb ce560840 CP busy!
<7>[  419.175572] c0 0 (swapper/0) bridge: start_xmit info: lmi42 xmit skb ce560840 CP ready!
<7>[  419.218328] c0 1057 (dji_hdvt_gnd) bridge: start_xmit info: lmi42 xmit skb cebec3c0 CP busy!
<7>[  419.865797] c0 0 (swapper/0) bridge: start_xmit info: lmi42 xmit skb cebec3c0 CP ready!
<7>[  420.120409] c0 1048 (dji_hdvt_gnd) bridge: start_xmit info: lmi42 xmit skb caca2f00 CP busy!
<7>[  420.215986] c0 1093 (monitor_task) bridge: start_xmit info: lmi42 xmit skb caca2f00 CP ready!
<7>[  421.156257] c2 1048 (dji_hdvt_gnd) bridge: start_xmit info: lmi42 xmit skb cacaac00 CP busy!
<7>[  421.485507] c0 0 (swapper/0) bridge: start_xmit info: lmi42 xmit skb cacaac00 CP ready!
<7>[  421.528496] c0 1048 (dji_hdvt_gnd) bridge: start_xmit info: lmi42 xmit skb caca1cc0 CP busy!
<7>[  421.795416] c0 0 (swapper/0) bridge: start_xmit info: lmi42 xmit skb caca1cc0 CP ready!
<7>[  422.386819] c0 1048 (dji_hdvt_gnd) bridge: start_xmit info: lmi42 xmit skb ce37cf00 CP busy!
<7>[  422.612318] c0 68 (mmcqd/0) bridge: start_xmit info: lmi42 xmit skb ce37cf00 CP ready!
<7>[  422.720255] c0 1048 (dji_hdvt_gnd) bridge: start_xmit info: lmi42 xmit skb ce3fd3c0 CP busy!
<7>[  423.077166] c0 1064 (MB_WL_Receiver) bridge: start_xmit info: lmi42 xmit skb ce3fd3c0 CP ready!
<7>[  424.212490] c0 1048 (dji_hdvt_gnd) bridge: start_xmit info: lmi42 xmit skb ce278b40 CP busy!
<7>[  424.274304] c0 68 (mmcqd/0) bridge: start_xmit info: lmi42 xmit skb ce278b40 CP ready!
<7>[  424.277091] c1 1048 (dji_hdvt_gnd) bridge: start_xmit info: lmi42 xmit skb cf5e6a80 CP busy!
<7>[  424.401040] c0 0 (swapper/0) bridge: start_xmit info: lmi42 xmit skb cf5e6a80 CP ready!
<7>[  424.987312] c3 1057 (dji_hdvt_gnd) bridge: start_xmit info: lmi42 xmit skb cebd5cc0 CP busy!
<7>[  425.063226] c0 0 (swapper/0) bridge: start_xmit info: lmi42 xmit skb cebd5cc0 CP ready!
<7>[  425.159110] c0 1048 (dji_hdvt_gnd) bridge: start_xmit info: lmi42 xmit skb cf5e6000 CP busy!
<7>[  425.176134] c0 1064 (MB_WL_Receiver) bridge: start_xmit info: lmi42 xmit skb cf5e6000 CP ready!
<7>[  425.414288] c1 1048 (dji_hdvt_gnd) bridge: start_xmit info: lmi42 xmit skb ce35b240 CP busy!
<7>[  425.513940] c0 0 (swapper/0) bridge: start_xmit info: lmi42 xmit skb ce35b240 CP ready!
<7>[  425.515773] c1 1057 (dji_hdvt_gnd) bridge: start_xmit info: lmi42 xmit skb ce35bcc0 CP busy!
<7>[  425.682870] c0 0 (swapper/0) bridge: start_xmit info: lmi42 xmit skb ce35bcc0 CP ready!
<7>[  425.728773] c0 1048 (dji_hdvt_gnd) bridge: start_xmit info: lmi42 xmit skb ce34af00 CP busy!
<7>[  425.851907] c0 0 (swapper/0) bridge: start_xmit info: lmi42 xmit skb ce34af00 CP ready!
<7>[  425.856140] c0 1057 (dji_hdvt_gnd) bridge: start_xmit info: lmi42 xmit skb ce34a0c0 CP busy!
<7>[  426.006906] c0 68 (mmcqd/0) bridge: start_xmit info: lmi42 xmit skb ce34a0c0 CP ready!
<7>[  430.928266] c0 1048 (dji_hdvt_gnd) bridge: start_xmit info: lmi42 xmit skb cacc36c0 CP busy!
<7>[  430.993030] c0 3 (ksoftirqd/0) bridge: start_xmit info: lmi42 xmit skb cacc36c0 CP ready!
<7>[  434.044402] c0 1048 (dji_hdvt_gnd) bridge: start_xmit info: lmi42 xmit skb cacfd0c0 CP busy!
<7>[  434.260657] c0 0 (swapper/0) bridge: start_xmit info: lmi42 xmit skb cacfd0c0 CP ready!
<7>[  439.540693] c2 1048 (dji_hdvt_gnd) bridge: start_xmit info: lmi42 xmit skb cf5e5f00 CP busy!
<7>[  439.598871] c0 0 (swapper/0) bridge: start_xmit info: lmi42 xmit skb cf5e5f00 CP ready!
<7>[  445.650508] c0 1057 (dji_hdvt_gnd) bridge: start_xmit info: lmi42 xmit skb ce356300 CP busy!
<7>[  445.866651] c0 68 (mmcqd/0) bridge: start_xmit info: lmi42 xmit skb ce356300 CP ready!
<7>[  446.053206] c1 1048 (dji_hdvt_gnd) bridge: start_xmit info: lmi42 xmit skb cacc3480 CP busy!
<7>[  446.078019] c0 18228 (grep) bridge: start_xmit info: lmi42 xmit skb cacc3480 CP ready!
<7>[  446.148808] c3 1057 (dji_hdvt_gnd) bridge: start_xmit info: lmi42 xmit skb ce22d480 CP busy!
<7>[  446.246900] c0 0 (swapper/0) bridge: start_xmit info: lmi42 xmit skb ce22d480 CP ready!
<7>[  452.188230] c2 1057 (dji_hdvt_gnd) bridge: start_xmit info: lmi42 xmit skb cebc5480 CP busy!
<7>[  452.275383] c0 0 (swapper/0) bridge: start_xmit info: lmi42 xmit skb cebc5480 CP ready!
<7>[  452.350803] c0 1057 (dji_hdvt_gnd) bridge: start_xmit info: lmi42 xmit skb cacc3f00 CP busy!
<7>[  452.472589] c0 0 (swapper/0) bridge: start_xmit info: lmi42 xmit skb cacc3f00 CP ready!
<7>[  453.757427] c2 1057 (dji_hdvt_gnd) bridge: start_xmit info: lmi42 xmit skb ce7d3000 CP busy!
<7>[  453.867031] c0 68 (mmcqd/0) bridge: start_xmit info: lmi42 xmit skb ce7d3000 CP ready!
<7>[  455.888023] c0 1048 (dji_hdvt_gnd) bridge: start_xmit info: lmi42 xmit skb caca33c0 CP busy!
<7>[  456.050056] c0 0 (swapper/0) bridge: start_xmit info: lmi42 xmit skb caca33c0 CP ready!
<7>[  463.680161] c0 1057 (dji_hdvt_gnd) bridge: start_xmit info: lmi42 xmit skb cacf5480 CP busy!
<7>[  465.992983] c3 0 (swapper/3) bridge: bridge net tx still busy
<7>[  467.992988] c3 0 (swapper/3) bridge: bridge net tx still busy
<7>[  469.613894] c0 19151 (ps) bridge: start_xmit info: lmi42 xmit skb cacf5480 CP ready!
<7>[  469.614433] c0 3 (ksoftirqd/0) bridge: start_xmit info: lmi42 xmit skb cad20300 CP busy!
<7>[  471.205593] c0 1307 (4210_recv_threa) bridge: start_xmit info: lmi42 xmit skb cad20300 CP ready!
<7>[  471.216268] c3 1057 (dji_hdvt_gnd) bridge: start_xmit info: lmi42 xmit skb cebc5840 CP busy!
<7>[  473.992984] c3 0 (swapper/3) bridge: bridge net tx still busy
<7>[  475.992986] c3 0 (swapper/3) bridge: bridge net tx still busy
<7>[  477.992985] c3 0 (swapper/3) bridge: bridge net tx still busy
<7>[  479.992992] c3 0 (swapper/3) bridge: bridge net tx still busy
<7>[  481.992984] c3 1055 (hg_wl_chn_recei) bridge: bridge net tx still busy
<7>[  483.992990] c3 0 (swapper/3) bridge: bridge net tx still busy
<7>[  485.992990] c3 0 (swapper/3) bridge: bridge net tx still busy
<7>[  486.896342] c0 252 (logcat) bridge: start_xmit info: lmi42 xmit skb cebc5840 CP ready!
<7>[  486.897010] c0 252 (logcat) bridge: start_xmit info: lmi42 xmit skb caca1480 CP busy!
<7>[  487.065405] c0 19849 (sh) bridge: start_xmit info: lmi42 xmit skb caca1480 CP ready!
<7>[  487.065843] c0 1070 (MB_Socket_Recei) bridge: start_xmit info: lmi42 xmit skb cad23000 CP busy!
<7>[  487.403311] c0 0 (swapper/0) bridge: start_xmit info: lmi42 xmit skb cad23000 CP ready!
<7>[  487.509202] c3 1048 (dji_hdvt_gnd) bridge: start_xmit info: lmi42 xmit skb ceb89480 CP busy!
<7>[  487.572329] c0 0 (swapper/0) bridge: start_xmit info: lmi42 xmit skb ceb89480 CP ready!
<7>[  489.027247] c3 1057 (dji_hdvt_gnd) bridge: start_xmit info: lmi42 xmit skb ce376e40 CP busy!
<7>[  490.487909] c0 0 (swapper/0) bridge: start_xmit info: lmi42 xmit skb ce376e40 CP ready!
<7>[  490.520363] c2 1057 (dji_hdvt_gnd) bridge: start_xmit info: lmi42 xmit skb cad42600 CP busy!
<7>[  493.992997] c3 0 (swapper/3) bridge: bridge net tx still busy
<7>[  495.992990] c3 0 (swapper/3) bridge: bridge net tx still busy
<7>[  497.992982] c3 0 (swapper/3) bridge: bridge net tx still busy
<7>[  499.992986] c3 0 (swapper/3) bridge: bridge net tx still busy
<7>[  501.992989] c3 0 (swapper/3) bridge: bridge net tx still busy
<7>[  503.992985] c3 0 (swapper/3) bridge: bridge net tx still busy
<7>[  505.992985] c3 0 (swapper/3) bridge: bridge net tx still busy
<7>[  507.992980] c3 0 (swapper/3) bridge: bridge net tx still busy
<7>[  509.992985] c3 0 (swapper/3) bridge: bridge net tx still busy
<7>[  511.992985] c3 0 (swapper/3) bridge: bridge net tx still busy
<7>[  513.992986] c3 0 (swapper/3) bridge: bridge net tx still busy
<7>[  515.992985] c3 0 (swapper/3) bridge: bridge net tx still busy
<7>[  517.992980] c3 0 (swapper/3) bridge: bridge net tx still busy
<7>[  519.992986] c3 0 (swapper/3) bridge: bridge net tx still busy
<7>[  521.992982] c3 0 (swapper/3) bridge: bridge net tx still busy
<7>[  523.992982] c3 0 (swapper/3) bridge: bridge net tx still busy
<7>[  525.992985] c3 0 (swapper/3) bridge: bridge net tx still busy
<7>[  527.992981] c3 0 (swapper/3) bridge: bridge net tx still busy
<7>[  529.992982] c3 0 (swapper/3) bridge: bridge net tx still busy
<7>[  531.992986] c3 0 (swapper/3) bridge: bridge net tx still busy
<7>[  533.992986] c3 0 (swapper/3) bridge: bridge net tx still busy
<7>[  535.992982] c3 0 (swapper/3) bridge: bridge net tx still busy
<7>[  537.992999] c3 1034 (Thread_Monitor_) bridge: bridge net tx still busy
<7>[  538.715012] c1 75 (kworker/u10:3) key 263 reported
<7>[  539.992985] c3 0 (swapper/3) bridge: bridge net tx still busy
<7>[  541.992983] c3 0 (swapper/3) bridge: bridge net tx still busy
<7>[  543.992979] c3 0 (swapper/3) bridge: bridge net tx still busy
<7>[  545.992982] c3 0 (swapper/3) bridge: bridge net tx still busy
<7>[  547.992984] c3 0 (swapper/3) bridge: bridge net tx still busy
<7>[  549.992982] c3 0 (swapper/3) bridge: bridge net tx still busy
<7>[  551.992982] c3 0 (swapper/3) bridge: bridge net tx still busy
<7>[  553.992982] c3 0 (swapper/3) bridge: bridge net tx still busy
<7>[  555.992997] c3 0 (swapper/3) bridge: bridge net tx still busy
<7>[  557.992983] c3 0 (swapper/3) bridge: bridge net tx still busy
<7>[  559.992982] c3 0 (swapper/3) bridge: bridge net tx still busy
<7>[  561.992987] c3 0 (swapper/3) bridge: bridge net tx still busy
<7>[  563.993003] c3 22920 (grep) bridge: bridge net tx still busy
<7>[  565.992985] c3 0 (swapper/3) bridge: bridge net tx still busy
<7>[  567.992996] c3 0 (swapper/3) bridge: bridge net tx still busy
<7>[  569.992986] c3 0 (swapper/3) bridge: bridge net tx still busy
<7>[  571.992983] c3 0 (swapper/3) bridge: bridge net tx still busy
<7>[  573.124714] c0 0 (swapper/0) bridge: start_xmit info: lmi42 xmit skb cad42600 CP ready!
<7>[  573.128699] c2 75 (kworker/u10:3) bridge: lmi42 pkt No space!
<7>[  573.128720] c2 75 (kworker/u10:3) bridge: lmi42 buf put ret:fffffff4 rcvoffset:40 sndoffset:3f
<7>[  573.129101] c2 1057 (dji_hdvt_gnd) bridge: start_xmit info: lmi42 xmit skb ce20af00 CP busy!
<7>[  573.134787] c2 75 (kworker/u10:3) bridge: lmi42 pkt No space!
<7>[  573.134811] c2 75 (kworker/u10:3) bridge: lmi42 buf put ret:fffffff4 rcvoffset:8a sndoffset:89
<7>[  573.140662] c2 75 (kworker/u10:3) bridge: lmi42 pkt No space!
<7>[  573.140683] c2 75 (kworker/u10:3) bridge: lmi42 buf put ret:fffffff4 rcvoffset:e sndoffset:d
<7>[  573.997884] c0 0 (swapper/0) bridge: start_xmit info: lmi42 xmit skb ce20af00 CP ready!
<7>[  573.998373] c0 1082 (push_key_to_app) bridge: start_xmit info: lmi42 xmit skb cad49c00 CP busy!
<7>[  574.321869] c0 252 (logcat) bridge: start_xmit info: lmi42 xmit skb cad49c00 CP ready!
<7>[  574.339940] c0 1048 (dji_hdvt_gnd) bridge: start_xmit info: lmi42 xmit skb cacf3540 CP busy!
<7>[  574.533175] c0 23336 (ps) bridge: start_xmit info: lmi42 xmit skb cacf3540 CP ready!
<7>[  575.040213] c2 1057 (dji_hdvt_gnd) bridge: start_xmit info: lmi42 xmit skb ce35bc00 CP busy!
<7>[  575.137124] c0 0 (swapper/0) bridge: start_xmit info: lmi42 xmit skb ce35bc00 CP ready!
<7>[  575.143739] c0 1048 (dji_hdvt_gnd) bridge: start_xmit info: lmi42 xmit skb cacf8f00 CP busy!
<7>[  575.476852] c0 0 (swapper/0) bridge: start_xmit info: lmi42 xmit skb cacf8f00 CP ready!
<7>[  575.574236] c1 1048 (dji_hdvt_gnd) bridge: start_xmit info: lmi42 xmit skb ce5613c0 CP busy!
<7>[  575.589470] c0 0 (swapper/0) bridge: start_xmit info: lmi42 xmit skb ce5613c0 CP ready!
<7>[  575.748507] c2 1057 (dji_hdvt_gnd) bridge: start_xmit info: lmi42 xmit skb ce731900 CP busy!
<7>[  575.772560] c0 0 (swapper/0) bridge: start_xmit info: lmi42 xmit skb ce731900 CP ready!
<7>[  579.413309] c2 1048 (dji_hdvt_gnd) bridge: start_xmit info: lmi42 xmit skb cacca240 CP busy!
<7>[  579.515992] c0 0 (swapper/0) bridge: start_xmit info: lmi42 xmit skb cacca240 CP ready!
<7>[  579.576333] c0 1048 (dji_hdvt_gnd) bridge: start_xmit info: lmi42 xmit skb ce36d600 CP busy!
<7>[  579.674125] c0 1104 (iap2_task) bridge: start_xmit info: lmi42 xmit skb ce36d600 CP ready!
<7>[  579.678398] c0 1048 (dji_hdvt_gnd) bridge: start_xmit info: lmi42 xmit skb ce36dc00 CP busy!
<7>[  579.786904] c0 0 (swapper/0) bridge: start_xmit info: lmi42 xmit skb ce36dc00 CP ready!
<7>[  579.839199] c0 1048 (dji_hdvt_gnd) bridge: start_xmit info: lmi42 xmit skb cf5e5300 CP busy!
<7>[  579.885461] c0 0 (swapper/0) bridge: start_xmit info: lmi42 xmit skb cf5e5300 CP ready!
<7>[  579.977318] c0 1048 (dji_hdvt_gnd) bridge: start_xmit info: lmi42 xmit skb cad04540 CP busy!
<7>[  580.293859] c0 0 (swapper/0) bridge: start_xmit info: lmi42 xmit skb cad04540 CP ready!
<7>[  580.347071] c0 1048 (dji_hdvt_gnd) bridge: start_xmit info: lmi42 xmit skb cad04540 CP busy!
<7>[  580.390563] c0 0 (swapper/0) bridge: start_xmit info: lmi42 xmit skb cad04540 CP ready!
<7>[  581.807594] c2 1048 (dji_hdvt_gnd) bridge: start_xmit info: lmi42 xmit skb ceba5d80 CP busy!
<7>[  581.829120] c0 0 (swapper/0) bridge: start_xmit info: lmi42 xmit skb ceba5d80 CP ready!
<7>[  581.847222] c0 1048 (dji_hdvt_gnd) bridge: start_xmit info: lmi42 xmit skb ce775900 CP busy!
<7>[  581.885486] c0 252 (logcat) bridge: start_xmit info: lmi42 xmit skb ce775900 CP ready!
<7>[  582.007219] c0 1048 (dji_hdvt_gnd) bridge: start_xmit info: lmi42 xmit skb cacf3e40 CP busy!
<7>[  582.181288] c0 252 (logcat) bridge: start_xmit info: lmi42 xmit skb cacf3e40 CP ready!
<7>[  582.208190] c0 1048 (dji_hdvt_gnd) bridge: start_xmit info: lmi42 xmit skb ce358b40 CP busy!
<7>[  582.293889] c0 0 (swapper/0) bridge: start_xmit info: lmi42 xmit skb ce358b40 CP ready!
<7>[  582.348133] c0 1048 (dji_hdvt_gnd) bridge: start_xmit info: lmi42 xmit skb ce358cc0 CP busy!
<7>[  582.378386] c0 0 (swapper/0) bridge: start_xmit info: lmi42 xmit skb ce358cc0 CP ready!
<7>[  582.574317] c1 1048 (dji_hdvt_gnd) bridge: start_xmit info: lmi42 xmit skb ce2e13c0 CP busy!
<7>[  582.632065] c0 3 (ksoftirqd/0) bridge: start_xmit info: lmi42 xmit skb ce2e13c0 CP ready!
<7>[  582.639363] c3 1048 (dji_hdvt_gnd) bridge: start_xmit info: lmi42 xmit skb ce2e13c0 CP busy!
<7>[  582.688447] c0 0 (swapper/0) bridge: start_xmit info: lmi42 xmit skb ce2e13c0 CP ready!
<7>[  582.710186] c3 1048 (dji_hdvt_gnd) bridge: start_xmit info: lmi42 xmit skb ce2df240 CP busy!
<7>[  582.772814] c0 0 (swapper/0) bridge: start_xmit info: lmi42 xmit skb ce2df240 CP ready!
<7>[  582.782123] c0 1048 (dji_hdvt_gnd) bridge: start_xmit info: lmi42 xmit skb cac94300 CP busy!
<7>[  582.857372] c0 0 (swapper/0) bridge: start_xmit info: lmi42 xmit skb cac94300 CP ready!
<7>[  587.876472] c0 1048 (dji_hdvt_gnd) bridge: start_xmit info: lmi42 xmit skb cacf3b40 CP busy!
<7>[  587.998414] c0 0 (swapper/0) bridge: start_xmit info: lmi42 xmit skb cacf3b40 CP ready!
<7>[  588.015166] c3 1048 (dji_hdvt_gnd) bridge: start_xmit info: lmi42 xmit skb ce36d780 CP busy!
<7>[  588.068939] c0 1307 (4210_recv_threa) bridge: start_xmit info: lmi42 xmit skb ce36d780 CP ready!
<7>[  589.308479] c0 1057 (dji_hdvt_gnd) bridge: start_xmit info: lmi42 xmit skb ce341c00 CP busy!
<7>[  590.294300] c0 0 (swapper/0) bridge: start_xmit info: lmi42 xmit skb ce341c00 CP ready!
<7>[  591.410273] c0 1048 (dji_hdvt_gnd) bridge: start_xmit info: lmi42 xmit skb ce706480 CP busy!
<7>[  591.575904] c0 0 (swapper/0) bridge: start_xmit info: lmi42 xmit skb ce706480 CP ready!
<7>[  600.066120] c0 1048 (dji_hdvt_gnd) bridge: start_xmit info: lmi42 xmit skb ceb85a80 CP busy!
<7>[  600.167986] c0 0 (swapper/0) bridge: start_xmit info: lmi42 xmit skb ceb85a80 CP ready!
<7>[  609.069101] c0 1048 (dji_hdvt_gnd) bridge: start_xmit info: lmi42 xmit skb ce3746c0 CP busy!
<7>[  609.154050] c0 0 (swapper/0) bridge: start_xmit info: lmi42 xmit skb ce3746c0 CP ready!
<7>[  612.064009] c0 1048 (dji_hdvt_gnd) bridge: start_xmit info: lmi42 xmit skb ce2c0840 CP busy!
<7>[  612.154173] c0 0 (swapper/0) bridge: start_xmit info: lmi42 xmit skb ce2c0840 CP ready!
<7>[  613.007037] c0 24602 (kworker/u10:0) key 263 reported
<7>[  738.648526] c3 29765 (WL tcp connect ) bridge: start_xmit info: lmi42 xmit skb ce2486b0 CP busy!
<7>[  741.992984] c3 0 (swapper/3) bridge: bridge net tx still busy
<7>[  742.747707] c0 29998 (ps) bridge: start_xmit info: lmi42 xmit skb ce2486b0 CP ready!


!!!New kernel log start!!!

<6>[    0.000000] c0 0 (swapper) Booting Linux on physical CPU 0x100
<6>[    0.000000] c0 0 (swapper) Initializing cgroup subsys cpu
<6>[    0.000000] c0 0 (swapper) Initializing cgroup subsys cpuacct
<5>[    0.000000] c0 0 (swapper) Linux version 3.10.62 (jenkins@APServer01) (gcc version 4.7 (GCC) ) #1 SMP PREEMPT Wed Jun 13 22:38:10 CST 2018
<4>[    0.000000] c0 0 (swapper) CPU: ARMv7 Processor [410fc075] revision 5 (ARMv7), cr=10c5387d
<4>[    0.000000] c0 0 (swapper) CPU: PIPT / VIPT nonaliasing data cache, VIPT aliasing instruction cache
<4>[    0.000000] c0 0 (swapper) Machine: Leadcore Innopower
<4>[    0.000000] c0 0 (swapper) start comip_parse_tag_mem_ext.
<4>[    0.000000] c0 0 (swapper) Physical memory layout:
<4>[    0.000000] c0 0 (swapper)     DRAM Bank1  : 0x00000000 - 0x20000000  ( 512 MB)
<4>[    0.000000] c0 0 (swapper)     Modem       : 0x00000000 - 0x06400000  ( 100 MB)
<4>[    0.000000] c0 0 (swapper)     Kernel Bank1: 0x06400000 - 0x16800000  ( 260 MB)
<4>[    0.000000] c0 0 (swapper)     Framebuffer : 0x16800000 - 0x17800000  (  16 MB)
<4>[    0.000000] c0 0 (swapper)     ON2         : 0x17800000 - 0x1f800000  ( 128 MB)
<4>[    0.000000] c0 0 (swapper)     TrustZone   : 0x1f800000 - 0x20000000  (   8 MB)
<4>[    0.000000] c0 0 (swapper) Ignoring unrecognised tag 0x54410101
<7>[    0.000000] c0 0 (swapper) Boot mode: normal
<6>[    0.000000] c0 0 (swapper) Main VOUT: 7250/9000
<4>[    0.000000] c0 0 (swapper) Chip id: 0x442db66b, rom id: 0x1, bb id: 0x282e05
<4>[    0.000000] c0 0 (swapper) Ignoring unrecognised tag 0x54410105
<4>[    0.000000] c0 0 (swapper) Memory policy: ECC disabled, Data cache writealloc
<4>[    0.000000] c0 0 (swapper) ddr_pwr_pll_mclk rate:1066000000
<4>[    0.000000] c0 0 (swapper) pll0_out rate:988000000
<4>[    0.000000] c0 0 (swapper) pll1_out rate:1248000000
<4>[    0.000000] c0 0 (swapper) A7 rate: 988000000, gr:16
<7>[    0.000000] c0 0 (swapper) On node 0 totalpages: 66560
<7>[    0.000000] c0 0 (swapper) free_area_init_node: node 0, pgdat c05ecd00, node_mem_map c0956000
<7>[    0.000000] c0 0 (swapper)   Normal zone: 520 pages used for memmap
<7>[    0.000000] c0 0 (swapper)   Normal zone: 0 pages reserved
<7>[    0.000000] c0 0 (swapper)   Normal zone: 66560 pages, LIFO batch:15
<4>[    0.000000] c0 0 (swapper) mcpm_smp_init_cpus: cores number:5
<6>[    0.000000] c0 0 (swapper) cpu logical map 0x100
<6>[    0.000000] c0 0 (swapper) cpu logical map 0x101
<6>[    0.000000] c0 0 (swapper) cpu logical map 0x102
<6>[    0.000000] c0 0 (swapper) cpu logical map 0x103
<6>[    0.000000] c0 0 (swapper) cpu logical map 0x0
<6>[    0.000000] c0 0 (swapper) PERCPU: Embedded 9 pages/cpu @c0b64000 s12928 r8192 d15744 u36864
<7>[    0.000000] c0 0 (swapper) pcpu-alloc: s12928 r8192 d15744 u36864 alloc=9*4096
<7>[    0.000000] c0 0 (swapper) pcpu-alloc: [0] 0 [0] 1 [0] 2 [0] 3 [0] 4 
<4>[    0.000000] c0 0 (swapper) Built 1 zonelists in Zone order, mobility grouping on.  Total pages: 66040
<5>[    0.000000] c0 0 (swapper) Kernel command line: watchdog_thresh=3 console=ttyS3,921600 vmalloc=412M maxcpus=4 android firmware_class.path=/vendor/firmware isolcpus=4 initrd=0x07400000,1M lcpart=mmcblk0=gpt:0:2000:200,ddr:2000:2000:200,env:4000:2000:200,panic:6000:2000:200,amt:8000:20000:200,factory:28000:4000:200,factory_out:2c000:4000:200,recovery:30000:8000:200,normal:38000:8000:200,system:40000:40000:200,vendor:80000:20000:200,cache:a0000:80000:200,blackbox:120000:400000:200,userdata:520000:228000:200  chip_sn=6bb62d44 board_sn=08XUEC90060K1K production quiet board_id=0xe2200104
<6>[    0.000000] c0 0 (swapper) board_id = 0xe2200104
<6>[    0.000000] c0 0 (swapper) PID hash table entries: 2048 (order: 1, 8192 bytes)
<6>[    0.000000] c0 0 (swapper) Dentry cache hash table entries: 65536 (order: 6, 262144 bytes)
<6>[    0.000000] c0 0 (swapper) Inode-cache hash table entries: 32768 (order: 5, 131072 bytes)
<6>[    0.000000] c0 0 (swapper) allocated 532480 bytes of page_cgroup
<6>[    0.000000] c0 0 (swapper) please try 'cgroup_disable=memory' option if you don't want memory cgroups
<6>[    0.000000] c0 0 (swapper) Memory: 260MB = 260MB total
<5>[    0.000000] c0 0 (swapper) Memory: 252448k/252448k available, 13792k reserved, 0K highmem
<5>[    0.000000] c0 0 (swapper) Virtual kernel memory layout:
<5>[    0.000000]     vector  : 0xffff0000 - 0xffff1000   (   4 kB)
<5>[    0.000000]     fixmap  : 0xfff00000 - 0xfffe0000   ( 896 kB)
<5>[    0.000000]     vmalloc : 0xd0800000 - 0xff000000   ( 744 MB)
<5>[    0.000000]     lowmem  : 0xc0000000 - 0xd0400000   ( 260 MB)
<5>[    0.000000]     pkmap   : 0xbfe00000 - 0xc0000000   (   2 MB)
<5>[    0.000000]     modules : 0xbf000000 - 0xbfe00000   (  14 MB)
<5>[    0.000000]       .text : 0xc0008000 - 0xc054486c   (5363 kB)
<5>[    0.000000]       .init : 0xc0545000 - 0xc057d280   ( 225 kB)
<5>[    0.000000]       .data : 0xc057e000 - 0xc05f0bb0   ( 459 kB)
<5>[    0.000000]        .bss : 0xc05f0bb0 - 0xc094d090   (3442 kB)
<6>[    0.000000] c0 0 (swapper) SLUB: HWalign=64, Order=0-3, MinObjects=0, CPUs=5, Nodes=1
<6>[    0.000000] c0 0 (swapper/0) Preemptible hierarchical RCU implementation.
<6>[    0.000000] c0 0 (swapper/0) 	Additional per-CPU info printed with stalls.
<6>[    0.000000] c0 0 (swapper/0) NR_IRQS:458
<6>[    0.000000] c0 0 (swapper/0) sched_clock: 32 bits at 13MHz, resolution 76ns, wraps every 330382ms
<6>[    0.000000] c0 0 (swapper/0) Switching to timer-based delay loop
<6>[    0.000000] c0 0 (swapper/0) uart3 is settting quot! baud 921600, quot 1!
<4>[    0.000000] c0 0 (swapper/0) write reg 0xc passes, val 0x93
<4>[    0.000000] c0 0 (swapper/0) write reg 0x0 passes, val 0x1
<4>[    0.000000] c0 0 (swapper/0) write reg 0x4 passes, val 0x0
<4>[    0.000000] c0 0 (swapper/0) write reg 0xc passes, val 0x13
<6>[    0.000000] c0 0 (swapper/0) uart3 new lcr is 0x13, cval = 0x13
<6>[    0.000000] c0 0 (swapper/0) console [ttyS3] enabled
<6>[    0.000000] c0 0 (swapper/0) Console: colour dummy device 80x30
<6>[    0.000651] c0 0 (swapper/0) Calibrating delay loop (skipped), value calculated using timer frequency.. 26.00 BogoMIPS (lpj=13000)
<6>[    0.000674] c0 0 (swapper/0) pid_max: default: 32768 minimum: 301
<6>[    0.001006] c0 0 (swapper/0) Mount-cache hash table entries: 512
<6>[    0.002371] c0 0 (swapper/0) Initializing cgroup subsys debug
<6>[    0.002388] c0 0 (swapper/0) Initializing cgroup subsys memory
<6>[    0.002441] c0 0 (swapper/0) Initializing cgroup subsys freezer
<6>[    0.002494] c0 0 (swapper/0) CPU: Testing write buffer coherency: ok
<6>[    0.002874] c0 1 (swapper/0) CPU0: thread -1, cpu 0, socket 1, mpidr 80000100
<6>[    0.002916] c0 1 (swapper/0) Setting up static identity map for 0xc03c2850 - 0xc03c2900
<6>[    0.002946] c0 1 (swapper/0) pm initialized success 
<7>[    0.010872] c1 0 (swapper/1) CPU1: Booted secondary processor
<6>[    0.010891] c1 0 (swapper/1) CPU1: thread -1, cpu 1, socket 1, mpidr 80000101
<7>[    0.013840] c2 0 (swapper/2) CPU2: Booted secondary processor
<6>[    0.013858] c2 0 (swapper/2) CPU2: thread -1, cpu 2, socket 1, mpidr 80000102
<7>[    0.016856] c3 0 (swapper/3) CPU3: Booted secondary processor
<6>[    0.016871] c3 0 (swapper/3) CPU3: thread -1, cpu 3, socket 1, mpidr 80000103
<6>[    0.016996] c0 1 (swapper/0) Brought up 4 CPUs
<6>[    0.017037] c0 1 (swapper/0) SMP: Total of 4 processors activated (104.00 BogoMIPS).
<6>[    0.017050] c0 1 (swapper/0) CPU: All CPU(s) started in SVC mode.
<6>[    0.039504] c0 1 (swapper/0) NET: Registered protocol family 16
<6>[    0.044230] c0 1 (swapper/0) DMA: preallocated 4096 KiB pool for atomic coherent allocations
<6>[    0.044404] c0 1 (swapper/0) Android kernel panic handler initialized (bind=panic)
<4>[    0.045183] c0 1 (swapper/0) comip_init_common_mfp p_otg->fsm.id=0
<7>[    0.047741] c0 1 (swapper/0) addr 0xe100c220: 0x00000000
<7>[    0.047757] c0 1 (swapper/0) addr 0xe100c224: 0x00000000
<7>[    0.047772] c0 1 (swapper/0) addr 0xe100c228: 0x00000000
<7>[    0.047786] c0 1 (swapper/0) addr 0xe100c22c: 0x00000000
<7>[    0.047800] c0 1 (swapper/0) addr 0xe100c230: 0x00000000
<7>[    0.047815] c0 1 (swapper/0) addr 0xe100c234: 0x00000000
<7>[    0.047829] c0 1 (swapper/0) addr 0xe100c238: 0x00000000
<7>[    0.047843] c0 1 (swapper/0) addr 0xe100c23c: 0x00000000
<7>[    0.047857] c0 1 (swapper/0) addr 0xe100c240: 0x00000000
<7>[    0.047871] c0 1 (swapper/0) addr 0xe100c244: 0x00000000
<7>[    0.047885] c0 1 (swapper/0) addr 0xe100c248: 0x00000000
<7>[    0.047898] c0 1 (swapper/0) addr 0xe100c24c: 0x00000000
<7>[    0.047911] c0 1 (swapper/0) addr 0xe100c250: 0x00000000
<7>[    0.047925] c0 1 (swapper/0) addr 0xe100c254: 0x00000000
<7>[    0.047937] c0 1 (swapper/0) addr 0xe100c258: 0x00000000
<7>[    0.047952] c0 1 (swapper/0) addr 0xe100c25c: 0x00000000
<7>[    0.047969] c0 1 (swapper/0) addr 0xe100a120: 0x00000000
<7>[    0.047983] c0 1 (swapper/0) addr 0xe100a124: 0x00000000
<7>[    0.047997] c0 1 (swapper/0) addr 0xe100a128: 0x00000000
<7>[    0.048011] c0 1 (swapper/0) addr 0xe100a12c: 0x00000000
<7>[    0.048025] c0 1 (swapper/0) addr 0xe100a130: 0x00000000
<6>[    0.048941] c0 1 (swapper/0) hw-breakpoint: found 5 (+1 reserved) breakpoint and 4 watchpoint registers.
<6>[    0.048956] c0 1 (swapper/0) hw-breakpoint: maximum watchpoint size is 8 bytes.
<6>[    0.049529] c0 1 (swapper/0) i2c->adap.nr = 0, i2c->flags = 0x2
<3>[    0.049547] c0 1 (swapper/0) i2c-0: clock: 26000000, speed:400000
<6>[    0.050786] c0 1 (swapper/0) i2c->adap.nr = 1, i2c->flags = 0x2
<3>[    0.050802] c0 1 (swapper/0) i2c-1: clock: 26000000, speed:400000
<6>[    0.052032] c0 1 (swapper/0) i2c->adap.nr = 4, i2c->flags = 0x1
<3>[    0.052051] c0 1 (swapper/0) i2c-4: clock: 10660000, speed:100000
<6>[    0.053367] c0 1 (swapper/0) comip-pwm comip-pwm: comip_pwm_probe
<6>[    0.053777] c0 1 (swapper/0) comip-spi comip-spi.0: master is unqueued, this is deprecated
<6>[    0.054048] c0 1 (swapper/0) comip-spi comip-spi.1: master is unqueued, this is deprecated
<6>[    0.054323] c0 1 (swapper/0) comip-spi comip-spi.2: master is unqueued, this is deprecated
<6>[    0.089536] c0 1 (swapper/0) LC1160: version 0x10, eco no 0, rtc version 1
<6>[    0.090459] c0 1 (swapper/0) parse_bootup_reason: value from 0x5c reg is: 0x1
<6>[    0.090474] c0 1 (swapper/0) parse_bootup_reason: +++++++++start of day reason: onkey
<6>[    0.090488] c0 1 (swapper/0) parse_shutdown_reason: value from 0x5d reg is: 0x0
<6>[    0.090502] c0 1 (swapper/0) parse_shutdown_reason: ----------last end of day reason: unknown
<6>[    0.091321] c0 1 (swapper/0) LC1160: Raw startup 0x01(pwr_key),raw shutdown 0x00(), saved shutdown 0x00()
<6>[    0.091793] c0 1 (swapper/0) LC1160: Power on reason(power_key), reboot reason(null)
<6>[    0.095027] c0 1 (swapper/0) PMIC_DCDC5 SET VOUT = 1200 mv
<6>[    0.095840] c0 1 (swapper/0) PMIC_DCDC7 SET VOUT = 1800 mv
<6>[    0.138376] c0 1 (swapper/0) comip_monitor_probe 
<6>[    0.143427] c0 1 (swapper/0) bio: create slab <bio-0> at 0
<5>[    0.144506] c0 1 (swapper/0) SCSI subsystem initialized
<6>[    0.144658] c0 1 (swapper/0) usbcore: registered new interface driver usbfs
<6>[    0.144727] c0 1 (swapper/0) usbcore: registered new interface driver hub
<6>[    0.144852] c0 1 (swapper/0) usbcore: registered new device driver usb
<6>[    0.145120] c0 1 (swapper/0) i2c-gpio i2c-gpio.6: using pins 131 (SDA) and 129 (SCL)
<6>[    0.145285] c0 1 (swapper/0) i2c-gpio i2c-gpio.7: using pins 201 (SDA) and 202 (SCL)
<6>[    0.145433] c0 1 (swapper/0) i2c-gpio i2c-gpio.8: using pins 157 (SDA) and 159 (SCL)
<6>[    0.145565] c0 1 (swapper/0) i2c-gpio i2c-gpio.9: using pins 219 (SDA) and 221 (SCL)
<6>[    0.145714] c0 1 (swapper/0) i2c-gpio i2c-gpio.10: using pins 161 (SDA) and 163 (SCL)
<6>[    0.146043] c0 1 (swapper/0) Advanced Linux Sound Architecture Driver Initialized.
<6>[    0.147448] c0 1 (swapper/0) input: lc1160_adc_a as /devices/platform/lc11xx_adc/input/input0
<6>[    0.147656] c0 1 (swapper/0) input: lc1160_adc_b as /devices/platform/lc11xx_adc/input/input1
<6>[    0.147717] c0 1 (swapper/0) lc1160_adc: probe success
<6>[    0.147967] c0 1 (swapper/0) Switching to clocksource timer3_clk
<4>[    0.176025] c0 1 (swapper/0) USB_OTG: comip_usb_otg_early_init
<4>[    0.176153] c0 1 (swapper/0) USB_OTG: comip_otg_early_probe
<4>[    0.277089] c0 1 (swapper/0) comip_otg_ctrl_gpio_init WM220: set vbus 1, read back vbus 0
<6>[    0.277372] c0 1 (swapper/0) NET: Registered protocol family 2
<6>[    0.278367] c0 1 (swapper/0) TCP established hash table entries: 4096 (order: 3, 32768 bytes)
<6>[    0.278469] c0 1 (swapper/0) TCP bind hash table entries: 4096 (order: 4, 98304 bytes)
<6>[    0.278598] c0 1 (swapper/0) TCP: Hash tables configured (established 4096 bind 4096)
<6>[    0.278686] c0 1 (swapper/0) TCP: reno registered
<6>[    0.278707] c0 1 (swapper/0) UDP hash table entries: 256 (order: 2, 16384 bytes)
<6>[    0.278765] c0 1 (swapper/0) UDP-Lite hash table entries: 256 (order: 2, 16384 bytes)
<6>[    0.279210] c0 1 (swapper/0) NET: Registered protocol family 1
<6>[    0.279520] c0 1 (swapper/0) Unpacking initramfs...
<0>[    0.305268] c0 1 (swapper/0) Initramfs unpacking failed: junk in compressed archive
<6>[    0.307953] c0 1 (swapper/0) Freeing initrd memory: 1024K (c1000000 - c1100000)
<6>[    0.308442] c0 1 (swapper/0) CPU PMU: probing PMU on CPU 0
<6>[    0.308477] c0 1 (swapper/0) hw perfevents: enabled with ARMv7 Cortex-A7 PMU driver, 5 counters available
<3>[    0.308857] c0 1 (swapper/0) modem: comip_register_reboot_callback faild, non init
<6>[    0.310176] c0 1 (swapper/0) sdr: devices driver up version v1.0.1, build time Jun 13 2018 22:36:54
<6>[    0.310248] c0 1 (swapper/0) comip_wdt_probe: AP_PWR_LP_CTL 607
<6>[    0.310358] c0 1 (swapper/0) comip_wdt_probe: AP_PWR_LP_CTL 600
<6>[    0.310426] c0 1 (swapper/0) comip_wdt_probe: AP_PWR_LP_CTL 600
<6>[    0.310484] c0 1 (swapper/0) comip_wdt_probe: AP_PWR_LP_CTL 600
<6>[    0.311670] c0 1 (swapper/0) comip_snd_soc comip_snd_soc.0: comip_snd_soc_probe
<6>[    0.312617] c0 1 (swapper/0) comip-uart.0: ttyS0 at MMIO 0x0 (irq = 72) is a uart0
<6>[    0.312959] c0 1 (swapper/0) comip-uart.1: ttyS1 at MMIO 0x0 (irq = 73) is a uart1
<6>[    0.313309] c0 1 (swapper/0) comip-uart.2: ttyS2 at MMIO 0x0 (irq = 74) is a uart2
<6>[    0.313671] c0 1 (swapper/0) comip-uart.3: ttyS3 at MMIO 0x0 (irq = 89) is a uart3
<7>[    0.320082] c0 1 (swapper/0) mmc-1: set mmc clock rate to 400000
<7>[    0.326297] c0 1 (swapper/0) mmc-0: card detect 0. gpio 243.
<3>[    0.326451] c0 1 (swapper/0) comip_mmc0_set_power: set card vdd ret = -6 vdd = 16
<7>[    0.333063] c0 1 (swapper/0) mmc-0: set mmc clock rate to 400000
<7>[    0.345088] c0 1 (swapper/0) mmc-2: set mmc clock rate to 400000
<6>[    0.351211] c0 1 (swapper/0) ion-lc ion-lc: lc_ion_probe
<6>[    0.351341] c0 1 (swapper/0) ion: creat /dev/ion success
<3>[    0.351646] c0 1 (swapper/0) Failed to create heap debugfs at /ion/heaps/lc_ion_lcmem_heap
<4>[    0.353095] c0 1 (swapper/0) mali ddk r5p0-06rel0 early init
<6>[    0.353338] c0 1 (swapper/0) mali mali.0: Continuing without Mali clock control
<6>[    0.353640] c0 1 (swapper/0) mali mali.0: GPU identified as 0x0620 r1p0 status 1
<6>[    0.354311] c0 1 (swapper/0) mali mali.0: Probed as mali0
<6>[    0.355486] c0 1 (swapper/0) input: comip-gpio-keys as /devices/platform/comip-gpio-keys/input/input2
<7>[    0.355520] c0 1 (swapper/0) key 212 reported
<7>[    0.355536] c0 1 (swapper/0) key 256 reported
<7>[    0.355549] c0 1 (swapper/0) key 257 reported
<7>[    0.355564] c0 1 (swapper/0) key 258 reported
<7>[    0.355579] c0 1 (swapper/0) key 259 reported
<7>[    0.355592] c0 1 (swapper/0) key 260 reported
<7>[    0.355605] c0 1 (swapper/0) key 261 reported
<7>[    0.355618] c0 1 (swapper/0) key 262 reported
<7>[    0.355635] c0 1 (swapper/0) key 263 reported
<7>[    0.355648] c0 1 (swapper/0) key 393 reported
<7>[    0.355661] c0 1 (swapper/0) key 105 reported
<7>[    0.355674] c0 1 (swapper/0) key 106 reported
<6>[    0.355893] c0 1 (swapper/0) comip-i2s comip-i2s.0: comip_i2s_probe, id=0
<6>[    0.356056] c0 1 (swapper/0) comip-pcm comip-pcm.0: comip_pcm_virtual_probe
<6>[    0.356446] c0 1 (swapper/0) comip-snd-lowpower comip-snd-lowpower: snd_lowpower_probe
<6>[    0.365960] c0 1 (swapper/0) comip-rtc comip-rtc: rtc core: registered comip-rtc as rtc0
<6>[    0.366472] c0 1 (swapper/0) hx170dec: dec/pp kernel module. 
<6>[    0.366605] c0 1 (swapper/0) hx170dec: Core 0 HW ID=0x67314808
<6>[    0.366618] c0 1 (swapper/0) hx170dec: Supported HW found at 0xa0340200
<6>[    0.366633] c0 1 (swapper/0) hx170dec: core[0] has H264
<6>[    0.366646] c0 1 (swapper/0) hx170dec: core[0] has JPEG
<6>[    0.366658] c0 1 (swapper/0) hx170dec: core[0] has MPEG4
<6>[    0.366670] c0 1 (swapper/0) hx170dec: core[0] has VC1
<6>[    0.366683] c0 1 (swapper/0) hx170dec: core[0] has MPEG2
<6>[    0.366696] c0 1 (swapper/0) hx170dec: core[0] has VP6
<6>[    0.366709] c0 1 (swapper/0) hx170dec: core[0] has VP8
<6>[    0.366722] c0 1 (swapper/0) hx170dec: core[0] has VP7
<6>[    0.366735] c0 1 (swapper/0) hx170dec: core[0] has WebP
<6>[    0.366748] c0 1 (swapper/0) hx170dec: core[0] has AVS
<6>[    0.366760] c0 1 (swapper/0) hx170dec: core[0] has RV
<6>[    0.366773] c0 1 (swapper/0) hx170dec: core[0] has PP
<4>[    0.367144] c0 1 (swapper/0) hx280enc_probe
<6>[    0.367202] c0 1 (swapper/0) hx280enc: HW ID=0x72802080
<6>[    0.367216] c0 1 (swapper/0) hx280enc: Compatible HW found at 0xa0340000
<6>[    0.367349] c0 1 (swapper/0) hx280enc: probe successfully. Major = 252
<4>[    0.367551] c0 1 (swapper/0) hx280enc_h1_probe
<6>[    0.367602] c0 1 (swapper/0) hx280enc_h1_data.hwregs = f8342000
<6>[    0.367618] c0 1 (swapper/0) hx280enc_h1: HW at base <0xa0342000> with ID <0x48314780>
<4>[    0.367957] c0 1 (swapper/0) lcmem_probe in: module init
<4>[    0.367970] c0 1 (swapper/0) lcmem: Linear Memory Allocator, $Revision: 1.10 $ 
<4>[    0.367984] c0 1 (swapper/0) lcmem: linear memory base = 0x17801000 
<6>[    0.368134] c0 1 (swapper/0) lcmem: probe successfully. Major = 250
<4>[    0.370680] c0 1 (swapper/0) lhc_cdin!
<6>[    0.371339] c0 1 (swapper/0) on2psm: probe successfully. power = 0x7
<6>[    0.371436] c0 1 (swapper/0) thermal: comip_thermal_probe called
<3>[    0.371660] c0 1 (swapper/0) [UREG]Ureg Driver Registered
<6>[    0.373464] c0 6 (kworker/u10:0) mmc0: BKOPS_EN bit is not set
<7>[    0.380099] c0 6 (kworker/u10:0) mmc-1: set mmc clock rate to 104000000
<7>[    0.380122] c0 6 (kworker/u10:0) found (fe014e, Micron), use read_delay 1.
<7>[    0.380143] c0 6 (kworker/u10:0) mmc-1: tuning result phase is 1
<6>[    0.380546] c0 6 (kworker/u10:0) mmc0: new HS200 MMC card at address 0001
<3>[    0.380841] c0 6 (kworker/u10:0) comip_mmc0_set_power: set card vdd ret = -6 vdd = 0
<6>[    0.386571] c1 1 (swapper/0) fuse init (API version 7.22)
<6>[    0.387157] c1 1 (swapper/0) msgmni has been set to 495
<6>[    0.389385] c1 1 (swapper/0) io scheduler noop registered
<6>[    0.389594] c1 1 (swapper/0) io scheduler cfq registered (default)
<6>[    0.400763] c1 1 (swapper/0) loop: module loaded
<4>[    0.400830] c1 1 (swapper/0) mfi_i2c_client addr:17
<4>[    0.400985] c1 1 (swapper/0) applecp module init ok
<6>[    0.401354] c1 1 (swapper/0) usbcore: registered new interface driver cdc_ether
<6>[    0.401423] c1 1 (swapper/0) usbcore: registered new interface driver cdc_eem
<6>[    0.401484] c1 1 (swapper/0) usbcore: registered new interface driver rndis_host
<6>[    0.401542] c1 1 (swapper/0) usbcore: registered new interface driver cdc_subset
<6>[    0.401663] c1 1 (swapper/0) usbcore: registered new interface driver cdc_ncm
<6>[    0.401723] c1 1 (swapper/0) usbcore: registered new interface driver cdc_mbim
<4>[    0.402128] c1 1 (swapper/0) comip_hcd_driver_probe(c05a3740) id=0
<4>[    0.403163] c1 1 (swapper/0) set USB power on.
<4>[    0.403192] c1 1 (swapper/0) enter comip_cil_init,core_if->type=0
<4>[    0.403205] c1 1 (swapper/0) USB HSIC core power up success.
<4>[    0.404227] c1 1 (swapper/0) LZS set_usb_init_reg: 192, AP_PWR_PDFSM_ST1=0x07077707
<4>[    0.407397] c1 1 (swapper/0) hcd:Core Release: 2.94a
<4>[    0.407416] c1 1 (swapper/0) hcd:Setting default values for core params
<4>[    0.407462] c1 1 (swapper/0) LZS hcd_init: 345, enter
<6>[    0.407541] c1 1 (swapper/0) comip-hcd comip-hcd.0: COMIP Controller
<6>[    0.407571] c1 1 (swapper/0) comip-hcd comip-hcd.0: new USB bus registered, assigned bus number 1
<6>[    0.407620] c1 1 (swapper/0) comip-hcd comip-hcd.0: irq 49, io mem 0x00000000
<4>[    0.407692] c1 1 (swapper/0) usb usb1: config index 0 lenght 25, result 9
<4>[    0.407703] c1 1 (swapper/0) 09 02 19 00 01 01 00 e0 00 
<4>[    0.407767] c1 1 (swapper/0) usb usb1: config index 0 lenght 25, result 25
<4>[    0.407777] c1 1 (swapper/0) 09 02 19 00 01 01 00 e0 00 09 04 00 00 01 09 00 00 00 07 05 81 03 04 00 0c 
<6>[    0.408511] c1 1 (swapper/0) hub 1-0:1.0: USB hub found
<6>[    0.408544] c1 1 (swapper/0) hub 1-0:1.0: 1 port detected
<4>[    0.408839] c1 1 (swapper/0) comip_hcd_driver_probe:comip_hcd_dev->core_if->id=0
<4>[    0.410124] c1 1 (swapper/0) set USB power off.
<4>[    0.410162] c1 1 (swapper/0) comip_hcd_driver_probe(c05a3920) id=2
<4>[    0.417469] c1 1 (swapper/0) set USB power on.
<4>[    0.417499] c1 1 (swapper/0) enter comip_cil_init,core_if->type=2
<4>[    0.417584] c1 1 (swapper/0) USB HSIC core power up success.
<4>[    0.424609] c1 1 (swapper/0) read USB1_GLPMCFG = 40000000
<4>[    0.424624] c1 1 (swapper/0) [HSIC]: USB1_GRSTCTL = 0x80000001
<7>[    0.424636] c1 1 (swapper/0) [HSIC]: USB1_GRSTCTL = 0x80000000 timeout=99
<4>[    0.425791] c1 1 (swapper/0) hcd:Core Release: 2.94a
<4>[    0.425808] c1 1 (swapper/0) hcd:Setting default values for core params
<4>[    0.425829] c1 1 (swapper/0) LZS hcd_init: 345, enter
<6>[    0.425896] c1 1 (swapper/0) comip-hcd comip-hcd.2: COMIP Controller
<6>[    0.425922] c1 1 (swapper/0) comip-hcd comip-hcd.2: new USB bus registered, assigned bus number 2
<6>[    0.425969] c1 1 (swapper/0) comip-hcd comip-hcd.2: irq 50, io mem 0x00000000
<4>[    0.426003] c1 1 (swapper/0) hcd:Init: Power Port (0)
<4>[    0.426074] c1 1 (swapper/0) usb usb2: config index 0 lenght 25, result 9
<4>[    0.426086] c1 1 (swapper/0) 09 02 19 00 01 01 00 e0 00 
<4>[    0.426152] c1 1 (swapper/0) usb usb2: config index 0 lenght 25, result 25
<4>[    0.426163] c1 1 (swapper/0) 09 02 19 00 01 01 00 e0 00 09 04 00 00 01 09 00 00 00 07 05 81 03 04 00 0c 
<6>[    0.426726] c1 1 (swapper/0) hub 2-0:1.0: USB hub found
<6>[    0.426756] c1 1 (swapper/0) hub 2-0:1.0: 1 port detected
<4>[    0.427061] c1 1 (swapper/0) enter hsic init
<4>[    0.427076] c1 1 (swapper/0) LZS comip_hcd_driver_start: 1251, enter
<4>[    0.427090] c1 1 (swapper/0) enter comip_hcd_driver_start:id=2
<4>[    0.432121] c1 1 (swapper/0) USB power should be on.
<7>[    0.437137] c1 1 (swapper/0) hcd:I: comip_hcd_driver_start init_reg
<4>[    0.444158] c1 1 (swapper/0) read USB1_GLPMCFG = 40000000
<4>[    0.444172] c1 1 (swapper/0) [HSIC]: USB1_GRSTCTL = 0x80000001
<7>[    0.444189] c1 1 (swapper/0) [HSIC]: USB1_GRSTCTL = 0x80000000 timeout=99
<4>[    0.644291] c1 1 (swapper/0) hcd:Using Descriptor DMA mode
<4>[    0.644306] c1 1 (swapper/0) hcd:Periodic Transfer Interrupt Enhancement - disabled
<4>[    0.644319] c1 1 (swapper/0) hcd:Multiprocessor Interrupt Enhancement - disabled
<4>[    0.644334] c1 1 (swapper/0) hcd:OTG VER PARAM: 1, OTG VER FLAG: 1
<4>[    0.644366] c1 1 (swapper/0) hcd:Init: Power Port (0)
<7>[    0.644487] c1 1 (swapper/0) hcd:I: comip_hcd_driver_start end
<6>[    0.644805] c1 1 (swapper/0) usbcore: registered new interface driver cdc_wdm
<6>[    0.644911] c1 1 (swapper/0) usbcore: registered new interface driver usb-storage
<3>[    0.772565] c1 1 (swapper/0) i2c-0: wait rx timeout!
<3>[    0.773418] c1 1 (swapper/0) i2c-0-0x08: xfer error -110.
<3>[    0.774341] c1 1 (swapper/0) usb3503 0-0008: CFG1 failed (-110)
<6>[    0.775348] c1 1 (swapper/0) usb3503 0-0008: usb3503_probe: probed on  hub mode
<4>[    0.777656] c1 1 (swapper/0) usb aoa module init ok
<4>[    0.777761] c1 1 (swapper/0) apple_roleswitch module init ok
<6>[    0.778732] c1 1 (swapper/0) mlx90393 spi0.0: osr = 0x3, dig_filt = 0x7, res_xyz = 0x3f, osr2 = 0x3
<6>[    0.778968] c1 1 (swapper/0) input: mlx90393-0 as /devices/platform/comip-spi.0/spi_master/spi0/spi0.0/input/input3
<6>[    0.784823] c1 1 (swapper/0) mlx90393 spi1.0: osr = 0x3, dig_filt = 0x2, res_xyz = 0x3f, osr2 = 0x3
<6>[    0.785067] c1 1 (swapper/0) input: mlx90393-1 as /devices/platform/comip-spi.1/spi_master/spi1/spi1.0/input/input4
<6>[    0.790719] c1 1 (swapper/0) mlx90393 spi2.0: osr = 0x3, dig_filt = 0x2, res_xyz = 0x3f, osr2 = 0x3
<6>[    0.790926] c1 1 (swapper/0) input: mlx90393-2 as /devices/platform/comip-spi.2/spi_master/spi2/spi2.0/input/input5
<6>[    0.796590] c1 1 (swapper/0) i2c /dev entries driver
<6>[    0.797826] c1 1 (swapper/0) mmcblk0: mmc0:0001 P1J94M 3.64 GiB 
<6>[    0.798138] c1 1 (swapper/0) mmcblk0boot0: mmc0:0001 P1J94M partition 1 1.00 MiB
<6>[    0.798402] c1 1 (swapper/0) mmcblk0boot1: mmc0:0001 P1J94M partition 2 1.00 MiB
<6>[    0.798656] c1 1 (swapper/0) mmcblk0rpmb: mmc0:0001 P1J94M partition 3 1.00 MiB
<6>[    0.799223] c1 1 (swapper/0)  mmcblk0: p1 (gpt) p2 (ddr) p3 (env) p4 (panic) p5 (amt) p6 (factory) p7 (factory_out) p8 (recovery) p9 (normal) p10 (system) p11 (vendor) p12 (cache) p13 (blackbox) p14 (userdata)mmcblk0boot1 has no partition table!
<4>[    0.802913] c1 1 (swapper/0) mmcblk0boot0 has no partition table!
<6>[    0.803792] c1 1 (swapper/0) zram: Created 1 device(s) ...
<6>[    0.804496] c1 1 (swapper/0) ashmem: initialized
<6>[    0.804665] c1 1 (swapper/0) logger: created 256K log 'log_main'
<6>[    0.804834] c1 1 (swapper/0) logger: created 256K log 'log_events'
<6>[    0.805001] c1 1 (swapper/0) logger: created 256K log 'log_radio'
<6>[    0.805201] c1 1 (swapper/0) logger: created 256K log 'log_system'
<4>[    0.805880] c1 1 (swapper/0) soc-audio soc-audio: ASoC: machine comip_snd_soc should use snd_soc_register_card()
<6>[    0.817348] c1 1 (swapper/0) LC1160_R71=0x1f
<6>[    0.817817] c1 1 (swapper/0) LC1160_R72=0x1f
<6>[    0.818283] c1 1 (swapper/0) LC1160_R73=0x1b
<6>[    0.818750] c1 1 (swapper/0) LC1160_R74=0x1d
<6>[    0.818768] c1 1 (swapper/0) comip_codec comip_codec: codec probe success, chip version is LC1160B
<7>[    0.849891] c1 1 (swapper/0) [SND CODEC] comip_pcm_new
<7>[    0.850326] c1 1 (swapper/0) [SND CODEC] comip_pcm_preallocate_dma_buffer addr: 0xe0040000, area: 0xd0d80000, bytes: 131072
<7>[    0.850498] c1 1 (swapper/0) [SND CODEC] comip_pcm_preallocate_dma_buffer addr: 0x14aa0000, area: 0xd0da1000, bytes: 131072
<6>[    0.850518] c1 1 (swapper/0) soc-audio soc-audio:  comip_hifi <-> comip-i2s.0 mapping ok
<6>[    0.850950] c1 1 (swapper/0) soc-audio soc-audio:  comip_voice <-> comip-pcm.0 mapping ok
<6>[    0.854336] c1 1 (swapper/0) input: comip_snd_soc Headset as /devices/platform/soc-audio/sound/card0/input6
<6>[    0.855069] c1 1 (swapper/0) ip_tables: (C) 2000-2006 Netfilter Core Team
<6>[    0.855163] c1 1 (swapper/0) TCP: cubic registered
<6>[    0.855180] c1 1 (swapper/0) NET: Registered protocol family 17
<6>[    0.855423] c1 1 (swapper/0) VFP support v0.3: implementor 41 architecture 2 part 30 variant 7 rev 5
<5>[    0.855463] c1 1 (swapper/0) Registering SWP/SWPB emulation handler
<7>[    0.855479] c1 1 (swapper/0) shadow_timer_delta=6500000, shadow_timer_delta_max=1672352866
<6>[    0.857335] c1 1 (swapper/0) modem: devices driver up.
<6>[    0.859884] c1 61 (kworker/1:1) comip_codec comip_codec: lc1160_irq_work_handle: status = 0x0
<4>[    0.864605] c0 1 (swapper/0) USB_OTG: comip_otg_probe: 799, exit
<4>[    0.864635] c0 1 (swapper/0) comip-otg: probe of comip-otg failed with error 3
<6>[    0.864986] c0 1 (swapper/0) file system registered
<6>[    0.867274] c0 1 (swapper/0) android_usb gadget: Mass Storage Function, version: 2009/09/11
<6>[    0.867289] c0 1 (swapper/0) android_usb gadget: Number of LUNs=1
<6>[    0.867305] c0 1 (swapper/0)  lun0: LUN: removable file: (no medium)
<6>[    0.867341] c0 1 (swapper/0) android_usb gadget: android_usb ready
<6>[    0.870219] c0 1 (swapper/0) comip-rtc comip-rtc: setting system clock to 1980-01-01 00:00:02 UTC (315532802)
<6>[    0.870323] c0 1 (swapper/0) ALSA device list:
<6>[    0.870336] c0 1 (swapper/0)   #0: comip_snd_soc
<6>[    0.870711] c0 1 (swapper/0) uart3 already has set quot! baud 921600, quot 1!
<6>[    0.870727] c0 1 (swapper/0) uart3 new lcr is 0x3, cval = 0x13
<6>[    0.871146] c0 1 (swapper/0) Freeing unused kernel memory: 224K (c0545000 - c057d000)
<11>[    0.875894] c1 1 (init) init: /init.environ.rc: 14: invalid command 'exoprt'
<11>[    0.979443] c1 1 (init) init: /dev/hw_random not found
<6>[    0.980634] c1 1 (init) uart3 already has set quot! baud 921600, quot 1!
<6>[    0.980651] c1 1 (init) uart3 new lcr is 0x3, cval = 0x13
<11>[    0.980984] c1 1 (init) init: cannot open '/initlogo.rle'
<6>[    0.989569] c1 1 (init) EXT4-fs (mmcblk0p5): mounted filesystem with ordered data mode. Opts: (null)
<6>[    0.998503] c1 1 (init) EXT4-fs (mmcblk0p14): mounted filesystem with ordered data mode. Opts: (null)
<6>[    1.003804] c1 1 (init) EXT4-fs (mmcblk0p11): mounted filesystem with ordered data mode. Opts: (null)
<6>[    1.009542] c1 1 (init) EXT4-fs (mmcblk0p10): mounted filesystem with ordered data mode. Opts: (null)
<6>[    1.013263] c1 1 (init) EXT4-fs (mmcblk0p12): mounted filesystem with ordered data mode. Opts: (null)
<6>[    1.016246] c1 1 (init) uart1 is settting quot! baud 9600, quot 60!
<4>[    1.016262] c1 1 (init) write reg 0xc passes, val 0x93
<4>[    1.016275] c1 1 (init) write reg 0x0 passes, val 0x60
<4>[    1.016288] c1 1 (init) write reg 0x4 passes, val 0x0
<4>[    1.016719] c1 1 (init) write reg 0xc passes, val 0x13
<6>[    1.016733] c1 1 (init) uart1 new lcr is 0x13, cval = 0x13
<6>[    1.019128] c1 1 (init) uart2 is settting quot! baud 9600, quot 60!
<4>[    1.019144] c1 1 (init) write reg 0xc passes, val 0x93
<4>[    1.019156] c1 1 (init) write reg 0x0 passes, val 0x60
<4>[    1.019169] c1 1 (init) write reg 0x4 passes, val 0x0
<4>[    1.019600] c1 1 (init) write reg 0xc passes, val 0x13
<6>[    1.019628] c1 1 (init) uart2 new lcr is 0x13, cval = 0x13
<11>[    1.020338] c1 1 (init) init: /dev/hw_random not found
<11>[    1.024997] c1 1 (init) init: The sn.txt is not exist in the path of amt!
<6>[    1.029836] c2 95 (init) uart3 already has set quot! baud 921600, quot 1!
<6>[    1.029854] c2 95 (init) uart3 new lcr is 0x3, cval = 0x13
<6>[    1.066391] c1 1 (init) Galcore version 4.6.9.9754
<4>[    1.066411] c1 1 (init) galcore options:
<4>[    1.066422] c1 1 (init)   irqLine           = 42
<4>[    1.066433] c1 1 (init)   registerMemBase   = 0xA0300000
<4>[    1.066444] c1 1 (init)   registerMemSize   = 0x00040000
<4>[    1.066455] c1 1 (init)   contiguousSize    = 4194304
<4>[    1.066466] c1 1 (init)   contiguousBase    = 0x00000000
<4>[    1.066476] c1 1 (init)   bankSize          = 0x00000000
<4>[    1.066486] c1 1 (init)   fastClear         = -1
<4>[    1.066497] c1 1 (init)   compression       = -1
<4>[    1.066507] c1 1 (init)   signal            = 48
<4>[    1.066518] c1 1 (init)   baseAddress       = 0x00000000
<4>[    1.066529] c1 1 (init)   physSize          = 0x80000000
<4>[    1.066539] c1 1 (init)   logFileSize       = 0 KB 
<4>[    1.066550] c1 1 (init)   powerManagement   = 1
<4>[    1.066561] c1 1 (init)   gpuProfiler   = 0
<4>[    1.066572] c1 1 (init)   coreClock       = 234000000
<4>[    1.071679] c1 1 (init) orignal gc outstanding setting: 0x3c000000
<6>[    1.071701] c1 1 (init) change gc outstanding setting: 0x3c000000
<11>[    1.085689] c1 1 (init) init: property 'sys.powerctl' doesn't exist while expanding '${sys.powerctl}'
<11>[    1.087388] c1 1 (init) init: powerctl: cannot expand '${sys.powerctl}'
<11>[    1.088630] c1 1 (init) init: using deprecated syntax for specifying property 'persist.sys.usb.config', use ${name} instead
<6>[    1.248262] c1 126 (busybox) EXT4-fs (mmcblk0p13): mounted filesystem with ordered data mode. Opts: data=ordered
<6>[    1.314121] c1 133 (busybox) EXT4-fs (mmcblk0p12): mounted filesystem with ordered data mode. Opts: data=ordered
<3>[    1.491569] c1 1 (init) android_usb: already disabled
<11>[    1.492787] c1 1 (init) init: using deprecated syntax for specifying property 'sys.usb.config', use ${name} instead
<6>[    1.494831] c1 1 (init) android functions_store: rndis,mass_storage,bulk,acm
<6>[    1.495125] c1 1 (init) rndis_function_bind_config MAC: 00:00:00:00:00:00
<4>[    1.495225] c1 1 (init) android_usb gadget: using random self ethernet address
<4>[    1.495261] c1 1 (init) android_usb gadget: using random host ethernet address
<11>[    1.495769] c1 82 (ueventd) init: add network interface: rndis0
<6>[    1.497246] c3 1 (init) rndis0: MAC 3e:00:18:a2:c4:61
<6>[    1.497264] c3 1 (init) rndis0: HOST MAC f6:b4:15:09:6e:3b
<6>[    1.497398] c3 1 (init) bulk_bind_config
<11>[    1.505717] c1 82 (ueventd) init: exec CMD: /system/bin/ifconfig rndis0 192.168.42.2
<4>[    1.507464] c3 1 (init) u2d_usb_init
<11>[    1.513892] c2 1 (init) init: using deprecated syntax for specifying property 'sys.usb.config', use ${name} instead
<6>[    1.965940] c3 281 (mount) EXT4-fs (mmcblk0p5): re-mounted. Opts: (null)
<6>[    1.998579] c2 282 (mount) EXT4-fs (mmcblk0p5): re-mounted. Opts: (null)
<6>[    2.770457] c2 163 (sdrs) modem: modem open ref 0, status 0
<6>[    2.780281] c2 163 (sdrs) modem: request_firmware head data d7d55000 size 1272448
<6>[    3.703840] c2 163 (sdrs) modem: reboot flag 0, 0
<6>[    3.703862] c2 163 (sdrs) modem: run modem, set CP to reset state first
<7>[    3.754116] c1 163 (sdrs) addr 0xe100c220: 0x0000ffff
<7>[    3.754133] c1 163 (sdrs) addr 0xe100c224: 0x0000ffff
<7>[    3.754147] c1 163 (sdrs) addr 0xe100c228: 0x0000ffff
<7>[    3.754162] c1 163 (sdrs) addr 0xe100c22c: 0x0000ffff
<7>[    3.754176] c1 163 (sdrs) addr 0xe100c230: 0x0000ffff
<7>[    3.754190] c1 163 (sdrs) addr 0xe100c234: 0x0000ffff
<7>[    3.754205] c1 163 (sdrs) addr 0xe100c238: 0x0000ffff
<7>[    3.754219] c1 163 (sdrs) addr 0xe100c23c: 0x0000ffff
<7>[    3.754233] c1 163 (sdrs) addr 0xe100c240: 0x0000ffff
<7>[    3.754248] c1 163 (sdrs) addr 0xe100c244: 0x0000ffff
<7>[    3.754262] c1 163 (sdrs) addr 0xe100c248: 0x0000ffff
<7>[    3.754277] c1 163 (sdrs) addr 0xe100c24c: 0x0000ffff
<7>[    3.754291] c1 163 (sdrs) addr 0xe100c250: 0x0000ffff
<7>[    3.754305] c1 163 (sdrs) addr 0xe100c254: 0x0000ffff
<7>[    3.754320] c1 163 (sdrs) addr 0xe100c258: 0x0000ffff
<7>[    3.754334] c1 163 (sdrs) addr 0xe100c25c: 0x0000ffff
<7>[    3.754351] c1 163 (sdrs) addr 0xe100a120: 0x01ffffff
<7>[    3.754365] c1 163 (sdrs) addr 0xe100a124: 0x00000000
<7>[    3.754380] c1 163 (sdrs) addr 0xe100a128: 0x01ffffff
<7>[    3.754394] c1 163 (sdrs) addr 0xe100a12c: 0x01ffffff
<7>[    3.754409] c1 163 (sdrs) addr 0xe100a130: 0x01ffffff
<7>[    3.760063] c1 163 (sdrs) bridge: reset run image flag 2
<7>[    3.760434] c1 163 (sdrs) modem: add bridge TPC0 
<7>[    3.760650] c1 163 (sdrs) bridge: TPC0 found! 
<7>[    3.761011] c1 163 (sdrs) modem: add bridge TPC1 
<7>[    3.761197] c1 163 (sdrs) bridge: TPC1 found! 
<7>[    3.761290] c1 163 (sdrs) modem: add bridge lmi0 
<7>[    3.761409] c1 163 (sdrs) bridge: lmi0 found! 
<7>[    3.761461] c1 163 (sdrs) modem: add bridge lmi1 
<7>[    3.761596] c1 163 (sdrs) bridge: lmi1 found! 
<7>[    3.761648] c1 163 (sdrs) modem: add bridge lmi2 
<7>[    3.761789] c1 163 (sdrs) bridge: lmi2 found! 
<7>[    3.761957] c1 163 (sdrs) modem: add bridge lmi3 
<7>[    3.762118] c1 163 (sdrs) bridge: lmi3 found! 
<7>[    3.762170] c1 163 (sdrs) modem: add bridge lmi4 
<7>[    3.762291] c1 163 (sdrs) bridge: lmi4 found! 
<7>[    3.762345] c1 163 (sdrs) modem: add bridge lmi5 
<7>[    3.762483] c1 163 (sdrs) bridge: lmi5 found! 
<7>[    3.762651] c1 163 (sdrs) modem: add bridge lmi6 
<7>[    3.762784] c1 163 (sdrs) bridge: lmi6 found! 
<7>[    3.762835] c1 163 (sdrs) modem: add bridge lmi7 
<7>[    3.763100] c1 163 (sdrs) bridge: lmi7 found! 
<7>[    3.763152] c1 163 (sdrs) modem: add bridge lmi8 
<7>[    3.763456] c1 163 (sdrs) bridge: lmi8 found! 
<7>[    3.763566] c1 163 (sdrs) modem: add bridge lmi9 
<7>[    3.763903] c1 163 (sdrs) bridge: lmi9 found! 
<7>[    3.764012] c1 163 (sdrs) modem: add bridge lmi10 
<7>[    3.764363] c1 163 (sdrs) bridge: lmi10 found! 
<7>[    3.764388] c1 163 (sdrs) modem: add bridge lmi40 
<7>[    3.765301] c1 163 (sdrs) bridge: lmi40 found! 
<7>[    3.765324] c1 163 (sdrs) modem: add bridge lmi41 
<7>[    3.766227] c1 163 (sdrs) bridge: lmi41 found! 
<7>[    3.766250] c1 163 (sdrs) modem: add bridge lmi42 
<7>[    3.767141] c1 163 (sdrs) bridge: lmi42 found! 
<7>[    3.767164] c1 163 (sdrs) modem: add bridge lmi44 
<7>[    3.767929] c1 163 (sdrs) bridge: lmi44 found! 
<7>[    3.767953] c1 163 (sdrs) modem: add bridge lmi45 
<7>[    3.768751] c1 163 (sdrs) bridge: lmi45 found! 
<7>[    3.768774] c1 163 (sdrs) modem: add bridge lmi46 
<7>[    3.769112] c3 163 (sdrs) bridge: lmi46 found! 
<7>[    3.769136] c3 163 (sdrs) modem: add bridge lmi47 
<7>[    3.769421] c3 163 (sdrs) bridge: lmi47 found! 
<7>[    3.769475] c3 163 (sdrs) modem: add bridge socbridge 
<7>[    3.769748] c3 163 (sdrs) bridge: socbridge found! 
<6>[    3.781155] c3 163 (sdrs) modem: load modemarm 1272448 bytes
<6>[    3.793288] c3 163 (sdrs) modem: load modemdsp_gnd 1483856 bytes
<7>[    3.817084] c3 163 (sdrs) modem: t0 0:0
<7>[    3.817084] t1 315532805:389902
<7>[    3.817084] t2 0:0
<7>[    3.817084] t3 0:0
<7>[    3.817084] t4 315532805:435890
<7>[    3.817084] t5 315532805:435892
<7>[    3.817127] c3 163 (sdrs) modem: run modem count 1 , status 3.
<7>[    3.819965] c3 163 (sdrs) bridge: lmi0: cp not ready 0
<7>[    3.920083] c3 163 (sdrs) bridge: lmi0: cp not ready 0
<4>[    3.973133] c0 74 (kworker/u10:2) USB_OTG: comip_otg_event: begin last_id 1 last_state 2 curr_id 0 curr_state 1
<4>[    3.973148] c0 74 (kworker/u10:2) USB_OTG: comip_otg_start_gadget: 227, on = 0
<6>[    3.975427] c0 36 (kworker/0:1) android_work: did not send uevent (0 0   (null))
<11>[    3.976174] c1 82 (ueventd) init: remove network interface: rndis0
<11>[    4.009825] c3 1 (init) init: untracked pid 178 exited
<7>[    4.021082] c3 163 (sdrs) bridge: lmi0: cp not ready 0
<7>[    4.122080] c3 163 (sdrs) bridge: lmi0: cp not ready 0
<6>[    4.127755] c1 61 (kworker/1:1) comip-u2d comip-u2d: vbus insert
<4>[    4.127770] c1 61 (kworker/1:1) USB power should be on.
<7>[    4.223081] c3 163 (sdrs) bridge: lmi0: cp not ready 0
<6>[    4.316076] c1 15 (kworker/1:0) comip_codec comip_codec: lc1160_irq_work_handle: status = 0x2
<6>[    4.322057] c1 15 (kworker/1:0) lc1160_switch_to_speaker
<6>[    4.322227] c1 15 (kworker/1:0) comip_codec comip_codec: jack removed !!!
<7>[    4.324076] c3 163 (sdrs) bridge: lmi0: cp ready ok
<7>[    4.324099] c3 163 (sdrs) bridge: open lmi0 ok.
<7>[    4.324221] c2 220 (dji_hdvt_gnd) bridge: lmi6: cp ready ok
<7>[    4.324237] c2 220 (dji_hdvt_gnd) bridge: open lmi6 ok.
<7>[    4.324326] c1 173 (sdrs_log) bridge: lmi10: cp ready ok
<7>[    4.324342] c1 173 (sdrs_log) bridge: open lmi10 ok.
<7>[    4.324636] c1 173 (sdrs_log) bridge: TPC0: cp ready ok
<7>[    4.324652] c1 173 (sdrs_log) bridge: open TPC0 ok.
<7>[    4.324916] c1 173 (sdrs_log) bridge: TPC1: cp ready ok
<7>[    4.324933] c1 173 (sdrs_log) bridge: open TPC1 ok.
<7>[    4.333119] c3 163 (sdrs) bridge: close lmi0 .
<6>[    4.362480] c3 220 (dji_hdvt_gnd) sdr: sdr_open
<6>[    4.363357] c3 220 (dji_hdvt_gnd) sdr: shm:
<6>[    4.363357] ma d0c06000
<6>[    4.363357] ma->buffer_base 17801040
<6>[    4.363357] ma->elem_size 2f7600
<6>[    4.363357] ma->buf_num 16
<6>[    4.363357] ma->reinited 1
<6>[    4.375727] c3 220 (dji_hdvt_gnd) uart1 already has set quot! baud 9600, quot 60!
<6>[    4.375750] c3 220 (dji_hdvt_gnd) uart1 new lcr is 0x3, cval = 0x13
<6>[    4.375837] c3 220 (dji_hdvt_gnd) uart1 is settting quot! baud 115200, quot 8!
<4>[    4.375852] c3 220 (dji_hdvt_gnd) write reg 0xc passes, val 0x93
<4>[    4.375865] c3 220 (dji_hdvt_gnd) write reg 0x0 passes, val 0x8
<4>[    4.375877] c3 220 (dji_hdvt_gnd) write reg 0x4 passes, val 0x0
<4>[    4.375927] c3 220 (dji_hdvt_gnd) write reg 0xc passes, val 0x13
<6>[    4.375943] c3 220 (dji_hdvt_gnd) uart1 new lcr is 0x13, cval = 0x13
<7>[    4.377136] c3 220 (dji_hdvt_gnd) bridge: lmi4: cp ready ok
<7>[    4.377151] c3 220 (dji_hdvt_gnd) bridge: open lmi4 ok.
<7>[    4.377527] c3 220 (dji_hdvt_gnd) bridge: lmi7: cp ready ok
<7>[    4.377540] c3 220 (dji_hdvt_gnd) bridge: open lmi7 ok.
<7>[    4.384955] c3 220 (dji_hdvt_gnd) bridge: lmi5: cp ready ok
<7>[    4.384974] c3 220 (dji_hdvt_gnd) bridge: open lmi5 ok.
<4>[    4.392094] c1 61 (kworker/1:1) u2d_usb_init
<6>[    4.395410] c3 220 (dji_hdvt_gnd) adc_a_open is called.
<6>[    4.395502] c3 220 (dji_hdvt_gnd) adc_b_open is called.
<6>[    4.398380] c1 61 (kworker/1:1) comip-u2d comip-u2d: otg_ohy_status detected = 0x1
<6>[    4.398399] c1 61 (kworker/1:1) PC detected!
<6>[    4.398475] c2 482 (hdvt_work) modem: modem open ref 1, status 3
<6>[    4.398492] c2 482 (hdvt_work) modem: modem status(3) != MODEM_RELEASE.open modem again! 
<6>[    4.421221] c3 497 (sh) modem: modem release ref 2, status 3
<6>[    4.434101] c3 510 (dji_hdvt_gnd) usbcore: registered new interface driver usb_aoa
<4>[    4.434124] c3 510 (dji_hdvt_gnd) aoa start ok
<6>[    4.434162] c2 220 (dji_hdvt_gnd) usbcore: registered new interface driver apple_roleswitch
<4>[    4.434274] c2 220 (dji_hdvt_gnd) apple roleswitch start ok
<4>[    4.435146] c1 511 (mfi_dev_timer_k) mfi_dev_timer_kthread start
<6>[    4.488219] c1 61 (kworker/1:1) android_work: did not send uevent (0 0   (null))
<4>[    3.975194] c1 74 (kworker/u10:2) u2d:E: comip_ep_dequeue:return ep:0 c05aa68c:cf76ce80:1:1!!
<6>[    4.488493] c1 74 (kworker/u10:2) unloading
<4>[    4.513072] c1 74 (kworker/u10:2) USB_OTG: set vbus power 0
<4>[    4.614082] c1 74 (kworker/u10:2) USB_OTG: set vbus power 1
<4>[    4.715085] c1 74 (kworker/u10:2) USB_OTG: comip_otg_start_host: 186, on = 1
<4>[    4.728291] c1 74 (kworker/u10:2) USB_OTG: comip_otg_start_host:host on......c05a3740
<4>[    4.728333] c1 74 (kworker/u10:2) LZS comip_hcd_driver_start: 1251, enter
<4>[    4.728363] c1 74 (kworker/u10:2) enter comip_hcd_driver_start:id=0
<4>[    4.728385] c1 74 (kworker/u10:2) USB power should be on.
<7>[    4.733444] c1 74 (kworker/u10:2) hcd:I: comip_hcd_driver_start init_reg
<4>[    4.734466] c1 74 (kworker/u10:2) LZS set_usb_init_reg: 192, AP_PWR_PDFSM_ST1=0x00077000
<4>[    4.936560] c1 74 (kworker/u10:2) hcd:Using Descriptor DMA mode
<4>[    4.936574] c1 74 (kworker/u10:2) hcd:Periodic Transfer Interrupt Enhancement - disabled
<4>[    4.936588] c1 74 (kworker/u10:2) hcd:Multiprocessor Interrupt Enhancement - disabled
<4>[    4.936602] c1 74 (kworker/u10:2) hcd:OTG VER PARAM: 1, OTG VER FLAG: 1
<4>[    4.936653] c1 74 (kworker/u10:2) hcd:Init: Power Port (0)
<7>[    4.938159] c3 74 (kworker/u10:2) hcd:I: comip_hcd_driver_start end
<7>[    5.146541] c3 536 (ip) bridge: lmi42: cp ready ok
<7>[    5.146562] c3 536 (ip) bridge: open lmi42 ok.
<4>[    5.239072] c3 74 (kworker/u10:2) USB_OTG: state change not supported 2!
<4>[    5.239099] c3 74 (kworker/u10:2) USB_OTG: comip_otg_event: end   last_id 0 last_state 1 curr_id 0 curr_state 1
<11>[    7.971915] c1 1 (init) init: untracked pid 648 exited
<6>[   22.011505] c0 482 (hdvt_work) modem: modem open ref 1, status 3
<6>[   22.011527] c0 482 (hdvt_work) modem: modem status(3) != MODEM_RELEASE.open modem again! 
<6>[   22.030387] c1 482 (hdvt_work) modem: modem release ref 2, status 3
<7>[   22.833681] c2 466 (dji_hdvt_gnd) bridge: start_xmit info: lmi42 xmit skb cac39900 CP busy!
<7>[   22.861957] c0 1312 (sh) bridge: start_xmit info: lmi42 xmit skb cac39900 CP ready!
<7>[   22.887587] c0 36 (kworker/0:1) bridge: start_xmit info: lmi42 xmit skb cac896c0 CP busy!
<7>[   22.946403] c0 68 (mmcqd/0) bridge: start_xmit info: lmi42 xmit skb cac896c0 CP ready!
<7>[   22.948504] c0 0 (swapper/0) bridge: start_xmit info: lmi42 xmit skb cac896c0 CP busy!
<7>[   23.016907] c0 293 (MB_Socket_Recei) bridge: start_xmit info: lmi42 xmit skb cac896c0 CP ready!
<7>[   29.083156] c3 517 (dji_hdvt_gnd) bridge: start_xmit info: lmi42 xmit skb cac6b480 CP busy!
<7>[   29.101563] c0 293 (MB_Socket_Recei) bridge: start_xmit info: lmi42 xmit skb cac6b480 CP ready!
<7>[   35.052175] c2 517 (dji_hdvt_gnd) bridge: start_xmit info: lmi42 xmit skb cf5df480 CP busy!
<7>[   35.073564] c0 490 (keyscan_task) bridge: start_xmit info: lmi42 xmit skb cf5df480 CP ready!
<7>[   50.252193] c3 466 (dji_hdvt_gnd) bridge: start_xmit info: lmi42 xmit skb ce38bc00 CP busy!
<7>[   50.313571] c0 0 (swapper/0) bridge: start_xmit info: lmi42 xmit skb ce38bc00 CP ready!
<7>[   92.544129] c2 466 (dji_hdvt_gnd) bridge: start_xmit info: lmi42 xmit skb ce2953c0 CP busy!
<7>[   92.596840] c0 293 (MB_Socket_Recei) bridge: start_xmit info: lmi42 xmit skb ce2953c0 CP ready!
<7>[  104.647158] c2 517 (dji_hdvt_gnd) bridge: start_xmit info: lmi42 xmit skb cac70180 CP busy!
<7>[  104.681613] c0 490 (keyscan_task) bridge: start_xmit info: lmi42 xmit skb cac70180 CP ready!
<7>[  113.749823] c0 447 (dji_hdvt_gnd) bridge: start_xmit info: lmi42 xmit skb ce71dcc0 CP busy!
<7>[  113.836879] c0 293 (MB_Socket_Recei) bridge: start_xmit info: lmi42 xmit skb ce71dcc0 CP ready!
<7>[  122.844244] c0 447 (dji_hdvt_gnd) bridge: start_xmit info: lmi42 xmit skb ce563180 CP busy!
<7>[  122.879598] c0 5296 (sh) bridge: start_xmit info: lmi42 xmit skb ce563180 CP ready!
<7>[  141.071159] c1 517 (dji_hdvt_gnd) bridge: start_xmit info: lmi42 xmit skb ce71fb40 CP busy!
<7>[  141.133622] c0 0 (swapper/0) bridge: start_xmit info: lmi42 xmit skb ce71fb40 CP ready!
<7>[  144.097130] c1 0 (swapper/1) bridge: start_xmit info: lmi42 xmit skb cac223b0 CP busy!
<7>[  144.197201] c0 66 (irq/336-mlx9039) bridge: start_xmit info: lmi42 xmit skb cac223b0 CP ready!
<7>[  147.105146] c1 517 (dji_hdvt_gnd) bridge: start_xmit info: lmi42 xmit skb cac89c00 CP busy!
<7>[  147.119818] c0 490 (keyscan_task) bridge: start_xmit info: lmi42 xmit skb cac89c00 CP ready!
<7>[  150.091007] c0 447 (dji_hdvt_gnd) bridge: start_xmit info: lmi42 xmit skb ce256240 CP busy!
<7>[  150.148092] c0 458 (1643_recv_threa) bridge: start_xmit info: lmi42 xmit skb ce256240 CP ready!
<7>[  180.444335] c0 447 (dji_hdvt_gnd) bridge: start_xmit info: lmi42 xmit skb ce78ff00 CP busy!
<7>[  180.529448] c0 458 (1643_recv_threa) bridge: start_xmit info: lmi42 xmit skb ce78ff00 CP ready!
<7>[  240.998442] c0 447 (dji_hdvt_gnd) bridge: start_xmit info: lmi42 xmit skb cacd7a80 CP busy!
<7>[  241.094881] c0 0 (swapper/0) bridge: start_xmit info: lmi42 xmit skb cacd7a80 CP ready!
<7>[  250.105963] c0 447 (dji_hdvt_gnd) bridge: start_xmit info: lmi42 xmit skb ce71b000 CP busy!
<7>[  250.151669] c0 490 (keyscan_task) bridge: start_xmit info: lmi42 xmit skb ce71b000 CP ready!
<7>[  265.196204] c0 447 (dji_hdvt_gnd) bridge: start_xmit info: lmi42 xmit skb ce7c3180 CP busy!
<7>[  265.278889] c0 490 (keyscan_task) bridge: start_xmit info: lmi42 xmit skb ce7c3180 CP ready!
<7>[  310.625970] c0 447 (dji_hdvt_gnd) bridge: start_xmit info: lmi42 xmit skb ce3403c0 CP busy!
<7>[  310.674823] c0 0 (swapper/0) bridge: start_xmit info: lmi42 xmit skb ce3403c0 CP ready!
<7>[  325.823180] c1 517 (dji_hdvt_gnd) bridge: start_xmit info: lmi42 xmit skb ce3c2b40 CP busy!
<7>[  325.900764] c0 490 (keyscan_task) bridge: start_xmit info: lmi42 xmit skb ce3c2b40 CP ready!
<7>[  331.889770] c0 447 (dji_hdvt_gnd) bridge: start_xmit info: lmi42 xmit skb cac8ccc0 CP busy!
<7>[  331.997252] c0 490 (keyscan_task) bridge: start_xmit info: lmi42 xmit skb cac8ccc0 CP ready!
<7>[  334.892009] c0 447 (dji_hdvt_gnd) bridge: start_xmit info: lmi42 xmit skb cac723c0 CP busy!
<7>[  334.957493] c0 473 (MB_WL_Receiver) bridge: start_xmit info: lmi42 xmit skb cac723c0 CP ready!
<7>[  368.232158] c2 517 (dji_hdvt_gnd) bridge: start_xmit info: lmi42 xmit skb ce3ba180 CP busy!
<7>[  368.268296] c0 0 (swapper/0) bridge: start_xmit info: lmi42 xmit skb ce3ba180 CP ready!
<7>[  395.384915] c0 447 (dji_hdvt_gnd) bridge: start_xmit info: lmi42 xmit skb ceba4780 CP busy!
<7>[  395.508764] c0 0 (swapper/0) bridge: start_xmit info: lmi42 xmit skb ceba4780 CP ready!
<7>[  531.745872] c0 447 (dji_hdvt_gnd) bridge: start_xmit info: lmi42 xmit skb ce565480 CP busy!
<7>[  531.837787] c0 0 (swapper/0) bridge: start_xmit info: lmi42 xmit skb ce565480 CP ready!
<7>[  580.553140] c3 466 (dji_hdvt_gnd) bridge: start_xmit info: lmi42 xmit skb ce38ca80 CP busy!
<7>[  580.557493] c0 490 (keyscan_task) bridge: start_xmit info: lmi42 xmit skb ce38ca80 CP ready!
<7>[  656.063990] c0 447 (dji_hdvt_gnd) bridge: start_xmit info: lmi42 xmit skb ce55e3c0 CP busy!
<7>[  656.193889] c0 0 (swapper/0) bridge: start_xmit info: lmi42 xmit skb ce55e3c0 CP ready!
<7>[  661.543183] c2 447 (dji_hdvt_gnd) bridge: start_xmit info: lmi42 xmit skb ce9d0600 CP busy!
<7>[  661.616668] c0 490 (keyscan_task) bridge: start_xmit info: lmi42 xmit skb ce9d0600 CP ready!
<7>[  662.363115] c0 490 (keyscan_task) bridge: start_xmit info: lmi42 xmit skb ce3980b0 CP busy!
<7>[  662.912442] c0 490 (keyscan_task) bridge: start_xmit info: lmi42 xmit skb ce3980b0 CP ready!
<7>[  663.404747] c2 444 (dji_hdvt_gnd) bridge: start_xmit info: lmi42 xmit skb ce204e40 CP busy!
<7>[  663.729346] c0 26991 (grep) bridge: start_xmit info: lmi42 xmit skb ce204e40 CP ready!


!!!New kernel log start!!!

<6>[    0.000000] c0 0 (swapper) Booting Linux on physical CPU 0x100
<6>[    0.000000] c0 0 (swapper) Initializing cgroup subsys cpu
<6>[    0.000000] c0 0 (swapper) Initializing cgroup subsys cpuacct
<5>[    0.000000] c0 0 (swapper) Linux version 3.10.62 (jenkins@APServer01) (gcc version 4.7 (GCC) ) #1 SMP PREEMPT Wed Jun 13 22:38:10 CST 2018
<4>[    0.000000] c0 0 (swapper) CPU: ARMv7 Processor [410fc075] revision 5 (ARMv7), cr=10c5387d
<4>[    0.000000] c0 0 (swapper) CPU: PIPT / VIPT nonaliasing data cache, VIPT aliasing instruction cache
<4>[    0.000000] c0 0 (swapper) Machine: Leadcore Innopower
<4>[    0.000000] c0 0 (swapper) start comip_parse_tag_mem_ext.
<4>[    0.000000] c0 0 (swapper) Physical memory layout:
<4>[    0.000000] c0 0 (swapper)     DRAM Bank1  : 0x00000000 - 0x20000000  ( 512 MB)
<4>[    0.000000] c0 0 (swapper)     Modem       : 0x00000000 - 0x06400000  ( 100 MB)
<4>[    0.000000] c0 0 (swapper)     Kernel Bank1: 0x06400000 - 0x16800000  ( 260 MB)
<4>[    0.000000] c0 0 (swapper)     Framebuffer : 0x16800000 - 0x17800000  (  16 MB)
<4>[    0.000000] c0 0 (swapper)     ON2         : 0x17800000 - 0x1f800000  ( 128 MB)
<4>[    0.000000] c0 0 (swapper)     TrustZone   : 0x1f800000 - 0x20000000  (   8 MB)
<4>[    0.000000] c0 0 (swapper) Ignoring unrecognised tag 0x54410101
<7>[    0.000000] c0 0 (swapper) Boot mode: normal
<6>[    0.000000] c0 0 (swapper) Main VOUT: 7250/9000
<4>[    0.000000] c0 0 (swapper) Chip id: 0x442db66b, rom id: 0x1, bb id: 0x282e05
<4>[    0.000000] c0 0 (swapper) Ignoring unrecognised tag 0x54410105
<4>[    0.000000] c0 0 (swapper) Memory policy: ECC disabled, Data cache writealloc
<4>[    0.000000] c0 0 (swapper) ddr_pwr_pll_mclk rate:1066000000
<4>[    0.000000] c0 0 (swapper) pll0_out rate:988000000
<4>[    0.000000] c0 0 (swapper) pll1_out rate:1248000000
<4>[    0.000000] c0 0 (swapper) A7 rate: 988000000, gr:16
<7>[    0.000000] c0 0 (swapper) On node 0 totalpages: 66560
<7>[    0.000000] c0 0 (swapper) free_area_init_node: node 0, pgdat c05ecd00, node_mem_map c0956000
<7>[    0.000000] c0 0 (swapper)   Normal zone: 520 pages used for memmap
<7>[    0.000000] c0 0 (swapper)   Normal zone: 0 pages reserved
<7>[    0.000000] c0 0 (swapper)   Normal zone: 66560 pages, LIFO batch:15
<4>[    0.000000] c0 0 (swapper) mcpm_smp_init_cpus: cores number:5
<6>[    0.000000] c0 0 (swapper) cpu logical map 0x100
<6>[    0.000000] c0 0 (swapper) cpu logical map 0x101
<6>[    0.000000] c0 0 (swapper) cpu logical map 0x102
<6>[    0.000000] c0 0 (swapper) cpu logical map 0x103
<6>[    0.000000] c0 0 (swapper) cpu logical map 0x0
<6>[    0.000000] c0 0 (swapper) PERCPU: Embedded 9 pages/cpu @c0b64000 s12928 r8192 d15744 u36864
<7>[    0.000000] c0 0 (swapper) pcpu-alloc: s12928 r8192 d15744 u36864 alloc=9*4096
<7>[    0.000000] c0 0 (swapper) pcpu-alloc: [0] 0 [0] 1 [0] 2 [0] 3 [0] 4 
<4>[    0.000000] c0 0 (swapper) Built 1 zonelists in Zone order, mobility grouping on.  Total pages: 66040
<5>[    0.000000] c0 0 (swapper) Kernel command line: watchdog_thresh=3 console=ttyS3,921600 vmalloc=412M maxcpus=4 android firmware_class.path=/vendor/firmware isolcpus=4 initrd=0x07400000,1M lcpart=mmcblk0=gpt:0:2000:200,ddr:2000:2000:200,env:4000:2000:200,panic:6000:2000:200,amt:8000:20000:200,factory:28000:4000:200,factory_out:2c000:4000:200,recovery:30000:8000:200,normal:38000:8000:200,system:40000:40000:200,vendor:80000:20000:200,cache:a0000:80000:200,blackbox:120000:400000:200,userdata:520000:228000:200  chip_sn=6bb62d44 board_sn=08XUEC90060K1K production quiet board_id=0xe2200104
<6>[    0.000000] c0 0 (swapper) board_id = 0xe2200104
<6>[    0.000000] c0 0 (swapper) PID hash table entries: 2048 (order: 1, 8192 bytes)
<6>[    0.000000] c0 0 (swapper) Dentry cache hash table entries: 65536 (order: 6, 262144 bytes)
<6>[    0.000000] c0 0 (swapper) Inode-cache hash table entries: 32768 (order: 5, 131072 bytes)
<6>[    0.000000] c0 0 (swapper) allocated 532480 bytes of page_cgroup
<6>[    0.000000] c0 0 (swapper) please try 'cgroup_disable=memory' option if you don't want memory cgroups
<6>[    0.000000] c0 0 (swapper) Memory: 260MB = 260MB total
<5>[    0.000000] c0 0 (swapper) Memory: 252448k/252448k available, 13792k reserved, 0K highmem
<5>[    0.000000] c0 0 (swapper) Virtual kernel memory layout:
<5>[    0.000000]     vector  : 0xffff0000 - 0xffff1000   (   4 kB)
<5>[    0.000000]     fixmap  : 0xfff00000 - 0xfffe0000   ( 896 kB)
<5>[    0.000000]     vmalloc : 0xd0800000 - 0xff000000   ( 744 MB)
<5>[    0.000000]     lowmem  : 0xc0000000 - 0xd0400000   ( 260 MB)
<5>[    0.000000]     pkmap   : 0xbfe00000 - 0xc0000000   (   2 MB)
<5>[    0.000000]     modules : 0xbf000000 - 0xbfe00000   (  14 MB)
<5>[    0.000000]       .text : 0xc0008000 - 0xc054486c   (5363 kB)
<5>[    0.000000]       .init : 0xc0545000 - 0xc057d280   ( 225 kB)
<5>[    0.000000]       .data : 0xc057e000 - 0xc05f0bb0   ( 459 kB)
<5>[    0.000000]        .bss : 0xc05f0bb0 - 0xc094d090   (3442 kB)
<6>[    0.000000] c0 0 (swapper) SLUB: HWalign=64, Order=0-3, MinObjects=0, CPUs=5, Nodes=1
<6>[    0.000000] c0 0 (swapper/0) Preemptible hierarchical RCU implementation.
<6>[    0.000000] c0 0 (swapper/0) 	Additional per-CPU info printed with stalls.
<6>[    0.000000] c0 0 (swapper/0) NR_IRQS:458
<6>[    0.000000] c0 0 (swapper/0) sched_clock: 32 bits at 13MHz, resolution 76ns, wraps every 330382ms
<6>[    0.000000] c0 0 (swapper/0) Switching to timer-based delay loop
<6>[    0.000000] c0 0 (swapper/0) uart3 is settting quot! baud 921600, quot 1!
<4>[    0.000000] c0 0 (swapper/0) write reg 0xc passes, val 0x93
<4>[    0.000000] c0 0 (swapper/0) write reg 0x0 passes, val 0x1
<4>[    0.000000] c0 0 (swapper/0) write reg 0x4 passes, val 0x0
<4>[    0.000000] c0 0 (swapper/0) write reg 0xc passes, val 0x13
<6>[    0.000000] c0 0 (swapper/0) uart3 new lcr is 0x13, cval = 0x13
<6>[    0.000000] c0 0 (swapper/0) console [ttyS3] enabled
<6>[    0.000000] c0 0 (swapper/0) Console: colour dummy device 80x30
<6>[    0.000655] c0 0 (swapper/0) Calibrating delay loop (skipped), value calculated using timer frequency.. 26.00 BogoMIPS (lpj=13000)
<6>[    0.000678] c0 0 (swapper/0) pid_max: default: 32768 minimum: 301
<6>[    0.001013] c0 0 (swapper/0) Mount-cache hash table entries: 512
<6>[    0.002374] c0 0 (swapper/0) Initializing cgroup subsys debug
<6>[    0.002392] c0 0 (swapper/0) Initializing cgroup subsys memory
<6>[    0.002444] c0 0 (swapper/0) Initializing cgroup subsys freezer
<6>[    0.002498] c0 0 (swapper/0) CPU: Testing write buffer coherency: ok
<6>[    0.002884] c0 1 (swapper/0) CPU0: thread -1, cpu 0, socket 1, mpidr 80000100
<6>[    0.002926] c0 1 (swapper/0) Setting up static identity map for 0xc03c2850 - 0xc03c2900
<6>[    0.002955] c0 1 (swapper/0) pm initialized success 
<7>[    0.010870] c1 0 (swapper/1) CPU1: Booted secondary processor
<6>[    0.010889] c1 0 (swapper/1) CPU1: thread -1, cpu 1, socket 1, mpidr 80000101
<7>[    0.013839] c2 0 (swapper/2) CPU2: Booted secondary processor
<6>[    0.013857] c2 0 (swapper/2) CPU2: thread -1, cpu 2, socket 1, mpidr 80000102
<7>[    0.016849] c3 0 (swapper/3) CPU3: Booted secondary processor
<6>[    0.016867] c3 0 (swapper/3) CPU3: thread -1, cpu 3, socket 1, mpidr 80000103
<6>[    0.017002] c0 1 (swapper/0) Brought up 4 CPUs
<6>[    0.017042] c0 1 (swapper/0) SMP: Total of 4 processors activated (104.00 BogoMIPS).
<6>[    0.017055] c0 1 (swapper/0) CPU: All CPU(s) started in SVC mode.
<6>[    0.039496] c0 1 (swapper/0) NET: Registered protocol family 16
<6>[    0.044226] c0 1 (swapper/0) DMA: preallocated 4096 KiB pool for atomic coherent allocations
<6>[    0.044397] c0 1 (swapper/0) Android kernel panic handler initialized (bind=panic)
<4>[    0.045180] c0 1 (swapper/0) comip_init_common_mfp p_otg->fsm.id=0
<7>[    0.047720] c0 1 (swapper/0) addr 0xe100c220: 0x00000000
<7>[    0.047735] c0 1 (swapper/0) addr 0xe100c224: 0x00000000
<7>[    0.047750] c0 1 (swapper/0) addr 0xe100c228: 0x00000000
<7>[    0.047764] c0 1 (swapper/0) addr 0xe100c22c: 0x00000000
<7>[    0.047778] c0 1 (swapper/0) addr 0xe100c230: 0x00000000
<7>[    0.047793] c0 1 (swapper/0) addr 0xe100c234: 0x00000000
<7>[    0.047807] c0 1 (swapper/0) addr 0xe100c238: 0x00000000
<7>[    0.047821] c0 1 (swapper/0) addr 0xe100c23c: 0x00000000
<7>[    0.047835] c0 1 (swapper/0) addr 0xe100c240: 0x00000000
<7>[    0.047849] c0 1 (swapper/0) addr 0xe100c244: 0x00000000
<7>[    0.047863] c0 1 (swapper/0) addr 0xe100c248: 0x00000000
<7>[    0.047877] c0 1 (swapper/0) addr 0xe100c24c: 0x00000000
<7>[    0.047890] c0 1 (swapper/0) addr 0xe100c250: 0x00000000
<7>[    0.047902] c0 1 (swapper/0) addr 0xe100c254: 0x00000000
<7>[    0.047916] c0 1 (swapper/0) addr 0xe100c258: 0x00000000
<7>[    0.047929] c0 1 (swapper/0) addr 0xe100c25c: 0x00000000
<7>[    0.047942] c0 1 (swapper/0) addr 0xe100a120: 0x00000000
<7>[    0.047957] c0 1 (swapper/0) addr 0xe100a124: 0x00000000
<7>[    0.047971] c0 1 (swapper/0) addr 0xe100a128: 0x00000000
<7>[    0.047985] c0 1 (swapper/0) addr 0xe100a12c: 0x00000000
<7>[    0.047999] c0 1 (swapper/0) addr 0xe100a130: 0x00000000
<6>[    0.048908] c0 1 (swapper/0) hw-breakpoint: found 5 (+1 reserved) breakpoint and 4 watchpoint registers.
<6>[    0.048922] c0 1 (swapper/0) hw-breakpoint: maximum watchpoint size is 8 bytes.
<6>[    0.049490] c0 1 (swapper/0) i2c->adap.nr = 0, i2c->flags = 0x2
<3>[    0.049508] c0 1 (swapper/0) i2c-0: clock: 26000000, speed:400000
<6>[    0.050743] c0 1 (swapper/0) i2c->adap.nr = 1, i2c->flags = 0x2
<3>[    0.050759] c0 1 (swapper/0) i2c-1: clock: 26000000, speed:400000
<6>[    0.051977] c0 1 (swapper/0) i2c->adap.nr = 4, i2c->flags = 0x1
<3>[    0.051998] c0 1 (swapper/0) i2c-4: clock: 10660000, speed:100000
<6>[    0.053318] c0 1 (swapper/0) comip-pwm comip-pwm: comip_pwm_probe
<6>[    0.053721] c0 1 (swapper/0) comip-spi comip-spi.0: master is unqueued, this is deprecated
<6>[    0.053993] c0 1 (swapper/0) comip-spi comip-spi.1: master is unqueued, this is deprecated
<6>[    0.054275] c0 1 (swapper/0) comip-spi comip-spi.2: master is unqueued, this is deprecated
<6>[    0.089418] c0 1 (swapper/0) LC1160: version 0x10, eco no 0, rtc version 1
<6>[    0.090340] c0 1 (swapper/0) parse_bootup_reason: value from 0x5c reg is: 0x1
<6>[    0.090353] c0 1 (swapper/0) parse_bootup_reason: +++++++++start of day reason: onkey
<6>[    0.090367] c0 1 (swapper/0) parse_shutdown_reason: value from 0x5d reg is: 0x0
<6>[    0.090381] c0 1 (swapper/0) parse_shutdown_reason: ----------last end of day reason: unknown
<6>[    0.091198] c0 1 (swapper/0) LC1160: Raw startup 0x01(pwr_key),raw shutdown 0x00(), saved shutdown 0x00()
<6>[    0.091670] c0 1 (swapper/0) LC1160: Power on reason(power_key), reboot reason(null)
<6>[    0.094906] c0 1 (swapper/0) PMIC_DCDC5 SET VOUT = 1200 mv
<6>[    0.095716] c0 1 (swapper/0) PMIC_DCDC7 SET VOUT = 1800 mv
<6>[    0.138252] c0 1 (swapper/0) comip_monitor_probe 
<6>[    0.143308] c0 1 (swapper/0) bio: create slab <bio-0> at 0
<5>[    0.144390] c0 1 (swapper/0) SCSI subsystem initialized
<6>[    0.144545] c0 1 (swapper/0) usbcore: registered new interface driver usbfs
<6>[    0.144613] c0 1 (swapper/0) usbcore: registered new interface driver hub
<6>[    0.144736] c0 1 (swapper/0) usbcore: registered new device driver usb
<6>[    0.145003] c0 1 (swapper/0) i2c-gpio i2c-gpio.6: using pins 131 (SDA) and 129 (SCL)
<6>[    0.145173] c0 1 (swapper/0) i2c-gpio i2c-gpio.7: using pins 201 (SDA) and 202 (SCL)
<6>[    0.145328] c0 1 (swapper/0) i2c-gpio i2c-gpio.8: using pins 157 (SDA) and 159 (SCL)
<6>[    0.145466] c0 1 (swapper/0) i2c-gpio i2c-gpio.9: using pins 219 (SDA) and 221 (SCL)
<6>[    0.145612] c0 1 (swapper/0) i2c-gpio i2c-gpio.10: using pins 161 (SDA) and 163 (SCL)
<6>[    0.145936] c0 1 (swapper/0) Advanced Linux Sound Architecture Driver Initialized.
<6>[    0.147353] c0 1 (swapper/0) input: lc1160_adc_a as /devices/platform/lc11xx_adc/input/input0
<6>[    0.147561] c0 1 (swapper/0) input: lc1160_adc_b as /devices/platform/lc11xx_adc/input/input1
<6>[    0.147623] c0 1 (swapper/0) lc1160_adc: probe success
<6>[    0.147873] c0 1 (swapper/0) Switching to clocksource timer3_clk
<4>[    0.175991] c1 1 (swapper/0) USB_OTG: comip_usb_otg_early_init
<4>[    0.176081] c1 1 (swapper/0) USB_OTG: comip_otg_early_probe
<4>[    0.277010] c1 1 (swapper/0) comip_otg_ctrl_gpio_init WM220: set vbus 1, read back vbus 0
<6>[    0.277291] c1 1 (swapper/0) NET: Registered protocol family 2
<6>[    0.278307] c1 1 (swapper/0) TCP established hash table entries: 4096 (order: 3, 32768 bytes)
<6>[    0.278410] c1 1 (swapper/0) TCP bind hash table entries: 4096 (order: 4, 98304 bytes)
<6>[    0.278537] c1 1 (swapper/0) TCP: Hash tables configured (established 4096 bind 4096)
<6>[    0.278624] c1 1 (swapper/0) TCP: reno registered
<6>[    0.278645] c1 1 (swapper/0) UDP hash table entries: 256 (order: 2, 16384 bytes)
<6>[    0.278706] c1 1 (swapper/0) UDP-Lite hash table entries: 256 (order: 2, 16384 bytes)
<6>[    0.279149] c1 1 (swapper/0) NET: Registered protocol family 1
<6>[    0.279445] c1 1 (swapper/0) Unpacking initramfs...
<0>[    0.305860] c3 1 (swapper/0) Initramfs unpacking failed: junk in compressed archive
<6>[    0.308541] c3 1 (swapper/0) Freeing initrd memory: 1024K (c1000000 - c1100000)
<6>[    0.309052] c3 1 (swapper/0) CPU PMU: probing PMU on CPU 3
<6>[    0.309086] c3 1 (swapper/0) hw perfevents: enabled with ARMv7 Cortex-A7 PMU driver, 5 counters available
<3>[    0.309466] c3 1 (swapper/0) modem: comip_register_reboot_callback faild, non init
<6>[    0.310758] c3 1 (swapper/0) sdr: devices driver up version v1.0.1, build time Jun 13 2018 22:36:54
<6>[    0.310828] c3 1 (swapper/0) comip_wdt_probe: AP_PWR_LP_CTL 607
<6>[    0.310965] c3 1 (swapper/0) comip_wdt_probe: AP_PWR_LP_CTL 600
<6>[    0.311026] c3 1 (swapper/0) comip_wdt_probe: AP_PWR_LP_CTL 600
<6>[    0.311081] c3 1 (swapper/0) comip_wdt_probe: AP_PWR_LP_CTL 600
<6>[    0.312285] c3 1 (swapper/0) comip_snd_soc comip_snd_soc.0: comip_snd_soc_probe
<6>[    0.313240] c3 1 (swapper/0) comip-uart.0: ttyS0 at MMIO 0x0 (irq = 72) is a uart0
<6>[    0.313586] c3 1 (swapper/0) comip-uart.1: ttyS1 at MMIO 0x0 (irq = 73) is a uart1
<6>[    0.313904] c3 1 (swapper/0) comip-uart.2: ttyS2 at MMIO 0x0 (irq = 74) is a uart2
<6>[    0.314287] c3 1 (swapper/0) comip-uart.3: ttyS3 at MMIO 0x0 (irq = 89) is a uart3
<7>[    0.319992] c3 1 (swapper/0) mmc-1: set mmc clock rate to 400000
<7>[    0.326196] c3 1 (swapper/0) mmc-0: card detect 0. gpio 243.
<3>[    0.326364] c3 1 (swapper/0) comip_mmc0_set_power: set card vdd ret = -6 vdd = 16
<7>[    0.332983] c3 1 (swapper/0) mmc-0: set mmc clock rate to 400000
<7>[    0.344987] c3 1 (swapper/0) mmc-2: set mmc clock rate to 400000
<6>[    0.351123] c3 1 (swapper/0) ion-lc ion-lc: lc_ion_probe
<6>[    0.351288] c3 1 (swapper/0) ion: creat /dev/ion success
