<3>[  313.939700] c0 12999 (iap2_task) i2c-1: wait rx timeout!
<3>[  313.940750] c0 12999 (iap2_task) i2c-1-0x11: xfer error -110.
<4>[  313.941949] c1 12999 (iap2_task) mfi_i2c_read_bytes i2c_master_recv_retry error -110
<3>[  314.085251] c2 12999 (iap2_task) i2c-1: wait rx timeout!
<3>[  314.086229] c2 12999 (iap2_task) i2c-1-0x11: xfer error -110.
<4>[  314.087263] c2 12999 (iap2_task) mfi_i2c_read_bytes i2c_master_recv_retry error -110
<4>[  357.591218] c0 0 (swapper/0) if_set_alt s_if1,1.1
<4>[  357.591318] c0 0 (swapper/0) my_if1_en ok
<6>[  357.980805] c1 444 (hg_wl_chn_recei) sdr: to empty: wait cp communication to ready
<6>[  358.082145] c1 444 (hg_wl_chn_recei) sdr: to empty: cp ready
<6>[  358.449775] c1 14799 (mount) EXT4-fs (mmcblk0p5): re-mounted. Opts: (null)
<6>[  358.498660] c2 14804 (mount) EXT4-fs (mmcblk0p5): re-mounted. Opts: (null)
<7>[  363.728324] c0 427 (dji_hdvt_gnd) bridge: start_xmit info: lmi42 xmit skb ce30ecc0 CP busy!
<7>[  363.804374] c0 0 (swapper/0) bridge: start_xmit info: lmi42 xmit skb ce30ecc0 CP ready!
<6>[  368.869970] c1 15222 (mount) EXT4-fs (mmcblk0p5): re-mounted. Opts: (null)
<6>[  368.901908] c0 15223 (mount) EXT4-fs (mmcblk0p5): re-mounted. Opts: (null)
<7>[  406.177155] c3 0 (swapper/3) bridge: start_xmit info: lmi42 xmit skb ce2f2530 CP busy!
<7>[  406.200599] c0 0 (swapper/0) bridge: start_xmit info: lmi42 xmit skb ce2f2530 CP ready!
<4>[  425.136352] c0 0 (swapper/0) if_set_alt s_if1,1.0
<4>[  427.721337] c0 0 (swapper/0) if_set_alt s_if1,1.1
<4>[  427.721356] c0 0 (swapper/0) my_if1_en already ok
<6>[  428.266262] c3 17562 (mount) EXT4-fs (mmcblk0p5): re-mounted. Opts: (null)
<7>[  430.537191] c1 446 (dji_hdvt_gnd) bridge: start_xmit info: lmi42 xmit skb cacb7cc0 CP busy!
<7>[  430.602362] c0 0 (swapper/0) bridge: start_xmit info: lmi42 xmit skb cacb7cc0 CP ready!
<6>[  432.293902] c1 17741 (mount) EXT4-fs (mmcblk0p5): re-mounted. Opts: (null)
<6>[  432.325416] c1 17742 (mount) EXT4-fs (mmcblk0p5): re-mounted. Opts: (null)
<7>[  844.890063] c0 0 (swapper/0) Warnning: timer1 int-excep
<4>[ 1119.410692] c0 0 (swapper/0) if_set_alt s_if1,1.0
<4>[ 1222.801105] c2 492 (mfi_dev_timer_k) mfi_dev_timer_kthread mfi back to host
<4>[ 1222.825108] c3 492 (mfi_dev_timer_k) USB_OTG: comip_otg_mfi_to_host, ID 0 otg_state 1
<4>[ 1222.825150] c3 12980 (kworker/u10:3) USB_OTG: comip_otg_event: begin last_id 0 last_state 3 curr_id 0 curr_state 1
<4>[ 1222.825164] c3 12980 (kworker/u10:3) USB_OTG: id not changed! id = 0
<4>[ 1222.825178] c3 12980 (kworker/u10:3) USB_OTG: comip_otg_start_mfi: 242, on = 0
<4>[ 1222.825549] c3 12980 (kworker/u10:3) if_disable s_if0
<4>[ 1222.825584] c3 12980 (kworker/u10:3) my_if0_dis ok
<4>[ 1222.825596] c3 12980 (kworker/u10:3) if_disable s_if1
<4>[ 1222.825665] c3 12980 (kworker/u10:3) my_if1_dis ok
<4>[ 1222.827689] c3 12980 (kworker/u10:3) if_unbind s_if0
<4>[ 1222.827713] c3 12980 (kworker/u10:3) my_free_ep_reqs ok
<4>[ 1222.827739] c3 12980 (kworker/u10:3) my_free_ep_reqs ok
<4>[ 1222.827752] c3 12980 (kworker/u10:3) my_if0_del ok
<4>[ 1222.827762] c3 12980 (kworker/u10:3) if_unbind s_if1
<4>[ 1222.827796] c3 12980 (kworker/u10:3) my_free_ep_reqs ok
<4>[ 1222.827987] c3 12980 (kworker/u10:3) my_free_ep_reqs ok
<4>[ 1222.828000] c3 12980 (kworker/u10:3) my_if1_del ok
<4>[ 1222.828012] c3 12980 (kworker/u10:3) mfi_dev unbind
<4>[ 1222.830324] c3 12980 (kworker/u10:3) USB_OTG: set vbus power 0
<4>[ 1222.931132] c3 12980 (kworker/u10:3) USB_OTG: set vbus power 1
<4>[ 1222.962091] c3 12980 (kworker/u10:3) USB_OTG: comip_otg_start_host: 186, on = 1
<4>[ 1222.972165] c3 12980 (kworker/u10:3) USB_OTG: comip_otg_start_host:host on......c05a3740
<4>[ 1222.972180] c3 12980 (kworker/u10:3) LZS comip_hcd_driver_start: 1251, enter
<4>[ 1222.972200] c3 12980 (kworker/u10:3) enter comip_hcd_driver_start:id=0
<4>[ 1222.972213] c3 12980 (kworker/u10:3) USB power should be on.
<7>[ 1222.977230] c3 12980 (kworker/u10:3) hcd:I: comip_hcd_driver_start init_reg
<4>[ 1222.978247] c3 12980 (kworker/u10:3) LZS set_usb_init_reg: 192, AP_PWR_PDFSM_ST1=0x00077000
<4>[ 1223.080311] c3 12980 (kworker/u10:3) hcd:Using Descriptor DMA mode
<4>[ 1223.080331] c3 12980 (kworker/u10:3) hcd:Periodic Transfer Interrupt Enhancement - disabled
<4>[ 1223.080343] c3 12980 (kworker/u10:3) hcd:Multiprocessor Interrupt Enhancement - disabled
<4>[ 1223.080355] c3 12980 (kworker/u10:3) hcd:OTG VER PARAM: 1, OTG VER FLAG: 1
<4>[ 1223.080399] c3 12980 (kworker/u10:3) hcd:Init: Power Port (0)
<7>[ 1223.081110] c3 12980 (kworker/u10:3) hcd:I: comip_hcd_driver_start end
<4>[ 1223.382105] c3 12980 (kworker/u10:3) USB_OTG: comip_otg_event: end   last_id 0 last_state 1 curr_id 0 curr_state 1
<7>[ 1233.556302] c0 446 (dji_hdvt_gnd) bridge: start_xmit info: lmi42 xmit skb cf7c1900 CP busy!
<7>[ 1233.567201] c0 289 (MB_Socket_Recei) bridge: start_xmit info: lmi42 xmit skb cf7c1900 CP ready!
<7>[ 1246.509272] c3 448 (udt_monitor_tas) bridge: start_xmit info: lmi42 xmit skb ce28a0c0 CP busy!
<7>[ 1246.708385] c0 438 (1643_recv_threa) bridge: start_xmit info: lmi42 xmit skb ce28a0c0 CP ready!
<7>[ 1380.310060] c0 0 (swapper/0) Warnning: timer1 int-excep


!!!New kernel log start!!!

<6>[    0.000000] c0 0 (swapper) Booting Linux on physical CPU 0x100
<6>[    0.000000] c0 0 (swapper) Initializing cgroup subsys cpu
<6>[    0.000000] c0 0 (swapper) Initializing cgroup subsys cpuacct
<5>[    0.000000] c0 0 (swapper) Linux version 3.10.62 (jenkins@APServer01) (gcc version 4.7 (GCC) ) #1 SMP PREEMPT Thu Dec 28 16:11:42 CST 2017
<4>[    0.000000] c0 0 (swapper) CPU: ARMv7 Processor [410fc075] revision 5 (ARMv7), cr=10c5387d
<4>[    0.000000] c0 0 (swapper) CPU: PIPT / VIPT nonaliasing data cache, VIPT aliasing instruction cache
<4>[    0.000000] c0 0 (swapper) Machine: Leadcore Innopower
<4>[    0.000000] c0 0 (swapper) start comip_parse_tag_mem_ext.
<4>[    0.000000] c0 0 (swapper) Physical memory layout:
<4>[    0.000000] c0 0 (swapper)     DRAM Bank1  : 0x00000000 - 0x20000000  ( 512 MB)
<4>[    0.000000] c0 0 (swapper)     Modem       : 0x00000000 - 0x06400000  ( 100 MB)
<4>[    0.000000] c0 0 (swapper)     Kernel Bank1: 0x06400000 - 0x16800000  ( 260 MB)
<4>[    0.000000] c0 0 (swapper)     Framebuffer : 0x16800000 - 0x17800000  (  16 MB)
<4>[    0.000000] c0 0 (swapper)     ON2         : 0x17800000 - 0x1f800000  ( 128 MB)
<4>[    0.000000] c0 0 (swapper)     TrustZone   : 0x1f800000 - 0x20000000  (   8 MB)
<4>[    0.000000] c0 0 (swapper) Ignoring unrecognised tag 0x54410101
<7>[    0.000000] c0 0 (swapper) Boot mode: normal
<6>[    0.000000] c0 0 (swapper) Main VOUT: 7250/9000
<4>[    0.000000] c0 0 (swapper) Chip id: 0x442db66b, rom id: 0x1, bb id: 0x282e05
<4>[    0.000000] c0 0 (swapper) Ignoring unrecognised tag 0x54410105
<4>[    0.000000] c0 0 (swapper) Memory policy: ECC disabled, Data cache writealloc
<4>[    0.000000] c0 0 (swapper) ddr_pwr_pll_mclk rate:1066000000
<4>[    0.000000] c0 0 (swapper) pll0_out rate:988000000
<4>[    0.000000] c0 0 (swapper) pll1_out rate:1248000000
<4>[    0.000000] c0 0 (swapper) A7 rate: 988000000, gr:16
<7>[    0.000000] c0 0 (swapper) On node 0 totalpages: 66560
<7>[    0.000000] c0 0 (swapper) free_area_init_node: node 0, pgdat c05ecd00, node_mem_map c0956000
<7>[    0.000000] c0 0 (swapper)   Normal zone: 520 pages used for memmap
<7>[    0.000000] c0 0 (swapper)   Normal zone: 0 pages reserved
<7>[    0.000000] c0 0 (swapper)   Normal zone: 66560 pages, LIFO batch:15
<4>[    0.000000] c0 0 (swapper) mcpm_smp_init_cpus: cores number:5
<6>[    0.000000] c0 0 (swapper) cpu logical map 0x100
<6>[    0.000000] c0 0 (swapper) cpu logical map 0x101
<6>[    0.000000] c0 0 (swapper) cpu logical map 0x102
<6>[    0.000000] c0 0 (swapper) cpu logical map 0x103
<6>[    0.000000] c0 0 (swapper) cpu logical map 0x0
<6>[    0.000000] c0 0 (swapper) PERCPU: Embedded 9 pages/cpu @c0b64000 s12928 r8192 d15744 u36864
<7>[    0.000000] c0 0 (swapper) pcpu-alloc: s12928 r8192 d15744 u36864 alloc=9*4096
<7>[    0.000000] c0 0 (swapper) pcpu-alloc: [0] 0 [0] 1 [0] 2 [0] 3 [0] 4 
<4>[    0.000000] c0 0 (swapper) Built 1 zonelists in Zone order, mobility grouping on.  Total pages: 66040
<5>[    0.000000] c0 0 (swapper) Kernel command line: watchdog_thresh=3 console=ttyS3,921600 vmalloc=412M maxcpus=4 android firmware_class.path=/vendor/firmware isolcpus=4 initrd=0x07400000,1M lcpart=mmcblk0=gpt:0:2000:200,ddr:2000:2000:200,env:4000:2000:200,panic:6000:2000:200,amt:8000:20000:200,factory:28000:4000:200,factory_out:2c000:4000:200,recovery:30000:8000:200,normal:38000:8000:200,system:40000:40000:200,vendor:80000:20000:200,cache:a0000:80000:200,blackbox:120000:400000:200,userdata:520000:228000:200  chip_sn=6bb62d44 board_sn=08XUEC90060K1K production quiet board_id=0xe2200104
<6>[    0.000000] c0 0 (swapper) board_id = 0xe2200104
<6>[    0.000000] c0 0 (swapper) PID hash table entries: 2048 (order: 1, 8192 bytes)
<6>[    0.000000] c0 0 (swapper) Dentry cache hash table entries: 65536 (order: 6, 262144 bytes)
<6>[    0.000000] c0 0 (swapper) Inode-cache hash table entries: 32768 (order: 5, 131072 bytes)
<6>[    0.000000] c0 0 (swapper) allocated 532480 bytes of page_cgroup
<6>[    0.000000] c0 0 (swapper) please try 'cgroup_disable=memory' option if you don't want memory cgroups
<6>[    0.000000] c0 0 (swapper) Memory: 260MB = 260MB total
<5>[    0.000000] c0 0 (swapper) Memory: 252448k/252448k available, 13792k reserved, 0K highmem
<5>[    0.000000] c0 0 (swapper) Virtual kernel memory layout:
<5>[    0.000000]     vector  : 0xffff0000 - 0xffff1000   (   4 kB)
<5>[    0.000000]     fixmap  : 0xfff00000 - 0xfffe0000   ( 896 kB)
<5>[    0.000000]     vmalloc : 0xd0800000 - 0xff000000   ( 744 MB)
<5>[    0.000000]     lowmem  : 0xc0000000 - 0xd0400000   ( 260 MB)
<5>[    0.000000]     pkmap   : 0xbfe00000 - 0xc0000000   (   2 MB)
<5>[    0.000000]     modules : 0xbf000000 - 0xbfe00000   (  14 MB)
<5>[    0.000000]       .text : 0xc0008000 - 0xc054486c   (5363 kB)
<5>[    0.000000]       .init : 0xc0545000 - 0xc057d280   ( 225 kB)
<5>[    0.000000]       .data : 0xc057e000 - 0xc05f0bb0   ( 459 kB)
<5>[    0.000000]        .bss : 0xc05f0bb0 - 0xc094d090   (3442 kB)
<6>[    0.000000] c0 0 (swapper) SLUB: HWalign=64, Order=0-3, MinObjects=0, CPUs=5, Nodes=1
<6>[    0.000000] c0 0 (swapper/0) Preemptible hierarchical RCU implementation.
<6>[    0.000000] c0 0 (swapper/0) 	Additional per-CPU info printed with stalls.
<6>[    0.000000] c0 0 (swapper/0) NR_IRQS:458
<6>[    0.000000] c0 0 (swapper/0) sched_clock: 32 bits at 13MHz, resolution 76ns, wraps every 330382ms
<6>[    0.000000] c0 0 (swapper/0) Switching to timer-based delay loop
<6>[    0.000000] c0 0 (swapper/0) uart3 is settting quot! baud 921600, quot 1!
<4>[    0.000000] c0 0 (swapper/0) write reg 0xc passes, val 0x93
<4>[    0.000000] c0 0 (swapper/0) write reg 0x0 passes, val 0x1
<4>[    0.000000] c0 0 (swapper/0) write reg 0x4 passes, val 0x0
<4>[    0.000000] c0 0 (swapper/0) write reg 0xc passes, val 0x13
<6>[    0.000000] c0 0 (swapper/0) uart3 new lcr is 0x13, cval = 0x13
<6>[    0.000000] c0 0 (swapper/0) console [ttyS3] enabled
<6>[    0.000000] c0 0 (swapper/0) Console: colour dummy device 80x30
<6>[    0.000655] c0 0 (swapper/0) Calibrating delay loop (skipped), value calculated using timer frequency.. 26.00 BogoMIPS (lpj=13000)
<6>[    0.000678] c0 0 (swapper/0) pid_max: default: 32768 minimum: 301
<6>[    0.001010] c0 0 (swapper/0) Mount-cache hash table entries: 512
<6>[    0.002378] c0 0 (swapper/0) Initializing cgroup subsys debug
<6>[    0.002396] c0 0 (swapper/0) Initializing cgroup subsys memory
<6>[    0.002446] c0 0 (swapper/0) Initializing cgroup subsys freezer
<6>[    0.002497] c0 0 (swapper/0) CPU: Testing write buffer coherency: ok
<6>[    0.002878] c0 1 (swapper/0) CPU0: thread -1, cpu 0, socket 1, mpidr 80000100
<6>[    0.002920] c0 1 (swapper/0) Setting up static identity map for 0xc03c2850 - 0xc03c2900
<6>[    0.002951] c0 1 (swapper/0) pm initialized success 
<7>[    0.010865] c1 0 (swapper/1) CPU1: Booted secondary processor
<6>[    0.010886] c1 0 (swapper/1) CPU1: thread -1, cpu 1, socket 1, mpidr 80000101
<7>[    0.013844] c2 0 (swapper/2) CPU2: Booted secondary processor
<6>[    0.013861] c2 0 (swapper/2) CPU2: thread -1, cpu 2, socket 1, mpidr 80000102
<7>[    0.016848] c3 0 (swapper/3) CPU3: Booted secondary processor
<6>[    0.016867] c3 0 (swapper/3) CPU3: thread -1, cpu 3, socket 1, mpidr 80000103
<6>[    0.016996] c0 1 (swapper/0) Brought up 4 CPUs
<6>[    0.017035] c0 1 (swapper/0) SMP: Total of 4 processors activated (104.00 BogoMIPS).
<6>[    0.017048] c0 1 (swapper/0) CPU: All CPU(s) started in SVC mode.
<6>[    0.039482] c0 1 (swapper/0) NET: Registered protocol family 16
<6>[    0.044193] c0 1 (swapper/0) DMA: preallocated 4096 KiB pool for atomic coherent allocations
<6>[    0.044371] c0 1 (swapper/0) Android kernel panic handler initialized (bind=panic)
<4>[    0.045149] c0 1 (swapper/0) comip_init_common_mfp p_otg->fsm.id=0
<7>[    0.047679] c0 1 (swapper/0) addr 0xe100c220: 0x00000000
<7>[    0.047695] c0 1 (swapper/0) addr 0xe100c224: 0x00000000
<7>[    0.047710] c0 1 (swapper/0) addr 0xe100c228: 0x00000000
<7>[    0.047724] c0 1 (swapper/0) addr 0xe100c22c: 0x00000000
<7>[    0.047738] c0 1 (swapper/0) addr 0xe100c230: 0x00000000
<7>[    0.047752] c0 1 (swapper/0) addr 0xe100c234: 0x00000000
<7>[    0.047766] c0 1 (swapper/0) addr 0xe100c238: 0x00000000
<7>[    0.047780] c0 1 (swapper/0) addr 0xe100c23c: 0x00000000
<7>[    0.047795] c0 1 (swapper/0) addr 0xe100c240: 0x00000000
<7>[    0.047809] c0 1 (swapper/0) addr 0xe100c244: 0x00000000
<7>[    0.047823] c0 1 (swapper/0) addr 0xe100c248: 0x00000000
<7>[    0.047837] c0 1 (swapper/0) addr 0xe100c24c: 0x00000000
<7>[    0.047851] c0 1 (swapper/0) addr 0xe100c250: 0x00000000
<7>[    0.047865] c0 1 (swapper/0) addr 0xe100c254: 0x00000000
<7>[    0.047879] c0 1 (swapper/0) addr 0xe100c258: 0x00000000
<7>[    0.047891] c0 1 (swapper/0) addr 0xe100c25c: 0x00000000
<7>[    0.047906] c0 1 (swapper/0) addr 0xe100a120: 0x00000000
<7>[    0.047920] c0 1 (swapper/0) addr 0xe100a124: 0x00000000
<7>[    0.047932] c0 1 (swapper/0) addr 0xe100a128: 0x00000000
<7>[    0.047947] c0 1 (swapper/0) addr 0xe100a12c: 0x00000000
<7>[    0.047961] c0 1 (swapper/0) addr 0xe100a130: 0x00000000
<6>[    0.048874] c0 1 (swapper/0) hw-breakpoint: found 5 (+1 reserved) breakpoint and 4 watchpoint registers.
<6>[    0.048888] c0 1 (swapper/0) hw-breakpoint: maximum watchpoint size is 8 bytes.
<6>[    0.049453] c0 1 (swapper/0) i2c->adap.nr = 0, i2c->flags = 0x2
<3>[    0.049470] c0 1 (swapper/0) i2c-0: clock: 26000000, speed:400000
<6>[    0.050718] c0 1 (swapper/0) i2c->adap.nr = 1, i2c->flags = 0x2
<3>[    0.050734] c0 1 (swapper/0) i2c-1: clock: 26000000, speed:400000
<6>[    0.051956] c0 1 (swapper/0) i2c->adap.nr = 4, i2c->flags = 0x1
<3>[    0.051975] c0 1 (swapper/0) i2c-4: clock: 10660000, speed:100000
<6>[    0.053290] c0 1 (swapper/0) comip-pwm comip-pwm: comip_pwm_probe
<6>[    0.053696] c0 1 (swapper/0) comip-spi comip-spi.0: master is unqueued, this is deprecated
<6>[    0.053967] c0 1 (swapper/0) comip-spi comip-spi.1: master is unqueued, this is deprecated
<6>[    0.054245] c0 1 (swapper/0) comip-spi comip-spi.2: master is unqueued, this is deprecated
<6>[    0.089383] c0 1 (swapper/0) LC1160: version 0x10, eco no 0, rtc version 1
<6>[    0.090307] c0 1 (swapper/0) parse_bootup_reason: value from 0x5c reg is: 0x1
<6>[    0.090322] c0 1 (swapper/0) parse_bootup_reason: +++++++++start of day reason: onkey
<6>[    0.090335] c0 1 (swapper/0) parse_shutdown_reason: value from 0x5d reg is: 0x0
<6>[    0.090349] c0 1 (swapper/0) parse_shutdown_reason: ----------last end of day reason: unknown
<6>[    0.091167] c0 1 (swapper/0) LC1160: Raw startup 0x01(pwr_key),raw shutdown 0x00(), saved shutdown 0x00()
<6>[    0.091639] c0 1 (swapper/0) LC1160: Power on reason(power_key), reboot reason(null)
<6>[    0.094871] c0 1 (swapper/0) PMIC_DCDC5 SET VOUT = 1200 mv
<6>[    0.095684] c0 1 (swapper/0) PMIC_DCDC7 SET VOUT = 1800 mv
<6>[    0.138228] c0 1 (swapper/0) comip_monitor_probe 
<6>[    0.143260] c0 1 (swapper/0) bio: create slab <bio-0> at 0
<5>[    0.144352] c0 1 (swapper/0) SCSI subsystem initialized
<6>[    0.144506] c0 1 (swapper/0) usbcore: registered new interface driver usbfs
<6>[    0.144576] c0 1 (swapper/0) usbcore: registered new interface driver hub
<6>[    0.144696] c0 1 (swapper/0) usbcore: registered new device driver usb
<6>[    0.144961] c0 1 (swapper/0) i2c-gpio i2c-gpio.6: using pins 131 (SDA) and 129 (SCL)
<6>[    0.145098] c0 1 (swapper/0) i2c-gpio i2c-gpio.7: using pins 201 (SDA) and 202 (SCL)
<6>[    0.145279] c0 1 (swapper/0) i2c-gpio i2c-gpio.8: using pins 157 (SDA) and 159 (SCL)
<6>[    0.145414] c0 1 (swapper/0) i2c-gpio i2c-gpio.9: using pins 219 (SDA) and 221 (SCL)
<6>[    0.145562] c0 1 (swapper/0) i2c-gpio i2c-gpio.10: using pins 161 (SDA) and 163 (SCL)
<6>[    0.145889] c0 1 (swapper/0) Advanced Linux Sound Architecture Driver Initialized.
<6>[    0.147322] c0 1 (swapper/0) input: lc1160_adc_a as /devices/platform/lc11xx_adc/input/input0
<6>[    0.147531] c0 1 (swapper/0) input: lc1160_adc_b as /devices/platform/lc11xx_adc/input/input1
<6>[    0.147589] c0 1 (swapper/0) lc1160_adc: probe success
<6>[    0.147844] c0 1 (swapper/0) Switching to clocksource timer3_clk
<4>[    0.175785] c2 1 (swapper/0) USB_OTG: comip_usb_otg_early_init
<4>[    0.175873] c2 1 (swapper/0) USB_OTG: comip_otg_early_probe
<4>[    0.276970] c2 1 (swapper/0) comip_otg_ctrl_gpio_init WM220: set vbus 1, read back vbus 0
<6>[    0.277255] c2 1 (swapper/0) NET: Registered protocol family 2
<6>[    0.278268] c2 1 (swapper/0) TCP established hash table entries: 4096 (order: 3, 32768 bytes)
<6>[    0.278371] c2 1 (swapper/0) TCP bind hash table entries: 4096 (order: 4, 98304 bytes)
<6>[    0.278498] c2 1 (swapper/0) TCP: Hash tables configured (established 4096 bind 4096)
<6>[    0.278586] c2 1 (swapper/0) TCP: reno registered
<6>[    0.278606] c2 1 (swapper/0) UDP hash table entries: 256 (order: 2, 16384 bytes)
<6>[    0.278668] c2 1 (swapper/0) UDP-Lite hash table entries: 256 (order: 2, 16384 bytes)
<6>[    0.279110] c2 1 (swapper/0) NET: Registered protocol family 1
<6>[    0.279406] c2 1 (swapper/0) Unpacking initramfs...
<0>[    0.305898] c0 1 (swapper/0) Initramfs unpacking failed: broken padding
<6>[    0.308415] c0 1 (swapper/0) Freeing initrd memory: 1024K (c1000000 - c1100000)
<6>[    0.308886] c0 1 (swapper/0) CPU PMU: probing PMU on CPU 0
<6>[    0.308957] c0 1 (swapper/0) hw perfevents: enabled with ARMv7 Cortex-A7 PMU driver, 5 counters available
<3>[    0.309336] c0 1 (swapper/0) modem: comip_register_reboot_callback faild, non init
<6>[    0.310650] c0 1 (swapper/0) sdr: devices driver up version v1.0.1, build time Dec 28 2017 16:10:37
<6>[    0.310719] c0 1 (swapper/0) comip_wdt_probe: AP_PWR_LP_CTL 607
<6>[    0.310829] c0 1 (swapper/0) comip_wdt_probe: AP_PWR_LP_CTL 600
<6>[    0.310885] c0 1 (swapper/0) comip_wdt_probe: AP_PWR_LP_CTL 600
<6>[    0.310982] c0 1 (swapper/0) comip_wdt_probe: AP_PWR_LP_CTL 600
<6>[    0.312171] c0 1 (swapper/0) comip_snd_soc comip_snd_soc.0: comip_snd_soc_probe
<6>[    0.313156] c0 1 (swapper/0) comip-uart.0: ttyS0 at MMIO 0x0 (irq = 72) is a uart0
<6>[    0.313498] c0 1 (swapper/0) comip-uart.1: ttyS1 at MMIO 0x0 (irq = 73) is a uart1
<6>[    0.313818] c0 1 (swapper/0) comip-uart.2: ttyS2 at MMIO 0x0 (irq = 74) is a uart2
<6>[    0.314223] c0 1 (swapper/0) comip-uart.3: ttyS3 at MMIO 0x0 (irq = 89) is a uart3
<7>[    0.319967] c0 1 (swapper/0) mmc-1: set mmc clock rate to 400000
<7>[    0.326171] c0 1 (swapper/0) mmc-0: card detect 0. gpio 243.
<3>[    0.326329] c0 1 (swapper/0) comip_mmc0_set_power: set card vdd ret = -6 vdd = 16
<7>[    0.332941] c0 1 (swapper/0) mmc-0: set mmc clock rate to 400000
<7>[    0.344969] c0 1 (swapper/0) mmc-2: set mmc clock rate to 400000
<6>[    0.351107] c0 1 (swapper/0) ion-lc ion-lc: lc_ion_probe
<6>[    0.351257] c0 1 (swapper/0) ion: creat /dev/ion success
<3>[    0.351546] c0 1 (swapper/0) Failed to create heap debugfs at /ion/heaps/lc_ion_lcmem_heap
<4>[    0.353005] c0 1 (swapper/0) mali ddk r5p0-06rel0 early init
<6>[    0.353241] c0 1 (swapper/0) mali mali.0: Continuing without Mali clock control
<6>[    0.353542] c0 1 (swapper/0) mali mali.0: GPU identified as 0x0620 r1p0 status 1
<6>[    0.354145] c0 1 (swapper/0) mali mali.0: Probed as mali0
<6>[    0.355312] c0 1 (swapper/0) input: comip-gpio-keys as /devices/platform/comip-gpio-keys/input/input2
<7>[    0.355346] c0 1 (swapper/0) key 212 reported
<7>[    0.355360] c0 1 (swapper/0) key 256 reported
<7>[    0.355373] c0 1 (swapper/0) key 257 reported
<7>[    0.355388] c0 1 (swapper/0) key 258 reported
<7>[    0.355403] c0 1 (swapper/0) key 259 reported
<7>[    0.355416] c0 1 (swapper/0) key 260 reported
<7>[    0.355429] c0 1 (swapper/0) key 261 reported
<7>[    0.355446] c0 1 (swapper/0) key 262 reported
<7>[    0.355460] c0 1 (swapper/0) key 263 reported
<7>[    0.355511] c0 1 (swapper/0) key 393 reported
<7>[    0.355526] c0 1 (swapper/0) key 105 reported
<7>[    0.355539] c0 1 (swapper/0) key 106 reported
<6>[    0.355760] c0 1 (swapper/0) comip-i2s comip-i2s.0: comip_i2s_probe, id=0
<6>[    0.355902] c0 1 (swapper/0) comip-pcm comip-pcm.0: comip_pcm_virtual_probe
<6>[    0.356334] c0 1 (swapper/0) comip-snd-lowpower comip-snd-lowpower: snd_lowpower_probe
<6>[    0.365819] c0 1 (swapper/0) comip-rtc comip-rtc: rtc core: registered comip-rtc as rtc0
<6>[    0.366329] c0 1 (swapper/0) hx170dec: dec/pp kernel module. 
<6>[    0.366463] c0 1 (swapper/0) hx170dec: Core 0 HW ID=0x67314808
<6>[    0.366475] c0 1 (swapper/0) hx170dec: Supported HW found at 0xa0340200
<6>[    0.366491] c0 1 (swapper/0) hx170dec: core[0] has H264
<6>[    0.366502] c0 1 (swapper/0) hx170dec: core[0] has JPEG
<6>[    0.366514] c0 1 (swapper/0) hx170dec: core[0] has MPEG4
<6>[    0.366526] c0 1 (swapper/0) hx170dec: core[0] has VC1
<6>[    0.366539] c0 1 (swapper/0) hx170dec: core[0] has MPEG2
<6>[    0.366552] c0 1 (swapper/0) hx170dec: core[0] has VP6
<6>[    0.366565] c0 1 (swapper/0) hx170dec: core[0] has VP8
<6>[    0.366578] c0 1 (swapper/0) hx170dec: core[0] has VP7
<6>[    0.366591] c0 1 (swapper/0) hx170dec: core[0] has WebP
<6>[    0.366603] c0 1 (swapper/0) hx170dec: core[0] has AVS
<6>[    0.366616] c0 1 (swapper/0) hx170dec: core[0] has RV
<6>[    0.366629] c0 1 (swapper/0) hx170dec: core[0] has PP
<4>[    0.366997] c0 1 (swapper/0) hx280enc_probe
<6>[    0.367055] c0 1 (swapper/0) hx280enc: HW ID=0x72802080
<6>[    0.367069] c0 1 (swapper/0) hx280enc: Compatible HW found at 0xa0340000
<6>[    0.367198] c0 1 (swapper/0) hx280enc: probe successfully. Major = 252
<4>[    0.367399] c0 1 (swapper/0) hx280enc_h1_probe
<6>[    0.367453] c0 1 (swapper/0) hx280enc_h1_data.hwregs = f8342000
<6>[    0.367467] c0 1 (swapper/0) hx280enc_h1: HW at base <0xa0342000> with ID <0x48314780>
<4>[    0.367800] c0 1 (swapper/0) lcmem_probe in: module init
<4>[    0.367812] c0 1 (swapper/0) lcmem: Linear Memory Allocator, $Revision: 1.10 $ 
<4>[    0.367826] c0 1 (swapper/0) lcmem: linear memory base = 0x17801000 
<6>[    0.367991] c0 1 (swapper/0) lcmem: probe successfully. Major = 250
<4>[    0.370515] c0 1 (swapper/0) lhc_cdin!
<6>[    0.371133] c0 1 (swapper/0) on2psm: probe successfully. power = 0x7
<6>[    0.371231] c0 1 (swapper/0) thermal: comip_thermal_probe called
<3>[    0.371453] c0 1 (swapper/0) [UREG]Ureg Driver Registered
<6>[    0.374370] c1 6 (kworker/u10:0) mmc0: BKOPS_EN bit is not set
<7>[    0.380965] c1 6 (kworker/u10:0) mmc-1: set mmc clock rate to 104000000
<7>[    0.380987] c1 6 (kworker/u10:0) found (fe014e, Micron), use read_delay 1.
<7>[    0.381009] c1 6 (kworker/u10:0) mmc-1: tuning result phase is 1
<6>[    0.381447] c1 6 (kworker/u10:0) mmc0: new HS200 MMC card at address 0001
<3>[    0.381704] c1 6 (kworker/u10:0) comip_mmc0_set_power: set card vdd ret = -6 vdd = 0
<6>[    0.383845] c0 1 (swapper/0) fuse init (API version 7.22)
<6>[    0.384440] c0 1 (swapper/0) msgmni has been set to 495
<6>[    0.386519] c0 1 (swapper/0) io scheduler noop registered
<6>[    0.386732] c0 1 (swapper/0) io scheduler cfq registered (default)
<6>[    0.397989] c0 1 (swapper/0) loop: module loaded
<4>[    0.398058] c0 1 (swapper/0) mfi_i2c_client addr:17
<4>[    0.398206] c0 1 (swapper/0) applecp module init ok
<6>[    0.398553] c0 1 (swapper/0) usbcore: registered new interface driver cdc_ether
<6>[    0.398609] c0 1 (swapper/0) usbcore: registered new interface driver cdc_eem
<6>[    0.398665] c0 1 (swapper/0) usbcore: registered new interface driver rndis_host
<6>[    0.398724] c0 1 (swapper/0) usbcore: registered new interface driver cdc_subset
<6>[    0.398857] c0 1 (swapper/0) usbcore: registered new interface driver cdc_ncm
<6>[    0.398959] c0 1 (swapper/0) usbcore: registered new interface driver cdc_mbim
<4>[    0.399334] c0 1 (swapper/0) comip_hcd_driver_probe(c05a3740) id=0
<4>[    0.400363] c0 1 (swapper/0) set USB power on.
<4>[    0.400395] c0 1 (swapper/0) enter comip_cil_init,core_if->type=0
<4>[    0.400406] c0 1 (swapper/0) USB HSIC core power up success.
<4>[    0.401425] c0 1 (swapper/0) LZS set_usb_init_reg: 192, AP_PWR_PDFSM_ST1=0x07077707
<4>[    0.404579] c0 1 (swapper/0) hcd:Core Release: 2.94a
<4>[    0.404598] c0 1 (swapper/0) hcd:Setting default values for core params
<4>[    0.404644] c0 1 (swapper/0) LZS hcd_init: 345, enter
<6>[    0.404718] c0 1 (swapper/0) comip-hcd comip-hcd.0: COMIP Controller
<6>[    0.404750] c0 1 (swapper/0) comip-hcd comip-hcd.0: new USB bus registered, assigned bus number 1
<6>[    0.404798] c0 1 (swapper/0) comip-hcd comip-hcd.0: irq 49, io mem 0x00000000
<4>[    0.404865] c0 1 (swapper/0) usb usb1: config index 0 lenght 25, result 9
<4>[    0.404876] c0 1 (swapper/0) 09 02 19 00 01 01 00 e0 00 
<4>[    0.404976] c0 1 (swapper/0) usb usb1: config index 0 lenght 25, result 25
<4>[    0.404985] c0 1 (swapper/0) 09 02 19 00 01 01 00 e0 00 09 04 00 00 01 09 00 00 00 07 05 81 03 04 00 0c 
<6>[    0.405672] c0 1 (swapper/0) hub 1-0:1.0: USB hub found
<6>[    0.405704] c0 1 (swapper/0) hub 1-0:1.0: 1 port detected
<4>[    0.406046] c0 1 (swapper/0) comip_hcd_driver_probe:comip_hcd_dev->core_if->id=0
<4>[    0.407329] c0 1 (swapper/0) set USB power off.
<4>[    0.407366] c0 1 (swapper/0) comip_hcd_driver_probe(c05a3920) id=2
<4>[    0.414670] c0 1 (swapper/0) set USB power on.
<4>[    0.414697] c0 1 (swapper/0) enter comip_cil_init,core_if->type=2
<4>[    0.414783] c0 1 (swapper/0) USB HSIC core power up success.
<4>[    0.421806] c0 1 (swapper/0) read USB1_GLPMCFG = 40000000
<4>[    0.421820] c0 1 (swapper/0) [HSIC]: USB1_GRSTCTL = 0x80000001
<7>[    0.421833] c0 1 (swapper/0) [HSIC]: USB1_GRSTCTL = 0x80000000 timeout=99
<4>[    0.422999] c0 1 (swapper/0) hcd:Core Release: 2.94a
<4>[    0.423015] c0 1 (swapper/0) hcd:Setting default values for core params
<4>[    0.423035] c0 1 (swapper/0) LZS hcd_init: 345, enter
<6>[    0.423095] c0 1 (swapper/0) comip-hcd comip-hcd.2: COMIP Controller
<6>[    0.423123] c0 1 (swapper/0) comip-hcd comip-hcd.2: new USB bus registered, assigned bus number 2
<6>[    0.423179] c0 1 (swapper/0) comip-hcd comip-hcd.2: irq 50, io mem 0x00000000
<4>[    0.423214] c0 1 (swapper/0) hcd:Init: Power Port (0)
<4>[    0.423267] c0 1 (swapper/0) usb usb2: config index 0 lenght 25, result 9
<4>[    0.423279] c0 1 (swapper/0) 09 02 19 00 01 01 00 e0 00 
<4>[    0.423340] c0 1 (swapper/0) usb usb2: config index 0 lenght 25, result 25
<4>[    0.423351] c0 1 (swapper/0) 09 02 19 00 01 01 00 e0 00 09 04 00 00 01 09 00 00 00 07 05 81 03 04 00 0c 
<6>[    0.423956] c0 1 (swapper/0) hub 2-0:1.0: USB hub found
<6>[    0.423985] c0 1 (swapper/0) hub 2-0:1.0: 1 port detected
<4>[    0.424260] c0 1 (swapper/0) enter hsic init
<4>[    0.424275] c0 1 (swapper/0) LZS comip_hcd_driver_start: 1251, enter
<4>[    0.424290] c0 1 (swapper/0) enter comip_hcd_driver_start:id=2
<4>[    0.429323] c0 1 (swapper/0) USB power should be on.
<7>[    0.434339] c0 1 (swapper/0) hcd:I: comip_hcd_driver_start init_reg
<4>[    0.441361] c0 1 (swapper/0) read USB1_GLPMCFG = 40000000
<4>[    0.441374] c0 1 (swapper/0) [HSIC]: USB1_GRSTCTL = 0x80000001
<7>[    0.441389] c0 1 (swapper/0) [HSIC]: USB1_GRSTCTL = 0x80000000 timeout=99
<4>[    0.641481] c0 1 (swapper/0) hcd:Using Descriptor DMA mode
<4>[    0.641495] c0 1 (swapper/0) hcd:Periodic Transfer Interrupt Enhancement - disabled
<4>[    0.641508] c0 1 (swapper/0) hcd:Multiprocessor Interrupt Enhancement - disabled
<4>[    0.641522] c0 1 (swapper/0) hcd:OTG VER PARAM: 1, OTG VER FLAG: 1
<4>[    0.641551] c0 1 (swapper/0) hcd:Init: Power Port (0)
<7>[    0.641940] c0 1 (swapper/0) hcd:I: comip_hcd_driver_start end
<6>[    0.642126] c0 1 (swapper/0) usbcore: registered new interface driver cdc_wdm
<6>[    0.642236] c0 1 (swapper/0) usbcore: registered new interface driver usb-storage
<3>[    0.770569] c0 1 (swapper/0) i2c-0: wait rx timeout!
<3>[    0.771420] c0 1 (swapper/0) i2c-0-0x08: xfer error -110.
<3>[    0.772349] c0 1 (swapper/0) usb3503 0-0008: CFG1 failed (-110)
<6>[    0.773408] c0 1 (swapper/0) usb3503 0-0008: usb3503_probe: probed on  hub mode
<4>[    0.775737] c0 1 (swapper/0) usb aoa module init ok
<4>[    0.775833] c0 1 (swapper/0) apple_roleswitch module init ok
<6>[    0.776742] c0 1 (swapper/0) mlx90393 spi0.0: osr = 0x3, dig_filt = 0x7, res_xyz = 0x3f, osr2 = 0x3
<6>[    0.777010] c0 1 (swapper/0) input: mlx90393-0 as /devices/platform/comip-spi.0/spi_master/spi0/spi0.0/input/input3
<6>[    0.782817] c0 1 (swapper/0) mlx90393 spi1.0: osr = 0x3, dig_filt = 0x2, res_xyz = 0x3f, osr2 = 0x3
<6>[    0.783069] c0 1 (swapper/0) input: mlx90393-1 as /devices/platform/comip-spi.1/spi_master/spi1/spi1.0/input/input4
<6>[    0.788707] c0 1 (swapper/0) mlx90393 spi2.0: osr = 0x3, dig_filt = 0x2, res_xyz = 0x3f, osr2 = 0x3
<6>[    0.788959] c0 1 (swapper/0) input: mlx90393-2 as /devices/platform/comip-spi.2/spi_master/spi2/spi2.0/input/input5
<6>[    0.791888] c0 1 (swapper/0) i2c /dev entries driver
<6>[    0.793146] c0 1 (swapper/0) mmcblk0: mmc0:0001 P1J94M 3.64 GiB 
<6>[    0.793406] c0 1 (swapper/0) mmcblk0boot0: mmc0:0001 P1J94M partition 1 1.00 MiB
<6>[    0.793662] c0 1 (swapper/0) mmcblk0boot1: mmc0:0001 P1J94M partition 2 1.00 MiB
<6>[    0.793963] c0 1 (swapper/0) mmcblk0rpmb: mmc0:0001 P1J94M partition 3 1.00 MiB
<6>[    0.794463] c0 1 (swapper/0)  mmcblk0: p1 (gpt) p2 (ddr) p3 (env) p4 (panic) p5 (amt) p6 (factory) p7 (factory_out) p8 (recovery) p9 (normal) p10 (system) p11 (vendor) p12 (cache) p13 (blackbox) p14 (userdata)mmcblk0boot1 has no partition table!
<4>[    0.798156] c0 1 (swapper/0) mmcblk0boot0 has no partition table!
<6>[    0.799158] c0 1 (swapper/0) zram: Created 1 device(s) ...
<6>[    0.799791] c0 1 (swapper/0) ashmem: initialized
<6>[    0.800003] c0 1 (swapper/0) logger: created 256K log 'log_main'
<6>[    0.800177] c0 1 (swapper/0) logger: created 256K log 'log_events'
<6>[    0.800350] c0 1 (swapper/0) logger: created 256K log 'log_radio'
<6>[    0.800512] c0 1 (swapper/0) logger: created 256K log 'log_system'
<4>[    0.801205] c0 1 (swapper/0) soc-audio soc-audio: ASoC: machine comip_snd_soc should use snd_soc_register_card()
<6>[    0.812689] c0 1 (swapper/0) LC1160_R71=0x1f
<6>[    0.813156] c0 1 (swapper/0) LC1160_R72=0x1f
<6>[    0.813623] c0 1 (swapper/0) LC1160_R73=0x1b
<6>[    0.814090] c0 1 (swapper/0) LC1160_R74=0x1d
<6>[    0.814108] c0 1 (swapper/0) comip_codec comip_codec: codec probe success, chip version is LC1160B
<7>[    0.845499] c0 1 (swapper/0) [SND CODEC] comip_pcm_new
<7>[    0.845940] c0 1 (swapper/0) [SND CODEC] comip_pcm_preallocate_dma_buffer addr: 0xe0040000, area: 0xd0d80000, bytes: 131072
<7>[    0.846111] c0 1 (swapper/0) [SND CODEC] comip_pcm_preallocate_dma_buffer addr: 0x14ac0000, area: 0xd0da1000, bytes: 131072
<6>[    0.846128] c0 1 (swapper/0) soc-audio soc-audio:  comip_hifi <-> comip-i2s.0 mapping ok
<6>[    0.846529] c0 1 (swapper/0) soc-audio soc-audio:  comip_voice <-> comip-pcm.0 mapping ok
<6>[    0.850121] c0 1 (swapper/0) input: comip_snd_soc Headset as /devices/platform/soc-audio/sound/card0/input6
<6>[    0.850883] c0 1 (swapper/0) ip_tables: (C) 2000-2006 Netfilter Core Team
<6>[    0.851002] c0 1 (swapper/0) TCP: cubic registered
<6>[    0.851021] c0 1 (swapper/0) NET: Registered protocol family 17
<6>[    0.851266] c0 1 (swapper/0) VFP support v0.3: implementor 41 architecture 2 part 30 variant 7 rev 5
<5>[    0.851307] c0 1 (swapper/0) Registering SWP/SWPB emulation handler
<7>[    0.851324] c0 1 (swapper/0) shadow_timer_delta=6500000, shadow_timer_delta_max=1672352866
<6>[    0.853182] c0 1 (swapper/0) modem: devices driver up.
<6>[    0.855759] c0 38 (kworker/0:1) comip_codec comip_codec: lc1160_irq_work_handle: status = 0x0
<4>[    0.863436] c2 1 (swapper/0) USB_OTG: comip_otg_probe: 799, exit
<4>[    0.863467] c2 1 (swapper/0) comip-otg: probe of comip-otg failed with error 3
<6>[    0.863828] c2 1 (swapper/0) file system registered
<6>[    0.866148] c2 1 (swapper/0) android_usb gadget: Mass Storage Function, version: 2009/09/11
<6>[    0.866165] c2 1 (swapper/0) android_usb gadget: Number of LUNs=1
<6>[    0.866182] c2 1 (swapper/0)  lun0: LUN: removable file: (no medium)
<6>[    0.866222] c2 1 (swapper/0) android_usb gadget: android_usb ready
<6>[    0.869497] c2 1 (swapper/0) comip-rtc comip-rtc: setting system clock to 1980-01-01 00:00:03 UTC (315532803)
<6>[    0.869611] c2 1 (swapper/0) ALSA device list:
<6>[    0.869624] c2 1 (swapper/0)   #0: comip_snd_soc
<6>[    0.870003] c2 1 (swapper/0) uart3 already has set quot! baud 921600, quot 1!
<6>[    0.870018] c2 1 (swapper/0) uart3 new lcr is 0x3, cval = 0x13
<6>[    0.870365] c2 1 (swapper/0) Freeing unused kernel memory: 224K (c0545000 - c057d000)
<11>[    0.874888] c3 1 (init) init: /init.environ.rc: 14: invalid command 'exoprt'
<11>[    0.978381] c1 1 (init) init: /dev/hw_random not found
<6>[    0.979577] c1 1 (init) uart3 already has set quot! baud 921600, quot 1!
<6>[    0.979594] c1 1 (init) uart3 new lcr is 0x3, cval = 0x13
<11>[    0.979961] c1 1 (init) init: cannot open '/initlogo.rle'
<6>[    0.988228] c1 1 (init) EXT4-fs (mmcblk0p5): mounted filesystem with ordered data mode. Opts: (null)
<6>[    0.996101] c1 1 (init) EXT4-fs (mmcblk0p14): mounted filesystem with ordered data mode. Opts: (null)
<6>[    1.001438] c1 1 (init) EXT4-fs (mmcblk0p11): mounted filesystem with ordered data mode. Opts: (null)
<6>[    1.007016] c1 1 (init) EXT4-fs (mmcblk0p10): mounted filesystem with ordered data mode. Opts: (null)
<6>[    1.010781] c1 1 (init) EXT4-fs (mmcblk0p12): mounted filesystem with ordered data mode. Opts: (null)
<6>[    1.013948] c1 1 (init) uart1 is settting quot! baud 9600, quot 60!
<4>[    1.013965] c1 1 (init) write reg 0xc passes, val 0x93
<4>[    1.013977] c1 1 (init) write reg 0x0 passes, val 0x60
<4>[    1.013991] c1 1 (init) write reg 0x4 passes, val 0x0
<4>[    1.014421] c1 1 (init) write reg 0xc passes, val 0x13
<6>[    1.014449] c1 1 (init) uart1 new lcr is 0x13, cval = 0x13
<6>[    1.016779] c1 1 (init) uart2 is settting quot! baud 9600, quot 60!
<4>[    1.016797] c1 1 (init) write reg 0xc passes, val 0x93
<4>[    1.016809] c1 1 (init) write reg 0x0 passes, val 0x60
<4>[    1.016822] c1 1 (init) write reg 0x4 passes, val 0x0
<4>[    1.017253] c1 1 (init) write reg 0xc passes, val 0x13
<6>[    1.017290] c1 1 (init) uart2 new lcr is 0x13, cval = 0x13
<11>[    1.017987] c1 1 (init) init: /dev/hw_random not found
<11>[    1.022828] c1 1 (init) init: The sn.txt is not exist in the path of amt!
<6>[    1.027553] c2 95 (init) uart3 already has set quot! baud 921600, quot 1!
<6>[    1.027571] c2 95 (init) uart3 new lcr is 0x3, cval = 0x13
<6>[    1.067290] c1 1 (init) Galcore version 4.6.9.9754
<4>[    1.067314] c1 1 (init) galcore options:
<4>[    1.067327] c1 1 (init)   irqLine           = 42
<4>[    1.067339] c1 1 (init)   registerMemBase   = 0xA0300000
<4>[    1.067353] c1 1 (init)   registerMemSize   = 0x00040000
<4>[    1.067368] c1 1 (init)   contiguousSize    = 4194304
<4>[    1.067379] c1 1 (init)   contiguousBase    = 0x00000000
<4>[    1.067391] c1 1 (init)   bankSize          = 0x00000000
<4>[    1.067402] c1 1 (init)   fastClear         = -1
<4>[    1.067414] c1 1 (init)   compression       = -1
<4>[    1.067426] c1 1 (init)   signal            = 48
<4>[    1.067438] c1 1 (init)   baseAddress       = 0x00000000
<4>[    1.067452] c1 1 (init)   physSize          = 0x80000000
<4>[    1.067464] c1 1 (init)   logFileSize       = 0 KB 
<4>[    1.067475] c1 1 (init)   powerManagement   = 1
<4>[    1.067485] c1 1 (init)   gpuProfiler   = 0
<4>[    1.067498] c1 1 (init)   coreClock       = 234000000
<4>[    1.072396] c1 1 (init) orignal gc outstanding setting: 0x3c000000
<6>[    1.072415] c1 1 (init) change gc outstanding setting: 0x3c000000
<11>[    1.086663] c1 1 (init) init: property 'sys.powerctl' doesn't exist while expanding '${sys.powerctl}'
<11>[    1.088365] c1 1 (init) init: powerctl: cannot expand '${sys.powerctl}'
<11>[    1.089617] c1 1 (init) init: using deprecated syntax for specifying property 'persist.sys.usb.config', use ${name} instead
<6>[    1.250814] c1 118 (busybox) EXT4-fs (mmcblk0p13): mounted filesystem with ordered data mode. Opts: data=ordered
<6>[    1.315339] c1 125 (busybox) EXT4-fs (mmcblk0p12): mounted filesystem with ordered data mode. Opts: data=ordered
<3>[    1.492703] c3 1 (init) android_usb: already disabled
<11>[    1.494077] c3 1 (init) init: using deprecated syntax for specifying property 'sys.usb.config', use ${name} instead
<6>[    1.496158] c3 1 (init) android functions_store: rndis,mass_storage,bulk,acm
<6>[    1.496385] c3 1 (init) rndis_function_bind_config MAC: 00:00:00:00:00:00
<4>[    1.496506] c3 1 (init) android_usb gadget: using random self ethernet address
<4>[    1.496533] c3 1 (init) android_usb gadget: using random host ethernet address
<11>[    1.497090] c3 83 (ueventd) init: add network interface: rndis0
<6>[    1.498580] c3 1 (init) rndis0: MAC f6:be:a2:a9:ba:1a
<6>[    1.498596] c3 1 (init) rndis0: HOST MAC b2:91:4f:4d:1d:68
<6>[    1.498725] c3 1 (init) bulk_bind_config
<11>[    1.507252] c1 83 (ueventd) init: exec CMD: /system/bin/ifconfig rndis0 192.168.42.2
<4>[    1.508821] c3 1 (init) u2d_usb_init
<11>[    1.515250] c3 1 (init) init: using deprecated syntax for specifying property 'sys.usb.config', use ${name} instead
<6>[    1.976018] c3 268 (mount) EXT4-fs (mmcblk0p5): re-mounted. Opts: (null)
<6>[    2.010722] c3 272 (mount) EXT4-fs (mmcblk0p5): re-mounted. Opts: (null)
<6>[    2.701760] c3 156 (sdrs) modem: modem open ref 0, status 0
<6>[    2.711626] c2 156 (sdrs) modem: request_firmware head data d7d55000 size 1272448
<6>[    3.632504] c2 156 (sdrs) modem: reboot flag 0, 0
<6>[    3.632526] c2 156 (sdrs) modem: run modem, set CP to reset state first
<7>[    3.682959] c2 156 (sdrs) addr 0xe100c220: 0x0000ffff
<7>[    3.682975] c2 156 (sdrs) addr 0xe100c224: 0x0000ffff
<7>[    3.682990] c2 156 (sdrs) addr 0xe100c228: 0x0000ffff
<7>[    3.683004] c2 156 (sdrs) addr 0xe100c22c: 0x0000ffff
<7>[    3.683019] c2 156 (sdrs) addr 0xe100c230: 0x0000ffff
<7>[    3.683033] c2 156 (sdrs) addr 0xe100c234: 0x0000ffff
<7>[    3.683047] c2 156 (sdrs) addr 0xe100c238: 0x0000ffff
<7>[    3.683062] c2 156 (sdrs) addr 0xe100c23c: 0x0000ffff
<7>[    3.683076] c2 156 (sdrs) addr 0xe100c240: 0x0000ffff
<7>[    3.683090] c2 156 (sdrs) addr 0xe100c244: 0x0000ffff
<7>[    3.683105] c2 156 (sdrs) addr 0xe100c248: 0x0000ffff
<7>[    3.683119] c2 156 (sdrs) addr 0xe100c24c: 0x0000ffff
<7>[    3.683133] c2 156 (sdrs) addr 0xe100c250: 0x0000ffff
<7>[    3.683148] c2 156 (sdrs) addr 0xe100c254: 0x0000ffff
<7>[    3.683162] c2 156 (sdrs) addr 0xe100c258: 0x0000ffff
<7>[    3.683176] c2 156 (sdrs) addr 0xe100c25c: 0x0000ffff
<7>[    3.683194] c2 156 (sdrs) addr 0xe100a120: 0x01ffffff
<7>[    3.683208] c2 156 (sdrs) addr 0xe100a124: 0x00000000
<7>[    3.683222] c2 156 (sdrs) addr 0xe100a128: 0x01ffffff
<7>[    3.683236] c2 156 (sdrs) addr 0xe100a12c: 0x01ffffff
<7>[    3.683251] c2 156 (sdrs) addr 0xe100a130: 0x01ffffff
<7>[    3.688949] c2 156 (sdrs) bridge: reset run image flag 2
<7>[    3.689327] c2 156 (sdrs) modem: add bridge TPC0 
<7>[    3.689547] c2 156 (sdrs) bridge: TPC0 found! 
<7>[    3.689939] c2 156 (sdrs) modem: add bridge TPC1 
<7>[    3.690093] c2 156 (sdrs) bridge: TPC1 found! 
<7>[    3.690184] c2 156 (sdrs) modem: add bridge lmi0 
<7>[    3.690324] c2 156 (sdrs) bridge: lmi0 found! 
<7>[    3.690376] c2 156 (sdrs) modem: add bridge lmi1 
<7>[    3.690499] c2 156 (sdrs) bridge: lmi1 found! 
<7>[    3.690549] c2 156 (sdrs) modem: add bridge lmi2 
<7>[    3.690683] c2 156 (sdrs) bridge: lmi2 found! 
<7>[    3.690851] c2 156 (sdrs) modem: add bridge lmi3 
<7>[    3.691017] c2 156 (sdrs) bridge: lmi3 found! 
<7>[    3.691069] c2 156 (sdrs) modem: add bridge lmi4 
<7>[    3.691193] c2 156 (sdrs) bridge: lmi4 found! 
<7>[    3.691244] c2 156 (sdrs) modem: add bridge lmi5 
<7>[    3.691367] c2 156 (sdrs) bridge: lmi5 found! 
<7>[    3.691535] c2 156 (sdrs) modem: add bridge lmi6 
<7>[    3.691667] c2 156 (sdrs) bridge: lmi6 found! 
<7>[    3.691718] c2 156 (sdrs) modem: add bridge lmi7 
<7>[    3.691841] c2 156 (sdrs) bridge: lmi7 found! 
<7>[    3.691892] c2 156 (sdrs) modem: add bridge lmi8 
<7>[    3.692045] c2 156 (sdrs) bridge: lmi8 found! 
<7>[    3.692155] c2 156 (sdrs) modem: add bridge lmi9 
<7>[    3.692299] c2 156 (sdrs) bridge: lmi9 found! 
<7>[    3.692409] c2 156 (sdrs) modem: add bridge lmi10 
<7>[    3.692762] c2 156 (sdrs) bridge: lmi10 found! 
<7>[    3.692787] c2 156 (sdrs) modem: add bridge lmi40 
<7>[    3.693748] c2 156 (sdrs) bridge: lmi40 found! 
<7>[    3.693771] c2 156 (sdrs) modem: add bridge lmi41 
<7>[    3.694608] c2 156 (sdrs) bridge: lmi41 found! 
<7>[    3.694633] c2 156 (sdrs) modem: add bridge lmi42 
<7>[    3.695599] c2 156 (sdrs) bridge: lmi42 found! 
<7>[    3.695625] c2 156 (sdrs) modem: add bridge lmi44 
<7>[    3.696614] c2 156 (sdrs) bridge: lmi44 found! 
<7>[    3.696645] c2 156 (sdrs) modem: add bridge lmi45 
<7>[    3.697627] c2 156 (sdrs) bridge: lmi45 found! 
<7>[    3.697655] c2 156 (sdrs) modem: add bridge lmi46 
<7>[    3.698053] c2 156 (sdrs) bridge: lmi46 found! 
<7>[    3.698078] c2 156 (sdrs) modem: add bridge lmi47 
<7>[    3.698427] c2 156 (sdrs) bridge: lmi47 found! 
<7>[    3.698487] c2 156 (sdrs) modem: add bridge socbridge 
<7>[    3.698811] c2 156 (sdrs) bridge: socbridge found! 
<6>[    3.711869] c2 156 (sdrs) modem: load modemarm 1272448 bytes
<7>[    3.717875] c3 164 (sdrs_log) bridge: lmi10: cp not ready 0
<6>[    3.724073] c2 156 (sdrs) modem: load modemdsp_gnd 1483856 bytes
<7>[    3.747956] c2 156 (sdrs) modem: t0 0:0
<7>[    3.747956] t1 315532806:319508
<7>[    3.747956] t2 0:0
<7>[    3.747956] t3 0:0
<7>[    3.747956] t4 315532806:367491
<7>[    3.747956] t5 315532806:367493
<7>[    3.747998] c2 156 (sdrs) modem: run modem count 1 , status 3.
<7>[    3.817965] c3 164 (sdrs_log) bridge: lmi10: cp not ready 0
<4>[    3.873739] c1 6 (kworker/u10:0) USB_OTG: comip_otg_event: begin last_id 1 last_state 2 curr_id 0 curr_state 1
<4>[    3.873754] c1 6 (kworker/u10:0) USB_OTG: comip_otg_start_gadget: 227, on = 0
<6>[    3.875831] c1 37 (kworker/1:1) android_work: did not send uevent (0 0   (null))
<7>[    3.918955] c3 164 (sdrs_log) bridge: lmi10: cp not ready 0
<11>[    3.973732] c1 83 (ueventd) init: remove network interface: rndis0
<11>[    4.006646] c0 1 (init) init: untracked pid 168 exited
<7>[    4.019953] c3 164 (sdrs_log) bridge: lmi10: cp not ready 0
<7>[    4.120961] c3 164 (sdrs_log) bridge: lmi10: cp not ready 0
<6>[    4.127604] c1 37 (kworker/1:1) comip-u2d comip-u2d: vbus insert
<4>[    4.127618] c1 37 (kworker/1:1) USB power should be on.
<7>[    4.221959] c3 164 (sdrs_log) bridge: lmi10: cp not ready 0
<6>[    4.248823] c0 38 (kworker/0:1) comip_codec comip_codec: lc1160_irq_work_handle: status = 0x2
<6>[    4.254677] c0 38 (kworker/0:1) lc1160_switch_to_speaker
<6>[    4.254959] c0 38 (kworker/0:1) comip_codec comip_codec: jack removed !!!
<7>[    4.322964] c3 164 (sdrs_log) bridge: lmi10: cp ready ok
<7>[    4.322982] c3 164 (sdrs_log) bridge: open lmi10 ok.
<7>[    4.323100] c2 156 (sdrs) bridge: lmi0: cp ready ok
<7>[    4.323113] c2 156 (sdrs) bridge: open lmi0 ok.
<7>[    4.323198] c1 214 (dji_hdvt_gnd) bridge: lmi6: cp ready ok
<7>[    4.323213] c1 214 (dji_hdvt_gnd) bridge: open lmi6 ok.
<7>[    4.323261] c3 164 (sdrs_log) bridge: TPC0: cp ready ok
<7>[    4.323280] c3 164 (sdrs_log) bridge: open TPC0 ok.
<7>[    4.323521] c3 164 (sdrs_log) bridge: TPC1: cp ready ok
<7>[    4.323536] c3 164 (sdrs_log) bridge: open TPC1 ok.
<7>[    4.328984] c2 156 (sdrs) bridge: close lmi0 .
<6>[    4.359251] c1 214 (dji_hdvt_gnd) sdr: sdr_open
<6>[    4.360151] c1 214 (dji_hdvt_gnd) sdr: shm:
<6>[    4.360151] ma d0c06000
<6>[    4.360151] ma->buffer_base 17801040
<6>[    4.360151] ma->elem_size 2f7600
<6>[    4.360151] ma->buf_num 16
<6>[    4.360151] ma->reinited 1
<6>[    4.376763] c3 214 (dji_hdvt_gnd) uart1 already has set quot! baud 9600, quot 60!
<6>[    4.376783] c3 214 (dji_hdvt_gnd) uart1 new lcr is 0x3, cval = 0x13
<6>[    4.376873] c3 214 (dji_hdvt_gnd) uart1 is settting quot! baud 115200, quot 8!
<4>[    4.376887] c3 214 (dji_hdvt_gnd) write reg 0xc passes, val 0x93
<4>[    4.376900] c3 214 (dji_hdvt_gnd) write reg 0x0 passes, val 0x8
<4>[    4.376913] c3 214 (dji_hdvt_gnd) write reg 0x4 passes, val 0x0
<4>[    4.376962] c3 214 (dji_hdvt_gnd) write reg 0xc passes, val 0x13
<6>[    4.377011] c3 214 (dji_hdvt_gnd) uart1 new lcr is 0x13, cval = 0x13
<7>[    4.377675] c3 214 (dji_hdvt_gnd) bridge: lmi4: cp ready ok
<7>[    4.377689] c3 214 (dji_hdvt_gnd) bridge: open lmi4 ok.
<7>[    4.378405] c3 214 (dji_hdvt_gnd) bridge: lmi7: cp ready ok
<7>[    4.378418] c3 214 (dji_hdvt_gnd) bridge: open lmi7 ok.
<7>[    4.387848] c3 214 (dji_hdvt_gnd) bridge: lmi5: cp ready ok
<7>[    4.387869] c3 214 (dji_hdvt_gnd) bridge: open lmi5 ok.
<4>[    4.391978] c1 37 (kworker/1:1) u2d_usb_init
<6>[    4.396307] c3 214 (dji_hdvt_gnd) adc_a_open is called.
<6>[    4.396421] c3 214 (dji_hdvt_gnd) adc_b_open is called.
<6>[    4.398169] c1 37 (kworker/1:1) comip-u2d comip-u2d: otg_ohy_status detected = 0x1
<6>[    4.398186] c1 37 (kworker/1:1) PC detected!
<6>[    4.399992] c2 466 (hdvt_work) modem: modem open ref 1, status 3
<6>[    4.400017] c2 466 (hdvt_work) modem: modem status(3) != MODEM_RELEASE.open modem again! 
<6>[    4.417151] c2 481 (sh) modem: modem release ref 2, status 3
<6>[    4.434415] c1 214 (dji_hdvt_gnd) usbcore: registered new interface driver apple_roleswitch
<6>[    4.434480] c2 494 (dji_hdvt_gnd) usbcore: registered new interface driver usb_aoa
<4>[    4.434496] c2 494 (dji_hdvt_gnd) aoa start ok
<4>[    4.434544] c1 214 (dji_hdvt_gnd) apple roleswitch start ok
<4>[    4.435846] c1 495 (mfi_dev_timer_k) mfi_dev_timer_kthread start
<6>[    4.489112] c1 37 (kworker/1:1) android_work: did not send uevent (0 0   (null))
<4>[    3.875926] c1 6 (kworker/u10:0) u2d:E: comip_ep_dequeue:return ep:0 c05aa68c:ce713cc0:1:1!!
<6>[    4.489386] c1 6 (kworker/u10:0) unloading
<4>[    4.509974] c1 6 (kworker/u10:0) USB_OTG: set vbus power 0
<4>[    4.610978] c3 6 (kworker/u10:0) USB_OTG: set vbus power 1
<4>[    4.711950] c3 6 (kworker/u10:0) USB_OTG: comip_otg_start_host: 186, on = 1
<4>[    4.721981] c3 6 (kworker/u10:0) USB_OTG: comip_otg_start_host:host on......c05a3740
<4>[    4.722007] c3 6 (kworker/u10:0) LZS comip_hcd_driver_start: 1251, enter
<4>[    4.722036] c3 6 (kworker/u10:0) enter comip_hcd_driver_start:id=0
<4>[    4.722057] c3 6 (kworker/u10:0) USB power should be on.
<7>[    4.729513] c3 6 (kworker/u10:0) hcd:I: comip_hcd_driver_start init_reg
<4>[    4.730542] c3 6 (kworker/u10:0) LZS set_usb_init_reg: 192, AP_PWR_PDFSM_ST1=0x00077000
<4>[    4.932643] c3 6 (kworker/u10:0) hcd:Using Descriptor DMA mode
<4>[    4.932663] c3 6 (kworker/u10:0) hcd:Periodic Transfer Interrupt Enhancement - disabled
<4>[    4.932675] c3 6 (kworker/u10:0) hcd:Multiprocessor Interrupt Enhancement - disabled
<4>[    4.932687] c3 6 (kworker/u10:0) hcd:OTG VER PARAM: 1, OTG VER FLAG: 1
<4>[    4.932729] c3 6 (kworker/u10:0) hcd:Init: Power Port (0)
<7>[    4.933965] c1 6 (kworker/u10:0) hcd:I: comip_hcd_driver_start end
<4>[    5.059030] c2 34 (khubd) hcd:Indeed it is in host mode hprt0 = 00021501
<7>[    5.078371] c0 524 (ip) bridge: lmi42: cp ready ok
<7>[    5.078391] c0 524 (ip) bridge: open lmi42 ok.
<7>[    5.109846] c0 0 (swapper/0) hcd:I:   --Port Interrupt HPRT0=0x0000100d Port Enable Changed--
<6>[    5.210993] c1 34 (khubd) usb 1-1: new high-speed USB device number 2 using comip-hcd
<4>[    5.211287] c1 34 (khubd) hcd:Indeed it is in host mode hprt0 = 00001101
<7>[    5.211308] c0 442 (1643_recv_threa) hcd:I:   --Port Interrupt HPRT0=0x00001109 Port Enable Changed--
<4>[    5.234940] c1 6 (kworker/u10:0) USB_OTG: state change not supported 2!
<4>[    5.234960] c1 6 (kworker/u10:0) USB_OTG: comip_otg_event: end   last_id 0 last_state 1 curr_id 0 curr_state 1
<7>[    5.261708] c0 0 (swapper/0) hcd:I:   --Port Interrupt HPRT0=0x0000100d Port Enable Changed--
<4>[    5.374450] c0 34 (khubd) usb 1-1: config index 0 lenght 39, result 9
<4>[    5.374467] c0 34 (khubd) 09 02 27 00 01 01 05 c0 fa 
<4>[    5.374749] c0 34 (khubd) usb 1-1: config index 0 lenght 39, result 39
<4>[    5.374759] c0 34 (khubd) 09 02 27 00 01 01 05 c0 fa 09 04 00 00 03 06 01 01 00 07 05 02 02 00 02 0a 07 05 81 02 00 02 0a 07 05 83 03 40 00 0a 
<4>[    5.375242] c0 34 (khubd) usb 1-1: config index 1 lenght 149, result 9
<4>[    5.375252] c0 34 (khubd) 09 02 95 00 03 02 06 c0 fa 
<4>[    5.375550] c0 34 (khubd) usb 1-1: config index 1 lenght 149, result 149
<4>[    5.375560] c0 34 (khubd) 09 02 95 00 03 02 06 c0 fa 09 04 00 00 00 01 01 00 00 09 24 01 00 01 1e 00 01 01 0c 24 02 01 01 02 02 02 03 00 00 00 09 24 03 02 01 01 01 01 00 09 04 01 00 00 01 02 00 00 09 04 01 01 01 01 02 00 00 07 24 01 02 
<4>[    5.376300] c0 34 (khubd) usb 1-1: config index 2 lenght 62, result 9
<4>[    5.376321] c0 34 (khubd) 09 02 3e 00 02 03 07 c0 fa 
<4>[    5.376623] c0 34 (khubd) usb 1-1: config index 2 lenght 62, result 62
<4>[    5.376633] c0 34 (khubd) 09 02 3e 00 02 03 07 c0 fa 09 04 00 00 03 06 01 01 00 07 05 02 02 00 02 0a 07 05 81 02 00 02 0a 07 05 83 03 40 00 0a 09 04 01 00 02 ff fe 02 0d 07 05 04 02 00 02 00 07 05 85 02 00 02 00 
<4>[    5.377134] c0 34 (khubd) usb 1-1: config index 3 lenght 117, result 9
<4>[    5.377144] c0 34 (khubd) 09 02 75 00 03 04 08 c0 fa 
<4>[    5.377426] c0 34 (khubd) usb 1-1: config index 3 lenght 117, result 117
<4>[    5.377436] c0 34 (khubd) 09 02 75 00 03 04 08 c0 fa 09 04 00 00 03 06 01 01 00 07 05 02 02 00 02 0a 07 05 81 02 00 02 0a 07 05 83 03 40 00 0a 09 04 01 00 02 ff fe 02 0d 07 05 04 02 00 02 00 07 05 85 02 00 02 00 09 04 02 00 00 ff fd 01 
<3>[    5.378694] c0 34 (khubd) usb 1-1: device v05ac p12a8 is not supported
<4>[    5.549707] c0 34 (khubd) role switch ok:0
<4>[    5.580096] c0 34 (khubd) USB_OTG: comip_otg_host_to_mfi, ID 0 otg_state 3
<4>[    5.580138] c1 6 (kworker/u10:0) USB_OTG: comip_otg_event: begin last_id 0 last_state 1 curr_id 0 curr_state 3
<4>[    5.580147] c0 34 (khubd) apple_roleswitch: probe of 1-1:1.0 failed with error 1
<4>[    5.580166] c1 6 (kworker/u10:0) USB_OTG: id not changed! id = 0
<4>[    5.580181] c1 6 (kworker/u10:0) USB_OTG: comip_otg_start_host: 186, on = 0
<4>[    5.580194] c1 6 (kworker/u10:0) USB_OTG: comip_otg_start_host:host off......
<4>[    5.580208] c1 6 (kworker/u10:0) LZS comip_hcd_driver_stop: 1210, enter:_dev->id=0
<4>[    5.580214] c0 34 (khubd) apple device connected
<4>[    5.580237] c0 34 (khubd) usb_aoa: probe of 1-1:1.0 failed with error -1
<6>[    5.580950] c0 34 (khubd) usb 1-1: USB disconnect, device number 2
<4>[    5.639950] c3 495 (mfi_dev_timer_k) mfi_dev_timer_kthread waiting for apple device enmuration
<4>[    5.692062] c1 6 (kworker/u10:0) USB power should be on.
<7>[    5.692084] c1 6 (kworker/u10:0) hcd:I: comip_hcd_driver_stop end
<4>[    5.702104] c1 6 (kworker/u10:0) USB_OTG: set vbus power 1
<4>[    5.802968] c1 6 (kworker/u10:0) USB_OTG: comip_otg_start_mfi: 242, on = 1
<6>[    5.803021] c1 6 (kworker/u10:0) mfi_dev gadget: mfi_dev ready
<4>[    5.803457] c1 6 (kworker/u10:0) my_alloc_ep_reqs ok
<4>[    5.803473] c1 6 (kworker/u10:0) my_ep_init ok
<4>[    5.803492] c1 6 (kworker/u10:0) my_alloc_ep_reqs ok
<4>[    5.803505] c1 6 (kworker/u10:0) my_ep_init ok
<4>[    5.803517] c1 6 (kworker/u10:0) my_if0_init ok
<4>[    5.803662] c1 6 (kworker/u10:0) my_alloc_ep_reqs ok
<4>[    5.803674] c1 6 (kworker/u10:0) my_ep_init ok
<4>[    5.803696] c1 6 (kworker/u10:0) my_alloc_ep_reqs ok
<4>[    5.803708] c1 6 (kworker/u10:0) my_ep_init ok
<4>[    5.803721] c1 6 (kworker/u10:0) my_if1_init ok
<4>[    5.813750] c1 6 (kworker/u10:0) u2d_usb_init
<4>[    5.973493] c0 0 (swapper/0) dev->gadget.speed = USB_SPEED_HIGH
<6>[    6.001358] c0 0 (swapper/0) mfi_dev gadget: high-speed config #1: mfi device
<4>[    6.001378] c0 0 (swapper/0) if_set_alt s_if0,0.0
<4>[    6.001420] c0 0 (swapper/0) my_if0_en ok
<4>[    6.001433] c0 0 (swapper/0) if_set_alt s_if1,1.0
<4>[    6.120962] c1 6 (kworker/u10:0) USB_OTG: comip_otg_event: end   last_id 0 last_state 3 curr_id 0 curr_state 3
<3>[    6.878270] c1 548 (iap2_task) i2c-1: wait rx timeout!
<3>[    6.879226] c2 548 (iap2_task) i2c-1-0x11: xfer error -110.
<4>[    6.880220] c2 548 (iap2_task) mfi_i2c_read_bytes i2c_master_recv_retry error -110
<3>[    7.018760] c0 548 (iap2_task) i2c-1: wait rx timeout!
<3>[    7.019716] c1 548 (iap2_task) i2c-1-0x11: xfer error -110.
<4>[    7.020736] c2 548 (iap2_task) mfi_i2c_read_bytes i2c_master_recv_retry error -110
<11>[    9.106415] c2 1 (init) init: untracked pid 664 exited
<4>[   37.562161] c0 0 (swapper/0) if_set_alt s_if1,1.1
<4>[   37.562270] c0 0 (swapper/0) my_if1_en ok
<6>[   37.950316] c1 448 (hg_wl_chn_recei) sdr: to empty: wait cp communication to ready
<6>[   38.219453] c2 1880 (mount) EXT4-fs (mmcblk0p5): re-mounted. Opts: (null)
<6>[   38.536151] c0 1914 (mount) EXT4-fs (mmcblk0p5): re-mounted. Opts: (null)
<6>[   41.941392] c1 2049 (mount) EXT4-fs (mmcblk0p5): re-mounted. Opts: (null)
<6>[   41.970178] c2 2050 (mount) EXT4-fs (mmcblk0p5): re-mounted. Opts: (null)
<7>[   86.630972] c1 6 (kworker/u10:0) key 106 reported
<7>[   86.668963] c1 6 (kworker/u10:0) key 106 reported
<6>[  140.913631] c0 466 (hdvt_work) modem: modem open ref 1, status 3
<6>[  140.913652] c0 466 (hdvt_work) modem: modem status(3) != MODEM_RELEASE.open modem again! 
<6>[  140.929321] c0 6011 (sh) modem: modem release ref 2, status 3
<6>[  141.072015] c3 448 (hg_wl_chn_recei) sdr: to empty: cp ready
<7>[  141.211888] c0 0 (swapper/0) bridge: start_xmit info: lmi42 xmit skb cac91240 CP busy!
<7>[  141.260942] c0 442 (1643_recv_threa) bridge: start_xmit info: lmi42 xmit skb cac91240 CP ready!
<7>[  141.293094] c0 450 (dji_hdvt_gnd) bridge: start_xmit info: lmi42 xmit skb cac91000 CP busy!
<7>[  141.401696] c0 457 (MB_WL_Receiver) bridge: start_xmit info: lmi42 xmit skb cac91000 CP ready!
<7>[  141.426519] c0 6049 (ps) bridge: start_xmit info: lmi42 xmit skb ce769300 CP busy!
<7>[  141.458027] c0 0 (swapper/0) bridge: start_xmit info: lmi42 xmit skb ce769300 CP ready!
<7>[  142.077924] c0 0 (swapper/0) Warnning: timer1 int-excep
<4>[  151.690890] c0 0 (swapper/0) if_set_alt s_if1,1.0
<7>[  177.558922] c0 0 (swapper/0) Warnning: timer1 int-excep
<4>[  225.192876] c0 0 (swapper/0) if_set_alt s_if1,1.1
<4>[  225.192899] c0 0 (swapper/0) my_if1_en already ok
<6>[  225.966003] c0 9363 (mount) EXT4-fs (mmcblk0p5): re-mounted. Opts: (null)
<6>[  226.193735] c2 9397 (mount) EXT4-fs (mmcblk0p5): re-mounted. Opts: (null)
<6>[  226.977276] c2 9410 (mount) EXT4-fs (mmcblk0p5): re-mounted. Opts: (null)
<6>[  227.012265] c2 9411 (mount) EXT4-fs (mmcblk0p5): re-mounted. Opts: (null)
<7>[  306.855851] c1 431 (dji_hdvt_gnd) bridge: start_xmit info: lmi42 xmit skb cf6ab180 CP busy!
<7>[  307.027195] c0 0 (swapper/0) bridge: start_xmit info: lmi42 xmit skb cf6ab180 CP ready!
<7>[  309.906053] c1 501 (dji_hdvt_gnd) bridge: start_xmit info: lmi42 xmit skb caccc900 CP busy!
<7>[  309.985126] c0 0 (swapper/0) bridge: start_xmit info: lmi42 xmit skb caccc900 CP ready!
<7>[  314.719961] c0 501 (dji_hdvt_gnd) bridge: start_xmit info: lmi42 xmit skb cead9d80 CP busy!
<7>[  314.816148] c0 0 (swapper/0) bridge: start_xmit info: lmi42 xmit skb cead9d80 CP ready!
<7>[  330.498921] c0 0 (swapper/0) Warnning: timer1 int-excep
<7>[  337.174157] c0 431 (dji_hdvt_gnd) bridge: start_xmit info: lmi42 xmit skb ce298c00 CP busy!
<7>[  337.211419] c0 0 (swapper/0) bridge: start_xmit info: lmi42 xmit skb ce298c00 CP ready!
<7>[  346.279054] c2 450 (dji_hdvt_gnd) bridge: start_xmit info: lmi42 xmit skb ceb9ad80 CP busy!
<7>[  346.310234] c0 38 (kworker/0:1) bridge: start_xmit info: lmi42 xmit skb ceb9ad80 CP ready!
<7>[  358.474100] c1 450 (dji_hdvt_gnd) bridge: start_xmit info: lmi42 xmit skb cad34180 CP busy!
<7>[  358.479950] c0 0 (swapper/0) bridge: start_xmit info: lmi42 xmit skb cad34180 CP ready!
<7>[  382.745156] c2 450 (dji_hdvt_gnd) bridge: start_xmit info: lmi42 xmit skb cac21f00 CP busy!
<7>[  382.889029] c0 230 (DUMP_Output) bridge: start_xmit info: lmi42 xmit skb cac21f00 CP ready!
<7>[  394.810051] c2 450 (dji_hdvt_gnd) bridge: start_xmit info: lmi42 xmit skb ce377d80 CP busy!
<7>[  394.917747] c0 458 (MB_WL_Receiver) bridge: start_xmit info: lmi42 xmit skb ce377d80 CP ready!
<7>[  411.328922] c0 0 (swapper/0) Warnning: timer1 int-excep
<7>[  428.453923] c0 0 (swapper/0) Warnning: timer1 int-excep
<7>[  440.170023] c0 431 (dji_hdvt_gnd) bridge: start_xmit info: lmi42 xmit skb ce73d000 CP busy!
<7>[  440.214975] c0 0 (swapper/0) bridge: start_xmit info: lmi42 xmit skb ce73d000 CP ready!
<7>[  458.266838] c0 431 (dji_hdvt_gnd) bridge: start_xmit info: lmi42 xmit skb ce3b8840 CP busy!
<7>[  458.300072] c0 0 (swapper/0) bridge: start_xmit info: lmi42 xmit skb ce3b8840 CP ready!
<7>[  512.882436] c0 431 (dji_hdvt_gnd) bridge: start_xmit info: lmi42 xmit skb ceb8e480 CP busy!
<7>[  513.062704] c0 20679 (ps) bridge: start_xmit info: lmi42 xmit skb ceb8e480 CP ready!
<7>[  524.981109] c0 431 (dji_hdvt_gnd) bridge: start_xmit info: lmi42 xmit skb ce6a9540 CP busy!
<7>[  525.034770] c0 0 (swapper/0) bridge: start_xmit info: lmi42 xmit skb ce6a9540 CP ready!
<7>[  530.937387] c0 431 (dji_hdvt_gnd) bridge: start_xmit info: lmi42 xmit skb cace06c0 CP busy!
<7>[  531.049282] c0 69 (mmcqd/0) bridge: start_xmit info: lmi42 xmit skb cace06c0 CP ready!
<7>[  546.152983] c1 0 (swapper/1) bridge: start_xmit info: lmi42 xmit skb cacf0530 CP busy!
<7>[  546.190527] c0 0 (swapper/0) bridge: start_xmit info: lmi42 xmit skb cacf0530 CP ready!
<7>[  555.233129] c2 450 (dji_hdvt_gnd) bridge: start_xmit info: lmi42 xmit skb cace2f00 CP busy!
<7>[  555.275325] c0 0 (swapper/0) bridge: start_xmit info: lmi42 xmit skb cace2f00 CP ready!
<7>[  600.966089] c1 501 (dji_hdvt_gnd) bridge: start_xmit info: lmi42 xmit skb ce2da900 CP busy!
<7>[  601.009288] c0 0 (swapper/0) bridge: start_xmit info: lmi42 xmit skb ce2da900 CP ready!
<7>[  609.865077] c2 450 (dji_hdvt_gnd) bridge: start_xmit info: lmi42 xmit skb cea94f00 CP busy!
<7>[  609.925106] c0 0 (swapper/0) bridge: start_xmit info: lmi42 xmit skb cea94f00 CP ready!
<7>[  612.907901] c2 431 (dji_hdvt_gnd) bridge: start_xmit info: lmi42 xmit skb ce25acc0 CP busy!
<7>[  612.939452] c0 3 (ksoftirqd/0) bridge: start_xmit info: lmi42 xmit skb ce25acc0 CP ready!
<7>[  618.961802] c0 431 (dji_hdvt_gnd) bridge: start_xmit info: lmi42 xmit skb ce284000 CP busy!
<7>[  619.024015] c0 443 (4210_recv_threa) bridge: start_xmit info: lmi42 xmit skb ce284000 CP ready!
<7>[  624.942194] c3 431 (dji_hdvt_gnd) bridge: start_xmit info: lmi42 xmit skb ce38dcc0 CP busy!
<7>[  625.024298] c0 442 (1643_recv_threa) bridge: start_xmit info: lmi42 xmit skb ce38dcc0 CP ready!
<7>[  634.028230] c1 431 (dji_hdvt_gnd) bridge: start_xmit info: lmi42 xmit skb cad2de40 CP busy!
<7>[  634.193628] c0 0 (swapper/0) bridge: start_xmit info: lmi42 xmit skb cad2de40 CP ready!
<7>[  643.167880] c3 431 (dji_hdvt_gnd) bridge: start_xmit info: lmi42 xmit skb cacfec00 CP busy!
<7>[  643.222020] c0 0 (swapper/0) bridge: start_xmit info: lmi42 xmit skb cacfec00 CP ready!
<7>[  649.203331] c0 431 (dji_hdvt_gnd) bridge: start_xmit info: lmi42 xmit skb cf460f00 CP busy!
<7>[  649.250576] c0 0 (swapper/0) bridge: start_xmit info: lmi42 xmit skb cf460f00 CP ready!
<7>[  652.160699] c0 431 (dji_hdvt_gnd) bridge: start_xmit info: lmi42 xmit skb ce22b600 CP busy!
<7>[  652.222555] c0 0 (swapper/0) bridge: start_xmit info: lmi42 xmit skb ce22b600 CP ready!
<7>[  661.465085] c2 450 (dji_hdvt_gnd) bridge: start_xmit info: lmi42 xmit skb ce856900 CP busy!
<7>[  661.476331] c0 442 (1643_recv_threa) bridge: start_xmit info: lmi42 xmit skb ce856900 CP ready!
<7>[  682.661878] c0 431 (dji_hdvt_gnd) bridge: start_xmit info: lmi42 xmit skb ceba5240 CP busy!
<7>[  682.716428] c0 0 (swapper/0) bridge: start_xmit info: lmi42 xmit skb ceba5240 CP ready!
<7>[  688.653056] c0 431 (dji_hdvt_gnd) bridge: start_xmit info: lmi42 xmit skb cea92e40 CP busy!
<7>[  688.702577] c0 0 (swapper/0) bridge: start_xmit info: lmi42 xmit skb cea92e40 CP ready!
<7>[  688.767092] c3 501 (dji_hdvt_gnd) bridge: start_xmit info: lmi42 xmit skb ce2dcd80 CP busy!
<7>[  688.801160] c0 443 (4210_recv_threa) bridge: start_xmit info: lmi42 xmit skb ce2dcd80 CP ready!
<7>[  694.592682] c0 431 (dji_hdvt_gnd) bridge: start_xmit info: lmi42 xmit skb cac07180 CP busy!
<7>[  694.671191] c0 443 (4210_recv_threa) bridge: start_xmit info: lmi42 xmit skb cac07180 CP ready!
<7>[  701.528120] c0 431 (dji_hdvt_gnd) bridge: start_xmit info: lmi42 xmit skb cacfe780 CP busy!
<7>[  701.604501] c0 0 (swapper/0) bridge: start_xmit info: lmi42 xmit skb cacfe780 CP ready!
<7>[  702.839925] c0 0 (swapper/0) Warnning: timer1 int-excep
<7>[  715.855055] c1 450 (dji_hdvt_gnd) bridge: start_xmit info: lmi42 xmit skb ce75f000 CP busy!
<7>[  715.999195] c0 0 (swapper/0) bridge: start_xmit info: lmi42 xmit skb ce75f000 CP ready!
<7>[  718.857053] c1 450 (dji_hdvt_gnd) bridge: start_xmit info: lmi42 xmit skb ce2940c0 CP busy!
<7>[  719.013763] c0 457 (MB_WL_Receiver) bridge: start_xmit info: lmi42 xmit skb ce2940c0 CP ready!
<7>[  730.925645] c0 431 (dji_hdvt_gnd) bridge: start_xmit info: lmi42 xmit skb ceb37480 CP busy!
<7>[  731.028013] c0 464 (event_task) bridge: start_xmit info: lmi42 xmit skb ceb37480 CP ready!
<7>[  733.960750] c0 431 (dji_hdvt_gnd) bridge: start_xmit info: lmi42 xmit skb caccc180 CP busy!
<7>[  734.056061] c0 463 (MB_Socket_Recei) bridge: start_xmit info: lmi42 xmit skb caccc180 CP ready!
<7>[  739.953644] c0 431 (dji_hdvt_gnd) bridge: start_xmit info: lmi42 xmit skb ce38f3c0 CP busy!
<7>[  740.112748] c0 457 (MB_WL_Receiver) bridge: start_xmit info: lmi42 xmit skb ce38f3c0 CP ready!
<7>[  746.153076] c1 450 (dji_hdvt_gnd) bridge: start_xmit info: lmi42 xmit skb ce374900 CP busy!
<7>[  746.225620] c0 0 (swapper/0) bridge: start_xmit info: lmi42 xmit skb ce374900 CP ready!
<7>[  752.182127] c3 431 (dji_hdvt_gnd) bridge: start_xmit info: lmi42 xmit skb cacaee40 CP busy!
<7>[  752.239941] c0 69 (mmcqd/0) bridge: start_xmit info: lmi42 xmit skb cacaee40 CP ready!
<7>[  758.262038] c0 431 (dji_hdvt_gnd) bridge: start_xmit info: lmi42 xmit skb cad2e0c0 CP busy!
<7>[  758.268368] c0 0 (swapper/0) bridge: start_xmit info: lmi42 xmit skb cad2e0c0 CP ready!
<7>[  788.625998] c3 450 (dji_hdvt_gnd) bridge: start_xmit info: lmi42 xmit skb ce732840 CP busy!
<7>[  788.649700] c0 0 (swapper/0) bridge: start_xmit info: lmi42 xmit skb ce732840 CP ready!
<7>[  791.894003] c2 450 (dji_hdvt_gnd) bridge: start_xmit info: lmi42 xmit skb cac966c0 CP busy!
<7>[  792.185002] c0 3 (ksoftirqd/0) bridge: start_xmit info: lmi42 xmit skb cac966c0 CP ready!
<7>[  792.192978] c1 0 (swapper/1) bridge: start_xmit info: lmi42 xmit skb cacf0530 CP busy!
<7>[  792.297679] c0 0 (swapper/0) bridge: start_xmit info: lmi42 xmit skb cacf0530 CP ready!
<7>[  794.817856] c0 431 (dji_hdvt_gnd) bridge: start_xmit info: lmi42 xmit skb ce22b3c0 CP busy!
<7>[  795.030227] c0 442 (1643_recv_threa) bridge: start_xmit info: lmi42 xmit skb ce22b3c0 CP ready!
<7>[  795.056156] c2 501 (dji_hdvt_gnd) bridge: start_xmit info: lmi42 xmit skb cacfc9c0 CP busy!
<7>[  795.100587] c0 0 (swapper/0) bridge: start_xmit info: lmi42 xmit skb cacfc9c0 CP ready!
<7>[  801.483736] c0 431 (dji_hdvt_gnd) bridge: start_xmit info: lmi42 xmit skb ceac7000 CP busy!
<7>[  801.509294] c0 0 (swapper/0) bridge: start_xmit info: lmi42 xmit skb ceac7000 CP ready!
<7>[  801.521685] c0 431 (dji_hdvt_gnd) bridge: start_xmit info: lmi42 xmit skb cace7f00 CP busy!
<7>[  801.650164] c0 0 (swapper/0) bridge: start_xmit info: lmi42 xmit skb cace7f00 CP ready!
<7>[  801.654148] c3 450 (dji_hdvt_gnd) bridge: start_xmit info: lmi42 xmit skb cad3c0c0 CP busy!
<7>[  801.734634] c0 0 (swapper/0) bridge: start_xmit info: lmi42 xmit skb cad3c0c0 CP ready!
<7>[  801.880463] c0 450 (dji_hdvt_gnd) bridge: start_xmit info: lmi42 xmit skb ce3b6f00 CP busy!
<7>[  802.056017] c0 463 (MB_Socket_Recei) bridge: start_xmit info: lmi42 xmit skb ce3b6f00 CP ready!
<7>[  803.102823] c0 450 (dji_hdvt_gnd) bridge: start_xmit info: lmi42 xmit skb cacf2300 CP busy!
<7>[  803.143123] c0 0 (swapper/0) bridge: start_xmit info: lmi42 xmit skb cacf2300 CP ready!
<7>[  803.756997] c3 431 (dji_hdvt_gnd) bridge: start_xmit info: lmi42 xmit skb ce9b1300 CP busy!
<7>[  803.861580] c0 0 (swapper/0) bridge: start_xmit info: lmi42 xmit skb ce9b1300 CP ready!
<7>[  803.924100] c2 431 (dji_hdvt_gnd) bridge: start_xmit info: lmi42 xmit skb cacccc00 CP busy!
<7>[  804.255967] c0 0 (swapper/0) bridge: start_xmit info: lmi42 xmit skb cacccc00 CP ready!
<7>[  806.760812] c0 431 (dji_hdvt_gnd) bridge: start_xmit info: lmi42 xmit skb ce3a39c0 CP busy!
<7>[  806.833568] c0 0 (swapper/0) bridge: start_xmit info: lmi42 xmit skb ce3a39c0 CP ready!
<7>[  810.053002] c0 431 (dji_hdvt_gnd) bridge: start_xmit info: lmi42 xmit skb cacde000 CP busy!
<7>[  810.129273] c0 0 (swapper/0) bridge: start_xmit info: lmi42 xmit skb cacde000 CP ready!
<7>[  813.035052] c1 450 (dji_hdvt_gnd) bridge: start_xmit info: lmi42 xmit skb ce3b9780 CP busy!
<7>[  813.059120] c0 247 (logcat) bridge: start_xmit info: lmi42 xmit skb ce3b9780 CP ready!
<7>[  821.921852] c2 431 (dji_hdvt_gnd) bridge: start_xmit info: lmi42 xmit skb cac96000 CP busy!
<7>[  822.101587] c0 0 (swapper/0) bridge: start_xmit info: lmi42 xmit skb cac96000 CP ready!
<7>[  857.342802] c0 431 (dji_hdvt_gnd) bridge: start_xmit info: lmi42 xmit skb ce279780 CP busy!
<7>[  859.666223] c0 0 (swapper/0) bridge: start_xmit info: lmi42 xmit skb ce279780 CP ready!
<7>[  859.758089] c1 450 (dji_hdvt_gnd) bridge: start_xmit info: lmi42 xmit skb ce374b40 CP busy!
<7>[  859.807096] c0 454 (MB_UART_Receive) bridge: start_xmit info: lmi42 xmit skb ce374b40 CP ready!
<7>[  861.320906] c0 450 (dji_hdvt_gnd) bridge: start_xmit info: lmi42 xmit skb ceba2240 CP busy!
<7>[  861.356398] c0 0 (swapper/0) bridge: start_xmit info: lmi42 xmit skb ceba2240 CP ready!
<7>[  861.420826] c0 431 (dji_hdvt_gnd) bridge: start_xmit info: lmi42 xmit skb ceba2900 CP busy!
<7>[  861.511404] c0 443 (4210_recv_threa) bridge: start_xmit info: lmi42 xmit skb ceba2900 CP ready!
<7>[  865.010622] c0 431 (dji_hdvt_gnd) bridge: start_xmit info: lmi42 xmit skb cebcec00 CP busy!
<7>[  865.075029] c0 466 (hdvt_work) bridge: start_xmit info: lmi42 xmit skb cebcec00 CP ready!
<7>[  867.446850] c0 431 (dji_hdvt_gnd) bridge: start_xmit info: lmi42 xmit skb ce374b40 CP busy!
<7>[  867.511564] c0 0 (swapper/0) bridge: start_xmit info: lmi42 xmit skb ce374b40 CP ready!
<7>[  867.516887] c0 431 (dji_hdvt_gnd) bridge: start_xmit info: lmi42 xmit skb ce7b4540 CP busy!
<7>[  867.680589] c0 0 (swapper/0) bridge: start_xmit info: lmi42 xmit skb ce7b4540 CP ready!
<7>[  870.511764] c0 431 (dji_hdvt_gnd) bridge: start_xmit info: lmi42 xmit skb cacfb300 CP busy!
<7>[  871.849759] c0 0 (swapper/0) bridge: start_xmit info: lmi42 xmit skb cacfb300 CP ready!
<7>[  871.880065] c2 450 (dji_hdvt_gnd) bridge: start_xmit info: lmi42 xmit skb cac91e40 CP busy!
<7>[  873.300483] c0 0 (swapper/0) bridge: start_xmit info: lmi42 xmit skb cac91e40 CP ready!
<7>[  873.403820] c0 431 (dji_hdvt_gnd) bridge: start_xmit info: lmi42 xmit skb ce3b5cc0 CP busy!
<7>[  873.680769] c0 0 (swapper/0) bridge: start_xmit info: lmi42 xmit skb ce3b5cc0 CP ready!
<7>[  876.485634] c0 431 (dji_hdvt_gnd) bridge: start_xmit info: lmi42 xmit skb cf6abd80 CP busy!
<7>[  876.554167] c0 0 (swapper/0) bridge: start_xmit info: lmi42 xmit skb cf6abd80 CP ready!
<7>[  879.512724] c0 431 (dji_hdvt_gnd) bridge: start_xmit info: lmi42 xmit skb ce294300 CP busy!
<7>[  879.653013] c0 230 (DUMP_Output) bridge: start_xmit info: lmi42 xmit skb ce294300 CP ready!
<7>[  879.666087] c3 450 (dji_hdvt_gnd) bridge: start_xmit info: lmi42 xmit skb ce38d900 CP busy!
<7>[  879.709187] c0 0 (swapper/0) bridge: start_xmit info: lmi42 xmit skb ce38d900 CP ready!
<7>[  882.472823] c0 431 (dji_hdvt_gnd) bridge: start_xmit info: lmi42 xmit skb ce3b9180 CP busy!
<7>[  882.512144] c0 0 (swapper/0) bridge: start_xmit info: lmi42 xmit skb ce3b9180 CP ready!
<7>[  882.570622] c0 431 (dji_hdvt_gnd) bridge: start_xmit info: lmi42 xmit skb ce7370c0 CP busy!
<7>[  882.624800] c0 0 (swapper/0) bridge: start_xmit info: lmi42 xmit skb ce7370c0 CP ready!
<7>[  891.727067] c0 431 (dji_hdvt_gnd) bridge: start_xmit info: lmi42 xmit skb ce2849c0 CP busy!
<7>[  891.751973] c0 0 (swapper/0) bridge: start_xmit info: lmi42 xmit skb ce2849c0 CP ready!
<7>[  909.913965] c3 431 (dji_hdvt_gnd) bridge: start_xmit info: lmi42 xmit skb ce2929c0 CP busy!
<7>[  910.020140] c0 0 (swapper/0) bridge: start_xmit info: lmi42 xmit skb ce2929c0 CP ready!
<7>[  913.045097] c3 450 (dji_hdvt_gnd) bridge: start_xmit info: lmi42 xmit skb cac9a180 CP busy!
<7>[  913.062717] c0 457 (MB_WL_Receiver) bridge: start_xmit info: lmi42 xmit skb cac9a180 CP ready!
<7>[  922.016986] c1 431 (dji_hdvt_gnd) bridge: start_xmit info: lmi42 xmit skb ce75e300 CP busy!
<7>[  922.147415] c0 0 (swapper/0) bridge: start_xmit info: lmi42 xmit skb ce75e300 CP ready!
<7>[  940.414049] c3 450 (dji_hdvt_gnd) bridge: start_xmit info: lmi42 xmit skb cac9ac00 CP busy!
<7>[  940.528273] c0 0 (swapper/0) bridge: start_xmit info: lmi42 xmit skb cac9ac00 CP ready!
<7>[  949.316772] c0 431 (dji_hdvt_gnd) bridge: start_xmit info: lmi42 xmit skb ce3a36c0 CP busy!
<7>[  949.415960] c0 0 (swapper/0) bridge: start_xmit info: lmi42 xmit skb ce3a36c0 CP ready!
<7>[  952.300702] c0 431 (dji_hdvt_gnd) bridge: start_xmit info: lmi42 xmit skb ce23db40 CP busy!
<7>[  952.317374] c0 0 (swapper/0) bridge: start_xmit info: lmi42 xmit skb ce23db40 CP ready!
<7>[ 1006.941149] c1 431 (dji_hdvt_gnd) bridge: start_xmit info: lmi42 xmit skb ce724900 CP busy!
<7>[ 1007.051737] c0 0 (swapper/0) bridge: start_xmit info: lmi42 xmit skb ce724900 CP ready!
<7>[ 1009.970084] c0 431 (dji_hdvt_gnd) bridge: start_xmit info: lmi42 xmit skb ceb3d300 CP busy!
<7>[ 1010.094203] c0 0 (swapper/0) bridge: start_xmit info: lmi42 xmit skb ceb3d300 CP ready!
<7>[ 1011.985919] c1 0 (swapper/1) Warnning: timer2 int-excep
<7>[ 1013.031787] c1 431 (dji_hdvt_gnd) bridge: start_xmit info: lmi42 xmit skb ce7053c0 CP busy!
<7>[ 1013.094177] c0 0 (swapper/0) bridge: start_xmit info: lmi42 xmit skb ce7053c0 CP ready!
<7>[ 1016.071408] c0 431 (dji_hdvt_gnd) bridge: start_xmit info: lmi42 xmit skb cf460c00 CP busy!
<7>[ 1016.136591] c0 0 (swapper/0) bridge: start_xmit info: lmi42 xmit skb cf460c00 CP ready!
<7>[ 1019.067418] c1 431 (dji_hdvt_gnd) bridge: start_xmit info: lmi42 xmit skb ce28d900 CP busy!
<7>[ 1019.137024] c0 464 (event_task) bridge: start_xmit info: lmi42 xmit skb ce28d900 CP ready!
<7>[ 1020.367926] c0 0 (swapper/0) Warnning: timer1 int-excep
<7>[ 1034.299892] c0 431 (dji_hdvt_gnd) bridge: start_xmit info: lmi42 xmit skb ce73c6c0 CP busy!
<7>[ 1034.317967] c0 464 (event_task) bridge: start_xmit info: lmi42 xmit skb ce73c6c0 CP ready!
<7>[ 1037.457262] c1 431 (dji_hdvt_gnd) bridge: start_xmit info: lmi42 xmit skb ce3cea80 CP busy!
<7>[ 1037.503417] c0 0 (swapper/0) bridge: start_xmit info: lmi42 xmit skb ce3cea80 CP ready!
<7>[ 1094.860877] c1 431 (dji_hdvt_gnd) bridge: start_xmit info: lmi42 xmit skb ceb9aa80 CP busy!
<7>[ 1094.871637] c0 0 (swapper/0) bridge: start_xmit info: lmi42 xmit skb ceb9aa80 CP ready!
<7>[ 1094.902980] c0 431 (dji_hdvt_gnd) bridge: start_xmit info: lmi42 xmit skb ce2db600 CP busy!
<7>[ 1095.026903] c0 443 (4210_recv_threa) bridge: start_xmit info: lmi42 xmit skb ce2db600 CP ready!
<7>[ 1101.038288] c1 431 (dji_hdvt_gnd) bridge: start_xmit info: lmi42 xmit skb cea91780 CP busy!
<7>[ 1101.055031] c0 0 (swapper/0) bridge: start_xmit info: lmi42 xmit skb cea91780 CP ready!
<7>[ 1116.693953] c0 431 (dji_hdvt_gnd) bridge: start_xmit info: lmi42 xmit skb ce3a3b40 CP busy!
<7>[ 1116.717477] c0 442 (1643_recv_threa) bridge: start_xmit info: lmi42 xmit skb ce3a3b40 CP ready!
<7>[ 1119.295895] c0 431 (dji_hdvt_gnd) bridge: start_xmit info: lmi42 xmit skb ce705e40 CP busy!
<7>[ 1119.337303] c0 0 (swapper/0) bridge: start_xmit info: lmi42 xmit skb ce705e40 CP ready!
<7>[ 1122.283041] c0 431 (dji_hdvt_gnd) bridge: start_xmit info: lmi42 xmit skb ce9b6600 CP busy!
<7>[ 1122.337498] c0 442 (1643_recv_threa) bridge: start_xmit info: lmi42 xmit skb ce9b6600 CP ready!
<7>[ 1126.249711] c0 431 (dji_hdvt_gnd) bridge: start_xmit info: lmi42 xmit skb ce29d600 CP busy!
<7>[ 1126.295351] c0 69 (mmcqd/0) bridge: start_xmit info: lmi42 xmit skb ce29d600 CP ready!
<7>[ 1137.210887] c1 431 (dji_hdvt_gnd) bridge: start_xmit info: lmi42 xmit skb cac91600 CP busy!
<7>[ 1137.394241] c0 0 (swapper/0) bridge: start_xmit info: lmi42 xmit skb cac91600 CP ready!
<7>[ 1137.439702] c0 431 (dji_hdvt_gnd) bridge: start_xmit info: lmi42 xmit skb ce724c00 CP busy!
<7>[ 1137.746427] c0 0 (swapper/0) bridge: start_xmit info: lmi42 xmit skb ce724c00 CP ready!
<7>[ 1166.889761] c0 431 (dji_hdvt_gnd) bridge: start_xmit info: lmi42 xmit skb ceba2780 CP busy!
<7>[ 1167.071367] c0 0 (swapper/0) bridge: start_xmit info: lmi42 xmit skb ceba2780 CP ready!
<7>[ 1167.982908] c3 431 (dji_hdvt_gnd) bridge: start_xmit info: lmi42 xmit skb ce2de9c0 CP busy!
<7>[ 1168.226356] c0 0 (swapper/0) bridge: start_xmit info: lmi42 xmit skb ce2de9c0 CP ready!
<7>[ 1187.002762] c0 431 (dji_hdvt_gnd) bridge: start_xmit info: lmi42 xmit skb cea94300 CP busy!
<7>[ 1187.198975] c0 487 (lcdscan_task) bridge: start_xmit info: lmi42 xmit skb cea94300 CP ready!
<7>[ 1196.190922] c0 0 (swapper/0) Warnning: timer1 int-excep
<7>[ 1231.583842] c0 431 (dji_hdvt_gnd) bridge: start_xmit info: lmi42 xmit skb ce7b49c0 CP busy!
<7>[ 1231.594897] c0 0 (swapper/0) bridge: start_xmit info: lmi42 xmit skb ce7b49c0 CP ready!
<7>[ 1234.530646] c0 431 (dji_hdvt_gnd) bridge: start_xmit info: lmi42 xmit skb cacfd300 CP busy!
<7>[ 1234.594956] c0 442 (1643_recv_threa) bridge: start_xmit info: lmi42 xmit skb cacfd300 CP ready!
<7>[ 1255.583998] c2 431 (dji_hdvt_gnd) bridge: start_xmit info: lmi42 xmit skb ce2de480 CP busy!
<7>[ 1255.637805] c0 0 (swapper/0) bridge: start_xmit info: lmi42 xmit skb ce2de480 CP ready!
<7>[ 1280.085645] c0 431 (dji_hdvt_gnd) bridge: start_xmit info: lmi42 xmit skb ce2da540 CP busy!
<7>[ 1280.145703] c0 0 (swapper/0) bridge: start_xmit info: lmi42 xmit skb ce2da540 CP ready!
<7>[ 1298.044082] c2 450 (dji_hdvt_gnd) bridge: start_xmit info: lmi42 xmit skb ce2809c0 CP busy!
<7>[ 1298.202731] c0 0 (swapper/0) bridge: start_xmit info: lmi42 xmit skb ce2809c0 CP ready!
<7>[ 1304.273739] c0 431 (dji_hdvt_gnd) bridge: start_xmit info: lmi42 xmit skb ce2dd900 CP busy!
<7>[ 1304.301529] c0 0 (swapper/0) bridge: start_xmit info: lmi42 xmit skb ce2dd900 CP ready!
<7>[ 1320.441921] c1 0 (swapper/1) Warnning: timer2 int-excep
<7>[ 1329.503925] c0 0 (swapper/0) Warnning: timer1 int-excep
<7>[ 1338.470923] c2 0 (swapper/2) Warnning: timer4 int-excep
<7>[ 1343.666624] c0 431 (dji_hdvt_gnd) bridge: start_xmit info: lmi42 xmit skb cace6e40 CP busy!
<7>[ 1343.725455] c0 0 (swapper/0) bridge: start_xmit info: lmi42 xmit skb cace6e40 CP ready!
<7>[ 1355.812041] c0 431 (dji_hdvt_gnd) bridge: start_xmit info: lmi42 xmit skb cad20c00 CP busy!
<7>[ 1355.866705] c0 0 (swapper/0) bridge: start_xmit info: lmi42 xmit skb cad20c00 CP ready!
<7>[ 1364.969973] c0 501 (dji_hdvt_gnd) bridge: start_xmit info: lmi42 xmit skb ce9b0180 CP busy!
<7>[ 1364.979675] c0 0 (swapper/0) bridge: start_xmit info: lmi42 xmit skb ce9b0180 CP ready!
<7>[ 1373.973679] c0 431 (dji_hdvt_gnd) bridge: start_xmit info: lmi42 xmit skb ce285f00 CP busy!
<7>[ 1374.050613] c0 443 (4210_recv_threa) bridge: start_xmit info: lmi42 xmit skb ce285f00 CP ready!
<7>[ 1377.032806] c0 431 (dji_hdvt_gnd) bridge: start_xmit info: lmi42 xmit skb ce278cc0 CP busy!
<7>[ 1377.078691] c0 0 (swapper/0) bridge: start_xmit info: lmi42 xmit skb ce278cc0 CP ready!
<7>[ 1422.597353] c0 431 (dji_hdvt_gnd) bridge: start_xmit info: lmi42 xmit skb ce278480 CP busy!
<7>[ 1422.629651] c0 0 (swapper/0) bridge: start_xmit info: lmi42 xmit skb ce278480 CP ready!
<7>[ 1428.597844] c0 431 (dji_hdvt_gnd) bridge: start_xmit info: lmi42 xmit skb ce7329c0 CP busy!
<7>[ 1428.644001] c0 0 (swapper/0) bridge: start_xmit info: lmi42 xmit skb ce7329c0 CP ready!
<7>[ 1447.092149] c0 431 (dji_hdvt_gnd) bridge: start_xmit info: lmi42 xmit skb ce3b9a80 CP busy!
<7>[ 1447.193989] c0 0 (swapper/0) bridge: start_xmit info: lmi42 xmit skb ce3b9a80 CP ready!
<7>[ 1455.988923] c0 0 (swapper/0) Warnning: timer1 int-excep
<7>[ 1525.557761] c2 501 (dji_hdvt_gnd) bridge: start_xmit info: lmi42 xmit skb ce29c300 CP busy!
<7>[ 1525.662266] c0 501 (dji_hdvt_gnd) bridge: start_xmit info: lmi42 xmit skb ce29c300 CP ready!
<7>[ 1525.696740] c0 431 (dji_hdvt_gnd) bridge: start_xmit info: lmi42 xmit skb ce29fa80 CP busy!
<7>[ 1525.717760] c0 66 (kworker/0:1H) bridge: start_xmit info: lmi42 xmit skb ce29fa80 CP ready!
<7>[ 1525.757751] c0 431 (dji_hdvt_gnd) bridge: start_xmit info: lmi42 xmit skb ce3a3d80 CP busy!
<7>[ 1525.872625] c0 0 (swapper/0) bridge: start_xmit info: lmi42 xmit skb ce3a3d80 CP ready!
<7>[ 1526.065062] c1 450 (dji_hdvt_gnd) bridge: start_xmit info: lmi42 xmit skb cacac3c0 CP busy!
<7>[ 1526.112158] c0 442 (1643_recv_threa) bridge: start_xmit info: lmi42 xmit skb cacac3c0 CP ready!
<7>[ 1526.962108] c3 501 (dji_hdvt_gnd) bridge: start_xmit info: lmi42 xmit skb cac96480 CP busy!
<7>[ 1527.126314] c0 0 (swapper/0) bridge: start_xmit info: lmi42 xmit skb cac96480 CP ready!
<7>[ 1527.159813] c0 501 (dji_hdvt_gnd) bridge: start_xmit info: lmi42 xmit skb ce229d80 CP busy!
<7>[ 1527.267102] c0 0 (swapper/0) bridge: start_xmit info: lmi42 xmit skb ce229d80 CP ready!
<7>[ 1527.301104] c1 501 (dji_hdvt_gnd) bridge: start_xmit info: lmi42 xmit skb ce76c9c0 CP busy!
<7>[ 1527.337465] c0 442 (1643_recv_threa) bridge: start_xmit info: lmi42 xmit skb ce76c9c0 CP ready!
<7>[ 1549.958927] c0 0 (swapper/0) Warnning: timer1 int-excep
<7>[ 1619.637923] c0 0 (swapper/0) Warnning: timer1 int-excep
<7>[ 1626.626767] c0 431 (dji_hdvt_gnd) bridge: start_xmit info: lmi42 xmit skb ce705000 CP busy!
<7>[ 1626.679011] c0 474 (keyscan_task) bridge: start_xmit info: lmi42 xmit skb ce705000 CP ready!
<7>[ 1635.700072] c1 501 (dji_hdvt_gnd) bridge: start_xmit info: lmi42 xmit skb ce706e40 CP busy!
<7>[ 1636.751436] c0 0 (swapper/0) bridge: start_xmit info: lmi42 xmit skb ce706e40 CP ready!


!!!New kernel log start!!!

<6>[    0.000000] c0 0 (swapper) Booting Linux on physical CPU 0x100
<6>[    0.000000] c0 0 (swapper) Initializing cgroup subsys cpu
<6>[    0.000000] c0 0 (swapper) Initializing cgroup subsys cpuacct
<5>[    0.000000] c0 0 (swapper) Linux version 3.10.62 (jenkins@APServer01) (gcc version 4.7 (GCC) ) #1 SMP PREEMPT Thu Dec 28 16:11:42 CST 2017
<4>[    0.000000] c0 0 (swapper) CPU: ARMv7 Processor [410fc075] revision 5 (ARMv7), cr=10c5387d
<4>[    0.000000] c0 0 (swapper) CPU: PIPT / VIPT nonaliasing data cache, VIPT aliasing instruction cache
<4>[    0.000000] c0 0 (swapper) Machine: Leadcore Innopower
<4>[    0.000000] c0 0 (swapper) start comip_parse_tag_mem_ext.
<4>[    0.000000] c0 0 (swapper) Physical memory layout:
<4>[    0.000000] c0 0 (swapper)     DRAM Bank1  : 0x00000000 - 0x20000000  ( 512 MB)
<4>[    0.000000] c0 0 (swapper)     Modem       : 0x00000000 - 0x06400000  ( 100 MB)
<4>[    0.000000] c0 0 (swapper)     Kernel Bank1: 0x06400000 - 0x16800000  ( 260 MB)
<4>[    0.000000] c0 0 (swapper)     Framebuffer : 0x16800000 - 0x17800000  (  16 MB)
<4>[    0.000000] c0 0 (swapper)     ON2         : 0x17800000 - 0x1f800000  ( 128 MB)
<4>[    0.000000] c0 0 (swapper)     TrustZone   : 0x1f800000 - 0x20000000  (   8 MB)
<4>[    0.000000] c0 0 (swapper) Ignoring unrecognised tag 0x54410101
<7>[    0.000000] c0 0 (swapper) Boot mode: normal
<6>[    0.000000] c0 0 (swapper) Main VOUT: 7250/9000
<4>[    0.000000] c0 0 (swapper) Chip id: 0x442db66b, rom id: 0x1, bb id: 0x282e05
<4>[    0.000000] c0 0 (swapper) Ignoring unrecognised tag 0x54410105
<4>[    0.000000] c0 0 (swapper) Memory policy: ECC disabled, Data cache writealloc
<4>[    0.000000] c0 0 (swapper) ddr_pwr_pll_mclk rate:1066000000
<4>[    0.000000] c0 0 (swapper) pll0_out rate:988000000
<4>[    0.000000] c0 0 (swapper) pll1_out rate:1248000000
<4>[    0.000000] c0 0 (swapper) A7 rate: 988000000, gr:16
<7>[    0.000000] c0 0 (swapper) On node 0 totalpages: 66560
<7>[    0.000000] c0 0 (swapper) free_area_init_node: node 0, pgdat c05ecd00, node_mem_map c0956000
<7>[    0.000000] c0 0 (swapper)   Normal zone: 520 pages used for memmap
<7>[    0.000000] c0 0 (swapper)   Normal zone: 0 pages reserved
<7>[    0.000000] c0 0 (swapper)   Normal zone: 66560 pages, LIFO batch:15
<4>[    0.000000] c0 0 (swapper) mcpm_smp_init_cpus: cores number:5
<6>[    0.000000] c0 0 (swapper) cpu logical map 0x100
<6>[    0.000000] c0 0 (swapper) cpu logical map 0x101
<6>[    0.000000] c0 0 (swapper) cpu logical map 0x102
<6>[    0.000000] c0 0 (swapper) cpu logical map 0x103
<6>[    0.000000] c0 0 (swapper) cpu logical map 0x0
<6>[    0.000000] c0 0 (swapper) PERCPU: Embedded 9 pages/cpu @c0b64000 s12928 r8192 d15744 u36864
<7>[    0.000000] c0 0 (swapper) pcpu-alloc: s12928 r8192 d15744 u36864 alloc=9*4096
<7>[    0.000000] c0 0 (swapper) pcpu-alloc: [0] 0 [0] 1 [0] 2 [0] 3 [0] 4 
<4>[    0.000000] c0 0 (swapper) Built 1 zonelists in Zone order, mobility grouping on.  Total pages: 66040
<5>[    0.000000] c0 0 (swapper) Kernel command line: watchdog_thresh=3 console=ttyS3,921600 vmalloc=412M maxcpus=4 android firmware_class.path=/vendor/firmware isolcpus=4 initrd=0x07400000,1M lcpart=mmcblk0=gpt:0:2000:200,ddr:2000:2000:200,env:4000:2000:200,panic:6000:2000:200,amt:8000:20000:200,factory:28000:4000:200,factory_out:2c000:4000:200,recovery:30000:8000:200,normal:38000:8000:200,system:40000:40000:200,vendor:80000:20000:200,cache:a0000:80000:200,blackbox:120000:400000:200,userdata:520000:228000:200  chip_sn=6bb62d44 board_sn=08XUEC90060K1K production quiet board_id=0xe2200104
<6>[    0.000000] c0 0 (swapper) board_id = 0xe2200104
<6>[    0.000000] c0 0 (swapper) PID hash table entries: 2048 (order: 1, 8192 bytes)
<6>[    0.000000] c0 0 (swapper) Dentry cache hash table entries: 65536 (order: 6, 262144 bytes)
<6>[    0.000000] c0 0 (swapper) Inode-cache hash table entries: 32768 (order: 5, 131072 bytes)
<6>[    0.000000] c0 0 (swapper) allocated 532480 bytes of page_cgroup
<6>[    0.000000] c0 0 (swapper) please try 'cgroup_disable=memory' option if you don't want memory cgroups
<6>[    0.000000] c0 0 (swapper) Memory: 260MB = 260MB total
<5>[    0.000000] c0 0 (swapper) Memory: 252448k/252448k available, 13792k reserved, 0K highmem
<5>[    0.000000] c0 0 (swapper) Virtual kernel memory layout:
<5>[    0.000000]     vector  : 0xffff0000 - 0xffff1000   (   4 kB)
<5>[    0.000000]     fixmap  : 0xfff00000 - 0xfffe0000   ( 896 kB)
<5>[    0.000000]     vmalloc : 0xd0800000 - 0xff000000   ( 744 MB)
<5>[    0.000000]     lowmem  : 0xc0000000 - 0xd0400000   ( 260 MB)
<5>[    0.000000]     pkmap   : 0xbfe00000 - 0xc0000000   (   2 MB)
<5>[    0.000000]     modules : 0xbf000000 - 0xbfe00000   (  14 MB)
<5>[    0.000000]       .text : 0xc0008000 - 0xc054486c   (5363 kB)
<5>[    0.000000]       .init : 0xc0545000 - 0xc057d280   ( 225 kB)
<5>[    0.000000]       .data : 0xc057e000 - 0xc05f0bb0   ( 459 kB)
<5>[    0.000000]        .bss : 0xc05f0bb0 - 0xc094d090   (3442 kB)
<6>[    0.000000] c0 0 (swapper) SLUB: HWalign=64, Order=0-3, MinObjects=0, CPUs=5, Nodes=1
<6>[    0.000000] c0 0 (swapper/0) Preemptible hierarchical RCU implementation.
<6>[    0.000000] c0 0 (swapper/0) 	Additional per-CPU info printed with stalls.
<6>[    0.000000] c0 0 (swapper/0) NR_IRQS:458
<6>[    0.000000] c0 0 (swapper/0) sched_clock: 32 bits at 13MHz, resolution 76ns, wraps every 330382ms
<6>[    0.000000] c0 0 (swapper/0) Switching to timer-based delay loop
<6>[    0.000000] c0 0 (swapper/0) uart3 is settting quot! baud 921600, quot 1!
<4>[    0.000000] c0 0 (swapper/0) write reg 0xc passes, val 0x93
<4>[    0.000000] c0 0 (swapper/0) write reg 0x0 passes, val 0x1
<4>[    0.000000] c0 0 (swapper/0) write reg 0x4 passes, val 0x0
<4>[    0.000000] c0 0 (swapper/0) write reg 0xc passes, val 0x13
<6>[    0.000000] c0 0 (swapper/0) uart3 new lcr is 0x13, cval = 0x13
<6>[    0.000000] c0 0 (swapper/0) console [ttyS3] enabled
<6>[    0.000000] c0 0 (swapper/0) Console: colour dummy device 80x30
<6>[    0.000657] c0 0 (swapper/0) Calibrating delay loop (skipped), value calculated using timer frequency.. 26.00 BogoMIPS (lpj=13000)
<6>[    0.000680] c0 0 (swapper/0) pid_max: default: 32768 minimum: 301
<6>[    0.001013] c0 0 (swapper/0) Mount-cache hash table entries: 512
<6>[    0.002380] c0 0 (swapper/0) Initializing cgroup subsys debug
<6>[    0.002397] c0 0 (swapper/0) Initializing cgroup subsys memory
<6>[    0.002448] c0 0 (swapper/0) Initializing cgroup subsys freezer
<6>[    0.002501] c0 0 (swapper/0) CPU: Testing write buffer coherency: ok
<6>[    0.002889] c0 1 (swapper/0) CPU0: thread -1, cpu 0, socket 1, mpidr 80000100
<6>[    0.002931] c0 1 (swapper/0) Setting up static identity map for 0xc03c2850 - 0xc03c2900
<6>[    0.002962] c0 1 (swapper/0) pm initialized success 
<7>[    0.010880] c1 0 (swapper/1) CPU1: Booted secondary processor
<6>[    0.010899] c1 0 (swapper/1) CPU1: thread -1, cpu 1, socket 1, mpidr 80000101
<7>[    0.013843] c2 0 (swapper/2) CPU2: Booted secondary processor
<6>[    0.013861] c2 0 (swapper/2) CPU2: thread -1, cpu 2, socket 1, mpidr 80000102
<7>[    0.016852] c3 0 (swapper/3) CPU3: Booted secondary processor
<6>[    0.016869] c3 0 (swapper/3) CPU3: thread -1, cpu 3, socket 1, mpidr 80000103
<6>[    0.016997] c0 1 (swapper/0) Brought up 4 CPUs
<6>[    0.017037] c0 1 (swapper/0) SMP: Total of 4 processors activated (104.00 BogoMIPS).
<6>[    0.017050] c0 1 (swapper/0) CPU: All CPU(s) started in SVC mode.
<6>[    0.039539] c0 1 (swapper/0) NET: Registered protocol family 16
<6>[    0.044258] c0 1 (swapper/0) DMA: preallocated 4096 KiB pool for atomic coherent allocations
<6>[    0.044433] c0 1 (swapper/0) Android kernel panic handler initialized (bind=panic)
<4>[    0.045209] c0 1 (swapper/0) comip_init_common_mfp p_otg->fsm.id=0
<7>[    0.047750] c0 1 (swapper/0) addr 0xe100c220: 0x00000000
<7>[    0.047765] c0 1 (swapper/0) addr 0xe100c224: 0x00000000
<7>[    0.047779] c0 1 (swapper/0) addr 0xe100c228: 0x00000000
<7>[    0.047794] c0 1 (swapper/0) addr 0xe100c22c: 0x00000000
<7>[    0.047808] c0 1 (swapper/0) addr 0xe100c230: 0x00000000
<7>[    0.047822] c0 1 (swapper/0) addr 0xe100c234: 0x00000000
<7>[    0.047837] c0 1 (swapper/0) addr 0xe100c238: 0x00000000
<7>[    0.047851] c0 1 (swapper/0) addr 0xe100c23c: 0x00000000
<7>[    0.047865] c0 1 (swapper/0) addr 0xe100c240: 0x00000000
<7>[    0.047879] c0 1 (swapper/0) addr 0xe100c244: 0x00000000
<7>[    0.047891] c0 1 (swapper/0) addr 0xe100c248: 0x00000000
<7>[    0.047904] c0 1 (swapper/0) addr 0xe100c24c: 0x00000000
<7>[    0.047918] c0 1 (swapper/0) addr 0xe100c250: 0x00000000
<7>[    0.047932] c0 1 (swapper/0) addr 0xe100c254: 0x00000000
<7>[    0.047945] c0 1 (swapper/0) addr 0xe100c258: 0x00000000
<7>[    0.047959] c0 1 (swapper/0) addr 0xe100c25c: 0x00000000
<7>[    0.047976] c0 1 (swapper/0) addr 0xe100a120: 0x00000000
<7>[    0.047990] c0 1 (swapper/0) addr 0xe100a124: 0x00000000
<7>[    0.048004] c0 1 (swapper/0) addr 0xe100a128: 0x00000000
<7>[    0.048019] c0 1 (swapper/0) addr 0xe100a12c: 0x00000000
<7>[    0.048033] c0 1 (swapper/0) addr 0xe100a130: 0x00000000
<6>[    0.048937] c0 1 (swapper/0) hw-breakpoint: found 5 (+1 reserved) breakpoint and 4 watchpoint registers.
<6>[    0.048952] c0 1 (swapper/0) hw-breakpoint: maximum watchpoint size is 8 bytes.
<6>[    0.049524] c0 1 (swapper/0) i2c->adap.nr = 0, i2c->flags = 0x2
<3>[    0.049541] c0 1 (swapper/0) i2c-0: clock: 26000000, speed:400000
<6>[    0.050782] c0 1 (swapper/0) i2c->adap.nr = 1, i2c->flags = 0x2
<3>[    0.050799] c0 1 (swapper/0) i2c-1: clock: 26000000, speed:400000
<6>[    0.052025] c0 1 (swapper/0) i2c->adap.nr = 4, i2c->flags = 0x1
<3>[    0.052045] c0 1 (swapper/0) i2c-4: clock: 10660000, speed:100000
<6>[    0.053356] c0 1 (swapper/0) comip-pwm comip-pwm: comip_pwm_probe
<6>[    0.053760] c0 1 (swapper/0) comip-spi comip-spi.0: master is unqueued, this is deprecated
<6>[    0.054034] c0 1 (swapper/0) comip-spi comip-spi.1: master is unqueued, this is deprecated
<6>[    0.054318] c0 1 (swapper/0) comip-spi comip-spi.2: master is unqueued, this is deprecated
<6>[    0.089533] c0 1 (swapper/0) LC1160: version 0x10, eco no 0, rtc version 1
<6>[    0.090457] c0 1 (swapper/0) parse_bootup_reason: value from 0x5c reg is: 0x1
<6>[    0.090472] c0 1 (swapper/0) parse_bootup_reason: +++++++++start of day reason: onkey
<6>[    0.090485] c0 1 (swapper/0) parse_shutdown_reason: value from 0x5d reg is: 0x0
<6>[    0.090499] c0 1 (swapper/0) parse_shutdown_reason: ----------last end of day reason: unknown
<6>[    0.091318] c0 1 (swapper/0) LC1160: Raw startup 0x01(pwr_key),raw shutdown 0x00(), saved shutdown 0x00()
<6>[    0.091790] c0 1 (swapper/0) LC1160: Power on reason(power_key), reboot reason(null)
<6>[    0.095023] c0 1 (swapper/0) PMIC_DCDC5 SET VOUT = 1200 mv
<6>[    0.095838] c0 1 (swapper/0) PMIC_DCDC7 SET VOUT = 1800 mv
<6>[    0.138376] c0 1 (swapper/0) comip_monitor_probe 
<6>[    0.143429] c0 1 (swapper/0) bio: create slab <bio-0> at 0
<5>[    0.144508] c0 1 (swapper/0) SCSI subsystem initialized
<6>[    0.144658] c0 1 (swapper/0) usbcore: registered new interface driver usbfs
<6>[    0.144725] c0 1 (swapper/0) usbcore: registered new interface driver hub
<6>[    0.144853] c0 1 (swapper/0) usbcore: registered new device driver usb
<6>[    0.145115] c0 1 (swapper/0) i2c-gpio i2c-gpio.6: using pins 131 (SDA) and 129 (SCL)
<6>[    0.145280] c0 1 (swapper/0) i2c-gpio i2c-gpio.7: using pins 201 (SDA) and 202 (SCL)
<6>[    0.145427] c0 1 (swapper/0) i2c-gpio i2c-gpio.8: using pins 157 (SDA) and 159 (SCL)
<6>[    0.145561] c0 1 (swapper/0) i2c-gpio i2c-gpio.9: using pins 219 (SDA) and 221 (SCL)
<6>[    0.145710] c0 1 (swapper/0) i2c-gpio i2c-gpio.10: using pins 161 (SDA) and 163 (SCL)
<6>[    0.146038] c0 1 (swapper/0) Advanced Linux Sound Architecture Driver Initialized.
<6>[    0.147445] c0 1 (swapper/0) input: lc1160_adc_a as /devices/platform/lc11xx_adc/input/input0
<6>[    0.147650] c0 1 (swapper/0) input: lc1160_adc_b as /devices/platform/lc11xx_adc/input/input1
<6>[    0.147705] c0 1 (swapper/0) lc1160_adc: probe success
<6>[    0.147957] c0 1 (swapper/0) Switching to clocksource timer3_clk
<4>[    0.176058] c0 1 (swapper/0) USB_OTG: comip_usb_otg_early_init
<4>[    0.176149] c0 1 (swapper/0) USB_OTG: comip_otg_early_probe
<4>[    0.277081] c0 1 (swapper/0) comip_otg_ctrl_gpio_init WM220: set vbus 1, read back vbus 0
<6>[    0.277367] c0 1 (swapper/0) NET: Registered protocol family 2
<6>[    0.278358] c0 1 (swapper/0) TCP established hash table entries: 4096 (order: 3, 32768 bytes)
<6>[    0.278460] c0 1 (swapper/0) TCP bind hash table entries: 4096 (order: 4, 98304 bytes)
<6>[    0.278589] c0 1 (swapper/0) TCP: Hash tables configured (established 4096 bind 4096)
<6>[    0.278679] c0 1 (swapper/0) TCP: reno registered
<6>[    0.278700] c0 1 (swapper/0) UDP hash table entries: 256 (order: 2, 16384 bytes)
<6>[    0.278758] c0 1 (swapper/0) UDP-Lite hash table entries: 256 (order: 2, 16384 bytes)
<6>[    0.279202] c0 1 (swapper/0) NET: Registered protocol family 1
<6>[    0.279509] c0 1 (swapper/0) Unpacking initramfs...
<0>[    0.305324] c0 1 (swapper/0) Initramfs unpacking failed: broken padding
<6>[    0.307842] c0 1 (swapper/0) Freeing initrd memory: 1024K (c1000000 - c1100000)
<6>[    0.308330] c0 1 (swapper/0) CPU PMU: probing PMU on CPU 0
<6>[    0.308365] c0 1 (swapper/0) hw perfevents: enabled with ARMv7 Cortex-A7 PMU driver, 5 counters available
<3>[    0.308751] c0 1 (swapper/0) modem: comip_register_reboot_callback faild, non init
<6>[    0.310069] c0 1 (swapper/0) sdr: devices driver up version v1.0.1, build time Dec 28 2017 16:10:37
<6>[    0.310139] c0 1 (swapper/0) comip_wdt_probe: AP_PWR_LP_CTL 607
<6>[    0.310248] c0 1 (swapper/0) comip_wdt_probe: AP_PWR_LP_CTL 600
<6>[    0.310320] c0 1 (swapper/0) comip_wdt_probe: AP_PWR_LP_CTL 600
<6>[    0.310378] c0 1 (swapper/0) comip_wdt_probe: AP_PWR_LP_CTL 600
<6>[    0.311577] c0 1 (swapper/0) comip_snd_soc comip_snd_soc.0: comip_snd_soc_probe
<6>[    0.312522] c0 1 (swapper/0) comip-uart.0: ttyS0 at MMIO 0x0 (irq = 72) is a uart0
<6>[    0.312863] c0 1 (swapper/0) comip-uart.1: ttyS1 at MMIO 0x0 (irq = 73) is a uart1
<6>[    0.313211] c0 1 (swapper/0) comip-uart.2: ttyS2 at MMIO 0x0 (irq = 74) is a uart2
<6>[    0.313574] c0 1 (swapper/0) comip-uart.3: ttyS3 at MMIO 0x0 (irq = 89) is a uart3
<7>[    0.320073] c0 1 (swapper/0) mmc-1: set mmc clock rate to 400000
<7>[    0.326278] c0 1 (swapper/0) mmc-0: card detect 0. gpio 243.
<3>[    0.326436] c0 1 (swapper/0) comip_mmc0_set_power: set card vdd ret = -6 vdd = 16
<7>[    0.333053] c0 1 (swapper/0) mmc-0: set mmc clock rate to 400000
<7>[    0.345075] c0 1 (swapper/0) mmc-2: set mmc clock rate to 400000
<6>[    0.351207] c0 1 (swapper/0) ion-lc ion-lc: lc_ion_probe
<6>[    0.351341] c0 1 (swapper/0) ion: creat /dev/ion success
<3>[    0.351646] c0 1 (swapper/0) Failed to create heap debugfs at /ion/heaps/lc_ion_lcmem_heap
<4>[    0.353097] c0 1 (swapper/0) mali ddk r5p0-06rel0 early init
<6>[    0.353338] c0 1 (swapper/0) mali mali.0: Continuing without Mali clock control
<6>[    0.353640] c0 1 (swapper/0) mali mali.0: GPU identified as 0x0620 r1p0 status 1
<6>[    0.354304] c0 1 (swapper/0) mali mali.0: Probed as mali0
<6>[    0.355487] c0 1 (swapper/0) input: comip-gpio-keys as /devices/platform/comip-gpio-keys/input/input2
<7>[    0.355520] c0 1 (swapper/0) key 212 reported
<7>[    0.355536] c0 1 (swapper/0) key 256 reported
<7>[    0.355551] c0 1 (swapper/0) key 257 reported
<7>[    0.355566] c0 1 (swapper/0) key 258 reported
<7>[    0.355581] c0 1 (swapper/0) key 259 reported
<7>[    0.355594] c0 1 (swapper/0) key 260 reported
<7>[    0.355611] c0 1 (swapper/0) key 261 reported
<7>[    0.355625] c0 1 (swapper/0) key 262 reported
<7>[    0.355638] c0 1 (swapper/0) key 263 reported
<7>[    0.355725] c0 1 (swapper/0) key 393 reported
<7>[    0.355740] c0 1 (swapper/0) key 105 reported
<7>[    0.355755] c0 1 (swapper/0) key 106 reported
<6>[    0.355977] c0 1 (swapper/0) comip-i2s comip-i2s.0: comip_i2s_probe, id=0
<6>[    0.356144] c0 1 (swapper/0) comip-pcm comip-pcm.0: comip_pcm_virtual_probe
<6>[    0.356535] c0 1 (swapper/0) comip-snd-lowpower comip-snd-lowpower: snd_lowpower_probe
<6>[    0.366046] c0 1 (swapper/0) comip-rtc comip-rtc: rtc core: registered comip-rtc as rtc0
<6>[    0.366528] c0 1 (swapper/0) hx170dec: dec/pp kernel module. 
<6>[    0.366662] c0 1 (swapper/0) hx170dec: Core 0 HW ID=0x67314808
<6>[    0.366675] c0 1 (swapper/0) hx170dec: Supported HW found at 0xa0340200
<6>[    0.366689] c0 1 (swapper/0) hx170dec: core[0] has H264
<6>[    0.366704] c0 1 (swapper/0) hx170dec: core[0] has JPEG
<6>[    0.366716] c0 1 (swapper/0) hx170dec: core[0] has MPEG4
<6>[    0.366728] c0 1 (swapper/0) hx170dec: core[0] has VC1
<6>[    0.366741] c0 1 (swapper/0) hx170dec: core[0] has MPEG2
<6>[    0.366754] c0 1 (swapper/0) hx170dec: core[0] has VP6
<6>[    0.366767] c0 1 (swapper/0) hx170dec: core[0] has VP8
<6>[    0.366780] c0 1 (swapper/0) hx170dec: core[0] has VP7
<6>[    0.366793] c0 1 (swapper/0) hx170dec: core[0] has WebP
<6>[    0.366806] c0 1 (swapper/0) hx170dec: core[0] has AVS
<6>[    0.366818] c0 1 (swapper/0) hx170dec: core[0] has RV
<6>[    0.366831] c0 1 (swapper/0) hx170dec: core[0] has PP
<4>[    0.367208] c0 1 (swapper/0) hx280enc_probe
<6>[    0.367266] c0 1 (swapper/0) hx280enc: HW ID=0x72802080
<6>[    0.367278] c0 1 (swapper/0) hx280enc: Compatible HW found at 0xa0340000
<6>[    0.367405] c0 1 (swapper/0) hx280enc: probe successfully. Major = 252
<4>[    0.367606] c0 1 (swapper/0) hx280enc_h1_probe
<6>[    0.367657] c0 1 (swapper/0) hx280enc_h1_data.hwregs = f8342000
<6>[    0.367673] c0 1 (swapper/0) hx280enc_h1: HW at base <0xa0342000> with ID <0x48314780>
<4>[    0.368048] c0 1 (swapper/0) lcmem_probe in: module init
<4>[    0.368063] c0 1 (swapper/0) lcmem: Linear Memory Allocator, $Revision: 1.10 $ 
<4>[    0.368077] c0 1 (swapper/0) lcmem: linear memory base = 0x17801000 
<6>[    0.368199] c0 1 (swapper/0) lcmem: probe successfully. Major = 250
<4>[    0.370752] c0 1 (swapper/0) lhc_cdin!
<6>[    0.371418] c0 1 (swapper/0) on2psm: probe successfully. power = 0x7
<6>[    0.371517] c0 1 (swapper/0) thermal: comip_thermal_probe called
<3>[    0.371740] c0 1 (swapper/0) [UREG]Ureg Driver Registered
<6>[    0.373450] c0 6 (kworker/u10:0) mmc0: BKOPS_EN bit is not set
<7>[    0.380071] c0 6 (kworker/u10:0) mmc-1: set mmc clock rate to 104000000
<7>[    0.380092] c0 6 (kworker/u10:0) found (fe014e, Micron), use read_delay 1.
<7>[    0.380114] c0 6 (kworker/u10:0) mmc-1: tuning result phase is 1
<6>[    0.380514] c0 6 (kworker/u10:0) mmc0: new HS200 MMC card at address 0001
<3>[    0.380802] c0 6 (kworker/u10:0) comip_mmc0_set_power: set card vdd ret = -6 vdd = 0
<6>[    0.386653] c1 1 (swapper/0) fuse init (API version 7.22)
<6>[    0.387239] c1 1 (swapper/0) msgmni has been set to 495
<6>[    0.389443] c1 1 (swapper/0) io scheduler noop registered
<6>[    0.389665] c1 1 (swapper/0) io scheduler cfq registered (default)
<6>[    0.400486] c1 1 (swapper/0) loop: module loaded
<4>[    0.400551] c1 1 (swapper/0) mfi_i2c_client addr:17
<4>[    0.400701] c1 1 (swapper/0) applecp module init ok
<6>[    0.401086] c1 1 (swapper/0) usbcore: registered new interface driver cdc_ether
<6>[    0.401145] c1 1 (swapper/0) usbcore: registered new interface driver cdc_eem
<6>[    0.401205] c1 1 (swapper/0) usbcore: registered new interface driver rndis_host
<6>[    0.401265] c1 1 (swapper/0) usbcore: registered new interface driver cdc_subset
<6>[    0.401402] c1 1 (swapper/0) usbcore: registered new interface driver cdc_ncm
<6>[    0.401463] c1 1 (swapper/0) usbcore: registered new interface driver cdc_mbim
<4>[    0.401836] c1 1 (swapper/0) comip_hcd_driver_probe(c05a3740) id=0
<4>[    0.402870] c1 1 (swapper/0) set USB power on.
<4>[    0.402901] c1 1 (swapper/0) enter comip_cil_init,core_if->type=0
<4>[    0.402914] c1 1 (swapper/0) USB HSIC core power up success.
<4>[    0.403936] c1 1 (swapper/0) LZS set_usb_init_reg: 192, AP_PWR_PDFSM_ST1=0x07077707
