<11>[   21.710421] c3 1 (init) init: untracked pid 1351 exited
<7>[   21.949578] c0 1421 (lmi_recv_thread) bridge: lmi10: cp ready ok
<7>[   21.949601] c0 1421 (lmi_recv_thread) bridge: open lmi10 ok.
<7>[   21.949657] c1 1422 (1643_recv_threa) bridge: TPC0: cp ready ok
<7>[   21.949674] c1 1422 (1643_recv_threa) bridge: open TPC0 ok.
<7>[   21.950888] c0 1423 (4210_recv_threa) bridge: TPC1: cp ready ok
<7>[   21.950906] c0 1423 (4210_recv_threa) bridge: open TPC1 ok.
<6>[   22.436104] c0 1240 (hdvt_work) modem: modem open ref 1, status 3
<6>[   22.436126] c0 1240 (hdvt_work) modem: modem status(3) != MODEM_RELEASE.open modem again! 
<6>[   22.457208] c1 1459 (sh) modem: modem release ref 2, status 3
<4>[   23.059063] c3 34 (khubd) hcd:Indeed it is in host mode hprt0 = 00021501
<7>[   23.109378] c0 0 (swapper/0) hcd:I:   --Port Interrupt HPRT0=0x0000100d Port Enable Changed--
<6>[   23.211075] c3 34 (khubd) usb 1-1: new high-speed USB device number 2 using comip-hcd
<4>[   23.211309] c0 34 (khubd) hcd:Indeed it is in host mode hprt0 = 00001101
<7>[   23.211329] c0 34 (khubd) hcd:I:   --Port Interrupt HPRT0=0x00001109 Port Enable Changed--
<7>[   23.262951] c0 0 (swapper/0) hcd:I:   --Port Interrupt HPRT0=0x0000100d Port Enable Changed--
<4>[   23.375584] c1 34 (khubd) usb 1-1: config index 0 lenght 62, result 9
<4>[   23.375604] c1 34 (khubd) 09 02 3e 00 02 01 00 80 fa 
<4>[   23.375793] c1 34 (khubd) usb 1-1: config index 0 lenght 62, result 62
<4>[   23.375805] c1 34 (khubd) 09 02 3e 00 02 01 00 80 fa 09 04 00 00 03 ff ff 00 06 07 05 81 02 00 02 00 07 05 01 02 00 02 00 07 05 82 03 1c 00 06 09 04 01 00 02 ff 02 ff 07 07 05 83 02 00 02 00 07 05 02 02 00 02 00 
<3>[   23.376731] c0 34 (khubd) usb 1-1: device v0fca p8041 is not supported
<4>[   23.380050] c0 34 (khubd) device support protocol 2
<4>[   23.380841] c0 34 (khubd) usb_aoa: probe of 1-1:1.0 failed with error -1
<4>[   23.381751] c0 34 (khubd) device support protocol 2
<4>[   23.382742] c0 34 (khubd) usb_aoa: probe of 1-1:1.1 failed with error -1
<7>[   23.396910] c0 0 (swapper/0) hcd:I:   --Port Interrupt HPRT0=0x00001008 Port Enable Changed--
<6>[   23.455116] c0 34 (khubd) usb 1-1: USB disconnect, device number 2
<7>[   26.166238] c3 1224 (dji_hdvt_gnd) bridge: start_xmit info: lmi42 xmit skb cac13600 CP busy!
<7>[   26.204193] c0 293 (MB_Socket_Recei) bridge: start_xmit info: lmi42 xmit skb cac13600 CP ready!
<7>[   26.229057] c0 0 (swapper/0) bridge: start_xmit info: lmi42 xmit skb ce3586c0 CP busy!
<7>[   26.316847] c0 293 (MB_Socket_Recei) bridge: start_xmit info: lmi42 xmit skb ce3586c0 CP ready!
<7>[   26.376155] c0 1215 (dji_hdvt_gnd) bridge: start_xmit info: lmi42 xmit skb ce926540 CP busy!
<7>[   26.387334] c0 293 (MB_Socket_Recei) bridge: start_xmit info: lmi42 xmit skb ce926540 CP ready!
<7>[   26.470094] c0 1367 (dji_hdvt_gnd) bridge: start_xmit info: lmi42 xmit skb ce926540 CP busy!
<7>[   26.485861] c0 293 (MB_Socket_Recei) bridge: start_xmit info: lmi42 xmit skb ce926540 CP ready!
<4>[  106.559075] c0 34 (khubd) hcd:Indeed it is in host mode hprt0 = 00021501
<7>[  106.609490] c0 0 (swapper/0) hcd:I:   --Port Interrupt HPRT0=0x0000100d Port Enable Changed--
<6>[  106.711038] c0 34 (khubd) usb 1-1: new high-speed USB device number 3 using comip-hcd
<4>[  106.711469] c0 34 (khubd) hcd:Indeed it is in host mode hprt0 = 00001101
<7>[  106.711488] c0 34 (khubd) hcd:I:   --Port Interrupt HPRT0=0x00001109 Port Enable Changed--
<7>[  106.762989] c0 0 (swapper/0) hcd:I:   --Port Interrupt HPRT0=0x0000100d Port Enable Changed--
<7>[  106.763146] c0 1201 (DUMP_Output) hcd:I:   --Port Interrupt HPRT0=0x00001008 Port Enable Changed--
<4>[  106.995035] c2 34 (khubd) hcd:Indeed it is in host mode hprt0 = 00021501
<7>[  107.045345] c0 0 (swapper/0) hcd:I:   --Port Interrupt HPRT0=0x0000100d Port Enable Changed--
<6>[  107.147077] c3 34 (khubd) usb 1-1: new high-speed USB device number 4 using comip-hcd
<4>[  107.147633] c0 34 (khubd) hcd:Indeed it is in host mode hprt0 = 00001101
<7>[  107.147659] c0 34 (khubd) hcd:I:   --Port Interrupt HPRT0=0x00001109 Port Enable Changed--
<7>[  107.201794] c0 0 (swapper/0) hcd:I:   --Port Interrupt HPRT0=0x0000100d Port Enable Changed--
<4>[  107.315030] c0 34 (khubd) usb 1-1: config index 0 lenght 62, result 9
<4>[  107.315051] c0 34 (khubd) 09 02 3e 00 02 01 00 80 fa 
<4>[  107.315243] c0 34 (khubd) usb 1-1: config index 0 lenght 62, result 62
<4>[  107.315253] c0 34 (khubd) 09 02 3e 00 02 01 00 80 fa 09 04 00 00 03 ff ff 00 06 07 05 81 02 00 02 00 07 05 01 02 00 02 00 07 05 82 03 1c 00 06 09 04 01 00 02 ff 02 ff 07 07 05 83 02 00 02 00 07 05 02 02 00 02 00 
<3>[  107.316043] c0 34 (khubd) usb 1-1: device v0fca p8041 is not supported
<4>[  107.319320] c0 34 (khubd) device support protocol 2
<4>[  107.320322] c0 34 (khubd) usb_aoa: probe of 1-1:1.0 failed with error -1
<4>[  107.321246] c0 34 (khubd) device support protocol 2
<4>[  107.322021] c0 34 (khubd) usb_aoa: probe of 1-1:1.1 failed with error -1
<7>[  122.709721] c0 70 (mmcqd/0) hcd:I:   --Port Interrupt HPRT0=0x00001008 Port Enable Changed--
<6>[  122.955138] c1 34 (khubd) usb 1-1: USB disconnect, device number 4
<4>[  129.559054] c1 34 (khubd) hcd:Indeed it is in host mode hprt0 = 00021501
<7>[  129.609777] c0 0 (swapper/0) hcd:I:   --Port Interrupt HPRT0=0x0000100d Port Enable Changed--
<6>[  129.711057] c1 34 (khubd) usb 1-1: new high-speed USB device number 5 using comip-hcd
<4>[  129.711781] c1 34 (khubd) hcd:Indeed it is in host mode hprt0 = 00001101
<7>[  129.711807] c0 5785 (sync) hcd:I:   --Port Interrupt HPRT0=0x00001109 Port Enable Changed--
<7>[  129.762071] c0 1231 (MB_WL_Receiver) hcd:I:   --Port Interrupt HPRT0=0x0000100d Port Enable Changed--
<4>[  129.874566] c0 34 (khubd) usb 1-1: config index 0 lenght 62, result 9
<4>[  129.874581] c0 34 (khubd) 09 02 3e 00 02 01 00 80 fa 
<4>[  129.874760] c0 34 (khubd) usb 1-1: config index 0 lenght 62, result 62
<4>[  129.874770] c0 34 (khubd) 09 02 3e 00 02 01 00 80 fa 09 04 00 00 03 ff ff 00 06 07 05 81 02 00 02 00 07 05 01 02 00 02 00 07 05 82 03 1c 00 06 09 04 01 00 02 ff 02 ff 07 07 05 83 02 00 02 00 07 05 02 02 00 02 00 
<3>[  129.876198] c0 34 (khubd) usb 1-1: device v0fca p8041 is not supported
<4>[  129.879638] c0 34 (khubd) device support protocol 2
<4>[  129.880442] c0 34 (khubd) usb_aoa: probe of 1-1:1.0 failed with error -1
<4>[  129.881301] c0 34 (khubd) device support protocol 2
<4>[  129.882079] c0 34 (khubd) usb_aoa: probe of 1-1:1.1 failed with error -1
<7>[  129.885134] c0 0 (swapper/0) hcd:I:   --Port Interrupt HPRT0=0x00001008 Port Enable Changed--
<6>[  129.955174] c0 34 (khubd) usb 1-1: USB disconnect, device number 5
<4>[  130.140112] c0 34 (khubd) hcd:Indeed it is in host mode hprt0 = 00021501
<7>[  130.191327] c0 0 (swapper/0) hcd:I:   --Port Interrupt HPRT0=0x0000100d Port Enable Changed--
<6>[  130.293075] c0 34 (khubd) usb 1-1: new high-speed USB device number 6 using comip-hcd
<4>[  130.293301] c0 34 (khubd) hcd:Indeed it is in host mode hprt0 = 00001101
<7>[  130.293320] c0 34 (khubd) hcd:I:   --Port Interrupt HPRT0=0x00001109 Port Enable Changed--
<7>[  130.343800] c0 1238 (event_task) hcd:I:   --Port Interrupt HPRT0=0x0000100d Port Enable Changed--
<4>[  130.458073] c0 34 (khubd) usb 1-1: config index 0 lenght 32, result 9
<4>[  130.458089] c0 34 (khubd) 09 02 20 00 01 01 00 80 fa 
<4>[  130.458258] c0 34 (khubd) usb 1-1: config index 0 lenght 32, result 32
<4>[  130.458269] c0 34 (khubd) 09 02 20 00 01 01 00 80 fa 09 04 00 00 02 ff ff 00 08 07 05 81 02 00 02 00 07 05 02 02 00 02 00 
<3>[  130.459052] c0 34 (khubd) usb 1-1: device v18d1 p2d00 is not supported
<3>[  130.461546] c0 34 (khubd) usb 1-1: can't set config #1, error -71
<7>[  154.507185] c3 1215 (dji_hdvt_gnd) bridge: start_xmit info: lmi42 xmit skb ce37e3c0 CP busy!
<7>[  154.828415] c0 0 (swapper/0) bridge: start_xmit info: lmi42 xmit skb ce37e3c0 CP ready!
<7>[  154.911094] c1 1215 (dji_hdvt_gnd) bridge: start_xmit info: lmi42 xmit skb ce784900 CP busy!
<7>[  155.912983] c0 293 (MB_Socket_Recei) bridge: start_xmit info: lmi42 xmit skb ce784900 CP ready!
<6>[  169.188920] c0 1240 (hdvt_work) modem: modem open ref 1, status 3
<6>[  169.188942] c0 1240 (hdvt_work) modem: modem status(3) != MODEM_RELEASE.open modem again! 
<7>[  169.195189] c1 1224 (dji_hdvt_gnd) bridge: start_xmit info: lmi42 xmit skb ce341240 CP busy!
<6>[  169.197272] c0 1240 (hdvt_work) modem: modem release ref 2, status 3
<7>[  169.237388] c0 0 (swapper/0) bridge: start_xmit info: lmi42 xmit skb ce341240 CP ready!
<7>[  169.396011] c0 1215 (dji_hdvt_gnd) bridge: start_xmit info: lmi42 xmit skb ce3fd180 CP busy!
<7>[  169.434540] c0 293 (MB_Socket_Recei) bridge: start_xmit info: lmi42 xmit skb ce3fd180 CP ready!
<7>[  190.581297] c3 1213 (dji_hdvt_gnd) bridge: start_xmit info: lmi42 xmit skb cac046c0 CP busy!
<7>[  190.866843] c0 68 (irq/336-mlx9039) bridge: start_xmit info: lmi42 xmit skb cac046c0 CP ready!


!!!New kernel log start!!!

<6>[    0.000000] c0 0 (swapper) Booting Linux on physical CPU 0x100
<6>[    0.000000] c0 0 (swapper) Initializing cgroup subsys cpu
<6>[    0.000000] c0 0 (swapper) Initializing cgroup subsys cpuacct
<5>[    0.000000] c0 0 (swapper) Linux version 3.10.62 (jenkins@APServer01) (gcc version 4.7 (GCC) ) #1 SMP PREEMPT Wed Jun 13 22:38:10 CST 2018
<4>[    0.000000] c0 0 (swapper) CPU: ARMv7 Processor [410fc075] revision 5 (ARMv7), cr=10c5387d
<4>[    0.000000] c0 0 (swapper) CPU: PIPT / VIPT nonaliasing data cache, VIPT aliasing instruction cache
<4>[    0.000000] c0 0 (swapper) Machine: Leadcore Innopower
<4>[    0.000000] c0 0 (swapper) start comip_parse_tag_mem_ext.
<4>[    0.000000] c0 0 (swapper) Physical memory layout:
<4>[    0.000000] c0 0 (swapper)     DRAM Bank1  : 0x00000000 - 0x20000000  ( 512 MB)
<4>[    0.000000] c0 0 (swapper)     Modem       : 0x00000000 - 0x06400000  ( 100 MB)
<4>[    0.000000] c0 0 (swapper)     Kernel Bank1: 0x06400000 - 0x16800000  ( 260 MB)
<4>[    0.000000] c0 0 (swapper)     Framebuffer : 0x16800000 - 0x17800000  (  16 MB)
<4>[    0.000000] c0 0 (swapper)     ON2         : 0x17800000 - 0x1f800000  ( 128 MB)
<4>[    0.000000] c0 0 (swapper)     TrustZone   : 0x1f800000 - 0x20000000  (   8 MB)
<4>[    0.000000] c0 0 (swapper) Ignoring unrecognised tag 0x54410101
<7>[    0.000000] c0 0 (swapper) Boot mode: normal
<6>[    0.000000] c0 0 (swapper) Main VOUT: 7250/9000
<4>[    0.000000] c0 0 (swapper) Chip id: 0x442db66b, rom id: 0x1, bb id: 0x282e05
<4>[    0.000000] c0 0 (swapper) Ignoring unrecognised tag 0x54410105
<4>[    0.000000] c0 0 (swapper) Memory policy: ECC disabled, Data cache writealloc
<4>[    0.000000] c0 0 (swapper) ddr_pwr_pll_mclk rate:1066000000
<4>[    0.000000] c0 0 (swapper) pll0_out rate:988000000
<4>[    0.000000] c0 0 (swapper) pll1_out rate:1248000000
<4>[    0.000000] c0 0 (swapper) A7 rate: 988000000, gr:16
<7>[    0.000000] c0 0 (swapper) On node 0 totalpages: 66560
<7>[    0.000000] c0 0 (swapper) free_area_init_node: node 0, pgdat c05ecd00, node_mem_map c0956000
<7>[    0.000000] c0 0 (swapper)   Normal zone: 520 pages used for memmap
<7>[    0.000000] c0 0 (swapper)   Normal zone: 0 pages reserved
<7>[    0.000000] c0 0 (swapper)   Normal zone: 66560 pages, LIFO batch:15
<4>[    0.000000] c0 0 (swapper) mcpm_smp_init_cpus: cores number:5
<6>[    0.000000] c0 0 (swapper) cpu logical map 0x100
<6>[    0.000000] c0 0 (swapper) cpu logical map 0x101
<6>[    0.000000] c0 0 (swapper) cpu logical map 0x102
<6>[    0.000000] c0 0 (swapper) cpu logical map 0x103
<6>[    0.000000] c0 0 (swapper) cpu logical map 0x0
<6>[    0.000000] c0 0 (swapper) PERCPU: Embedded 9 pages/cpu @c0b64000 s12928 r8192 d15744 u36864
<7>[    0.000000] c0 0 (swapper) pcpu-alloc: s12928 r8192 d15744 u36864 alloc=9*4096
<7>[    0.000000] c0 0 (swapper) pcpu-alloc: [0] 0 [0] 1 [0] 2 [0] 3 [0] 4 
<4>[    0.000000] c0 0 (swapper) Built 1 zonelists in Zone order, mobility grouping on.  Total pages: 66040
<5>[    0.000000] c0 0 (swapper) Kernel command line: watchdog_thresh=3 console=ttyS3,921600 vmalloc=412M maxcpus=4 android firmware_class.path=/vendor/firmware isolcpus=4 initrd=0x07400000,1M lcpart=mmcblk0=gpt:0:2000:200,ddr:2000:2000:200,env:4000:2000:200,panic:6000:2000:200,amt:8000:20000:200,factory:28000:4000:200,factory_out:2c000:4000:200,recovery:30000:8000:200,normal:38000:8000:200,system:40000:40000:200,vendor:80000:20000:200,cache:a0000:80000:200,blackbox:120000:400000:200,userdata:520000:228000:200  chip_sn=6bb62d44 board_sn=08XUEC90060K1K production quiet board_id=0xe2200104
<6>[    0.000000] c0 0 (swapper) board_id = 0xe2200104
<6>[    0.000000] c0 0 (swapper) PID hash table entries: 2048 (order: 1, 8192 bytes)
<6>[    0.000000] c0 0 (swapper) Dentry cache hash table entries: 65536 (order: 6, 262144 bytes)
<6>[    0.000000] c0 0 (swapper) Inode-cache hash table entries: 32768 (order: 5, 131072 bytes)
<6>[    0.000000] c0 0 (swapper) allocated 532480 bytes of page_cgroup
<6>[    0.000000] c0 0 (swapper) please try 'cgroup_disable=memory' option if you don't want memory cgroups
<6>[    0.000000] c0 0 (swapper) Memory: 260MB = 260MB total
<5>[    0.000000] c0 0 (swapper) Memory: 252448k/252448k available, 13792k reserved, 0K highmem
<5>[    0.000000] c0 0 (swapper) Virtual kernel memory layout:
<5>[    0.000000]     vector  : 0xffff0000 - 0xffff1000   (   4 kB)
<5>[    0.000000]     fixmap  : 0xfff00000 - 0xfffe0000   ( 896 kB)
<5>[    0.000000]     vmalloc : 0xd0800000 - 0xff000000   ( 744 MB)
<5>[    0.000000]     lowmem  : 0xc0000000 - 0xd0400000   ( 260 MB)
<5>[    0.000000]     pkmap   : 0xbfe00000 - 0xc0000000   (   2 MB)
<5>[    0.000000]     modules : 0xbf000000 - 0xbfe00000   (  14 MB)
<5>[    0.000000]       .text : 0xc0008000 - 0xc054486c   (5363 kB)
<5>[    0.000000]       .init : 0xc0545000 - 0xc057d280   ( 225 kB)
<5>[    0.000000]       .data : 0xc057e000 - 0xc05f0bb0   ( 459 kB)
<5>[    0.000000]        .bss : 0xc05f0bb0 - 0xc094d090   (3442 kB)
<6>[    0.000000] c0 0 (swapper) SLUB: HWalign=64, Order=0-3, MinObjects=0, CPUs=5, Nodes=1
<6>[    0.000000] c0 0 (swapper/0) Preemptible hierarchical RCU implementation.
<6>[    0.000000] c0 0 (swapper/0) 	Additional per-CPU info printed with stalls.
<6>[    0.000000] c0 0 (swapper/0) NR_IRQS:458
<6>[    0.000000] c0 0 (swapper/0) sched_clock: 32 bits at 13MHz, resolution 76ns, wraps every 330382ms
<6>[    0.000000] c0 0 (swapper/0) Switching to timer-based delay loop
<6>[    0.000000] c0 0 (swapper/0) uart3 is settting quot! baud 921600, quot 1!
<4>[    0.000000] c0 0 (swapper/0) write reg 0xc passes, val 0x93
<4>[    0.000000] c0 0 (swapper/0) write reg 0x0 passes, val 0x1
<4>[    0.000000] c0 0 (swapper/0) write reg 0x4 passes, val 0x0
<4>[    0.000000] c0 0 (swapper/0) write reg 0xc passes, val 0x13
<6>[    0.000000] c0 0 (swapper/0) uart3 new lcr is 0x13, cval = 0x13
<6>[    0.000000] c0 0 (swapper/0) console [ttyS3] enabled
<6>[    0.000000] c0 0 (swapper/0) Console: colour dummy device 80x30
<6>[    0.000659] c0 0 (swapper/0) Calibrating delay loop (skipped), value calculated using timer frequency.. 26.00 BogoMIPS (lpj=13000)
<6>[    0.000682] c0 0 (swapper/0) pid_max: default: 32768 minimum: 301
<6>[    0.001014] c0 0 (swapper/0) Mount-cache hash table entries: 512
<6>[    0.002383] c0 0 (swapper/0) Initializing cgroup subsys debug
<6>[    0.002400] c0 0 (swapper/0) Initializing cgroup subsys memory
<6>[    0.002451] c0 0 (swapper/0) Initializing cgroup subsys freezer
<6>[    0.002503] c0 0 (swapper/0) CPU: Testing write buffer coherency: ok
<6>[    0.002886] c0 1 (swapper/0) CPU0: thread -1, cpu 0, socket 1, mpidr 80000100
<6>[    0.002928] c0 1 (swapper/0) Setting up static identity map for 0xc03c2850 - 0xc03c2900
<6>[    0.002958] c0 1 (swapper/0) pm initialized success 
<7>[    0.010872] c1 0 (swapper/1) CPU1: Booted secondary processor
<6>[    0.010892] c1 0 (swapper/1) CPU1: thread -1, cpu 1, socket 1, mpidr 80000101
<7>[    0.013848] c2 0 (swapper/2) CPU2: Booted secondary processor
<6>[    0.013868] c2 0 (swapper/2) CPU2: thread -1, cpu 2, socket 1, mpidr 80000102
<7>[    0.016847] c3 0 (swapper/3) CPU3: Booted secondary processor
<6>[    0.016865] c3 0 (swapper/3) CPU3: thread -1, cpu 3, socket 1, mpidr 80000103
<6>[    0.016996] c0 1 (swapper/0) Brought up 4 CPUs
<6>[    0.017036] c0 1 (swapper/0) SMP: Total of 4 processors activated (104.00 BogoMIPS).
<6>[    0.017049] c0 1 (swapper/0) CPU: All CPU(s) started in SVC mode.
<6>[    0.039454] c0 1 (swapper/0) NET: Registered protocol family 16
<6>[    0.044179] c0 1 (swapper/0) DMA: preallocated 4096 KiB pool for atomic coherent allocations
<6>[    0.044348] c0 1 (swapper/0) Android kernel panic handler initialized (bind=panic)
<4>[    0.045099] c0 1 (swapper/0) comip_init_common_mfp p_otg->fsm.id=0
<7>[    0.047653] c0 1 (swapper/0) addr 0xe100c220: 0x00000000
<7>[    0.047667] c0 1 (swapper/0) addr 0xe100c224: 0x00000000
<7>[    0.047682] c0 1 (swapper/0) addr 0xe100c228: 0x00000000
<7>[    0.047696] c0 1 (swapper/0) addr 0xe100c22c: 0x00000000
<7>[    0.047710] c0 1 (swapper/0) addr 0xe100c230: 0x00000000
<7>[    0.047724] c0 1 (swapper/0) addr 0xe100c234: 0x00000000
<7>[    0.047738] c0 1 (swapper/0) addr 0xe100c238: 0x00000000
<7>[    0.047752] c0 1 (swapper/0) addr 0xe100c23c: 0x00000000
<7>[    0.047767] c0 1 (swapper/0) addr 0xe100c240: 0x00000000
<7>[    0.047781] c0 1 (swapper/0) addr 0xe100c244: 0x00000000
<7>[    0.047795] c0 1 (swapper/0) addr 0xe100c248: 0x00000000
<7>[    0.047809] c0 1 (swapper/0) addr 0xe100c24c: 0x00000000
<7>[    0.047823] c0 1 (swapper/0) addr 0xe100c250: 0x00000000
<7>[    0.047837] c0 1 (swapper/0) addr 0xe100c254: 0x00000000
<7>[    0.047851] c0 1 (swapper/0) addr 0xe100c258: 0x00000000
<7>[    0.047865] c0 1 (swapper/0) addr 0xe100c25c: 0x00000000
<7>[    0.047882] c0 1 (swapper/0) addr 0xe100a120: 0x00000000
<7>[    0.047896] c0 1 (swapper/0) addr 0xe100a124: 0x00000000
<7>[    0.047908] c0 1 (swapper/0) addr 0xe100a128: 0x00000000
<7>[    0.047922] c0 1 (swapper/0) addr 0xe100a12c: 0x00000000
<7>[    0.047935] c0 1 (swapper/0) addr 0xe100a130: 0x00000000
<6>[    0.048839] c0 1 (swapper/0) hw-breakpoint: found 5 (+1 reserved) breakpoint and 4 watchpoint registers.
<6>[    0.048855] c0 1 (swapper/0) hw-breakpoint: maximum watchpoint size is 8 bytes.
<6>[    0.049424] c0 1 (swapper/0) i2c->adap.nr = 0, i2c->flags = 0x2
<3>[    0.049441] c0 1 (swapper/0) i2c-0: clock: 26000000, speed:400000
<6>[    0.050688] c0 1 (swapper/0) i2c->adap.nr = 1, i2c->flags = 0x2
<3>[    0.050705] c0 1 (swapper/0) i2c-1: clock: 26000000, speed:400000
<6>[    0.051939] c0 1 (swapper/0) i2c->adap.nr = 4, i2c->flags = 0x1
<3>[    0.051957] c0 1 (swapper/0) i2c-4: clock: 10660000, speed:100000
<6>[    0.053278] c0 1 (swapper/0) comip-pwm comip-pwm: comip_pwm_probe
<6>[    0.053687] c0 1 (swapper/0) comip-spi comip-spi.0: master is unqueued, this is deprecated
<6>[    0.053953] c0 1 (swapper/0) comip-spi comip-spi.1: master is unqueued, this is deprecated
<6>[    0.054242] c0 1 (swapper/0) comip-spi comip-spi.2: master is unqueued, this is deprecated
<6>[    0.089396] c0 1 (swapper/0) LC1160: version 0x10, eco no 0, rtc version 1
<6>[    0.090319] c0 1 (swapper/0) parse_bootup_reason: value from 0x5c reg is: 0x1
<6>[    0.090332] c0 1 (swapper/0) parse_bootup_reason: +++++++++start of day reason: onkey
<6>[    0.090346] c0 1 (swapper/0) parse_shutdown_reason: value from 0x5d reg is: 0x0
<6>[    0.090360] c0 1 (swapper/0) parse_shutdown_reason: ----------last end of day reason: unknown
<6>[    0.091180] c0 1 (swapper/0) LC1160: Raw startup 0x01(pwr_key),raw shutdown 0x00(), saved shutdown 0x00()
<6>[    0.091650] c0 1 (swapper/0) LC1160: Power on reason(power_key), reboot reason(null)
<6>[    0.094885] c0 1 (swapper/0) PMIC_DCDC5 SET VOUT = 1200 mv
<6>[    0.095697] c0 1 (swapper/0) PMIC_DCDC7 SET VOUT = 1800 mv
<6>[    0.138269] c0 1 (swapper/0) comip_monitor_probe 
<6>[    0.143316] c0 1 (swapper/0) bio: create slab <bio-0> at 0
<5>[    0.144389] c0 1 (swapper/0) SCSI subsystem initialized
<6>[    0.144538] c0 1 (swapper/0) usbcore: registered new interface driver usbfs
<6>[    0.144610] c0 1 (swapper/0) usbcore: registered new interface driver hub
<6>[    0.144733] c0 1 (swapper/0) usbcore: registered new device driver usb
<6>[    0.144992] c0 1 (swapper/0) i2c-gpio i2c-gpio.6: using pins 131 (SDA) and 129 (SCL)
<6>[    0.145156] c0 1 (swapper/0) i2c-gpio i2c-gpio.7: using pins 201 (SDA) and 202 (SCL)
<6>[    0.145304] c0 1 (swapper/0) i2c-gpio i2c-gpio.8: using pins 157 (SDA) and 159 (SCL)
<6>[    0.145442] c0 1 (swapper/0) i2c-gpio i2c-gpio.9: using pins 219 (SDA) and 221 (SCL)
<6>[    0.145589] c0 1 (swapper/0) i2c-gpio i2c-gpio.10: using pins 161 (SDA) and 163 (SCL)
<6>[    0.145928] c0 1 (swapper/0) Advanced Linux Sound Architecture Driver Initialized.
<6>[    0.147357] c0 1 (swapper/0) input: lc1160_adc_a as /devices/platform/lc11xx_adc/input/input0
<6>[    0.147569] c0 1 (swapper/0) input: lc1160_adc_b as /devices/platform/lc11xx_adc/input/input1
<6>[    0.147628] c0 1 (swapper/0) lc1160_adc: probe success
<6>[    0.147878] c0 1 (swapper/0) Switching to clocksource timer3_clk
<4>[    0.175853] c1 1 (swapper/0) USB_OTG: comip_usb_otg_early_init
<4>[    0.175974] c1 1 (swapper/0) USB_OTG: comip_otg_early_probe
<4>[    0.277006] c1 1 (swapper/0) comip_otg_ctrl_gpio_init WM220: set vbus 1, read back vbus 0
<6>[    0.277284] c1 1 (swapper/0) NET: Registered protocol family 2
<6>[    0.278329] c1 1 (swapper/0) TCP established hash table entries: 4096 (order: 3, 32768 bytes)
<6>[    0.278433] c1 1 (swapper/0) TCP bind hash table entries: 4096 (order: 4, 98304 bytes)
<6>[    0.278561] c1 1 (swapper/0) TCP: Hash tables configured (established 4096 bind 4096)
<6>[    0.278645] c1 1 (swapper/0) TCP: reno registered
<6>[    0.278665] c1 1 (swapper/0) UDP hash table entries: 256 (order: 2, 16384 bytes)
<6>[    0.278724] c1 1 (swapper/0) UDP-Lite hash table entries: 256 (order: 2, 16384 bytes)
<6>[    0.279163] c1 1 (swapper/0) NET: Registered protocol family 1
<6>[    0.279463] c1 1 (swapper/0) Unpacking initramfs...
<0>[    0.306100] c0 1 (swapper/0) Initramfs unpacking failed: junk in compressed archive
<6>[    0.308780] c0 1 (swapper/0) Freeing initrd memory: 1024K (c1000000 - c1100000)
<6>[    0.309293] c0 1 (swapper/0) CPU PMU: probing PMU on CPU 0
<6>[    0.309327] c0 1 (swapper/0) hw perfevents: enabled with ARMv7 Cortex-A7 PMU driver, 5 counters available
<3>[    0.309707] c0 1 (swapper/0) modem: comip_register_reboot_callback faild, non init
<6>[    0.311001] c0 1 (swapper/0) sdr: devices driver up version v1.0.1, build time Jun 13 2018 22:36:54
<6>[    0.311072] c0 1 (swapper/0) comip_wdt_probe: AP_PWR_LP_CTL 607
<6>[    0.311180] c0 1 (swapper/0) comip_wdt_probe: AP_PWR_LP_CTL 600
<6>[    0.311240] c0 1 (swapper/0) comip_wdt_probe: AP_PWR_LP_CTL 600
<6>[    0.311304] c0 1 (swapper/0) comip_wdt_probe: AP_PWR_LP_CTL 600
<6>[    0.312497] c0 1 (swapper/0) comip_snd_soc comip_snd_soc.0: comip_snd_soc_probe
<6>[    0.313448] c0 1 (swapper/0) comip-uart.0: ttyS0 at MMIO 0x0 (irq = 72) is a uart0
<6>[    0.313781] c0 1 (swapper/0) comip-uart.1: ttyS1 at MMIO 0x0 (irq = 73) is a uart1
<6>[    0.314139] c0 1 (swapper/0) comip-uart.2: ttyS2 at MMIO 0x0 (irq = 74) is a uart2
<6>[    0.314511] c0 1 (swapper/0) comip-uart.3: ttyS3 at MMIO 0x0 (irq = 89) is a uart3
<7>[    0.320999] c0 1 (swapper/0) mmc-1: set mmc clock rate to 400000
<7>[    0.327215] c0 1 (swapper/0) mmc-0: card detect 0. gpio 243.
<3>[    0.327380] c0 1 (swapper/0) comip_mmc0_set_power: set card vdd ret = -6 vdd = 16
<7>[    0.333978] c0 1 (swapper/0) mmc-0: set mmc clock rate to 400000
<7>[    0.346003] c0 1 (swapper/0) mmc-2: set mmc clock rate to 400000
<6>[    0.352136] c0 1 (swapper/0) ion-lc ion-lc: lc_ion_probe
<6>[    0.352267] c0 1 (swapper/0) ion: creat /dev/ion success
<3>[    0.352592] c0 1 (swapper/0) Failed to create heap debugfs at /ion/heaps/lc_ion_lcmem_heap
<4>[    0.354041] c0 1 (swapper/0) mali ddk r5p0-06rel0 early init
<6>[    0.354276] c0 1 (swapper/0) mali mali.0: Continuing without Mali clock control
<6>[    0.354578] c0 1 (swapper/0) mali mali.0: GPU identified as 0x0620 r1p0 status 1
<6>[    0.355257] c0 1 (swapper/0) mali mali.0: Probed as mali0
<6>[    0.356435] c0 1 (swapper/0) input: comip-gpio-keys as /devices/platform/comip-gpio-keys/input/input2
<7>[    0.356470] c0 1 (swapper/0) key 212 reported
<7>[    0.356484] c0 1 (swapper/0) key 256 reported
<7>[    0.356499] c0 1 (swapper/0) key 257 reported
<7>[    0.356512] c0 1 (swapper/0) key 258 reported
<7>[    0.356529] c0 1 (swapper/0) key 259 reported
<7>[    0.356546] c0 1 (swapper/0) key 260 reported
<7>[    0.356559] c0 1 (swapper/0) key 261 reported
<7>[    0.356574] c0 1 (swapper/0) key 262 reported
<7>[    0.356587] c0 1 (swapper/0) key 263 reported
<7>[    0.356602] c0 1 (swapper/0) key 393 reported
<7>[    0.356615] c0 1 (swapper/0) key 105 reported
<7>[    0.356630] c0 1 (swapper/0) key 106 reported
<6>[    0.356835] c0 1 (swapper/0) comip-i2s comip-i2s.0: comip_i2s_probe, id=0
<6>[    0.357010] c0 1 (swapper/0) comip-pcm comip-pcm.0: comip_pcm_virtual_probe
<6>[    0.357406] c0 1 (swapper/0) comip-snd-lowpower comip-snd-lowpower: snd_lowpower_probe
<6>[    0.366902] c0 1 (swapper/0) comip-rtc comip-rtc: rtc core: registered comip-rtc as rtc0
<6>[    0.367406] c0 1 (swapper/0) hx170dec: dec/pp kernel module. 
<6>[    0.367540] c0 1 (swapper/0) hx170dec: Core 0 HW ID=0x67314808
<6>[    0.367552] c0 1 (swapper/0) hx170dec: Supported HW found at 0xa0340200
<6>[    0.367567] c0 1 (swapper/0) hx170dec: core[0] has H264
<6>[    0.367582] c0 1 (swapper/0) hx170dec: core[0] has JPEG
<6>[    0.367593] c0 1 (swapper/0) hx170dec: core[0] has MPEG4
<6>[    0.367606] c0 1 (swapper/0) hx170dec: core[0] has VC1
<6>[    0.367619] c0 1 (swapper/0) hx170dec: core[0] has MPEG2
<6>[    0.367632] c0 1 (swapper/0) hx170dec: core[0] has VP6
<6>[    0.367644] c0 1 (swapper/0) hx170dec: core[0] has VP8
<6>[    0.367657] c0 1 (swapper/0) hx170dec: core[0] has VP7
<6>[    0.367670] c0 1 (swapper/0) hx170dec: core[0] has WebP
<6>[    0.367683] c0 1 (swapper/0) hx170dec: core[0] has AVS
<6>[    0.367695] c0 1 (swapper/0) hx170dec: core[0] has RV
<6>[    0.367709] c0 1 (swapper/0) hx170dec: core[0] has PP
<4>[    0.368070] c0 1 (swapper/0) hx280enc_probe
<6>[    0.368126] c0 1 (swapper/0) hx280enc: HW ID=0x72802080
<6>[    0.368140] c0 1 (swapper/0) hx280enc: Compatible HW found at 0xa0340000
<6>[    0.368273] c0 1 (swapper/0) hx280enc: probe successfully. Major = 252
<4>[    0.368476] c0 1 (swapper/0) hx280enc_h1_probe
<6>[    0.368531] c0 1 (swapper/0) hx280enc_h1_data.hwregs = f8342000
<6>[    0.368548] c0 1 (swapper/0) hx280enc_h1: HW at base <0xa0342000> with ID <0x48314780>
<4>[    0.368881] c0 1 (swapper/0) lcmem_probe in: module init
<4>[    0.368894] c0 1 (swapper/0) lcmem: Linear Memory Allocator, $Revision: 1.10 $ 
<4>[    0.368906] c0 1 (swapper/0) lcmem: linear memory base = 0x17801000 
<6>[    0.369067] c0 1 (swapper/0) lcmem: probe successfully. Major = 250
<4>[    0.371615] c0 1 (swapper/0) lhc_cdin!
<6>[    0.372279] c0 1 (swapper/0) on2psm: probe successfully. power = 0x7
<6>[    0.372379] c0 1 (swapper/0) thermal: comip_thermal_probe called
<3>[    0.372600] c0 1 (swapper/0) [UREG]Ureg Driver Registered
<6>[    0.374348] c0 6 (kworker/u10:0) mmc0: BKOPS_EN bit is not set
<7>[    0.380905] c0 6 (kworker/u10:0) mmc-1: set mmc clock rate to 104000000
<7>[    0.380928] c0 6 (kworker/u10:0) found (fe014e, Micron), use read_delay 1.
<7>[    0.380981] c0 6 (kworker/u10:0) mmc-1: tuning result phase is 1
<6>[    0.381376] c0 6 (kworker/u10:0) mmc0: new HS200 MMC card at address 0001
<3>[    0.381625] c0 6 (kworker/u10:0) comip_mmc0_set_power: set card vdd ret = -6 vdd = 0
<6>[    0.387466] c0 1 (swapper/0) fuse init (API version 7.22)
<6>[    0.388052] c0 1 (swapper/0) msgmni has been set to 495
<6>[    0.390326] c0 1 (swapper/0) io scheduler noop registered
<6>[    0.390537] c0 1 (swapper/0) io scheduler cfq registered (default)
<6>[    0.399504] c0 1 (swapper/0) loop: module loaded
<4>[    0.399573] c0 1 (swapper/0) mfi_i2c_client addr:17
<4>[    0.399730] c0 1 (swapper/0) applecp module init ok
<6>[    0.400121] c0 1 (swapper/0) usbcore: registered new interface driver cdc_ether
<6>[    0.400183] c0 1 (swapper/0) usbcore: registered new interface driver cdc_eem
<6>[    0.400243] c0 1 (swapper/0) usbcore: registered new interface driver rndis_host
<6>[    0.400301] c0 1 (swapper/0) usbcore: registered new interface driver cdc_subset
<6>[    0.400430] c0 1 (swapper/0) usbcore: registered new interface driver cdc_ncm
<6>[    0.400490] c0 1 (swapper/0) usbcore: registered new interface driver cdc_mbim
<4>[    0.400861] c0 1 (swapper/0) comip_hcd_driver_probe(c05a3740) id=0
<4>[    0.401892] c0 1 (swapper/0) set USB power on.
<4>[    0.401922] c0 1 (swapper/0) enter comip_cil_init,core_if->type=0
<4>[    0.401935] c0 1 (swapper/0) USB HSIC core power up success.
<4>[    0.402978] c0 1 (swapper/0) LZS set_usb_init_reg: 192, AP_PWR_PDFSM_ST1=0x07077707
<4>[    0.406168] c0 1 (swapper/0) hcd:Core Release: 2.94a
<4>[    0.406187] c0 1 (swapper/0) hcd:Setting default values for core params
<4>[    0.406231] c0 1 (swapper/0) LZS hcd_init: 345, enter
<6>[    0.406307] c0 1 (swapper/0) comip-hcd comip-hcd.0: COMIP Controller
<6>[    0.406337] c0 1 (swapper/0) comip-hcd comip-hcd.0: new USB bus registered, assigned bus number 1
<6>[    0.406385] c0 1 (swapper/0) comip-hcd comip-hcd.0: irq 49, io mem 0x00000000
<4>[    0.406449] c0 1 (swapper/0) usb usb1: config index 0 lenght 25, result 9
<4>[    0.406460] c0 1 (swapper/0) 09 02 19 00 01 01 00 e0 00 
<4>[    0.406526] c0 1 (swapper/0) usb usb1: config index 0 lenght 25, result 25
<4>[    0.406536] c0 1 (swapper/0) 09 02 19 00 01 01 00 e0 00 09 04 00 00 01 09 00 00 00 07 05 81 03 04 00 0c 
<6>[    0.407267] c0 1 (swapper/0) hub 1-0:1.0: USB hub found
<6>[    0.407301] c0 1 (swapper/0) hub 1-0:1.0: 1 port detected
<4>[    0.407604] c0 1 (swapper/0) comip_hcd_driver_probe:comip_hcd_dev->core_if->id=0
<4>[    0.408891] c0 1 (swapper/0) set USB power off.
<4>[    0.408926] c0 1 (swapper/0) comip_hcd_driver_probe(c05a3920) id=2
<4>[    0.416256] c0 1 (swapper/0) set USB power on.
<4>[    0.416288] c0 1 (swapper/0) enter comip_cil_init,core_if->type=2
<4>[    0.416371] c0 1 (swapper/0) USB HSIC core power up success.
<4>[    0.423395] c0 1 (swapper/0) read USB1_GLPMCFG = 40000000
<4>[    0.423410] c0 1 (swapper/0) [HSIC]: USB1_GRSTCTL = 0x80000001
<7>[    0.423424] c0 1 (swapper/0) [HSIC]: USB1_GRSTCTL = 0x80000000 timeout=99
<4>[    0.424595] c0 1 (swapper/0) hcd:Core Release: 2.94a
<4>[    0.424611] c0 1 (swapper/0) hcd:Setting default values for core params
<4>[    0.424635] c0 1 (swapper/0) LZS hcd_init: 345, enter
<6>[    0.424696] c0 1 (swapper/0) comip-hcd comip-hcd.2: COMIP Controller
<6>[    0.424724] c0 1 (swapper/0) comip-hcd comip-hcd.2: new USB bus registered, assigned bus number 2
<6>[    0.424781] c0 1 (swapper/0) comip-hcd comip-hcd.2: irq 50, io mem 0x00000000
<4>[    0.424813] c0 1 (swapper/0) hcd:Init: Power Port (0)
<4>[    0.424866] c0 1 (swapper/0) usb usb2: config index 0 lenght 25, result 9
<4>[    0.424876] c0 1 (swapper/0) 09 02 19 00 01 01 00 e0 00 
<4>[    0.424937] c0 1 (swapper/0) usb usb2: config index 0 lenght 25, result 25
<4>[    0.424980] c0 1 (swapper/0) 09 02 19 00 01 01 00 e0 00 09 04 00 00 01 09 00 00 00 07 05 81 03 04 00 0c 
<6>[    0.425553] c0 1 (swapper/0) hub 2-0:1.0: USB hub found
<6>[    0.425583] c0 1 (swapper/0) hub 2-0:1.0: 1 port detected
<4>[    0.425858] c0 1 (swapper/0) enter hsic init
<4>[    0.425872] c0 1 (swapper/0) LZS comip_hcd_driver_start: 1251, enter
<4>[    0.425884] c0 1 (swapper/0) enter comip_hcd_driver_start:id=2
<4>[    0.430912] c0 1 (swapper/0) USB power should be on.
<7>[    0.435931] c0 1 (swapper/0) hcd:I: comip_hcd_driver_start init_reg
<4>[    0.442974] c0 1 (swapper/0) read USB1_GLPMCFG = 40000000
<4>[    0.442988] c0 1 (swapper/0) [HSIC]: USB1_GRSTCTL = 0x80000001
<7>[    0.443001] c0 1 (swapper/0) [HSIC]: USB1_GRSTCTL = 0x80000000 timeout=99
<4>[    0.643093] c0 1 (swapper/0) hcd:Using Descriptor DMA mode
<4>[    0.643106] c0 1 (swapper/0) hcd:Periodic Transfer Interrupt Enhancement - disabled
<4>[    0.643119] c0 1 (swapper/0) hcd:Multiprocessor Interrupt Enhancement - disabled
<4>[    0.643133] c0 1 (swapper/0) hcd:OTG VER PARAM: 1, OTG VER FLAG: 1
<4>[    0.643164] c0 1 (swapper/0) hcd:Init: Power Port (0)
<7>[    0.643447] c0 1 (swapper/0) hcd:I: comip_hcd_driver_start end
<6>[    0.643601] c0 1 (swapper/0) usbcore: registered new interface driver cdc_wdm
<6>[    0.643720] c0 1 (swapper/0) usbcore: registered new interface driver usb-storage
<3>[    0.771604] c0 1 (swapper/0) i2c-0: wait rx timeout!
<3>[    0.772449] c0 1 (swapper/0) i2c-0-0x08: xfer error -110.
<3>[    0.773374] c0 1 (swapper/0) usb3503 0-0008: CFG1 failed (-110)
<6>[    0.774385] c0 1 (swapper/0) usb3503 0-0008: usb3503_probe: probed on  hub mode
<4>[    0.776699] c0 1 (swapper/0) usb aoa module init ok
<4>[    0.776791] c0 1 (swapper/0) apple_roleswitch module init ok
<6>[    0.777751] c0 1 (swapper/0) mlx90393 spi0.0: osr = 0x3, dig_filt = 0x7, res_xyz = 0x3f, osr2 = 0x3
<6>[    0.778011] c0 1 (swapper/0) input: mlx90393-0 as /devices/platform/comip-spi.0/spi_master/spi0/spi0.0/input/input3
<6>[    0.783841] c0 1 (swapper/0) mlx90393 spi1.0: osr = 0x3, dig_filt = 0x2, res_xyz = 0x3f, osr2 = 0x3
<6>[    0.784088] c0 1 (swapper/0) input: mlx90393-1 as /devices/platform/comip-spi.1/spi_master/spi1/spi1.0/input/input4
<6>[    0.789748] c0 1 (swapper/0) mlx90393 spi2.0: osr = 0x3, dig_filt = 0x2, res_xyz = 0x3f, osr2 = 0x3
<6>[    0.789996] c0 1 (swapper/0) input: mlx90393-2 as /devices/platform/comip-spi.2/spi_master/spi2/spi2.0/input/input5
<6>[    0.793503] c0 1 (swapper/0) i2c /dev entries driver
<6>[    0.794738] c0 1 (swapper/0) mmcblk0: mmc0:0001 P1J94M 3.64 GiB 
<6>[    0.795054] c0 1 (swapper/0) mmcblk0boot0: mmc0:0001 P1J94M partition 1 1.00 MiB
<6>[    0.795328] c0 1 (swapper/0) mmcblk0boot1: mmc0:0001 P1J94M partition 2 1.00 MiB
<6>[    0.795591] c0 1 (swapper/0) mmcblk0rpmb: mmc0:0001 P1J94M partition 3 1.00 MiB
<6>[    0.796113] c0 1 (swapper/0)  mmcblk0: p1 (gpt) p2 (ddr) p3 (env) p4 (panic) p5 (amt) p6 (factory) p7 (factory_out) p8 (recovery) p9 (normal) p10 (system) p11 (vendor) p12 (cache) p13 (blackbox) p14 (userdata)mmcblk0boot1 has no partition table!
<4>[    0.799760] c0 1 (swapper/0) mmcblk0boot0 has no partition table!
<6>[    0.800667] c0 1 (swapper/0) zram: Created 1 device(s) ...
<6>[    0.801333] c0 1 (swapper/0) ashmem: initialized
<6>[    0.801513] c0 1 (swapper/0) logger: created 256K log 'log_main'
<6>[    0.801687] c0 1 (swapper/0) logger: created 256K log 'log_events'
<6>[    0.801847] c0 1 (swapper/0) logger: created 256K log 'log_radio'
<6>[    0.802056] c0 1 (swapper/0) logger: created 256K log 'log_system'
<4>[    0.802693] c0 1 (swapper/0) soc-audio soc-audio: ASoC: machine comip_snd_soc should use snd_soc_register_card()
<6>[    0.814906] c0 1 (swapper/0) LC1160_R71=0x1d
<6>[    0.815374] c0 1 (swapper/0) LC1160_R72=0x1e
<6>[    0.815841] c0 1 (swapper/0) LC1160_R73=0x1f
<6>[    0.816307] c0 1 (swapper/0) LC1160_R74=0x1f
<6>[    0.816326] c0 1 (swapper/0) comip_codec comip_codec: codec probe success, chip version is LC1160B
<7>[    0.847543] c3 1 (swapper/0) [SND CODEC] comip_pcm_new
<7>[    0.847992] c3 1 (swapper/0) [SND CODEC] comip_pcm_preallocate_dma_buffer addr: 0xe0040000, area: 0xd0d80000, bytes: 131072
<7>[    0.848163] c3 1 (swapper/0) [SND CODEC] comip_pcm_preallocate_dma_buffer addr: 0x14ac0000, area: 0xd0da1000, bytes: 131072
<6>[    0.848182] c3 1 (swapper/0) soc-audio soc-audio:  comip_hifi <-> comip-i2s.0 mapping ok
<6>[    0.848591] c3 1 (swapper/0) soc-audio soc-audio:  comip_voice <-> comip-pcm.0 mapping ok
<6>[    0.852062] c3 1 (swapper/0) input: comip_snd_soc Headset as /devices/platform/soc-audio/sound/card0/input6
<6>[    0.852791] c3 1 (swapper/0) ip_tables: (C) 2000-2006 Netfilter Core Team
<6>[    0.852877] c3 1 (swapper/0) TCP: cubic registered
<6>[    0.852895] c3 1 (swapper/0) NET: Registered protocol family 17
<6>[    0.853176] c3 1 (swapper/0) VFP support v0.3: implementor 41 architecture 2 part 30 variant 7 rev 5
<5>[    0.853219] c3 1 (swapper/0) Registering SWP/SWPB emulation handler
<7>[    0.853235] c3 1 (swapper/0) shadow_timer_delta=6500000, shadow_timer_delta_max=1672352866
<6>[    0.855084] c3 1 (swapper/0) modem: devices driver up.
<6>[    0.857799] c3 37 (kworker/3:1) comip_codec comip_codec: lc1160_irq_work_handle: status = 0x0
<4>[    0.862156] c2 1 (swapper/0) USB_OTG: comip_otg_probe: 799, exit
<4>[    0.862187] c2 1 (swapper/0) comip-otg: probe of comip-otg failed with error 3
<6>[    0.862545] c2 1 (swapper/0) file system registered
<6>[    0.864766] c2 1 (swapper/0) android_usb gadget: Mass Storage Function, version: 2009/09/11
<6>[    0.864783] c2 1 (swapper/0) android_usb gadget: Number of LUNs=1
<6>[    0.864798] c2 1 (swapper/0)  lun0: LUN: removable file: (no medium)
<6>[    0.864833] c2 1 (swapper/0) android_usb gadget: android_usb ready
<6>[    0.867739] c2 1 (swapper/0) comip-rtc comip-rtc: setting system clock to 1980-01-01 00:00:02 UTC (315532802)
<6>[    0.867845] c2 1 (swapper/0) ALSA device list:
<6>[    0.867859] c2 1 (swapper/0)   #0: comip_snd_soc
<6>[    0.868318] c3 1 (swapper/0) uart3 already has set quot! baud 921600, quot 1!
<6>[    0.868380] c3 1 (swapper/0) uart3 new lcr is 0x3, cval = 0x13
<6>[    0.868726] c3 1 (swapper/0) Freeing unused kernel memory: 224K (c0545000 - c057d000)
<11>[    0.873088] c0 1 (init) init: /init.environ.rc: 14: invalid command 'exoprt'
<11>[    0.976654] c0 1 (init) init: /dev/hw_random not found
<6>[    0.977870] c0 1 (init) uart3 already has set quot! baud 921600, quot 1!
<6>[    0.977886] c0 1 (init) uart3 new lcr is 0x3, cval = 0x13
<11>[    0.978249] c0 1 (init) init: cannot open '/initlogo.rle'
<6>[    0.987589] c3 1 (init) EXT4-fs (mmcblk0p5): mounted filesystem with ordered data mode. Opts: (null)
<6>[    0.995525] c3 1 (init) EXT4-fs (mmcblk0p14): mounted filesystem with ordered data mode. Opts: (null)
<6>[    1.000808] c3 1 (init) EXT4-fs (mmcblk0p11): mounted filesystem with ordered data mode. Opts: (null)
<6>[    1.006241] c3 1 (init) EXT4-fs (mmcblk0p10): mounted filesystem with ordered data mode. Opts: (null)
<6>[    1.010030] c3 1 (init) EXT4-fs (mmcblk0p12): mounted filesystem with ordered data mode. Opts: (null)
<6>[    1.013046] c3 1 (init) uart1 is settting quot! baud 9600, quot 60!
<4>[    1.013064] c3 1 (init) write reg 0xc passes, val 0x93
<4>[    1.013078] c3 1 (init) write reg 0x0 passes, val 0x60
<4>[    1.013092] c3 1 (init) write reg 0x4 passes, val 0x0
<4>[    1.013522] c3 1 (init) write reg 0xc passes, val 0x13
<6>[    1.013536] c3 1 (init) uart1 new lcr is 0x13, cval = 0x13
<6>[    1.015843] c3 1 (init) uart2 is settting quot! baud 9600, quot 60!
<4>[    1.015860] c3 1 (init) write reg 0xc passes, val 0x93
<4>[    1.015873] c3 1 (init) write reg 0x0 passes, val 0x60
<4>[    1.015886] c3 1 (init) write reg 0x4 passes, val 0x0
<4>[    1.016318] c3 1 (init) write reg 0xc passes, val 0x13
<6>[    1.016363] c3 1 (init) uart2 new lcr is 0x13, cval = 0x13
<11>[    1.017064] c3 1 (init) init: /dev/hw_random not found
<11>[    1.021770] c3 1 (init) init: The sn.txt is not exist in the path of amt!
<6>[    1.026540] c0 98 (init) uart3 already has set quot! baud 921600, quot 1!
<6>[    1.026558] c0 98 (init) uart3 new lcr is 0x3, cval = 0x13
<6>[    1.062451] c3 1 (init) Galcore version 4.6.9.9754
<4>[    1.062471] c3 1 (init) galcore options:
<4>[    1.062489] c3 1 (init)   irqLine           = 42
<4>[    1.062503] c3 1 (init)   registerMemBase   = 0xA0300000
<4>[    1.062516] c3 1 (init)   registerMemSize   = 0x00040000
<4>[    1.062529] c3 1 (init)   contiguousSize    = 4194304
<4>[    1.062541] c3 1 (init)   contiguousBase    = 0x00000000
<4>[    1.062555] c3 1 (init)   bankSize          = 0x00000000
<4>[    1.062568] c3 1 (init)   fastClear         = -1
<4>[    1.062581] c3 1 (init)   compression       = -1
<4>[    1.062594] c3 1 (init)   signal            = 48
<4>[    1.062607] c3 1 (init)   baseAddress       = 0x00000000
<4>[    1.062620] c3 1 (init)   physSize          = 0x80000000
<4>[    1.062633] c3 1 (init)   logFileSize       = 0 KB 
<4>[    1.062646] c3 1 (init)   powerManagement   = 1
<4>[    1.062658] c3 1 (init)   gpuProfiler   = 0
<4>[    1.062671] c3 1 (init)   coreClock       = 234000000
<4>[    1.067649] c3 1 (init) orignal gc outstanding setting: 0x3c000000
<6>[    1.067668] c3 1 (init) change gc outstanding setting: 0x3c000000
<11>[    1.082038] c3 1 (init) init: property 'sys.powerctl' doesn't exist while expanding '${sys.powerctl}'
<11>[    1.083761] c3 1 (init) init: powerctl: cannot expand '${sys.powerctl}'
<11>[    1.085019] c3 1 (init) init: using deprecated syntax for specifying property 'persist.sys.usb.config', use ${name} instead
<6>[    1.246186] c1 127 (busybox) EXT4-fs (mmcblk0p13): mounted filesystem with ordered data mode. Opts: data=ordered
<6>[    1.313091] c1 134 (busybox) EXT4-fs (mmcblk0p12): mounted filesystem with ordered data mode. Opts: data=ordered
<3>[    1.488180] c3 1 (init) android_usb: already disabled
<11>[    1.489506] c3 1 (init) init: using deprecated syntax for specifying property 'sys.usb.config', use ${name} instead
<6>[    1.491494] c3 1 (init) android functions_store: rndis,mass_storage,bulk,acm
<6>[    1.491700] c3 1 (init) rndis_function_bind_config MAC: 00:00:00:00:00:00
<4>[    1.491796] c3 1 (init) android_usb gadget: using random self ethernet address
<4>[    1.491823] c3 1 (init) android_usb gadget: using random host ethernet address
<11>[    1.492304] c3 86 (ueventd) init: add network interface: rndis0
<6>[    1.493896] c3 1 (init) rndis0: MAC d6:92:76:0d:d3:7b
<6>[    1.493915] c3 1 (init) rndis0: HOST MAC 06:39:2f:79:a8:63
<6>[    1.494089] c3 1 (init) bulk_bind_config
<11>[    1.502494] c2 86 (ueventd) init: exec CMD: /system/bin/ifconfig rndis0 192.168.42.2
<4>[    1.504158] c3 1 (init) u2d_usb_init
<11>[    1.510570] c3 1 (init) init: using deprecated syntax for specifying property 'sys.usb.config', use ${name} instead
<6>[    1.970674] c3 283 (mount) EXT4-fs (mmcblk0p5): re-mounted. Opts: (null)
<6>[    2.003079] c2 284 (mount) EXT4-fs (mmcblk0p5): re-mounted. Opts: (null)
<6>[    2.759494] c2 164 (sdrs) modem: modem open ref 0, status 0
<6>[    2.769725] c3 164 (sdrs) modem: request_firmware head data d7d55000 size 1272448
<6>[    3.693612] c3 164 (sdrs) modem: reboot flag 0, 0
<6>[    3.693635] c3 164 (sdrs) modem: run modem, set CP to reset state first
<7>[    3.743995] c3 164 (sdrs) addr 0xe100c220: 0x0000ffff
<7>[    3.744011] c3 164 (sdrs) addr 0xe100c224: 0x0000ffff
<7>[    3.744026] c3 164 (sdrs) addr 0xe100c228: 0x0000ffff
<7>[    3.744040] c3 164 (sdrs) addr 0xe100c22c: 0x0000ffff
<7>[    3.744055] c3 164 (sdrs) addr 0xe100c230: 0x0000ffff
<7>[    3.744069] c3 164 (sdrs) addr 0xe100c234: 0x0000ffff
<7>[    3.744084] c3 164 (sdrs) addr 0xe100c238: 0x0000ffff
<7>[    3.744098] c3 164 (sdrs) addr 0xe100c23c: 0x0000ffff
<7>[    3.744112] c3 164 (sdrs) addr 0xe100c240: 0x0000ffff
<7>[    3.744127] c3 164 (sdrs) addr 0xe100c244: 0x0000ffff
<7>[    3.744141] c3 164 (sdrs) addr 0xe100c248: 0x0000ffff
<7>[    3.744155] c3 164 (sdrs) addr 0xe100c24c: 0x0000ffff
<7>[    3.744170] c3 164 (sdrs) addr 0xe100c250: 0x0000ffff
<7>[    3.744184] c3 164 (sdrs) addr 0xe100c254: 0x0000ffff
<7>[    3.744198] c3 164 (sdrs) addr 0xe100c258: 0x0000ffff
<7>[    3.744213] c3 164 (sdrs) addr 0xe100c25c: 0x0000ffff
<7>[    3.744230] c3 164 (sdrs) addr 0xe100a120: 0x01ffffff
<7>[    3.744244] c3 164 (sdrs) addr 0xe100a124: 0x00000000
<7>[    3.744258] c3 164 (sdrs) addr 0xe100a128: 0x01ffffff
<7>[    3.744273] c3 164 (sdrs) addr 0xe100a12c: 0x01ffffff
<7>[    3.744287] c3 164 (sdrs) addr 0xe100a130: 0x01ffffff
<7>[    3.749986] c3 164 (sdrs) bridge: reset run image flag 2
<7>[    3.750355] c3 164 (sdrs) modem: add bridge TPC0 
<7>[    3.750576] c3 164 (sdrs) bridge: TPC0 found! 
<7>[    3.750971] c3 164 (sdrs) modem: add bridge TPC1 
<7>[    3.751144] c3 164 (sdrs) bridge: TPC1 found! 
<7>[    3.751255] c3 164 (sdrs) modem: add bridge lmi0 
<7>[    3.751382] c3 164 (sdrs) bridge: lmi0 found! 
<7>[    3.751434] c3 164 (sdrs) modem: add bridge lmi1 
<7>[    3.751556] c3 164 (sdrs) bridge: lmi1 found! 
<7>[    3.751607] c3 164 (sdrs) modem: add bridge lmi2 
<7>[    3.751748] c3 164 (sdrs) bridge: lmi2 found! 
<7>[    3.751916] c3 164 (sdrs) modem: add bridge lmi3 
<7>[    3.752083] c3 164 (sdrs) bridge: lmi3 found! 
<7>[    3.752135] c3 164 (sdrs) modem: add bridge lmi4 
<7>[    3.752260] c3 164 (sdrs) bridge: lmi4 found! 
<7>[    3.752312] c3 164 (sdrs) modem: add bridge lmi5 
<7>[    3.752450] c3 164 (sdrs) bridge: lmi5 found! 
<7>[    3.752617] c3 164 (sdrs) modem: add bridge lmi6 
<7>[    3.752743] c3 164 (sdrs) bridge: lmi6 found! 
<7>[    3.752795] c3 164 (sdrs) modem: add bridge lmi7 
<7>[    3.752921] c3 164 (sdrs) bridge: lmi7 found! 
<7>[    3.753002] c3 164 (sdrs) modem: add bridge lmi8 
<7>[    3.753148] c3 164 (sdrs) bridge: lmi8 found! 
<7>[    3.753260] c3 164 (sdrs) modem: add bridge lmi9 
<7>[    3.753428] c3 164 (sdrs) bridge: lmi9 found! 
<7>[    3.753538] c3 164 (sdrs) modem: add bridge lmi10 
<7>[    3.753702] c3 164 (sdrs) bridge: lmi10 found! 
<7>[    3.753726] c3 164 (sdrs) modem: add bridge lmi40 
<7>[    3.754640] c3 164 (sdrs) bridge: lmi40 found! 
<7>[    3.754663] c3 164 (sdrs) modem: add bridge lmi41 
<7>[    3.755456] c3 164 (sdrs) bridge: lmi41 found! 
<7>[    3.755478] c3 164 (sdrs) modem: add bridge lmi42 
<7>[    3.756284] c3 164 (sdrs) bridge: lmi42 found! 
<7>[    3.756308] c3 164 (sdrs) modem: add bridge lmi44 
<7>[    3.757100] c3 164 (sdrs) bridge: lmi44 found! 
<7>[    3.757122] c3 164 (sdrs) modem: add bridge lmi45 
<7>[    3.757880] c3 164 (sdrs) bridge: lmi45 found! 
<7>[    3.757902] c3 164 (sdrs) modem: add bridge lmi46 
<7>[    3.758269] c3 164 (sdrs) bridge: lmi46 found! 
<7>[    3.758291] c3 164 (sdrs) modem: add bridge lmi47 
<7>[    3.758621] c3 164 (sdrs) bridge: lmi47 found! 
<7>[    3.758675] c3 164 (sdrs) modem: add bridge socbridge 
<7>[    3.758977] c3 164 (sdrs) bridge: socbridge found! 
<6>[    3.770571] c3 164 (sdrs) modem: load modemarm 1272448 bytes
<6>[    3.782420] c3 164 (sdrs) modem: load modemdsp_gnd 1483856 bytes
<7>[    3.807005] c3 164 (sdrs) modem: t0 0:0
<7>[    3.807005] t1 315532805:382304
<7>[    3.807005] t2 0:0
<7>[    3.807005] t3 0:0
<7>[    3.807005] t4 315532805:428287
<7>[    3.807005] t5 315532805:428288
<7>[    3.807048] c3 164 (sdrs) modem: run modem count 1 , status 3.
<7>[    3.809629] c3 164 (sdrs) bridge: lmi0: cp not ready 0
<4>[    3.877002] c0 76 (kworker/u10:2) USB_OTG: comip_otg_event: begin last_id 1 last_state 2 curr_id 0 curr_state 1
<4>[    3.877020] c0 76 (kworker/u10:2) USB_OTG: comip_otg_start_gadget: 227, on = 0
<6>[    3.879295] c0 39 (kworker/0:1) android_work: did not send uevent (0 0   (null))
<7>[    3.909986] c3 164 (sdrs) bridge: lmi0: cp not ready 0
<11>[    3.973840] c0 86 (ueventd) init: remove network interface: rndis0
<11>[    4.005871] c0 1 (init) init: untracked pid 180 exited
<7>[    4.010988] c3 164 (sdrs) bridge: lmi0: cp not ready 0
<7>[    4.111999] c3 164 (sdrs) bridge: lmi0: cp not ready 0
<6>[    4.127610] c1 36 (kworker/1:1) comip-u2d comip-u2d: vbus insert
<4>[    4.127625] c1 36 (kworker/1:1) USB power should be on.
<7>[    4.212987] c3 164 (sdrs) bridge: lmi0: cp not ready 0
<7>[    4.313987] c3 164 (sdrs) bridge: lmi0: cp ready ok
<7>[    4.314001] c3 164 (sdrs) bridge: open lmi0 ok.
<7>[    4.314110] c1 222 (dji_hdvt_gnd) bridge: lmi6: cp ready ok
<7>[    4.314124] c1 222 (dji_hdvt_gnd) bridge: open lmi6 ok.
<7>[    4.314220] c0 176 (sdrs_log) bridge: lmi10: cp ready ok
<7>[    4.314234] c0 176 (sdrs_log) bridge: open lmi10 ok.
<7>[    4.314482] c0 176 (sdrs_log) bridge: TPC0: cp ready ok
<7>[    4.314495] c0 176 (sdrs_log) bridge: open TPC0 ok.
<7>[    4.314693] c0 176 (sdrs_log) bridge: TPC1: cp ready ok
<7>[    4.314707] c0 176 (sdrs_log) bridge: open TPC1 ok.
<7>[    4.320030] c3 164 (sdrs) bridge: close lmi0 .
<6>[    4.348847] c2 222 (dji_hdvt_gnd) sdr: sdr_open
<6>[    4.349727] c2 222 (dji_hdvt_gnd) sdr: shm:
<6>[    4.349727] ma d0c06000
<6>[    4.349727] ma->buffer_base 17801040
<6>[    4.349727] ma->elem_size 2f7600
<6>[    4.349727] ma->buf_num 16
<6>[    4.349727] ma->reinited 1
<6>[    4.364395] c3 222 (dji_hdvt_gnd) uart1 already has set quot! baud 9600, quot 60!
<6>[    4.364418] c3 222 (dji_hdvt_gnd) uart1 new lcr is 0x3, cval = 0x13
<6>[    4.364503] c3 222 (dji_hdvt_gnd) uart1 is settting quot! baud 115200, quot 8!
<4>[    4.364519] c3 222 (dji_hdvt_gnd) write reg 0xc passes, val 0x93
<4>[    4.364533] c3 222 (dji_hdvt_gnd) write reg 0x0 passes, val 0x8
<4>[    4.364546] c3 222 (dji_hdvt_gnd) write reg 0x4 passes, val 0x0
<4>[    4.364595] c3 222 (dji_hdvt_gnd) write reg 0xc passes, val 0x13
<6>[    4.364609] c3 222 (dji_hdvt_gnd) uart1 new lcr is 0x13, cval = 0x13
<7>[    4.365297] c3 222 (dji_hdvt_gnd) bridge: lmi4: cp ready ok
<7>[    4.365313] c3 222 (dji_hdvt_gnd) bridge: open lmi4 ok.
<7>[    4.365912] c3 222 (dji_hdvt_gnd) bridge: lmi7: cp ready ok
<7>[    4.365926] c3 222 (dji_hdvt_gnd) bridge: open lmi7 ok.
<7>[    4.375026] c3 222 (dji_hdvt_gnd) bridge: lmi5: cp ready ok
<7>[    4.375048] c3 222 (dji_hdvt_gnd) bridge: open lmi5 ok.
<6>[    4.384813] c0 467 (hdvt_work) modem: modem open ref 1, status 3
<6>[    4.384856] c0 467 (hdvt_work) modem: modem status(3) != MODEM_RELEASE.open modem again! 
<6>[    4.385102] c2 222 (dji_hdvt_gnd) adc_a_open is called.
<6>[    4.385192] c2 222 (dji_hdvt_gnd) adc_b_open is called.
<4>[    4.392031] c1 36 (kworker/1:1) u2d_usb_init
<6>[    4.398232] c1 36 (kworker/1:1) comip-u2d comip-u2d: otg_ohy_status detected = 0x1
<6>[    4.398252] c1 36 (kworker/1:1) PC detected!
<6>[    4.404076] c2 482 (sh) modem: modem release ref 2, status 3
<6>[    4.421301] c3 222 (dji_hdvt_gnd) usbcore: registered new interface driver apple_roleswitch
<4>[    4.421430] c3 222 (dji_hdvt_gnd) apple roleswitch start ok
<4>[    4.421443] c2 496 (mfi_dev_timer_k) mfi_dev_timer_kthread start
<6>[    4.421497] c0 495 (dji_hdvt_gnd) usbcore: registered new interface driver usb_aoa
<4>[    4.421559] c0 495 (dji_hdvt_gnd) aoa start ok
<4>[    3.879062] c0 76 (kworker/u10:2) u2d:E: comip_ep_dequeue:return ep:0 c05aa68c:cf6d3a40:1:1!!
<6>[    4.484292] c0 76 (kworker/u10:2) unloading
<4>[    4.506004] c0 76 (kworker/u10:2) USB_OTG: set vbus power 0
<4>[    4.606982] c0 76 (kworker/u10:2) USB_OTG: set vbus power 1
<4>[    4.708054] c1 76 (kworker/u10:2) USB_OTG: comip_otg_start_host: 186, on = 1
<4>[    4.719725] c1 76 (kworker/u10:2) USB_OTG: comip_otg_start_host:host on......c05a3740
<4>[    4.719747] c1 76 (kworker/u10:2) LZS comip_hcd_driver_start: 1251, enter
<4>[    4.719765] c1 76 (kworker/u10:2) enter comip_hcd_driver_start:id=0
<4>[    4.719777] c1 76 (kworker/u10:2) USB power should be on.
<7>[    4.724990] c1 76 (kworker/u10:2) hcd:I: comip_hcd_driver_start init_reg
<4>[    4.726009] c1 76 (kworker/u10:2) LZS set_usb_init_reg: 192, AP_PWR_PDFSM_ST1=0x00077000
<4>[    4.928107] c1 76 (kworker/u10:2) hcd:Using Descriptor DMA mode
<4>[    4.928119] c1 76 (kworker/u10:2) hcd:Periodic Transfer Interrupt Enhancement - disabled
<4>[    4.928131] c1 76 (kworker/u10:2) hcd:Multiprocessor Interrupt Enhancement - disabled
<4>[    4.928143] c1 76 (kworker/u10:2) hcd:OTG VER PARAM: 1, OTG VER FLAG: 1
<4>[    4.928186] c1 76 (kworker/u10:2) hcd:Init: Power Port (0)
<7>[    4.928821] c1 76 (kworker/u10:2) hcd:I: comip_hcd_driver_start end
<7>[    5.135794] c3 521 (ip) bridge: lmi42: cp ready ok
<7>[    5.135814] c3 521 (ip) bridge: open lmi42 ok.
<4>[    5.229030] c1 76 (kworker/u10:2) USB_OTG: state change not supported 2!
<4>[    5.229058] c1 76 (kworker/u10:2) USB_OTG: comip_otg_event: end   last_id 0 last_state 1 curr_id 0 curr_state 1
<4>[    7.559039] c1 34 (khubd) hcd:Indeed it is in host mode hprt0 = 00021501
<7>[    7.609457] c0 612 (logcat) hcd:I:   --Port Interrupt HPRT0=0x0000100d Port Enable Changed--
<6>[    7.711054] c3 34 (khubd) usb 1-1: new high-speed USB device number 2 using comip-hcd
<4>[    7.711541] c0 34 (khubd) hcd:Indeed it is in host mode hprt0 = 00001101
<7>[    7.711569] c0 34 (khubd) hcd:I:   --Port Interrupt HPRT0=0x00001109 Port Enable Changed--
<7>[    7.767807] c0 635 (dmesg) hcd:I:   --Port Interrupt HPRT0=0x0000100d Port Enable Changed--
<11>[    7.812372] c3 1 (init) init: untracked pid 625 exited
<4>[    7.881026] c0 34 (khubd) usb 1-1: config index 0 lenght 62, result 9
<4>[    7.881049] c0 34 (khubd) 09 02 3e 00 02 01 00 80 fa 
<4>[    7.881238] c0 34 (khubd) usb 1-1: config index 0 lenght 62, result 62
<4>[    7.881250] c0 34 (khubd) 09 02 3e 00 02 01 00 80 fa 09 04 00 00 03 ff ff 00 06 07 05 81 02 00 02 00 07 05 01 02 00 02 00 07 05 82 03 1c 00 06 09 04 01 00 02 ff 02 ff 07 07 05 83 02 00 02 00 07 05 02 02 00 02 00 
<3>[    7.882033] c0 34 (khubd) usb 1-1: device v0fca p8041 is not supported
<4>[    7.885105] c0 34 (khubd) device support protocol 2
<4>[    7.885892] c0 34 (khubd) usb_aoa: probe of 1-1:1.0 failed with error -1
<4>[    7.886748] c0 34 (khubd) device support protocol 2
<4>[    7.887532] c0 34 (khubd) usb_aoa: probe of 1-1:1.1 failed with error -1
<7>[    7.895006] c0 70 (mmcqd/0) hcd:I:   --Port Interrupt HPRT0=0x00001008 Port Enable Changed--
<6>[    7.955102] c0 34 (khubd) usb 1-1: USB disconnect, device number 2
<4>[    8.164066] c0 34 (khubd) hcd:Indeed it is in host mode hprt0 = 00021501
<7>[    8.218290] c0 710 (sync) hcd:I:   --Port Interrupt HPRT0=0x0000100d Port Enable Changed--
<6>[    8.320033] c3 34 (khubd) usb 1-1: new high-speed USB device number 3 using comip-hcd
<4>[    8.320245] c0 34 (khubd) hcd:Indeed it is in host mode hprt0 = 00001101
<7>[    8.320264] c0 34 (khubd) hcd:I:   --Port Interrupt HPRT0=0x00001109 Port Enable Changed--
<7>[    8.370583] c0 0 (swapper/0) hcd:I:   --Port Interrupt HPRT0=0x0000100d Port Enable Changed--
<4>[    8.484106] c0 34 (khubd) usb 1-1: config index 0 lenght 32, result 9
<4>[    8.484125] c0 34 (khubd) 09 02 20 00 01 01 00 80 fa 
<4>[    8.485199] c0 34 (khubd) usb 1-1: config index 0 lenght 32, result 32
<4>[    8.485211] c0 34 (khubd) 09 02 20 00 01 01 00 80 fa 09 04 00 00 02 ff ff 00 08 07 05 81 02 00 02 00 07 05 02 02 00 02 00 
<3>[    8.485994] c0 34 (khubd) usb 1-1: device v18d1 p2d00 is not supported
<4>[    8.489489] c0 34 (khubd) find 1 bulk in EP:01, 1 bulk out EP:02
<4>[    8.490832] c0 34 (khubd) usb aoa connected
<6>[    8.730483] c3 449 (hg_wl_chn_recei) sdr: to empty: wait cp communication to ready
<6>[    8.752223] c0 722 (mount) EXT4-fs (mmcblk0p5): re-mounted. Opts: (null)
<6>[   16.155100] c0 467 (hdvt_work) modem: modem open ref 1, status 3
<6>[   16.155122] c0 467 (hdvt_work) modem: modem status(3) != MODEM_RELEASE.open modem again! 
<6>[   16.165291] c0 467 (hdvt_work) modem: modem release ref 2, status 3
<6>[   16.278026] c3 449 (hg_wl_chn_recei) sdr: to empty: cp ready
<7>[   18.294356] c0 451 (dji_hdvt_gnd) bridge: start_xmit info: lmi42 xmit skb cebd9240 CP busy!
<7>[   18.667821] c0 1132 (ps) bridge: start_xmit info: lmi42 xmit skb cebd9240 CP ready!
<7>[   18.672057] c0 39 (kworker/0:1) bridge: start_xmit info: lmi42 xmit skb ce72d9c0 CP busy!
<7>[   18.681998] c0 0 (swapper/0) bridge: start_xmit info: lmi42 xmit skb ce72d9c0 CP ready!
<7>[   47.459164] c1 77 (kworker/u10:3) key 106 reported
<7>[   47.624007] c1 76 (kworker/u10:2) key 106 reported
<7>[   48.534996] c1 77 (kworker/u10:3) key 106 reported
<7>[   48.672083] c2 77 (kworker/u10:3) key 106 reported
<7>[   48.782023] c0 77 (kworker/u10:3) key 105 reported
<7>[   48.974002] c1 77 (kworker/u10:3) key 105 reported
<7>[   50.693015] c2 77 (kworker/u10:3) key 105 reported
<7>[   50.897997] c0 77 (kworker/u10:3) key 105 reported
<7>[  117.036865] c0 432 (dji_hdvt_gnd) bridge: start_xmit info: lmi42 xmit skb cac29e40 CP busy!
<7>[  117.107899] c0 0 (swapper/0) bridge: start_xmit info: lmi42 xmit skb cac29e40 CP ready!
<7>[  168.480688] c0 432 (dji_hdvt_gnd) bridge: start_xmit info: lmi42 xmit skb ce2d2b40 CP busy!
<7>[  168.532337] c0 443 (1643_recv_threa) bridge: start_xmit info: lmi42 xmit skb ce2d2b40 CP ready!
<7>[  171.480670] c0 432 (dji_hdvt_gnd) bridge: start_xmit info: lmi42 xmit skb cacaaf00 CP busy!
<7>[  171.532396] c0 70 (mmcqd/0) bridge: start_xmit info: lmi42 xmit skb cacaaf00 CP ready!
<7>[  183.878081] c2 503 (dji_hdvt_gnd) bridge: start_xmit info: lmi42 xmit skb ce73aa80 CP busy!
<7>[  183.884904] c0 443 (1643_recv_threa) bridge: start_xmit info: lmi42 xmit skb ce73aa80 CP ready!
<7>[  207.984517] c0 432 (dji_hdvt_gnd) bridge: start_xmit info: lmi42 xmit skb ce3c6a80 CP busy!
<7>[  208.139234] c0 0 (swapper/0) bridge: start_xmit info: lmi42 xmit skb ce3c6a80 CP ready!
<7>[  211.082015] c1 307 (WL tcp connect ) bridge: start_xmit info: lmi42 xmit skb cac423b0 CP busy!
<7>[  211.125395] c0 0 (swapper/0) bridge: start_xmit info: lmi42 xmit skb cac423b0 CP ready!
<7>[  220.094354] c2 432 (dji_hdvt_gnd) bridge: start_xmit info: lmi42 xmit skb cac6fe40 CP busy!
<7>[  220.153858] c0 0 (swapper/0) bridge: start_xmit info: lmi42 xmit skb cac6fe40 CP ready!
<7>[  365.234208] c2 503 (dji_hdvt_gnd) bridge: start_xmit info: lmi42 xmit skb ceb9c480 CP busy!
<7>[  365.299702] c0 0 (swapper/0) bridge: start_xmit info: lmi42 xmit skb ceb9c480 CP ready!
<6>[  414.733986] c0 16680 (mount) EXT4-fs (mmcblk0p5): re-mounted. Opts: (null)
<6>[  414.775879] c0 16681 (mount) EXT4-fs (mmcblk0p5): re-mounted. Opts: (null)
<6>[  418.554165] c0 16837 (mount) EXT4-fs (mmcblk0p5): re-mounted. Opts: (null)
<6>[  418.610251] c0 16838 (mount) EXT4-fs (mmcblk0p5): re-mounted. Opts: (null)
<7>[  443.222009] c0 77 (kworker/u10:3) key 106 reported
<7>[  443.389031] c2 77 (kworker/u10:3) key 106 reported
<7>[  495.297012] c3 77 (kworker/u10:3) key 106 reported
<7>[  495.437020] c3 77 (kworker/u10:3) key 106 reported
<7>[  508.183020] c1 77 (kworker/u10:3) key 106 reported
<7>[  508.372017] c3 77 (kworker/u10:3) key 106 reported
<7>[  509.521027] c1 77 (kworker/u10:3) key 106 reported
<7>[  509.728999] c0 77 (kworker/u10:3) key 106 reported
<7>[  510.772006] c0 77 (kworker/u10:3) key 105 reported
<7>[  510.941994] c1 77 (kworker/u10:3) key 105 reported
<7>[  528.054004] c1 77 (kworker/u10:3) key 106 reported
<7>[  528.206006] c1 77 (kworker/u10:3) key 106 reported
<7>[  529.347016] c1 77 (kworker/u10:3) key 106 reported
<7>[  529.549004] c1 77 (kworker/u10:3) key 106 reported
<7>[  530.174026] c3 12277 (kworker/u10:0) key 105 reported
<7>[  530.386003] c3 12277 (kworker/u10:0) key 105 reported
<7>[  532.080595] c0 432 (dji_hdvt_gnd) bridge: start_xmit info: lmi42 xmit skb cac5d6c0 CP busy!
<7>[  532.163169] c0 0 (swapper/0) bridge: start_xmit info: lmi42 xmit skb cac5d6c0 CP ready!
<7>[  536.547331] c1 77 (kworker/u10:3) key 106 reported
<7>[  536.686020] c0 77 (kworker/u10:3) key 106 reported
<7>[  537.706002] c1 77 (kworker/u10:3) key 106 reported
<7>[  537.822006] c1 77 (kworker/u10:3) key 106 reported
<7>[  539.415387] c2 12277 (kworker/u10:0) key 105 reported
<7>[  539.531989] c1 77 (kworker/u10:3) key 105 reported
<7>[  544.610125] c0 432 (dji_hdvt_gnd) bridge: start_xmit info: lmi42 xmit skb ce3c9b40 CP busy!
<7>[  544.686429] c0 0 (swapper/0) bridge: start_xmit info: lmi42 xmit skb ce3c9b40 CP ready!
<7>[  544.694179] c3 432 (dji_hdvt_gnd) bridge: start_xmit info: lmi42 xmit skb ce7abcc0 CP busy!
<7>[  544.742615] c0 475 (keyscan_task) bridge: start_xmit info: lmi42 xmit skb ce7abcc0 CP ready!
<7>[  547.234052] c0 432 (dji_hdvt_gnd) bridge: start_xmit info: lmi42 xmit skb ce2bd840 CP busy!
<7>[  547.319718] c0 21868 (ps) bridge: start_xmit info: lmi42 xmit skb ce2bd840 CP ready!
<7>[  550.280517] c1 503 (dji_hdvt_gnd) bridge: start_xmit info: lmi42 xmit skb ce3e6240 CP busy!
<7>[  550.292322] c0 22005 (sh) bridge: start_xmit info: lmi42 xmit skb ce3e6240 CP ready!
<7>[  553.300171] c3 503 (dji_hdvt_gnd) bridge: start_xmit info: lmi42 xmit skb ce2d2b40 CP busy!
<7>[  553.320314] c0 0 (swapper/0) bridge: start_xmit info: lmi42 xmit skb ce2d2b40 CP ready!
<7>[  559.400001] c1 77 (kworker/u10:3) key 105 reported
<7>[  559.583003] c1 77 (kworker/u10:3) key 105 reported
<7>[  562.541007] c1 77 (kworker/u10:3) key 105 reported
<7>[  562.640000] c1 77 (kworker/u10:3) key 105 reported
<7>[  609.348097] c3 12277 (kworker/u10:0) key 105 reported
<7>[  609.506301] c2 12277 (kworker/u10:0) key 105 reported
<7>[  617.154017] c2 12277 (kworker/u10:0) key 106 reported
<7>[  617.273001] c1 12277 (kworker/u10:0) key 106 reported
<7>[  618.189000] c2 12277 (kworker/u10:0) key 106 reported
<7>[  618.377006] c1 12277 (kworker/u10:0) key 106 reported
<7>[  628.806182] c0 432 (dji_hdvt_gnd) bridge: start_xmit info: lmi42 xmit skb ce73a9c0 CP busy!
<7>[  628.914540] c0 0 (swapper/0) bridge: start_xmit info: lmi42 xmit skb ce73a9c0 CP ready!
<7>[  642.238002] c0 12277 (kworker/u10:0) key 106 reported
<7>[  642.391004] c1 12277 (kworker/u10:0) key 106 reported
<7>[  645.042038] c0 12277 (kworker/u10:0) key 106 reported
<7>[  645.225001] c1 24107 (kworker/u10:1) key 106 reported
<7>[  656.239387] c3 432 (dji_hdvt_gnd) bridge: start_xmit info: lmi42 xmit skb cf6483c0 CP busy!
<7>[  656.281690] c0 0 (swapper/0) bridge: start_xmit info: lmi42 xmit skb cf6483c0 CP ready!
<7>[  659.165995] c2 12277 (kworker/u10:0) key 263 reported
<7>[  659.236743] c0 432 (dji_hdvt_gnd) bridge: start_xmit info: lmi42 xmit skb ce290240 CP busy!
<7>[  659.267655] c0 0 (swapper/0) bridge: start_xmit info: lmi42 xmit skb ce290240 CP ready!
<7>[  713.960000] c1 12277 (kworker/u10:0) key 106 reported
<7>[  714.108042] c3 12277 (kworker/u10:0) key 106 reported
<7>[  834.674082] c1 432 (dji_hdvt_gnd) bridge: start_xmit info: lmi42 xmit skb ce726900 CP busy!
<7>[  834.795010] c0 0 (swapper/0) bridge: start_xmit info: lmi42 xmit skb ce726900 CP ready!
<7>[  834.824166] c0 432 (dji_hdvt_gnd) bridge: start_xmit info: lmi42 xmit skb cac9cb40 CP busy!
<7>[  834.893633] c0 0 (swapper/0) bridge: start_xmit info: lmi42 xmit skb cac9cb40 CP ready!
<7>[  889.328294] c0 432 (dji_hdvt_gnd) bridge: start_xmit info: lmi42 xmit skb ce3a2f00 CP busy!
<7>[  889.416588] c0 0 (swapper/0) bridge: start_xmit info: lmi42 xmit skb ce3a2f00 CP ready!
<7>[  898.364271] c0 432 (dji_hdvt_gnd) bridge: start_xmit info: lmi42 xmit skb ce940a80 CP busy!
<7>[  898.501559] c0 0 (swapper/0) bridge: start_xmit info: lmi42 xmit skb ce940a80 CP ready!
<7>[  968.182470] c1 432 (dji_hdvt_gnd) bridge: start_xmit info: lmi42 xmit skb cac5f9c0 CP busy!
<7>[  968.264409] c0 0 (swapper/0) bridge: start_xmit info: lmi42 xmit skb cac5f9c0 CP ready!
<7>[  971.185416] c0 432 (dji_hdvt_gnd) bridge: start_xmit info: lmi42 xmit skb cac2cc00 CP busy!
<7>[  971.222348] c0 0 (swapper/0) bridge: start_xmit info: lmi42 xmit skb cac2cc00 CP ready!
<7>[  977.258124] c3 432 (dji_hdvt_gnd) bridge: start_xmit info: lmi42 xmit skb cac1fd80 CP busy!
<7>[  977.306994] c0 0 (swapper/0) bridge: start_xmit info: lmi42 xmit skb cac1fd80 CP ready!
<7>[ 1037.821090] c2 503 (dji_hdvt_gnd) bridge: start_xmit info: lmi42 xmit skb ce73a780 CP busy!
<7>[ 1037.830353] c0 0 (swapper/0) bridge: start_xmit info: lmi42 xmit skb ce73a780 CP ready!
<7>[ 1082.113057] c3 24107 (kworker/u10:1) key 263 reported
<7>[ 1098.988009] c1 24107 (kworker/u10:1) key 263 reported
<7>[ 1119.482011] c2 24107 (kworker/u10:1) key 263 reported
<7>[ 1122.546589] c2 503 (dji_hdvt_gnd) bridge: start_xmit info: lmi42 xmit skb ce253300 CP busy!
<7>[ 1122.604559] c0 465 (event_task) bridge: start_xmit info: lmi42 xmit skb ce253300 CP ready!
<7>[ 1125.514314] c3 432 (dji_hdvt_gnd) bridge: start_xmit info: lmi42 xmit skb ce796cc0 CP busy!
<7>[ 1125.593947] c0 0 (swapper/0) bridge: start_xmit info: lmi42 xmit skb ce796cc0 CP ready!
<7>[ 1176.939181] c2 451 (dji_hdvt_gnd) bridge: start_xmit info: lmi42 xmit skb cac0ac00 CP busy!
<7>[ 1177.032466] c0 443 (1643_recv_threa) bridge: start_xmit info: lmi42 xmit skb cac0ac00 CP ready!
<7>[ 1182.979060] c1 503 (dji_hdvt_gnd) bridge: start_xmit info: lmi42 xmit skb ce761840 CP busy!
<7>[ 1183.004350] c0 0 (swapper/0) bridge: start_xmit info: lmi42 xmit skb ce761840 CP ready!
<7>[ 1195.253377] c0 307 (WL tcp connect ) bridge: start_xmit info: lmi42 xmit skb ce276230 CP busy!
<7>[ 1195.328700] c0 0 (swapper/0) bridge: start_xmit info: lmi42 xmit skb ce276230 CP ready!
<7>[ 1222.492080] c1 503 (dji_hdvt_gnd) bridge: start_xmit info: lmi42 xmit skb cac79c00 CP busy!
<7>[ 1222.569160] c0 0 (swapper/0) bridge: start_xmit info: lmi42 xmit skb cac79c00 CP ready!
<7>[ 1227.456025] c1 12277 (kworker/u10:0) key 212 reported
<7>[ 1227.456055] c1 12277 (kworker/u10:0) key 260 reported
<7>[ 1227.456073] c1 12277 (kworker/u10:0) key 261 reported
<7>[ 1230.035034] c0 12277 (kworker/u10:0) key 261 reported
<7>[ 1232.698013] c1 12277 (kworker/u10:0) key 261 reported
<7>[ 1232.833011] c0 12277 (kworker/u10:0) key 261 reported
<7>[ 1249.568547] c0 432 (dji_hdvt_gnd) bridge: start_xmit info: lmi42 xmit skb cac55000 CP busy!
<7>[ 1249.626429] c0 0 (swapper/0) bridge: start_xmit info: lmi42 xmit skb cac55000 CP ready!
<7>[ 1258.632055] c2 451 (dji_hdvt_gnd) bridge: start_xmit info: lmi42 xmit skb ce6a1000 CP busy!
<7>[ 1258.669058] c0 0 (swapper/0) bridge: start_xmit info: lmi42 xmit skb ce6a1000 CP ready!
<7>[ 1298.194156] c2 503 (dji_hdvt_gnd) bridge: start_xmit info: lmi42 xmit skb ce2436c0 CP busy!
<7>[ 1298.205636] c0 18936 (sh) bridge: start_xmit info: lmi42 xmit skb ce2436c0 CP ready!
<7>[ 1316.211065] c3 503 (dji_hdvt_gnd) bridge: start_xmit info: lmi42 xmit skb cebd9240 CP busy!
<7>[ 1316.276600] c0 443 (1643_recv_threa) bridge: start_xmit info: lmi42 xmit skb cebd9240 CP ready!
<7>[ 1319.140097] c0 432 (dji_hdvt_gnd) bridge: start_xmit info: lmi42 xmit skb ce3cbc00 CP busy!
<7>[ 1319.304913] c0 0 (swapper/0) bridge: start_xmit info: lmi42 xmit skb ce3cbc00 CP ready!
<7>[ 1325.281063] c2 0 (swapper/2) bridge: start_xmit info: lmi42 xmit skb ce9b49b0 CP busy!
<7>[ 1325.305079] c0 0 (swapper/0) bridge: start_xmit info: lmi42 xmit skb ce9b49b0 CP ready!
<7>[ 1334.256755] c0 432 (dji_hdvt_gnd) bridge: start_xmit info: lmi42 xmit skb cacdd540 CP busy!
<7>[ 1334.277289] c0 39 (kworker/0:1) bridge: start_xmit info: lmi42 xmit skb cacdd540 CP ready!
<7>[ 1340.340109] c1 503 (dji_hdvt_gnd) bridge: start_xmit info: lmi42 xmit skb ceac09c0 CP busy!
<7>[ 1340.502791] c0 0 (swapper/0) bridge: start_xmit info: lmi42 xmit skb ceac09c0 CP ready!
<7>[ 1346.441117] c1 451 (dji_hdvt_gnd) bridge: start_xmit info: lmi42 xmit skb ce801180 CP busy!
<7>[ 1346.503006] c0 240 (DUMP_Output) bridge: start_xmit info: lmi42 xmit skb ce801180 CP ready!
<7>[ 1351.359257] c3 454 (hg_wl_chn_recei) bridge: start_xmit info: lmi42 xmit skb ceb59000 CP busy!
<7>[ 1353.497171] c0 0 (swapper/0) bridge: start_xmit info: lmi42 xmit skb ceb59000 CP ready!
<7>[ 1379.686455] c0 0 (swapper/0) hcd:I:   --Port Interrupt HPRT0=0x00001008 Port Enable Changed--
<6>[ 1379.751138] c0 34 (khubd) usb 1-1: USB disconnect, device number 3
<4>[ 1379.751609] c0 34 (khubd) usb aoa disconnect enter
<4>[ 1379.753373] c0 34 (khubd) usb aoa disconnect exit
<7>[ 1379.915031] c3 12277 (kworker/u10:0) key 212 reported
<7>[ 1379.937026] c1 12277 (kworker/u10:0) key 256 reported
<7>[ 1379.941025] c1 12277 (kworker/u10:0) key 259 reported
<7>[ 1397.218000] c1 12277 (kworker/u10:0) key 393 reported
<7>[ 1397.462025] c2 12277 (kworker/u10:0) key 393 reported


!!!New kernel log start!!!

<6>[    0.000000] c0 0 (swapper) Booting Linux on physical CPU 0x100
<6>[    0.000000] c0 0 (swapper) Initializing cgroup subsys cpu
<6>[    0.000000] c0 0 (swapper) Initializing cgroup subsys cpuacct
<5>[    0.000000] c0 0 (swapper) Linux version 3.10.62 (jenkins@APServer01) (gcc version 4.7 (GCC) ) #1 SMP PREEMPT Wed Jun 13 22:38:10 CST 2018
<4>[    0.000000] c0 0 (swapper) CPU: ARMv7 Processor [410fc075] revision 5 (ARMv7), cr=10c5387d
<4>[    0.000000] c0 0 (swapper) CPU: PIPT / VIPT nonaliasing data cache, VIPT aliasing instruction cache
<4>[    0.000000] c0 0 (swapper) Machine: Leadcore Innopower
<4>[    0.000000] c0 0 (swapper) start comip_parse_tag_mem_ext.
<4>[    0.000000] c0 0 (swapper) Physical memory layout:
<4>[    0.000000] c0 0 (swapper)     DRAM Bank1  : 0x00000000 - 0x20000000  ( 512 MB)
<4>[    0.000000] c0 0 (swapper)     Modem       : 0x00000000 - 0x06400000  ( 100 MB)
<4>[    0.000000] c0 0 (swapper)     Kernel Bank1: 0x06400000 - 0x16800000  ( 260 MB)
<4>[    0.000000] c0 0 (swapper)     Framebuffer : 0x16800000 - 0x17800000  (  16 MB)
<4>[    0.000000] c0 0 (swapper)     ON2         : 0x17800000 - 0x1f800000  ( 128 MB)
<4>[    0.000000] c0 0 (swapper)     TrustZone   : 0x1f800000 - 0x20000000  (   8 MB)
<4>[    0.000000] c0 0 (swapper) Ignoring unrecognised tag 0x54410101
<7>[    0.000000] c0 0 (swapper) Boot mode: normal
<6>[    0.000000] c0 0 (swapper) Main VOUT: 7250/9000
<4>[    0.000000] c0 0 (swapper) Chip id: 0x442db66b, rom id: 0x1, bb id: 0x282e05
<4>[    0.000000] c0 0 (swapper) Ignoring unrecognised tag 0x54410105
<4>[    0.000000] c0 0 (swapper) Memory policy: ECC disabled, Data cache writealloc
<4>[    0.000000] c0 0 (swapper) ddr_pwr_pll_mclk rate:1066000000
<4>[    0.000000] c0 0 (swapper) pll0_out rate:988000000
<4>[    0.000000] c0 0 (swapper) pll1_out rate:1248000000
<4>[    0.000000] c0 0 (swapper) A7 rate: 988000000, gr:16
<7>[    0.000000] c0 0 (swapper) On node 0 totalpages: 66560
<7>[    0.000000] c0 0 (swapper) free_area_init_node: node 0, pgdat c05ecd00, node_mem_map c0956000
<7>[    0.000000] c0 0 (swapper)   Normal zone: 520 pages used for memmap
<7>[    0.000000] c0 0 (swapper)   Normal zone: 0 pages reserved
<7>[    0.000000] c0 0 (swapper)   Normal zone: 66560 pages, LIFO batch:15
<4>[    0.000000] c0 0 (swapper) mcpm_smp_init_cpus: cores number:5
<6>[    0.000000] c0 0 (swapper) cpu logical map 0x100
<6>[    0.000000] c0 0 (swapper) cpu logical map 0x101
<6>[    0.000000] c0 0 (swapper) cpu logical map 0x102
<6>[    0.000000] c0 0 (swapper) cpu logical map 0x103
<6>[    0.000000] c0 0 (swapper) cpu logical map 0x0
<6>[    0.000000] c0 0 (swapper) PERCPU: Embedded 9 pages/cpu @c0b64000 s12928 r8192 d15744 u36864
<7>[    0.000000] c0 0 (swapper) pcpu-alloc: s12928 r8192 d15744 u36864 alloc=9*4096
<7>[    0.000000] c0 0 (swapper) pcpu-alloc: [0] 0 [0] 1 [0] 2 [0] 3 [0] 4 
<4>[    0.000000] c0 0 (swapper) Built 1 zonelists in Zone order, mobility grouping on.  Total pages: 66040
<5>[    0.000000] c0 0 (swapper) Kernel command line: watchdog_thresh=3 console=ttyS3,921600 vmalloc=412M maxcpus=4 android firmware_class.path=/vendor/firmware isolcpus=4 initrd=0x07400000,1M lcpart=mmcblk0=gpt:0:2000:200,ddr:2000:2000:200,env:4000:2000:200,panic:6000:2000:200,amt:8000:20000:200,factory:28000:4000:200,factory_out:2c000:4000:200,recovery:30000:8000:200,normal:38000:8000:200,system:40000:40000:200,vendor:80000:20000:200,cache:a0000:80000:200,blackbox:120000:400000:200,userdata:520000:228000:200  chip_sn=6bb62d44 board_sn=08XUEC90060K1K production quiet board_id=0xe2200104
<6>[    0.000000] c0 0 (swapper) board_id = 0xe2200104
<6>[    0.000000] c0 0 (swapper) PID hash table entries: 2048 (order: 1, 8192 bytes)
<6>[    0.000000] c0 0 (swapper) Dentry cache hash table entries: 65536 (order: 6, 262144 bytes)
<6>[    0.000000] c0 0 (swapper) Inode-cache hash table entries: 32768 (order: 5, 131072 bytes)
<6>[    0.000000] c0 0 (swapper) allocated 532480 bytes of page_cgroup
<6>[    0.000000] c0 0 (swapper) please try 'cgroup_disable=memory' option if you don't want memory cgroups
<6>[    0.000000] c0 0 (swapper) Memory: 260MB = 260MB total
<5>[    0.000000] c0 0 (swapper) Memory: 252448k/252448k available, 13792k reserved, 0K highmem
<5>[    0.000000] c0 0 (swapper) Virtual kernel memory layout:
<5>[    0.000000]     vector  : 0xffff0000 - 0xffff1000   (   4 kB)
<5>[    0.000000]     fixmap  : 0xfff00000 - 0xfffe0000   ( 896 kB)
<5>[    0.000000]     vmalloc : 0xd0800000 - 0xff000000   ( 744 MB)
<5>[    0.000000]     lowmem  : 0xc0000000 - 0xd0400000   ( 260 MB)
<5>[    0.000000]     pkmap   : 0xbfe00000 - 0xc0000000   (   2 MB)
<5>[    0.000000]     modules : 0xbf000000 - 0xbfe00000   (  14 MB)
<5>[    0.000000]       .text : 0xc0008000 - 0xc054486c   (5363 kB)
<5>[    0.000000]       .init : 0xc0545000 - 0xc057d280   ( 225 kB)
<5>[    0.000000]       .data : 0xc057e000 - 0xc05f0bb0   ( 459 kB)
<5>[    0.000000]        .bss : 0xc05f0bb0 - 0xc094d090   (3442 kB)
<6>[    0.000000] c0 0 (swapper) SLUB: HWalign=64, Order=0-3, MinObjects=0, CPUs=5, Nodes=1
<6>[    0.000000] c0 0 (swapper/0) Preemptible hierarchical RCU implementation.
<6>[    0.000000] c0 0 (swapper/0) 	Additional per-CPU info printed with stalls.
<6>[    0.000000] c0 0 (swapper/0) NR_IRQS:458
<6>[    0.000000] c0 0 (swapper/0) sched_clock: 32 bits at 13MHz, resolution 76ns, wraps every 330382ms
<6>[    0.000000] c0 0 (swapper/0) Switching to timer-based delay loop
<6>[    0.000000] c0 0 (swapper/0) uart3 is settting quot! baud 921600, quot 1!
<4>[    0.000000] c0 0 (swapper/0) write reg 0xc passes, val 0x93
<4>[    0.000000] c0 0 (swapper/0) write reg 0x0 passes, val 0x1
<4>[    0.000000] c0 0 (swapper/0) write reg 0x4 passes, val 0x0
<4>[    0.000000] c0 0 (swapper/0) write reg 0xc passes, val 0x13
<6>[    0.000000] c0 0 (swapper/0) uart3 new lcr is 0x13, cval = 0x13
<6>[    0.000000] c0 0 (swapper/0) console [ttyS3] enabled
<6>[    0.000000] c0 0 (swapper/0) Console: colour dummy device 80x30
<6>[    0.000658] c0 0 (swapper/0) Calibrating delay loop (skipped), value calculated using timer frequency.. 26.00 BogoMIPS (lpj=13000)
<6>[    0.000683] c0 0 (swapper/0) pid_max: default: 32768 minimum: 301
<6>[    0.001017] c0 0 (swapper/0) Mount-cache hash table entries: 512
<6>[    0.002370] c0 0 (swapper/0) Initializing cgroup subsys debug
<6>[    0.002388] c0 0 (swapper/0) Initializing cgroup subsys memory
<6>[    0.002439] c0 0 (swapper/0) Initializing cgroup subsys freezer
<6>[    0.002492] c0 0 (swapper/0) CPU: Testing write buffer coherency: ok
<6>[    0.002877] c0 1 (swapper/0) CPU0: thread -1, cpu 0, socket 1, mpidr 80000100
<6>[    0.002919] c0 1 (swapper/0) Setting up static identity map for 0xc03c2850 - 0xc03c2900
<6>[    0.002950] c0 1 (swapper/0) pm initialized success 
<7>[    0.010875] c1 0 (swapper/1) CPU1: Booted secondary processor
<6>[    0.010896] c1 0 (swapper/1) CPU1: thread -1, cpu 1, socket 1, mpidr 80000101
<7>[    0.013844] c2 0 (swapper/2) CPU2: Booted secondary processor
<6>[    0.013861] c2 0 (swapper/2) CPU2: thread -1, cpu 2, socket 1, mpidr 80000102
<7>[    0.016854] c3 0 (swapper/3) CPU3: Booted secondary processor
<6>[    0.016872] c3 0 (swapper/3) CPU3: thread -1, cpu 3, socket 1, mpidr 80000103
<6>[    0.017003] c0 1 (swapper/0) Brought up 4 CPUs
<6>[    0.017042] c0 1 (swapper/0) SMP: Total of 4 processors activated (104.00 BogoMIPS).
<6>[    0.017055] c0 1 (swapper/0) CPU: All CPU(s) started in SVC mode.
<6>[    0.039482] c0 1 (swapper/0) NET: Registered protocol family 16
<6>[    0.044220] c0 1 (swapper/0) DMA: preallocated 4096 KiB pool for atomic coherent allocations
<6>[    0.044398] c0 1 (swapper/0) Android kernel panic handler initialized (bind=panic)
<4>[    0.045177] c0 1 (swapper/0) comip_init_common_mfp p_otg->fsm.id=0
<7>[    0.047695] c0 1 (swapper/0) addr 0xe100c220: 0x00000000
<7>[    0.047710] c0 1 (swapper/0) addr 0xe100c224: 0x00000000
<7>[    0.047724] c0 1 (swapper/0) addr 0xe100c228: 0x00000000
<7>[    0.047738] c0 1 (swapper/0) addr 0xe100c22c: 0x00000000
<7>[    0.047753] c0 1 (swapper/0) addr 0xe100c230: 0x00000000
<7>[    0.047767] c0 1 (swapper/0) addr 0xe100c234: 0x00000000
<7>[    0.047781] c0 1 (swapper/0) addr 0xe100c238: 0x00000000
<7>[    0.047795] c0 1 (swapper/0) addr 0xe100c23c: 0x00000000
<7>[    0.047809] c0 1 (swapper/0) addr 0xe100c240: 0x00000000
<7>[    0.047824] c0 1 (swapper/0) addr 0xe100c244: 0x00000000
<7>[    0.047838] c0 1 (swapper/0) addr 0xe100c248: 0x00000000
<7>[    0.047852] c0 1 (swapper/0) addr 0xe100c24c: 0x00000000
<7>[    0.047866] c0 1 (swapper/0) addr 0xe100c250: 0x00000000
<7>[    0.047880] c0 1 (swapper/0) addr 0xe100c254: 0x00000000
<7>[    0.047892] c0 1 (swapper/0) addr 0xe100c258: 0x00000000
<7>[    0.047905] c0 1 (swapper/0) addr 0xe100c25c: 0x00000000
<7>[    0.047919] c0 1 (swapper/0) addr 0xe100a120: 0x00000000
<7>[    0.047932] c0 1 (swapper/0) addr 0xe100a124: 0x00000000
<7>[    0.047944] c0 1 (swapper/0) addr 0xe100a128: 0x00000000
<7>[    0.047959] c0 1 (swapper/0) addr 0xe100a12c: 0x00000000
<7>[    0.047973] c0 1 (swapper/0) addr 0xe100a130: 0x00000000
<6>[    0.048877] c0 1 (swapper/0) hw-breakpoint: found 5 (+1 reserved) breakpoint and 4 watchpoint registers.
<6>[    0.048891] c0 1 (swapper/0) hw-breakpoint: maximum watchpoint size is 8 bytes.
<6>[    0.049455] c0 1 (swapper/0) i2c->adap.nr = 0, i2c->flags = 0x2
<3>[    0.049471] c0 1 (swapper/0) i2c-0: clock: 26000000, speed:400000
<6>[    0.050708] c0 1 (swapper/0) i2c->adap.nr = 1, i2c->flags = 0x2
<3>[    0.050724] c0 1 (swapper/0) i2c-1: clock: 26000000, speed:400000
<6>[    0.051947] c0 1 (swapper/0) i2c->adap.nr = 4, i2c->flags = 0x1
<3>[    0.051966] c0 1 (swapper/0) i2c-4: clock: 10660000, speed:100000
<6>[    0.053277] c0 1 (swapper/0) comip-pwm comip-pwm: comip_pwm_probe
<6>[    0.053689] c0 1 (swapper/0) comip-spi comip-spi.0: master is unqueued, this is deprecated
<6>[    0.053954] c0 1 (swapper/0) comip-spi comip-spi.1: master is unqueued, this is deprecated
<6>[    0.054233] c0 1 (swapper/0) comip-spi comip-spi.2: master is unqueued, this is deprecated
<6>[    0.089383] c0 1 (swapper/0) LC1160: version 0x10, eco no 0, rtc version 1
<6>[    0.090307] c0 1 (swapper/0) parse_bootup_reason: value from 0x5c reg is: 0x1
<6>[    0.090322] c0 1 (swapper/0) parse_bootup_reason: +++++++++start of day reason: onkey
<6>[    0.090336] c0 1 (swapper/0) parse_shutdown_reason: value from 0x5d reg is: 0x0
<6>[    0.090350] c0 1 (swapper/0) parse_shutdown_reason: ----------last end of day reason: unknown
<6>[    0.091167] c0 1 (swapper/0) LC1160: Raw startup 0x01(pwr_key),raw shutdown 0x00(), saved shutdown 0x00()
<6>[    0.091639] c0 1 (swapper/0) LC1160: Power on reason(power_key), reboot reason(null)
<6>[    0.094872] c0 1 (swapper/0) PMIC_DCDC5 SET VOUT = 1200 mv
<6>[    0.095685] c0 1 (swapper/0) PMIC_DCDC7 SET VOUT = 1800 mv
<6>[    0.138236] c0 1 (swapper/0) comip_monitor_probe 
<6>[    0.143280] c0 1 (swapper/0) bio: create slab <bio-0> at 0
<5>[    0.144360] c0 1 (swapper/0) SCSI subsystem initialized
<6>[    0.144510] c0 1 (swapper/0) usbcore: registered new interface driver usbfs
<6>[    0.144582] c0 1 (swapper/0) usbcore: registered new interface driver hub
<6>[    0.144701] c0 1 (swapper/0) usbcore: registered new device driver usb
<6>[    0.144960] c0 1 (swapper/0) i2c-gpio i2c-gpio.6: using pins 131 (SDA) and 129 (SCL)
<6>[    0.145102] c0 1 (swapper/0) i2c-gpio i2c-gpio.7: using pins 201 (SDA) and 202 (SCL)
<6>[    0.145276] c0 1 (swapper/0) i2c-gpio i2c-gpio.8: using pins 157 (SDA) and 159 (SCL)
<6>[    0.145419] c0 1 (swapper/0) i2c-gpio i2c-gpio.9: using pins 219 (SDA) and 221 (SCL)
<6>[    0.145562] c0 1 (swapper/0) i2c-gpio i2c-gpio.10: using pins 161 (SDA) and 163 (SCL)
<6>[    0.145888] c0 1 (swapper/0) Advanced Linux Sound Architecture Driver Initialized.
<6>[    0.147319] c0 1 (swapper/0) input: lc1160_adc_a as /devices/platform/lc11xx_adc/input/input0
<6>[    0.147523] c0 1 (swapper/0) input: lc1160_adc_b as /devices/platform/lc11xx_adc/input/input1
<6>[    0.147582] c0 1 (swapper/0) lc1160_adc: probe success
<6>[    0.147829] c0 1 (swapper/0) Switching to clocksource timer3_clk
<4>[    0.175880] c0 1 (swapper/0) USB_OTG: comip_usb_otg_early_init
<4>[    0.176004] c0 1 (swapper/0) USB_OTG: comip_otg_early_probe
<4>[    0.276957] c0 1 (swapper/0) comip_otg_ctrl_gpio_init WM220: set vbus 1, read back vbus 0
<6>[    0.277244] c0 1 (swapper/0) NET: Registered protocol family 2
<6>[    0.278240] c0 1 (swapper/0) TCP established hash table entries: 4096 (order: 3, 32768 bytes)
<6>[    0.278342] c0 1 (swapper/0) TCP bind hash table entries: 4096 (order: 4, 98304 bytes)
<6>[    0.278470] c0 1 (swapper/0) TCP: Hash tables configured (established 4096 bind 4096)
<6>[    0.278558] c0 1 (swapper/0) TCP: reno registered
<6>[    0.278579] c0 1 (swapper/0) UDP hash table entries: 256 (order: 2, 16384 bytes)
<6>[    0.278640] c0 1 (swapper/0) UDP-Lite hash table entries: 256 (order: 2, 16384 bytes)
<6>[    0.279087] c0 1 (swapper/0) NET: Registered protocol family 1
<6>[    0.279390] c0 1 (swapper/0) Unpacking initramfs...
<0>[    0.305716] c0 1 (swapper/0) Initramfs unpacking failed: junk in compressed archive
<6>[    0.308405] c0 1 (swapper/0) Freeing initrd memory: 1024K (c1000000 - c1100000)
<6>[    0.308858] c0 1 (swapper/0) CPU PMU: probing PMU on CPU 0
<6>[    0.308926] c0 1 (swapper/0) hw perfevents: enabled with ARMv7 Cortex-A7 PMU driver, 5 counters available
<3>[    0.309315] c0 1 (swapper/0) modem: comip_register_reboot_callback faild, non init
<6>[    0.310625] c0 1 (swapper/0) sdr: devices driver up version v1.0.1, build time Jun 13 2018 22:36:54
<6>[    0.310696] c0 1 (swapper/0) comip_wdt_probe: AP_PWR_LP_CTL 607
<6>[    0.310808] c0 1 (swapper/0) comip_wdt_probe: AP_PWR_LP_CTL 600
<6>[    0.310875] c0 1 (swapper/0) comip_wdt_probe: AP_PWR_LP_CTL 600
<6>[    0.310963] c0 1 (swapper/0) comip_wdt_probe: AP_PWR_LP_CTL 600
<6>[    0.312157] c0 1 (swapper/0) comip_snd_soc comip_snd_soc.0: comip_snd_soc_probe
<6>[    0.313144] c0 1 (swapper/0) comip-uart.0: ttyS0 at MMIO 0x0 (irq = 72) is a uart0
<6>[    0.313486] c0 1 (swapper/0) comip-uart.1: ttyS1 at MMIO 0x0 (irq = 73) is a uart1
<6>[    0.313798] c0 1 (swapper/0) comip-uart.2: ttyS2 at MMIO 0x0 (irq = 74) is a uart2
<6>[    0.314200] c0 1 (swapper/0) comip-uart.3: ttyS3 at MMIO 0x0 (irq = 89) is a uart3
<7>[    0.319951] c0 1 (swapper/0) mmc-1: set mmc clock rate to 400000
<7>[    0.326157] c0 1 (swapper/0) mmc-0: card detect 0. gpio 243.
<3>[    0.326319] c0 1 (swapper/0) comip_mmc0_set_power: set card vdd ret = -6 vdd = 16
<7>[    0.332929] c0 1 (swapper/0) mmc-0: set mmc clock rate to 400000
<7>[    0.344953] c0 1 (swapper/0) mmc-2: set mmc clock rate to 400000
<6>[    0.351077] c0 1 (swapper/0) ion-lc ion-lc: lc_ion_probe
<6>[    0.351213] c0 1 (swapper/0) ion: creat /dev/ion success
<3>[    0.351519] c0 1 (swapper/0) Failed to create heap debugfs at /ion/heaps/lc_ion_lcmem_heap
<4>[    0.352973] c0 1 (swapper/0) mali ddk r5p0-06rel0 early init
<6>[    0.353208] c0 1 (swapper/0) mali mali.0: Continuing without Mali clock control
<6>[    0.353509] c0 1 (swapper/0) mali mali.0: GPU identified as 0x0620 r1p0 status 1
<6>[    0.354181] c0 1 (swapper/0) mali mali.0: Probed as mali0
<6>[    0.355368] c0 1 (swapper/0) input: comip-gpio-keys as /devices/platform/comip-gpio-keys/input/input2
<7>[    0.355403] c0 1 (swapper/0) key 212 reported
<7>[    0.355417] c0 1 (swapper/0) key 256 reported
<7>[    0.355432] c0 1 (swapper/0) key 257 reported
<7>[    0.355447] c0 1 (swapper/0) key 258 reported
<7>[    0.355464] c0 1 (swapper/0) key 259 reported
<7>[    0.355481] c0 1 (swapper/0) key 260 reported
<7>[    0.355498] c0 1 (swapper/0) key 261 reported
<7>[    0.355515] c0 1 (swapper/0) key 262 reported
<7>[    0.355530] c0 1 (swapper/0) key 263 reported
<7>[    0.355547] c0 1 (swapper/0) key 393 reported
<7>[    0.355560] c0 1 (swapper/0) key 105 reported
<7>[    0.355574] c0 1 (swapper/0) key 106 reported
<6>[    0.355788] c0 1 (swapper/0) comip-i2s comip-i2s.0: comip_i2s_probe, id=0
<6>[    0.355954] c0 1 (swapper/0) comip-pcm comip-pcm.0: comip_pcm_virtual_probe
<6>[    0.356336] c0 1 (swapper/0) comip-snd-lowpower comip-snd-lowpower: snd_lowpower_probe
<6>[    0.365821] c0 1 (swapper/0) comip-rtc comip-rtc: rtc core: registered comip-rtc as rtc0
<6>[    0.366331] c0 1 (swapper/0) hx170dec: dec/pp kernel module. 
<6>[    0.366466] c0 1 (swapper/0) hx170dec: Core 0 HW ID=0x67314808
<6>[    0.366479] c0 1 (swapper/0) hx170dec: Supported HW found at 0xa0340200
<6>[    0.366493] c0 1 (swapper/0) hx170dec: core[0] has H264
<6>[    0.366506] c0 1 (swapper/0) hx170dec: core[0] has JPEG
<6>[    0.366517] c0 1 (swapper/0) hx170dec: core[0] has MPEG4
<6>[    0.366530] c0 1 (swapper/0) hx170dec: core[0] has VC1
<6>[    0.366543] c0 1 (swapper/0) hx170dec: core[0] has MPEG2
<6>[    0.366556] c0 1 (swapper/0) hx170dec: core[0] has VP6
<6>[    0.366569] c0 1 (swapper/0) hx170dec: core[0] has VP8
<6>[    0.366581] c0 1 (swapper/0) hx170dec: core[0] has VP7
<6>[    0.366594] c0 1 (swapper/0) hx170dec: core[0] has WebP
<6>[    0.366607] c0 1 (swapper/0) hx170dec: core[0] has AVS
<6>[    0.366620] c0 1 (swapper/0) hx170dec: core[0] has RV
<6>[    0.366633] c0 1 (swapper/0) hx170dec: core[0] has PP
<4>[    0.367009] c0 1 (swapper/0) hx280enc_probe
<6>[    0.367066] c0 1 (swapper/0) hx280enc: HW ID=0x72802080
<6>[    0.367079] c0 1 (swapper/0) hx280enc: Compatible HW found at 0xa0340000
<6>[    0.367206] c0 1 (swapper/0) hx280enc: probe successfully. Major = 252
<4>[    0.367408] c0 1 (swapper/0) hx280enc_h1_probe
<6>[    0.367460] c0 1 (swapper/0) hx280enc_h1_data.hwregs = f8342000
<6>[    0.367476] c0 1 (swapper/0) hx280enc_h1: HW at base <0xa0342000> with ID <0x48314780>
<4>[    0.367814] c0 1 (swapper/0) lcmem_probe in: module init
<4>[    0.367829] c0 1 (swapper/0) lcmem: Linear Memory Allocator, $Revision: 1.10 $ 
<4>[    0.367842] c0 1 (swapper/0) lcmem: linear memory base = 0x17801000 
<6>[    0.367995] c0 1 (swapper/0) lcmem: probe successfully. Major = 250
<4>[    0.370523] c0 1 (swapper/0) lhc_cdin!
<6>[    0.371184] c0 1 (swapper/0) on2psm: probe successfully. power = 0x7
<6>[    0.371282] c0 1 (swapper/0) thermal: comip_thermal_probe called
<3>[    0.371503] c0 1 (swapper/0) [UREG]Ureg Driver Registered
<6>[    0.373305] c0 6 (kworker/u10:0) mmc0: BKOPS_EN bit is not set
<7>[    0.379935] c0 6 (kworker/u10:0) mmc-1: set mmc clock rate to 104000000
<7>[    0.379958] c0 6 (kworker/u10:0) found (fe014e, Micron), use read_delay 1.
<7>[    0.379980] c0 6 (kworker/u10:0) mmc-1: tuning result phase is 1
<6>[    0.380379] c0 6 (kworker/u10:0) mmc0: new HS200 MMC card at address 0001
<3>[    0.380656] c0 6 (kworker/u10:0) comip_mmc0_set_power: set card vdd ret = -6 vdd = 0
<6>[    0.386387] c1 1 (swapper/0) fuse init (API version 7.22)
<6>[    0.386971] c1 1 (swapper/0) msgmni has been set to 495
<6>[    0.389193] c1 1 (swapper/0) io scheduler noop registered
<6>[    0.389403] c1 1 (swapper/0) io scheduler cfq registered (default)
<6>[    0.400162] c1 1 (swapper/0) loop: module loaded
<4>[    0.400228] c1 1 (swapper/0) mfi_i2c_client addr:17
<4>[    0.400385] c1 1 (swapper/0) applecp module init ok
<6>[    0.400737] c1 1 (swapper/0) usbcore: registered new interface driver cdc_ether
<6>[    0.400799] c1 1 (swapper/0) usbcore: registered new interface driver cdc_eem
<6>[    0.400858] c1 1 (swapper/0) usbcore: registered new interface driver rndis_host
<6>[    0.400948] c1 1 (swapper/0) usbcore: registered new interface driver cdc_subset
<6>[    0.401075] c1 1 (swapper/0) usbcore: registered new interface driver cdc_ncm
<6>[    0.401133] c1 1 (swapper/0) usbcore: registered new interface driver cdc_mbim
<4>[    0.401510] c1 1 (swapper/0) comip_hcd_driver_probe(c05a3740) id=0
<4>[    0.402544] c1 1 (swapper/0) set USB power on.
<4>[    0.402576] c1 1 (swapper/0) enter comip_cil_init,core_if->type=0
<4>[    0.402588] c1 1 (swapper/0) USB HSIC core power up success.
<4>[    0.403610] c1 1 (swapper/0) LZS set_usb_init_reg: 192, AP_PWR_PDFSM_ST1=0x07077707
<4>[    0.406780] c1 1 (swapper/0) hcd:Core Release: 2.94a
<4>[    0.406798] c1 1 (swapper/0) hcd:Setting default values for core params
<4>[    0.406844] c1 1 (swapper/0) LZS hcd_init: 345, enter
<6>[    0.406951] c1 1 (swapper/0) comip-hcd comip-hcd.0: COMIP Controller
<6>[    0.406982] c1 1 (swapper/0) comip-hcd comip-hcd.0: new USB bus registered, assigned bus number 1
<6>[    0.407028] c1 1 (swapper/0) comip-hcd comip-hcd.0: irq 49, io mem 0x00000000
<4>[    0.407101] c1 1 (swapper/0) usb usb1: config index 0 lenght 25, result 9
<4>[    0.407113] c1 1 (swapper/0) 09 02 19 00 01 01 00 e0 00 
<4>[    0.407175] c1 1 (swapper/0) usb usb1: config index 0 lenght 25, result 25
<4>[    0.407186] c1 1 (swapper/0) 09 02 19 00 01 01 00 e0 00 09 04 00 00 01 09 00 00 00 07 05 81 03 04 00 0c 
<6>[    0.407884] c1 1 (swapper/0) hub 1-0:1.0: USB hub found
<6>[    0.407949] c1 1 (swapper/0) hub 1-0:1.0: 1 port detected
<4>[    0.408246] c1 1 (swapper/0) comip_hcd_driver_probe:comip_hcd_dev->core_if->id=0
<4>[    0.409529] c1 1 (swapper/0) set USB power off.
<4>[    0.409565] c1 1 (swapper/0) comip_hcd_driver_probe(c05a3920) id=2
<4>[    0.416869] c1 1 (swapper/0) set USB power on.
<4>[    0.416925] c1 1 (swapper/0) enter comip_cil_init,core_if->type=2
<4>[    0.417009] c1 1 (swapper/0) USB HSIC core power up success.
<4>[    0.424037] c1 1 (swapper/0) read USB1_GLPMCFG = 40000000
<4>[    0.424051] c1 1 (swapper/0) [HSIC]: USB1_GRSTCTL = 0x80000001
<7>[    0.424066] c1 1 (swapper/0) [HSIC]: USB1_GRSTCTL = 0x80000000 timeout=99
<4>[    0.425221] c1 1 (swapper/0) hcd:Core Release: 2.94a
<4>[    0.425237] c1 1 (swapper/0) hcd:Setting default values for core params
<4>[    0.425258] c1 1 (swapper/0) LZS hcd_init: 345, enter
<6>[    0.425326] c1 1 (swapper/0) comip-hcd comip-hcd.2: COMIP Controller
<6>[    0.425352] c1 1 (swapper/0) comip-hcd comip-hcd.2: new USB bus registered, assigned bus number 2
<6>[    0.425396] c1 1 (swapper/0) comip-hcd comip-hcd.2: irq 50, io mem 0x00000000
<4>[    0.425430] c1 1 (swapper/0) hcd:Init: Power Port (0)
<4>[    0.425478] c1 1 (swapper/0) usb usb2: config index 0 lenght 25, result 9
<4>[    0.425487] c1 1 (swapper/0) 09 02 19 00 01 01 00 e0 00 
<4>[    0.425548] c1 1 (swapper/0) usb usb2: config index 0 lenght 25, result 25
<4>[    0.425559] c1 1 (swapper/0) 09 02 19 00 01 01 00 e0 00 09 04 00 00 01 09 00 00 00 07 05 81 03 04 00 0c 
<6>[    0.426157] c1 1 (swapper/0) hub 2-0:1.0: USB hub found
<6>[    0.426187] c1 1 (swapper/0) hub 2-0:1.0: 1 port detected
<4>[    0.426464] c1 1 (swapper/0) enter hsic init
<4>[    0.426479] c1 1 (swapper/0) LZS comip_hcd_driver_start: 1251, enter
<4>[    0.426493] c1 1 (swapper/0) enter comip_hcd_driver_start:id=2
<4>[    0.431525] c1 1 (swapper/0) USB power should be on.
<7>[    0.436541] c1 1 (swapper/0) hcd:I: comip_hcd_driver_start init_reg
<4>[    0.443564] c1 1 (swapper/0) read USB1_GLPMCFG = 40000000
<4>[    0.443578] c1 1 (swapper/0) [HSIC]: USB1_GRSTCTL = 0x80000001
<7>[    0.443593] c1 1 (swapper/0) [HSIC]: USB1_GRSTCTL = 0x80000000 timeout=99
<4>[    0.643702] c1 1 (swapper/0) hcd:Using Descriptor DMA mode
<4>[    0.643716] c1 1 (swapper/0) hcd:Periodic Transfer Interrupt Enhancement - disabled
<4>[    0.643729] c1 1 (swapper/0) hcd:Multiprocessor Interrupt Enhancement - disabled
<4>[    0.643744] c1 1 (swapper/0) hcd:OTG VER PARAM: 1, OTG VER FLAG: 1
<4>[    0.643774] c1 1 (swapper/0) hcd:Init: Power Port (0)
<7>[    0.643914] c1 1 (swapper/0) hcd:I: comip_hcd_driver_start end
<6>[    0.644232] c1 1 (swapper/0) usbcore: registered new interface driver cdc_wdm
<6>[    0.644350] c1 1 (swapper/0) usbcore: registered new interface driver usb-storage
<3>[    0.772420] c1 1 (swapper/0) i2c-0: wait rx timeout!
<3>[    0.773269] c1 1 (swapper/0) i2c-0-0x08: xfer error -110.
<3>[    0.774194] c1 1 (swapper/0) usb3503 0-0008: CFG1 failed (-110)
<6>[    0.775210] c1 1 (swapper/0) usb3503 0-0008: usb3503_probe: probed on  hub mode
<4>[    0.777519] c1 1 (swapper/0) usb aoa module init ok
<4>[    0.777622] c1 1 (swapper/0) apple_roleswitch module init ok
<6>[    0.778592] c1 1 (swapper/0) mlx90393 spi0.0: osr = 0x3, dig_filt = 0x7, res_xyz = 0x3f, osr2 = 0x3
<6>[    0.778831] c1 1 (swapper/0) input: mlx90393-0 as /devices/platform/comip-spi.0/spi_master/spi0/spi0.0/input/input3
<6>[    0.784689] c1 1 (swapper/0) mlx90393 spi1.0: osr = 0x3, dig_filt = 0x2, res_xyz = 0x3f, osr2 = 0x3
<6>[    0.784939] c1 1 (swapper/0) input: mlx90393-1 as /devices/platform/comip-spi.1/spi_master/spi1/spi1.0/input/input4
<6>[    0.790588] c1 1 (swapper/0) mlx90393 spi2.0: osr = 0x3, dig_filt = 0x2, res_xyz = 0x3f, osr2 = 0x3
<6>[    0.790803] c1 1 (swapper/0) input: mlx90393-2 as /devices/platform/comip-spi.2/spi_master/spi2/spi2.0/input/input5
<6>[    0.796471] c1 1 (swapper/0) i2c /dev entries driver
<6>[    0.797704] c1 1 (swapper/0) mmcblk0: mmc0:0001 P1J94M 3.64 GiB 
<6>[    0.797991] c1 1 (swapper/0) mmcblk0boot0: mmc0:0001 P1J94M partition 1 1.00 MiB
<6>[    0.798255] c1 1 (swapper/0) mmcblk0boot1: mmc0:0001 P1J94M partition 2 1.00 MiB
<6>[    0.798509] c1 1 (swapper/0) mmcblk0rpmb: mmc0:0001 P1J94M partition 3 1.00 MiB
<6>[    0.799075] c1 1 (swapper/0)  mmcblk0: p1 (gpt) p2 (ddr) p3 (env) p4 (panic) p5 (amt) p6 (factory) p7 (factory_out) p8 (recovery) p9 (normal) p10 (system) p11 (vendor) p12 (cache) p13 (blackbox) p14 (userdata)mmcblk0boot1 has no partition table!
<4>[    0.802741] c1 1 (swapper/0) mmcblk0boot0 has no partition table!
<6>[    0.803617] c1 1 (swapper/0) zram: Created 1 device(s) ...
<6>[    0.804286] c1 1 (swapper/0) ashmem: initialized
<6>[    0.804468] c1 1 (swapper/0) logger: created 256K log 'log_main'
<6>[    0.804630] c1 1 (swapper/0) logger: created 256K log 'log_events'
<6>[    0.804796] c1 1 (swapper/0) logger: created 256K log 'log_radio'
<6>[    0.805000] c1 1 (swapper/0) logger: created 256K log 'log_system'
<4>[    0.805670] c1 1 (swapper/0) soc-audio soc-audio: ASoC: machine comip_snd_soc should use snd_soc_register_card()
<6>[    0.817853] c1 1 (swapper/0) LC1160_R71=0x1d
<6>[    0.818320] c1 1 (swapper/0) LC1160_R72=0x1e
<6>[    0.818787] c1 1 (swapper/0) LC1160_R73=0x1f
<6>[    0.819253] c1 1 (swapper/0) LC1160_R74=0x1f
<6>[    0.819272] c1 1 (swapper/0) comip_codec comip_codec: codec probe success, chip version is LC1160B
<7>[    0.850481] c1 1 (swapper/0) [SND CODEC] comip_pcm_new
<7>[    0.850888] c1 1 (swapper/0) [SND CODEC] comip_pcm_preallocate_dma_buffer addr: 0xe0040000, area: 0xd0d80000, bytes: 131072
<7>[    0.851089] c1 1 (swapper/0) [SND CODEC] comip_pcm_preallocate_dma_buffer addr: 0x14aa0000, area: 0xd0da1000, bytes: 131072
<6>[    0.851107] c1 1 (swapper/0) soc-audio soc-audio:  comip_hifi <-> comip-i2s.0 mapping ok
<6>[    0.851539] c1 1 (swapper/0) soc-audio soc-audio:  comip_voice <-> comip-pcm.0 mapping ok
<6>[    0.854981] c1 1 (swapper/0) input: comip_snd_soc Headset as /devices/platform/soc-audio/sound/card0/input6
<6>[    0.855655] c1 1 (swapper/0) ip_tables: (C) 2000-2006 Netfilter Core Team
<6>[    0.855749] c1 1 (swapper/0) TCP: cubic registered
<6>[    0.855766] c1 1 (swapper/0) NET: Registered protocol family 17
<6>[    0.856038] c1 1 (swapper/0) VFP support v0.3: implementor 41 architecture 2 part 30 variant 7 rev 5
<5>[    0.856081] c1 1 (swapper/0) Registering SWP/SWPB emulation handler
<7>[    0.856097] c1 1 (swapper/0) shadow_timer_delta=6500000, shadow_timer_delta_max=1672352866
<6>[    0.857965] c1 1 (swapper/0) modem: devices driver up.
<6>[    0.860754] c1 61 (kworker/1:1) comip_codec comip_codec: lc1160_irq_work_handle: status = 0x0
<4>[    0.865353] c0 1 (swapper/0) USB_OTG: comip_otg_probe: 799, exit
<4>[    0.865385] c0 1 (swapper/0) comip-otg: probe of comip-otg failed with error 3
<6>[    0.865742] c0 1 (swapper/0) file system registered
<6>[    0.868008] c0 1 (swapper/0) android_usb gadget: Mass Storage Function, version: 2009/09/11
<6>[    0.868025] c0 1 (swapper/0) android_usb gadget: Number of LUNs=1
<6>[    0.868039] c0 1 (swapper/0)  lun0: LUN: removable file: (no medium)
<6>[    0.868078] c0 1 (swapper/0) android_usb gadget: android_usb ready
<6>[    0.870962] c0 1 (swapper/0) comip-rtc comip-rtc: setting system clock to 1980-01-01 00:00:02 UTC (315532802)
<6>[    0.871063] c0 1 (swapper/0) ALSA device list:
<6>[    0.871077] c0 1 (swapper/0)   #0: comip_snd_soc
<6>[    0.871448] c0 1 (swapper/0) uart3 already has set quot! baud 921600, quot 1!
<6>[    0.871464] c0 1 (swapper/0) uart3 new lcr is 0x3, cval = 0x13
<6>[    0.871841] c0 1 (swapper/0) Freeing unused kernel memory: 224K (c0545000 - c057d000)
<11>[    0.876639] c1 1 (init) init: /init.environ.rc: 14: invalid command 'exoprt'
<11>[    0.980150] c1 1 (init) init: /dev/hw_random not found
<6>[    0.981375] c1 1 (init) uart3 already has set quot! baud 921600, quot 1!
<6>[    0.981392] c1 1 (init) uart3 new lcr is 0x3, cval = 0x13
<11>[    0.981720] c1 1 (init) init: cannot open '/initlogo.rle'
<6>[    0.990059] c1 1 (init) EXT4-fs (mmcblk0p5): mounted filesystem with ordered data mode. Opts: (null)
<6>[    0.997770] c1 1 (init) EXT4-fs (mmcblk0p14): mounted filesystem with ordered data mode. Opts: (null)
<6>[    1.003079] c1 1 (init) EXT4-fs (mmcblk0p11): mounted filesystem with ordered data mode. Opts: (null)
<6>[    1.008694] c1 1 (init) EXT4-fs (mmcblk0p10): mounted filesystem with ordered data mode. Opts: (null)
<6>[    1.012403] c1 1 (init) EXT4-fs (mmcblk0p12): mounted filesystem with ordered data mode. Opts: (null)
<6>[    1.015335] c1 1 (init) uart1 is settting quot! baud 9600, quot 60!
<4>[    1.015350] c1 1 (init) write reg 0xc passes, val 0x93
<4>[    1.015364] c1 1 (init) write reg 0x0 passes, val 0x60
<4>[    1.015378] c1 1 (init) write reg 0x4 passes, val 0x0
<4>[    1.015808] c1 1 (init) write reg 0xc passes, val 0x13
<6>[    1.015822] c1 1 (init) uart1 new lcr is 0x13, cval = 0x13
<6>[    1.017045] c1 1 (init) uart2 is settting quot! baud 9600, quot 60!
<4>[    1.017060] c1 1 (init) write reg 0xc passes, val 0x93
<4>[    1.017071] c1 1 (init) write reg 0x0 passes, val 0x60
<4>[    1.017083] c1 1 (init) write reg 0x4 passes, val 0x0
<4>[    1.017513] c1 1 (init) write reg 0xc passes, val 0x13
<6>[    1.017526] c1 1 (init) uart2 new lcr is 0x13, cval = 0x13
<11>[    1.018288] c1 1 (init) init: /dev/hw_random not found
<11>[    1.022227] c1 1 (init) init: The sn.txt is not exist in the path of amt!
<6>[    1.026983] c2 96 (init) uart3 already has set quot! baud 921600, quot 1!
<6>[    1.027003] c2 96 (init) uart3 new lcr is 0x3, cval = 0x13
<6>[    1.068961] c0 1 (init) Galcore version 4.6.9.9754
<4>[    1.068982] c0 1 (init) galcore options:
<4>[    1.068993] c0 1 (init)   irqLine           = 42
<4>[    1.069006] c0 1 (init)   registerMemBase   = 0xA0300000
<4>[    1.069018] c0 1 (init)   registerMemSize   = 0x00040000
<4>[    1.069031] c0 1 (init)   contiguousSize    = 4194304
<4>[    1.069043] c0 1 (init)   contiguousBase    = 0x00000000
<4>[    1.069055] c0 1 (init)   bankSize          = 0x00000000
<4>[    1.069067] c0 1 (init)   fastClear         = -1
<4>[    1.069078] c0 1 (init)   compression       = -1
<4>[    1.069090] c0 1 (init)   signal            = 48
<4>[    1.069100] c0 1 (init)   baseAddress       = 0x00000000
<4>[    1.069112] c0 1 (init)   physSize          = 0x80000000
<4>[    1.069123] c0 1 (init)   logFileSize       = 0 KB 
<4>[    1.069134] c0 1 (init)   powerManagement   = 1
<4>[    1.069145] c0 1 (init)   gpuProfiler   = 0
<4>[    1.069157] c0 1 (init)   coreClock       = 234000000
<4>[    1.074419] c0 1 (init) orignal gc outstanding setting: 0x3c000000
<6>[    1.074436] c0 1 (init) change gc outstanding setting: 0x3c000000
<11>[    1.090244] c0 1 (init) init: property 'sys.powerctl' doesn't exist while expanding '${sys.powerctl}'
<11>[    1.092072] c0 1 (init) init: powerctl: cannot expand '${sys.powerctl}'
<11>[    1.093582] c0 1 (init) init: using deprecated syntax for specifying property 'persist.sys.usb.config', use ${name} instead
