<11>[    9.185799] c2 1 (init) init: untracked pid 662 exited
<4>[   13.113213] c0 0 (swapper/0) if_set_alt s_if1,1.1
<4>[   13.113316] c0 0 (swapper/0) my_if1_en ok
<6>[   13.388033] c1 446 (hg_wl_chn_recei) sdr: to empty: wait cp communication to ready
<6>[   13.422030] c0 898 (mount) EXT4-fs (mmcblk0p5): re-mounted. Opts: (null)
<6>[   13.459657] c0 904 (mount) EXT4-fs (mmcblk0p5): re-mounted. Opts: (null)
<6>[   21.745811] c1 1248 (mount) EXT4-fs (mmcblk0p5): re-mounted. Opts: (null)
<6>[   21.774516] c0 1249 (mount) EXT4-fs (mmcblk0p5): re-mounted. Opts: (null)
<6>[   32.532583] c0 464 (hdvt_work) modem: modem open ref 1, status 3
<6>[   32.532606] c0 464 (hdvt_work) modem: modem status(3) != MODEM_RELEASE.open modem again! 
<6>[   32.545826] c2 464 (hdvt_work) modem: modem release ref 2, status 3
<6>[   32.666030] c3 446 (hg_wl_chn_recei) sdr: to empty: cp ready


!!!New kernel log start!!!

<6>[    0.000000] c0 0 (swapper) Booting Linux on physical CPU 0x100
<6>[    0.000000] c0 0 (swapper) Initializing cgroup subsys cpu
<6>[    0.000000] c0 0 (swapper) Initializing cgroup subsys cpuacct
<5>[    0.000000] c0 0 (swapper) Linux version 3.10.62 (jenkins@APServer01) (gcc version 4.7 (GCC) ) #1 SMP PREEMPT Thu Dec 28 16:11:42 CST 2017
<4>[    0.000000] c0 0 (swapper) CPU: ARMv7 Processor [410fc075] revision 5 (ARMv7), cr=10c5387d
<4>[    0.000000] c0 0 (swapper) CPU: PIPT / VIPT nonaliasing data cache, VIPT aliasing instruction cache
<4>[    0.000000] c0 0 (swapper) Machine: Leadcore Innopower
<4>[    0.000000] c0 0 (swapper) start comip_parse_tag_mem_ext.
<4>[    0.000000] c0 0 (swapper) Physical memory layout:
<4>[    0.000000] c0 0 (swapper)     DRAM Bank1  : 0x00000000 - 0x20000000  ( 512 MB)
<4>[    0.000000] c0 0 (swapper)     Modem       : 0x00000000 - 0x06400000  ( 100 MB)
<4>[    0.000000] c0 0 (swapper)     Kernel Bank1: 0x06400000 - 0x16800000  ( 260 MB)
<4>[    0.000000] c0 0 (swapper)     Framebuffer : 0x16800000 - 0x17800000  (  16 MB)
<4>[    0.000000] c0 0 (swapper)     ON2         : 0x17800000 - 0x1f800000  ( 128 MB)
<4>[    0.000000] c0 0 (swapper)     TrustZone   : 0x1f800000 - 0x20000000  (   8 MB)
<4>[    0.000000] c0 0 (swapper) Ignoring unrecognised tag 0x54410101
<7>[    0.000000] c0 0 (swapper) Boot mode: normal
<6>[    0.000000] c0 0 (swapper) Main VOUT: 7250/9000
<4>[    0.000000] c0 0 (swapper) Chip id: 0x442db66b, rom id: 0x1, bb id: 0x282e05
<4>[    0.000000] c0 0 (swapper) Ignoring unrecognised tag 0x54410105
<4>[    0.000000] c0 0 (swapper) Memory policy: ECC disabled, Data cache writealloc
<4>[    0.000000] c0 0 (swapper) ddr_pwr_pll_mclk rate:1066000000
<4>[    0.000000] c0 0 (swapper) pll0_out rate:988000000
<4>[    0.000000] c0 0 (swapper) pll1_out rate:1248000000
<4>[    0.000000] c0 0 (swapper) A7 rate: 988000000, gr:16
<7>[    0.000000] c0 0 (swapper) On node 0 totalpages: 66560
<7>[    0.000000] c0 0 (swapper) free_area_init_node: node 0, pgdat c05ecd00, node_mem_map c0956000
<7>[    0.000000] c0 0 (swapper)   Normal zone: 520 pages used for memmap
<7>[    0.000000] c0 0 (swapper)   Normal zone: 0 pages reserved
<7>[    0.000000] c0 0 (swapper)   Normal zone: 66560 pages, LIFO batch:15
<4>[    0.000000] c0 0 (swapper) mcpm_smp_init_cpus: cores number:5
<6>[    0.000000] c0 0 (swapper) cpu logical map 0x100
<6>[    0.000000] c0 0 (swapper) cpu logical map 0x101
<6>[    0.000000] c0 0 (swapper) cpu logical map 0x102
<6>[    0.000000] c0 0 (swapper) cpu logical map 0x103
<6>[    0.000000] c0 0 (swapper) cpu logical map 0x0
<6>[    0.000000] c0 0 (swapper) PERCPU: Embedded 9 pages/cpu @c0b64000 s12928 r8192 d15744 u36864
<7>[    0.000000] c0 0 (swapper) pcpu-alloc: s12928 r8192 d15744 u36864 alloc=9*4096
<7>[    0.000000] c0 0 (swapper) pcpu-alloc: [0] 0 [0] 1 [0] 2 [0] 3 [0] 4 
<4>[    0.000000] c0 0 (swapper) Built 1 zonelists in Zone order, mobility grouping on.  Total pages: 66040
<5>[    0.000000] c0 0 (swapper) Kernel command line: watchdog_thresh=3 console=ttyS3,921600 vmalloc=412M maxcpus=4 android firmware_class.path=/vendor/firmware isolcpus=4 initrd=0x07400000,1M lcpart=mmcblk0=gpt:0:2000:200,ddr:2000:2000:200,env:4000:2000:200,panic:6000:2000:200,amt:8000:20000:200,factory:28000:4000:200,factory_out:2c000:4000:200,recovery:30000:8000:200,normal:38000:8000:200,system:40000:40000:200,vendor:80000:20000:200,cache:a0000:80000:200,blackbox:120000:400000:200,userdata:520000:228000:200  chip_sn=6bb62d44 board_sn=08XUEC90060K1K production quiet board_id=0xe2200104
<6>[    0.000000] c0 0 (swapper) board_id = 0xe2200104
<6>[    0.000000] c0 0 (swapper) PID hash table entries: 2048 (order: 1, 8192 bytes)
<6>[    0.000000] c0 0 (swapper) Dentry cache hash table entries: 65536 (order: 6, 262144 bytes)
<6>[    0.000000] c0 0 (swapper) Inode-cache hash table entries: 32768 (order: 5, 131072 bytes)
<6>[    0.000000] c0 0 (swapper) allocated 532480 bytes of page_cgroup
<6>[    0.000000] c0 0 (swapper) please try 'cgroup_disable=memory' option if you don't want memory cgroups
<6>[    0.000000] c0 0 (swapper) Memory: 260MB = 260MB total
<5>[    0.000000] c0 0 (swapper) Memory: 252448k/252448k available, 13792k reserved, 0K highmem
<5>[    0.000000] c0 0 (swapper) Virtual kernel memory layout:
<5>[    0.000000]     vector  : 0xffff0000 - 0xffff1000   (   4 kB)
<5>[    0.000000]     fixmap  : 0xfff00000 - 0xfffe0000   ( 896 kB)
<5>[    0.000000]     vmalloc : 0xd0800000 - 0xff000000   ( 744 MB)
<5>[    0.000000]     lowmem  : 0xc0000000 - 0xd0400000   ( 260 MB)
<5>[    0.000000]     pkmap   : 0xbfe00000 - 0xc0000000   (   2 MB)
<5>[    0.000000]     modules : 0xbf000000 - 0xbfe00000   (  14 MB)
<5>[    0.000000]       .text : 0xc0008000 - 0xc054486c   (5363 kB)
<5>[    0.000000]       .init : 0xc0545000 - 0xc057d280   ( 225 kB)
<5>[    0.000000]       .data : 0xc057e000 - 0xc05f0bb0   ( 459 kB)
<5>[    0.000000]        .bss : 0xc05f0bb0 - 0xc094d090   (3442 kB)
<6>[    0.000000] c0 0 (swapper) SLUB: HWalign=64, Order=0-3, MinObjects=0, CPUs=5, Nodes=1
<6>[    0.000000] c0 0 (swapper/0) Preemptible hierarchical RCU implementation.
<6>[    0.000000] c0 0 (swapper/0) 	Additional per-CPU info printed with stalls.
<6>[    0.000000] c0 0 (swapper/0) NR_IRQS:458
<6>[    0.000000] c0 0 (swapper/0) sched_clock: 32 bits at 13MHz, resolution 76ns, wraps every 330382ms
<6>[    0.000000] c0 0 (swapper/0) Switching to timer-based delay loop
<6>[    0.000000] c0 0 (swapper/0) uart3 is settting quot! baud 921600, quot 1!
<4>[    0.000000] c0 0 (swapper/0) write reg 0xc passes, val 0x93
<4>[    0.000000] c0 0 (swapper/0) write reg 0x0 passes, val 0x1
<4>[    0.000000] c0 0 (swapper/0) write reg 0x4 passes, val 0x0
<4>[    0.000000] c0 0 (swapper/0) write reg 0xc passes, val 0x13
<6>[    0.000000] c0 0 (swapper/0) uart3 new lcr is 0x13, cval = 0x13
<6>[    0.000000] c0 0 (swapper/0) console [ttyS3] enabled
<6>[    0.000000] c0 0 (swapper/0) Console: colour dummy device 80x30
<6>[    0.000652] c0 0 (swapper/0) Calibrating delay loop (skipped), value calculated using timer frequency.. 26.00 BogoMIPS (lpj=13000)
<6>[    0.000675] c0 0 (swapper/0) pid_max: default: 32768 minimum: 301
<6>[    0.001008] c0 0 (swapper/0) Mount-cache hash table entries: 512
<6>[    0.002371] c0 0 (swapper/0) Initializing cgroup subsys debug
<6>[    0.002390] c0 0 (swapper/0) Initializing cgroup subsys memory
<6>[    0.002441] c0 0 (swapper/0) Initializing cgroup subsys freezer
<6>[    0.002497] c0 0 (swapper/0) CPU: Testing write buffer coherency: ok
<6>[    0.002883] c0 1 (swapper/0) CPU0: thread -1, cpu 0, socket 1, mpidr 80000100
<6>[    0.002924] c0 1 (swapper/0) Setting up static identity map for 0xc03c2850 - 0xc03c2900
<6>[    0.002953] c0 1 (swapper/0) pm initialized success 
<7>[    0.010869] c1 0 (swapper/1) CPU1: Booted secondary processor
<6>[    0.010889] c1 0 (swapper/1) CPU1: thread -1, cpu 1, socket 1, mpidr 80000101
<7>[    0.013847] c2 0 (swapper/2) CPU2: Booted secondary processor
<6>[    0.013865] c2 0 (swapper/2) CPU2: thread -1, cpu 2, socket 1, mpidr 80000102
<7>[    0.016855] c3 0 (swapper/3) CPU3: Booted secondary processor
<6>[    0.016873] c3 0 (swapper/3) CPU3: thread -1, cpu 3, socket 1, mpidr 80000103
<6>[    0.017006] c0 1 (swapper/0) Brought up 4 CPUs
<6>[    0.017045] c0 1 (swapper/0) SMP: Total of 4 processors activated (104.00 BogoMIPS).
<6>[    0.017058] c0 1 (swapper/0) CPU: All CPU(s) started in SVC mode.
<6>[    0.039482] c0 1 (swapper/0) NET: Registered protocol family 16
<6>[    0.044201] c0 1 (swapper/0) DMA: preallocated 4096 KiB pool for atomic coherent allocations
<6>[    0.044379] c0 1 (swapper/0) Android kernel panic handler initialized (bind=panic)
<4>[    0.045161] c0 1 (swapper/0) comip_init_common_mfp p_otg->fsm.id=0
<7>[    0.047705] c0 1 (swapper/0) addr 0xe100c220: 0x00000000
<7>[    0.047720] c0 1 (swapper/0) addr 0xe100c224: 0x00000000
<7>[    0.047735] c0 1 (swapper/0) addr 0xe100c228: 0x00000000
<7>[    0.047749] c0 1 (swapper/0) addr 0xe100c22c: 0x00000000
<7>[    0.047763] c0 1 (swapper/0) addr 0xe100c230: 0x00000000
<7>[    0.047777] c0 1 (swapper/0) addr 0xe100c234: 0x00000000
<7>[    0.047792] c0 1 (swapper/0) addr 0xe100c238: 0x00000000
<7>[    0.047806] c0 1 (swapper/0) addr 0xe100c23c: 0x00000000
<7>[    0.047820] c0 1 (swapper/0) addr 0xe100c240: 0x00000000
<7>[    0.047834] c0 1 (swapper/0) addr 0xe100c244: 0x00000000
<7>[    0.047848] c0 1 (swapper/0) addr 0xe100c248: 0x00000000
<7>[    0.047862] c0 1 (swapper/0) addr 0xe100c24c: 0x00000000
<7>[    0.047876] c0 1 (swapper/0) addr 0xe100c250: 0x00000000
<7>[    0.047890] c0 1 (swapper/0) addr 0xe100c254: 0x00000000
<7>[    0.047903] c0 1 (swapper/0) addr 0xe100c258: 0x00000000
<7>[    0.047915] c0 1 (swapper/0) addr 0xe100c25c: 0x00000000
<7>[    0.047929] c0 1 (swapper/0) addr 0xe100a120: 0x00000000
<7>[    0.047943] c0 1 (swapper/0) addr 0xe100a124: 0x00000000
<7>[    0.047957] c0 1 (swapper/0) addr 0xe100a128: 0x00000000
<7>[    0.047971] c0 1 (swapper/0) addr 0xe100a12c: 0x00000000
<7>[    0.047986] c0 1 (swapper/0) addr 0xe100a130: 0x00000000
<6>[    0.048896] c0 1 (swapper/0) hw-breakpoint: found 5 (+1 reserved) breakpoint and 4 watchpoint registers.
<6>[    0.048911] c0 1 (swapper/0) hw-breakpoint: maximum watchpoint size is 8 bytes.
<6>[    0.049480] c0 1 (swapper/0) i2c->adap.nr = 0, i2c->flags = 0x2
<3>[    0.049497] c0 1 (swapper/0) i2c-0: clock: 26000000, speed:400000
<6>[    0.050744] c0 1 (swapper/0) i2c->adap.nr = 1, i2c->flags = 0x2
<3>[    0.050761] c0 1 (swapper/0) i2c-1: clock: 26000000, speed:400000
<6>[    0.051989] c0 1 (swapper/0) i2c->adap.nr = 4, i2c->flags = 0x1
<3>[    0.052008] c0 1 (swapper/0) i2c-4: clock: 10660000, speed:100000
<6>[    0.053326] c0 1 (swapper/0) comip-pwm comip-pwm: comip_pwm_probe
<6>[    0.053735] c0 1 (swapper/0) comip-spi comip-spi.0: master is unqueued, this is deprecated
<6>[    0.054012] c0 1 (swapper/0) comip-spi comip-spi.1: master is unqueued, this is deprecated
<6>[    0.054296] c0 1 (swapper/0) comip-spi comip-spi.2: master is unqueued, this is deprecated
<6>[    0.089530] c0 1 (swapper/0) LC1160: version 0x10, eco no 0, rtc version 1
<6>[    0.090454] c0 1 (swapper/0) parse_bootup_reason: value from 0x5c reg is: 0x1
<6>[    0.090469] c0 1 (swapper/0) parse_bootup_reason: +++++++++start of day reason: onkey
<6>[    0.090482] c0 1 (swapper/0) parse_shutdown_reason: value from 0x5d reg is: 0x0
<6>[    0.090496] c0 1 (swapper/0) parse_shutdown_reason: ----------last end of day reason: unknown
<6>[    0.091314] c0 1 (swapper/0) LC1160: Raw startup 0x01(pwr_key),raw shutdown 0x00(), saved shutdown 0x00()
<6>[    0.091787] c0 1 (swapper/0) LC1160: Power on reason(power_key), reboot reason(null)
<6>[    0.095018] c0 1 (swapper/0) PMIC_DCDC5 SET VOUT = 1200 mv
<6>[    0.095831] c0 1 (swapper/0) PMIC_DCDC7 SET VOUT = 1800 mv
<6>[    0.138368] c0 1 (swapper/0) comip_monitor_probe 
<6>[    0.143428] c0 1 (swapper/0) bio: create slab <bio-0> at 0
<5>[    0.144506] c0 1 (swapper/0) SCSI subsystem initialized
<6>[    0.144660] c0 1 (swapper/0) usbcore: registered new interface driver usbfs
<6>[    0.144731] c0 1 (swapper/0) usbcore: registered new interface driver hub
<6>[    0.144858] c0 1 (swapper/0) usbcore: registered new device driver usb
<6>[    0.145142] c0 1 (swapper/0) i2c-gpio i2c-gpio.6: using pins 131 (SDA) and 129 (SCL)
<6>[    0.145286] c0 1 (swapper/0) i2c-gpio i2c-gpio.7: using pins 201 (SDA) and 202 (SCL)
<6>[    0.145434] c0 1 (swapper/0) i2c-gpio i2c-gpio.8: using pins 157 (SDA) and 159 (SCL)
<6>[    0.145571] c0 1 (swapper/0) i2c-gpio i2c-gpio.9: using pins 219 (SDA) and 221 (SCL)
<6>[    0.145718] c0 1 (swapper/0) i2c-gpio i2c-gpio.10: using pins 161 (SDA) and 163 (SCL)
<6>[    0.146051] c0 1 (swapper/0) Advanced Linux Sound Architecture Driver Initialized.
<6>[    0.147460] c0 1 (swapper/0) input: lc1160_adc_a as /devices/platform/lc11xx_adc/input/input0
<6>[    0.147673] c0 1 (swapper/0) input: lc1160_adc_b as /devices/platform/lc11xx_adc/input/input1
<6>[    0.147730] c0 1 (swapper/0) lc1160_adc: probe success
<6>[    0.147978] c0 1 (swapper/0) Switching to clocksource timer3_clk
<4>[    0.176084] c0 1 (swapper/0) USB_OTG: comip_usb_otg_early_init
<4>[    0.176176] c0 1 (swapper/0) USB_OTG: comip_otg_early_probe
<4>[    0.277104] c0 1 (swapper/0) comip_otg_ctrl_gpio_init WM220: set vbus 1, read back vbus 0
<6>[    0.277390] c0 1 (swapper/0) NET: Registered protocol family 2
<6>[    0.278381] c0 1 (swapper/0) TCP established hash table entries: 4096 (order: 3, 32768 bytes)
<6>[    0.278485] c0 1 (swapper/0) TCP bind hash table entries: 4096 (order: 4, 98304 bytes)
<6>[    0.278612] c0 1 (swapper/0) TCP: Hash tables configured (established 4096 bind 4096)
<6>[    0.278699] c0 1 (swapper/0) TCP: reno registered
<6>[    0.278720] c0 1 (swapper/0) UDP hash table entries: 256 (order: 2, 16384 bytes)
<6>[    0.278781] c0 1 (swapper/0) UDP-Lite hash table entries: 256 (order: 2, 16384 bytes)
<6>[    0.279228] c0 1 (swapper/0) NET: Registered protocol family 1
<6>[    0.279529] c0 1 (swapper/0) Unpacking initramfs...
<0>[    0.305781] c0 1 (swapper/0) Initramfs unpacking failed: broken padding
<6>[    0.308327] c0 1 (swapper/0) Freeing initrd memory: 1024K (c1000000 - c1100000)
<6>[    0.308784] c0 1 (swapper/0) CPU PMU: probing PMU on CPU 0
<6>[    0.308819] c0 1 (swapper/0) hw perfevents: enabled with ARMv7 Cortex-A7 PMU driver, 5 counters available
<3>[    0.309238] c0 1 (swapper/0) modem: comip_register_reboot_callback faild, non init
<6>[    0.310550] c0 1 (swapper/0) sdr: devices driver up version v1.0.1, build time Dec 28 2017 16:10:37
<6>[    0.310620] c0 1 (swapper/0) comip_wdt_probe: AP_PWR_LP_CTL 607
<6>[    0.310734] c0 1 (swapper/0) comip_wdt_probe: AP_PWR_LP_CTL 600
<6>[    0.310804] c0 1 (swapper/0) comip_wdt_probe: AP_PWR_LP_CTL 600
<6>[    0.310859] c0 1 (swapper/0) comip_wdt_probe: AP_PWR_LP_CTL 600
<6>[    0.312122] c0 1 (swapper/0) comip_snd_soc comip_snd_soc.0: comip_snd_soc_probe
<6>[    0.313098] c0 1 (swapper/0) comip-uart.0: ttyS0 at MMIO 0x0 (irq = 72) is a uart0
<6>[    0.313446] c0 1 (swapper/0) comip-uart.1: ttyS1 at MMIO 0x0 (irq = 73) is a uart1
<6>[    0.313760] c0 1 (swapper/0) comip-uart.2: ttyS2 at MMIO 0x0 (irq = 74) is a uart2
<6>[    0.314158] c0 1 (swapper/0) comip-uart.3: ttyS3 at MMIO 0x0 (irq = 89) is a uart3
<7>[    0.320097] c0 1 (swapper/0) mmc-1: set mmc clock rate to 400000
<7>[    0.326298] c0 1 (swapper/0) mmc-0: card detect 0. gpio 243.
<3>[    0.326453] c0 1 (swapper/0) comip_mmc0_set_power: set card vdd ret = -6 vdd = 16
<7>[    0.333074] c0 1 (swapper/0) mmc-0: set mmc clock rate to 400000
<7>[    0.345100] c0 1 (swapper/0) mmc-2: set mmc clock rate to 400000
<6>[    0.351228] c0 1 (swapper/0) ion-lc ion-lc: lc_ion_probe
<6>[    0.351361] c0 1 (swapper/0) ion: creat /dev/ion success
<3>[    0.351671] c0 1 (swapper/0) Failed to create heap debugfs at /ion/heaps/lc_ion_lcmem_heap
<4>[    0.353125] c0 1 (swapper/0) mali ddk r5p0-06rel0 early init
<6>[    0.353368] c0 1 (swapper/0) mali mali.0: Continuing without Mali clock control
<6>[    0.353668] c0 1 (swapper/0) mali mali.0: GPU identified as 0x0620 r1p0 status 1
<6>[    0.354337] c0 1 (swapper/0) mali mali.0: Probed as mali0
<6>[    0.355517] c0 1 (swapper/0) input: comip-gpio-keys as /devices/platform/comip-gpio-keys/input/input2
<7>[    0.355551] c0 1 (swapper/0) key 212 reported
<7>[    0.355567] c0 1 (swapper/0) key 256 reported
<7>[    0.355584] c0 1 (swapper/0) key 257 reported
<7>[    0.355599] c0 1 (swapper/0) key 258 reported
<7>[    0.355614] c0 1 (swapper/0) key 259 reported
<7>[    0.355628] c0 1 (swapper/0) key 260 reported
<7>[    0.355645] c0 1 (swapper/0) key 261 reported
<7>[    0.355658] c0 1 (swapper/0) key 262 reported
<7>[    0.355673] c0 1 (swapper/0) key 263 reported
<7>[    0.355686] c0 1 (swapper/0) key 393 reported
<7>[    0.355701] c0 1 (swapper/0) key 105 reported
<7>[    0.355716] c0 1 (swapper/0) key 106 reported
<6>[    0.355928] c0 1 (swapper/0) comip-i2s comip-i2s.0: comip_i2s_probe, id=0
<6>[    0.356094] c0 1 (swapper/0) comip-pcm comip-pcm.0: comip_pcm_virtual_probe
<6>[    0.356481] c0 1 (swapper/0) comip-snd-lowpower comip-snd-lowpower: snd_lowpower_probe
<6>[    0.365971] c0 1 (swapper/0) comip-rtc comip-rtc: rtc core: registered comip-rtc as rtc0
<6>[    0.366479] c0 1 (swapper/0) hx170dec: dec/pp kernel module. 
<6>[    0.366614] c0 1 (swapper/0) hx170dec: Core 0 HW ID=0x67314808
<6>[    0.366626] c0 1 (swapper/0) hx170dec: Supported HW found at 0xa0340200
<6>[    0.366641] c0 1 (swapper/0) hx170dec: core[0] has H264
<6>[    0.366653] c0 1 (swapper/0) hx170dec: core[0] has JPEG
<6>[    0.366665] c0 1 (swapper/0) hx170dec: core[0] has MPEG4
<6>[    0.366677] c0 1 (swapper/0) hx170dec: core[0] has VC1
<6>[    0.366690] c0 1 (swapper/0) hx170dec: core[0] has MPEG2
<6>[    0.366703] c0 1 (swapper/0) hx170dec: core[0] has VP6
<6>[    0.366716] c0 1 (swapper/0) hx170dec: core[0] has VP8
<6>[    0.366729] c0 1 (swapper/0) hx170dec: core[0] has VP7
<6>[    0.366742] c0 1 (swapper/0) hx170dec: core[0] has WebP
<6>[    0.366754] c0 1 (swapper/0) hx170dec: core[0] has AVS
<6>[    0.366767] c0 1 (swapper/0) hx170dec: core[0] has RV
<6>[    0.366780] c0 1 (swapper/0) hx170dec: core[0] has PP
<4>[    0.367155] c0 1 (swapper/0) hx280enc_probe
<6>[    0.367212] c0 1 (swapper/0) hx280enc: HW ID=0x72802080
<6>[    0.367227] c0 1 (swapper/0) hx280enc: Compatible HW found at 0xa0340000
<6>[    0.367355] c0 1 (swapper/0) hx280enc: probe successfully. Major = 252
<4>[    0.367562] c0 1 (swapper/0) hx280enc_h1_probe
<6>[    0.367612] c0 1 (swapper/0) hx280enc_h1_data.hwregs = f8342000
<6>[    0.367628] c0 1 (swapper/0) hx280enc_h1: HW at base <0xa0342000> with ID <0x48314780>
<4>[    0.367974] c0 1 (swapper/0) lcmem_probe in: module init
<4>[    0.367989] c0 1 (swapper/0) lcmem: Linear Memory Allocator, $Revision: 1.10 $ 
<4>[    0.368002] c0 1 (swapper/0) lcmem: linear memory base = 0x17801000 
<6>[    0.368155] c0 1 (swapper/0) lcmem: probe successfully. Major = 250
<4>[    0.370698] c0 1 (swapper/0) lhc_cdin!
<6>[    0.371343] c0 1 (swapper/0) on2psm: probe successfully. power = 0x7
<6>[    0.371439] c0 1 (swapper/0) thermal: comip_thermal_probe called
<3>[    0.371669] c0 1 (swapper/0) [UREG]Ureg Driver Registered
<6>[    0.373460] c0 6 (kworker/u10:0) mmc0: BKOPS_EN bit is not set
<7>[    0.380072] c0 6 (kworker/u10:0) mmc-1: set mmc clock rate to 104000000
<7>[    0.380095] c0 6 (kworker/u10:0) found (fe014e, Micron), use read_delay 1.
<7>[    0.380115] c0 6 (kworker/u10:0) mmc-1: tuning result phase is 1
<6>[    0.380515] c0 6 (kworker/u10:0) mmc0: new HS200 MMC card at address 0001
<3>[    0.380796] c0 6 (kworker/u10:0) comip_mmc0_set_power: set card vdd ret = -6 vdd = 0
<6>[    0.386547] c1 1 (swapper/0) fuse init (API version 7.22)
<6>[    0.387129] c1 1 (swapper/0) msgmni has been set to 495
<6>[    0.389329] c1 1 (swapper/0) io scheduler noop registered
<6>[    0.389531] c1 1 (swapper/0) io scheduler cfq registered (default)
<6>[    0.400060] c1 1 (swapper/0) loop: module loaded
<4>[    0.400130] c1 1 (swapper/0) mfi_i2c_client addr:17
<4>[    0.400286] c1 1 (swapper/0) applecp module init ok
<6>[    0.400637] c1 1 (swapper/0) usbcore: registered new interface driver cdc_ether
<6>[    0.400696] c1 1 (swapper/0) usbcore: registered new interface driver cdc_eem
<6>[    0.400756] c1 1 (swapper/0) usbcore: registered new interface driver rndis_host
<6>[    0.400815] c1 1 (swapper/0) usbcore: registered new interface driver cdc_subset
<6>[    0.400932] c1 1 (swapper/0) usbcore: registered new interface driver cdc_ncm
<6>[    0.400992] c1 1 (swapper/0) usbcore: registered new interface driver cdc_mbim
<4>[    0.401395] c1 1 (swapper/0) comip_hcd_driver_probe(c05a3740) id=0
<4>[    0.402429] c1 1 (swapper/0) set USB power on.
<4>[    0.402460] c1 1 (swapper/0) enter comip_cil_init,core_if->type=0
<4>[    0.402473] c1 1 (swapper/0) USB HSIC core power up success.
<4>[    0.403493] c1 1 (swapper/0) LZS set_usb_init_reg: 192, AP_PWR_PDFSM_ST1=0x07077707
<4>[    0.406664] c1 1 (swapper/0) hcd:Core Release: 2.94a
<4>[    0.406682] c1 1 (swapper/0) hcd:Setting default values for core params
<4>[    0.406726] c1 1 (swapper/0) LZS hcd_init: 345, enter
<6>[    0.406806] c1 1 (swapper/0) comip-hcd comip-hcd.0: COMIP Controller
<6>[    0.406834] c1 1 (swapper/0) comip-hcd comip-hcd.0: new USB bus registered, assigned bus number 1
<6>[    0.406881] c1 1 (swapper/0) comip-hcd comip-hcd.0: irq 49, io mem 0x00000000
<4>[    0.406951] c1 1 (swapper/0) usb usb1: config index 0 lenght 25, result 9
<4>[    0.406962] c1 1 (swapper/0) 09 02 19 00 01 01 00 e0 00 
<4>[    0.407027] c1 1 (swapper/0) usb usb1: config index 0 lenght 25, result 25
<4>[    0.407067] c1 1 (swapper/0) 09 02 19 00 01 01 00 e0 00 09 04 00 00 01 09 00 00 00 07 05 81 03 04 00 0c 
<6>[    0.407762] c1 1 (swapper/0) hub 1-0:1.0: USB hub found
<6>[    0.407795] c1 1 (swapper/0) hub 1-0:1.0: 1 port detected
<4>[    0.408123] c1 1 (swapper/0) comip_hcd_driver_probe:comip_hcd_dev->core_if->id=0
<4>[    0.409412] c1 1 (swapper/0) set USB power off.
<4>[    0.409446] c1 1 (swapper/0) comip_hcd_driver_probe(c05a3920) id=2
<4>[    0.416754] c1 1 (swapper/0) set USB power on.
<4>[    0.416786] c1 1 (swapper/0) enter comip_cil_init,core_if->type=2
<4>[    0.416871] c1 1 (swapper/0) USB HSIC core power up success.
<4>[    0.423895] c1 1 (swapper/0) read USB1_GLPMCFG = 40000000
<4>[    0.423909] c1 1 (swapper/0) [HSIC]: USB1_GRSTCTL = 0x80000001
<7>[    0.423922] c1 1 (swapper/0) [HSIC]: USB1_GRSTCTL = 0x80000000 timeout=99
<4>[    0.425103] c1 1 (swapper/0) hcd:Core Release: 2.94a
<4>[    0.425120] c1 1 (swapper/0) hcd:Setting default values for core params
<4>[    0.425140] c1 1 (swapper/0) LZS hcd_init: 345, enter
<6>[    0.425207] c1 1 (swapper/0) comip-hcd comip-hcd.2: COMIP Controller
<6>[    0.425233] c1 1 (swapper/0) comip-hcd comip-hcd.2: new USB bus registered, assigned bus number 2
<6>[    0.425279] c1 1 (swapper/0) comip-hcd comip-hcd.2: irq 50, io mem 0x00000000
<4>[    0.425316] c1 1 (swapper/0) hcd:Init: Power Port (0)
<4>[    0.425362] c1 1 (swapper/0) usb usb2: config index 0 lenght 25, result 9
<4>[    0.425374] c1 1 (swapper/0) 09 02 19 00 01 01 00 e0 00 
<4>[    0.425436] c1 1 (swapper/0) usb usb2: config index 0 lenght 25, result 25
<4>[    0.425446] c1 1 (swapper/0) 09 02 19 00 01 01 00 e0 00 09 04 00 00 01 09 00 00 00 07 05 81 03 04 00 0c 
<6>[    0.426015] c1 1 (swapper/0) hub 2-0:1.0: USB hub found
<6>[    0.426075] c1 1 (swapper/0) hub 2-0:1.0: 1 port detected
<4>[    0.426353] c1 1 (swapper/0) enter hsic init
<4>[    0.426367] c1 1 (swapper/0) LZS comip_hcd_driver_start: 1251, enter
<4>[    0.426381] c1 1 (swapper/0) enter comip_hcd_driver_start:id=2
<4>[    0.431414] c1 1 (swapper/0) USB power should be on.
<7>[    0.436432] c1 1 (swapper/0) hcd:I: comip_hcd_driver_start init_reg
<4>[    0.443455] c1 1 (swapper/0) read USB1_GLPMCFG = 40000000
<4>[    0.443469] c1 1 (swapper/0) [HSIC]: USB1_GRSTCTL = 0x80000001
<7>[    0.443484] c1 1 (swapper/0) [HSIC]: USB1_GRSTCTL = 0x80000000 timeout=99
<4>[    0.643590] c1 1 (swapper/0) hcd:Using Descriptor DMA mode
<4>[    0.643604] c1 1 (swapper/0) hcd:Periodic Transfer Interrupt Enhancement - disabled
<4>[    0.643617] c1 1 (swapper/0) hcd:Multiprocessor Interrupt Enhancement - disabled
<4>[    0.643632] c1 1 (swapper/0) hcd:OTG VER PARAM: 1, OTG VER FLAG: 1
<4>[    0.643664] c1 1 (swapper/0) hcd:Init: Power Port (0)
<7>[    0.643787] c1 1 (swapper/0) hcd:I: comip_hcd_driver_start end
<6>[    0.644128] c1 1 (swapper/0) usbcore: registered new interface driver cdc_wdm
<6>[    0.644247] c1 1 (swapper/0) usbcore: registered new interface driver usb-storage
<3>[    0.772574] c1 1 (swapper/0) i2c-0: wait rx timeout!
<3>[    0.773421] c1 1 (swapper/0) i2c-0-0x08: xfer error -110.
<3>[    0.774347] c1 1 (swapper/0) usb3503 0-0008: CFG1 failed (-110)
<6>[    0.775357] c1 1 (swapper/0) usb3503 0-0008: usb3503_probe: probed on  hub mode
<4>[    0.777659] c1 1 (swapper/0) usb aoa module init ok
<4>[    0.777761] c1 1 (swapper/0) apple_roleswitch module init ok
<6>[    0.778714] c1 1 (swapper/0) mlx90393 spi0.0: osr = 0x3, dig_filt = 0x7, res_xyz = 0x3f, osr2 = 0x3
<6>[    0.778952] c1 1 (swapper/0) input: mlx90393-0 as /devices/platform/comip-spi.0/spi_master/spi0/spi0.0/input/input3
<6>[    0.784816] c1 1 (swapper/0) mlx90393 spi1.0: osr = 0x3, dig_filt = 0x2, res_xyz = 0x3f, osr2 = 0x3
<6>[    0.785065] c1 1 (swapper/0) input: mlx90393-1 as /devices/platform/comip-spi.1/spi_master/spi1/spi1.0/input/input4
<6>[    0.790719] c1 1 (swapper/0) mlx90393 spi2.0: osr = 0x3, dig_filt = 0x2, res_xyz = 0x3f, osr2 = 0x3
<6>[    0.790936] c1 1 (swapper/0) input: mlx90393-2 as /devices/platform/comip-spi.2/spi_master/spi2/spi2.0/input/input5
<6>[    0.796607] c1 1 (swapper/0) i2c /dev entries driver
<6>[    0.797854] c1 1 (swapper/0) mmcblk0: mmc0:0001 P1J94M 3.64 GiB 
<6>[    0.798137] c1 1 (swapper/0) mmcblk0boot0: mmc0:0001 P1J94M partition 1 1.00 MiB
<6>[    0.798397] c1 1 (swapper/0) mmcblk0boot1: mmc0:0001 P1J94M partition 2 1.00 MiB
<6>[    0.798654] c1 1 (swapper/0) mmcblk0rpmb: mmc0:0001 P1J94M partition 3 1.00 MiB
<6>[    0.799229] c1 1 (swapper/0)  mmcblk0: p1 (gpt) p2 (ddr) p3 (env) p4 (panic) p5 (amt) p6 (factory) p7 (factory_out) p8 (recovery) p9 (normal) p10 (system) p11 (vendor) p12 (cache) p13 (blackbox) p14 (userdata)mmcblk0boot1 has no partition table!
<4>[    0.802872] c1 1 (swapper/0) mmcblk0boot0 has no partition table!
<6>[    0.803739] c1 1 (swapper/0) zram: Created 1 device(s) ...
<6>[    0.804421] c1 1 (swapper/0) ashmem: initialized
<6>[    0.804599] c1 1 (swapper/0) logger: created 256K log 'log_main'
<6>[    0.804758] c1 1 (swapper/0) logger: created 256K log 'log_events'
<6>[    0.804929] c1 1 (swapper/0) logger: created 256K log 'log_radio'
<6>[    0.805137] c1 1 (swapper/0) logger: created 256K log 'log_system'
<4>[    0.805801] c1 1 (swapper/0) soc-audio soc-audio: ASoC: machine comip_snd_soc should use snd_soc_register_card()
<6>[    0.817321] c1 1 (swapper/0) LC1160_R71=0x1f
<6>[    0.817790] c1 1 (swapper/0) LC1160_R72=0x1f
<6>[    0.818256] c1 1 (swapper/0) LC1160_R73=0x1b
<6>[    0.818725] c1 1 (swapper/0) LC1160_R74=0x1d
<6>[    0.818743] c1 1 (swapper/0) comip_codec comip_codec: codec probe success, chip version is LC1160B
<7>[    0.849872] c1 1 (swapper/0) [SND CODEC] comip_pcm_new
<7>[    0.850307] c1 1 (swapper/0) [SND CODEC] comip_pcm_preallocate_dma_buffer addr: 0xe0040000, area: 0xd0d80000, bytes: 131072
<7>[    0.850480] c1 1 (swapper/0) [SND CODEC] comip_pcm_preallocate_dma_buffer addr: 0x14aa0000, area: 0xd0da1000, bytes: 131072
<6>[    0.850497] c1 1 (swapper/0) soc-audio soc-audio:  comip_hifi <-> comip-i2s.0 mapping ok
<6>[    0.850927] c1 1 (swapper/0) soc-audio soc-audio:  comip_voice <-> comip-pcm.0 mapping ok
<6>[    0.854397] c1 1 (swapper/0) input: comip_snd_soc Headset as /devices/platform/soc-audio/sound/card0/input6
<6>[    0.855167] c1 1 (swapper/0) ip_tables: (C) 2000-2006 Netfilter Core Team
<6>[    0.855259] c1 1 (swapper/0) TCP: cubic registered
<6>[    0.855277] c1 1 (swapper/0) NET: Registered protocol family 17
<6>[    0.855519] c1 1 (swapper/0) VFP support v0.3: implementor 41 architecture 2 part 30 variant 7 rev 5
<5>[    0.855560] c1 1 (swapper/0) Registering SWP/SWPB emulation handler
<7>[    0.855576] c1 1 (swapper/0) shadow_timer_delta=6500000, shadow_timer_delta_max=1672352866
<6>[    0.857430] c1 1 (swapper/0) modem: devices driver up.
<6>[    0.859901] c1 61 (kworker/1:1) comip_codec comip_codec: lc1160_irq_work_handle: status = 0x0
<4>[    0.864740] c0 1 (swapper/0) USB_OTG: comip_otg_probe: 799, exit
<4>[    0.864771] c0 1 (swapper/0) comip-otg: probe of comip-otg failed with error 3
<6>[    0.865168] c0 1 (swapper/0) file system registered
<6>[    0.867439] c0 1 (swapper/0) android_usb gadget: Mass Storage Function, version: 2009/09/11
<6>[    0.867454] c0 1 (swapper/0) android_usb gadget: Number of LUNs=1
<6>[    0.867471] c0 1 (swapper/0)  lun0: LUN: removable file: (no medium)
<6>[    0.867506] c0 1 (swapper/0) android_usb gadget: android_usb ready
<6>[    0.870381] c0 1 (swapper/0) comip-rtc comip-rtc: setting system clock to 1980-01-01 00:00:03 UTC (315532803)
<6>[    0.870490] c0 1 (swapper/0) ALSA device list:
<6>[    0.870503] c0 1 (swapper/0)   #0: comip_snd_soc
<6>[    0.870876] c0 1 (swapper/0) uart3 already has set quot! baud 921600, quot 1!
<6>[    0.870892] c0 1 (swapper/0) uart3 new lcr is 0x3, cval = 0x13
<6>[    0.871312] c0 1 (swapper/0) Freeing unused kernel memory: 224K (c0545000 - c057d000)
<11>[    0.876123] c1 1 (init) init: /init.environ.rc: 14: invalid command 'exoprt'
<11>[    0.979632] c1 1 (init) init: /dev/hw_random not found
<6>[    0.980833] c1 1 (init) uart3 already has set quot! baud 921600, quot 1!
<6>[    0.980850] c1 1 (init) uart3 new lcr is 0x3, cval = 0x13
<11>[    0.981225] c1 1 (init) init: cannot open '/initlogo.rle'
<6>[    0.989386] c1 1 (init) EXT4-fs (mmcblk0p5): mounted filesystem with ordered data mode. Opts: (null)
<6>[    0.997307] c1 1 (init) EXT4-fs (mmcblk0p14): mounted filesystem with ordered data mode. Opts: (null)
<6>[    1.002593] c1 1 (init) EXT4-fs (mmcblk0p11): mounted filesystem with ordered data mode. Opts: (null)
<6>[    1.008190] c1 1 (init) EXT4-fs (mmcblk0p10): mounted filesystem with ordered data mode. Opts: (null)
<6>[    1.011890] c1 1 (init) EXT4-fs (mmcblk0p12): mounted filesystem with ordered data mode. Opts: (null)
<6>[    1.014873] c1 1 (init) uart1 is settting quot! baud 9600, quot 60!
<4>[    1.014889] c1 1 (init) write reg 0xc passes, val 0x93
<4>[    1.014903] c1 1 (init) write reg 0x0 passes, val 0x60
<4>[    1.014917] c1 1 (init) write reg 0x4 passes, val 0x0
<4>[    1.015347] c1 1 (init) write reg 0xc passes, val 0x13
<6>[    1.015389] c1 1 (init) uart1 new lcr is 0x13, cval = 0x13
<6>[    1.017724] c1 1 (init) uart2 is settting quot! baud 9600, quot 60!
<4>[    1.017741] c1 1 (init) write reg 0xc passes, val 0x93
<4>[    1.017752] c1 1 (init) write reg 0x0 passes, val 0x60
<4>[    1.017764] c1 1 (init) write reg 0x4 passes, val 0x0
<4>[    1.018195] c1 1 (init) write reg 0xc passes, val 0x13
<6>[    1.018244] c1 1 (init) uart2 new lcr is 0x13, cval = 0x13
<11>[    1.018917] c1 1 (init) init: /dev/hw_random not found
<11>[    1.023649] c1 1 (init) init: The sn.txt is not exist in the path of amt!
<6>[    1.028455] c2 96 (init) uart3 already has set quot! baud 921600, quot 1!
<6>[    1.028473] c2 96 (init) uart3 new lcr is 0x3, cval = 0x13
<6>[    1.067733] c1 1 (init) Galcore version 4.6.9.9754
<4>[    1.067752] c1 1 (init) galcore options:
<4>[    1.067765] c1 1 (init)   irqLine           = 42
<4>[    1.067778] c1 1 (init)   registerMemBase   = 0xA0300000
<4>[    1.067791] c1 1 (init)   registerMemSize   = 0x00040000
<4>[    1.067804] c1 1 (init)   contiguousSize    = 4194304
<4>[    1.067817] c1 1 (init)   contiguousBase    = 0x00000000
<4>[    1.067829] c1 1 (init)   bankSize          = 0x00000000
<4>[    1.067841] c1 1 (init)   fastClear         = -1
<4>[    1.067854] c1 1 (init)   compression       = -1
<4>[    1.067866] c1 1 (init)   signal            = 48
<4>[    1.067878] c1 1 (init)   baseAddress       = 0x00000000
<4>[    1.067892] c1 1 (init)   physSize          = 0x80000000
<4>[    1.067903] c1 1 (init)   logFileSize       = 0 KB 
<4>[    1.067914] c1 1 (init)   powerManagement   = 1
<4>[    1.067924] c1 1 (init)   gpuProfiler   = 0
<4>[    1.067935] c1 1 (init)   coreClock       = 234000000
<4>[    1.072941] c1 1 (init) orignal gc outstanding setting: 0x3c000000
<6>[    1.072959] c1 1 (init) change gc outstanding setting: 0x3c000000
<11>[    1.086972] c1 1 (init) init: property 'sys.powerctl' doesn't exist while expanding '${sys.powerctl}'
<11>[    1.088689] c1 1 (init) init: powerctl: cannot expand '${sys.powerctl}'
<11>[    1.089916] c1 1 (init) init: using deprecated syntax for specifying property 'persist.sys.usb.config', use ${name} instead
<6>[    1.245181] c2 119 (busybox) EXT4-fs (mmcblk0p13): mounted filesystem with ordered data mode. Opts: data=ordered
<6>[    1.309694] c2 127 (busybox) EXT4-fs (mmcblk0p12): mounted filesystem with ordered data mode. Opts: data=ordered
<3>[    1.482500] c1 1 (init) android_usb: already disabled
<11>[    1.483808] c1 1 (init) init: using deprecated syntax for specifying property 'sys.usb.config', use ${name} instead
<6>[    1.485824] c1 1 (init) android functions_store: rndis,mass_storage,bulk,acm
<6>[    1.486027] c1 1 (init) rndis_function_bind_config MAC: 00:00:00:00:00:00
<4>[    1.486151] c1 1 (init) android_usb gadget: using random self ethernet address
<4>[    1.486177] c1 1 (init) android_usb gadget: using random host ethernet address
<11>[    1.486610] c1 83 (ueventd) init: add network interface: rndis0
<6>[    1.488194] c1 1 (init) rndis0: MAC 82:ba:f8:a0:67:56
<6>[    1.488213] c1 1 (init) rndis0: HOST MAC de:4f:a5:ac:30:15
<6>[    1.488378] c1 1 (init) bulk_bind_config
<4>[    1.498443] c1 1 (init) u2d_usb_init
<11>[    1.499821] c3 83 (ueventd) init: exec CMD: /system/bin/ifconfig rndis0 192.168.42.2
<11>[    1.504816] c1 1 (init) init: using deprecated syntax for specifying property 'sys.usb.config', use ${name} instead
<6>[    2.016224] c0 272 (mount) EXT4-fs (mmcblk0p5): re-mounted. Opts: (null)
<6>[    2.047829] c0 274 (mount) EXT4-fs (mmcblk0p5): re-mounted. Opts: (null)
<6>[    2.777023] c2 157 (sdrs) modem: modem open ref 0, status 0
<6>[    2.787213] c1 157 (sdrs) modem: request_firmware head data d7d55000 size 1272448
<6>[    3.693313] c1 157 (sdrs) modem: reboot flag 0, 0
<6>[    3.693335] c1 157 (sdrs) modem: run modem, set CP to reset state first
<7>[    3.744096] c1 157 (sdrs) addr 0xe100c220: 0x0000ffff
<7>[    3.744111] c1 157 (sdrs) addr 0xe100c224: 0x0000ffff
<7>[    3.744125] c1 157 (sdrs) addr 0xe100c228: 0x0000ffff
<7>[    3.744140] c1 157 (sdrs) addr 0xe100c22c: 0x0000ffff
<7>[    3.744154] c1 157 (sdrs) addr 0xe100c230: 0x0000ffff
<7>[    3.744169] c1 157 (sdrs) addr 0xe100c234: 0x0000ffff
<7>[    3.744183] c1 157 (sdrs) addr 0xe100c238: 0x0000ffff
<7>[    3.744197] c1 157 (sdrs) addr 0xe100c23c: 0x0000ffff
<7>[    3.744212] c1 157 (sdrs) addr 0xe100c240: 0x0000ffff
<7>[    3.744226] c1 157 (sdrs) addr 0xe100c244: 0x0000ffff
<7>[    3.744240] c1 157 (sdrs) addr 0xe100c248: 0x0000ffff
<7>[    3.744255] c1 157 (sdrs) addr 0xe100c24c: 0x0000ffff
<7>[    3.744269] c1 157 (sdrs) addr 0xe100c250: 0x0000ffff
<7>[    3.744283] c1 157 (sdrs) addr 0xe100c254: 0x0000ffff
<7>[    3.744298] c1 157 (sdrs) addr 0xe100c258: 0x0000ffff
<7>[    3.744312] c1 157 (sdrs) addr 0xe100c25c: 0x0000ffff
<7>[    3.744329] c1 157 (sdrs) addr 0xe100a120: 0x01ffffff
<7>[    3.744344] c1 157 (sdrs) addr 0xe100a124: 0x00000000
<7>[    3.744358] c1 157 (sdrs) addr 0xe100a128: 0x01ffffff
<7>[    3.744372] c1 157 (sdrs) addr 0xe100a12c: 0x01ffffff
<7>[    3.744387] c1 157 (sdrs) addr 0xe100a130: 0x01ffffff
<7>[    3.750076] c1 157 (sdrs) bridge: reset run image flag 2
<7>[    3.750494] c1 157 (sdrs) modem: add bridge TPC0 
<7>[    3.750714] c1 157 (sdrs) bridge: TPC0 found! 
<7>[    3.751110] c1 157 (sdrs) modem: add bridge TPC1 
<7>[    3.751263] c1 157 (sdrs) bridge: TPC1 found! 
<7>[    3.751355] c1 157 (sdrs) modem: add bridge lmi0 
<7>[    3.751500] c1 157 (sdrs) bridge: lmi0 found! 
<7>[    3.751552] c1 157 (sdrs) modem: add bridge lmi1 
<7>[    3.751676] c1 157 (sdrs) bridge: lmi1 found! 
<7>[    3.751727] c1 157 (sdrs) modem: add bridge lmi2 
<7>[    3.751867] c1 157 (sdrs) bridge: lmi2 found! 
<7>[    3.752092] c1 157 (sdrs) modem: add bridge lmi3 
<7>[    3.752243] c1 157 (sdrs) bridge: lmi3 found! 
<7>[    3.752295] c1 157 (sdrs) modem: add bridge lmi4 
<7>[    3.752423] c1 157 (sdrs) bridge: lmi4 found! 
<7>[    3.752474] c1 157 (sdrs) modem: add bridge lmi5 
<7>[    3.752599] c1 157 (sdrs) bridge: lmi5 found! 
<7>[    3.752769] c1 157 (sdrs) modem: add bridge lmi6 
<7>[    3.752897] c1 157 (sdrs) bridge: lmi6 found! 
<7>[    3.752949] c1 157 (sdrs) modem: add bridge lmi7 
<7>[    3.753115] c1 157 (sdrs) bridge: lmi7 found! 
<7>[    3.753167] c1 157 (sdrs) modem: add bridge lmi8 
<7>[    3.753302] c1 157 (sdrs) bridge: lmi8 found! 
<7>[    3.753413] c1 157 (sdrs) modem: add bridge lmi9 
<7>[    3.753556] c1 157 (sdrs) bridge: lmi9 found! 
<7>[    3.753667] c1 157 (sdrs) modem: add bridge lmi10 
<7>[    3.753793] c1 157 (sdrs) bridge: lmi10 found! 
<7>[    3.753815] c1 157 (sdrs) modem: add bridge lmi40 
<7>[    3.754582] c1 157 (sdrs) bridge: lmi40 found! 
<7>[    3.754607] c1 157 (sdrs) modem: add bridge lmi41 
<7>[    3.755413] c1 157 (sdrs) bridge: lmi41 found! 
<7>[    3.755436] c1 157 (sdrs) modem: add bridge lmi42 
<7>[    3.756217] c1 157 (sdrs) bridge: lmi42 found! 
<7>[    3.756240] c1 157 (sdrs) modem: add bridge lmi44 
<7>[    3.756983] c1 157 (sdrs) bridge: lmi44 found! 
<7>[    3.757006] c1 157 (sdrs) modem: add bridge lmi45 
<7>[    3.757804] c1 157 (sdrs) bridge: lmi45 found! 
<7>[    3.757827] c1 157 (sdrs) modem: add bridge lmi46 
<7>[    3.758148] c1 157 (sdrs) bridge: lmi46 found! 
<7>[    3.758171] c1 157 (sdrs) modem: add bridge lmi47 
<7>[    3.758469] c1 157 (sdrs) bridge: lmi47 found! 
<7>[    3.758523] c1 157 (sdrs) modem: add bridge socbridge 
<7>[    3.758805] c1 157 (sdrs) bridge: socbridge found! 
<7>[    3.759309] c2 165 (sdrs_log) bridge: lmi10: cp not ready 0
<6>[    3.771031] c1 157 (sdrs) modem: load modemarm 1272448 bytes
<6>[    3.782982] c1 157 (sdrs) modem: load modemdsp_gnd 1483856 bytes
<7>[    3.807096] c1 157 (sdrs) modem: t0 0:0
<7>[    3.807096] t1 315532806:379752
<7>[    3.807096] t2 0:0
<7>[    3.807096] t3 0:0
<7>[    3.807096] t4 315532806:425738
<7>[    3.807096] t5 315532806:425740
<7>[    3.807140] c1 157 (sdrs) modem: run modem count 1 , status 3.
<7>[    3.860077] c2 165 (sdrs_log) bridge: lmi10: cp not ready 0
<4>[    3.877093] c1 75 (kworker/u10:3) USB_OTG: comip_otg_event: begin last_id 1 last_state 2 curr_id 0 curr_state 1
<4>[    3.877108] c1 75 (kworker/u10:3) USB_OTG: comip_otg_start_gadget: 227, on = 0
<6>[    3.879392] c1 61 (kworker/1:1) android_work: did not send uevent (0 0   (null))
<7>[    3.961079] c2 165 (sdrs_log) bridge: lmi10: cp not ready 0
<11>[    3.973900] c0 83 (ueventd) init: remove network interface: rndis0
<11>[    4.006235] c2 1 (init) init: untracked pid 169 exited
<7>[    4.062092] c2 165 (sdrs_log) bridge: lmi10: cp not ready 0
<6>[    4.127773] c1 61 (kworker/1:1) comip-u2d comip-u2d: vbus insert
<4>[    4.127795] c1 61 (kworker/1:1) USB power should be on.
<7>[    4.163094] c2 165 (sdrs_log) bridge: lmi10: cp not ready 0
<7>[    4.264083] c2 165 (sdrs_log) bridge: lmi10: cp not ready 0
<6>[    4.306907] c2 97 (kworker/2:1) comip_codec comip_codec: lc1160_irq_work_handle: status = 0x2
<6>[    4.312626] c2 97 (kworker/2:1) lc1160_switch_to_speaker
<6>[    4.312853] c2 97 (kworker/2:1) comip_codec comip_codec: jack removed !!!
<7>[    4.365084] c2 165 (sdrs_log) bridge: lmi10: cp ready ok
<7>[    4.365100] c2 165 (sdrs_log) bridge: open lmi10 ok.
<7>[    4.365212] c1 157 (sdrs) bridge: lmi0: cp ready ok
<7>[    4.365225] c1 157 (sdrs) bridge: open lmi0 ok.
<7>[    4.365360] c1 214 (dji_hdvt_gnd) bridge: lmi6: cp ready ok
<7>[    4.365373] c1 214 (dji_hdvt_gnd) bridge: open lmi6 ok.
<7>[    4.365434] c2 165 (sdrs_log) bridge: TPC0: cp ready ok
<7>[    4.365447] c2 165 (sdrs_log) bridge: open TPC0 ok.
<7>[    4.365697] c2 165 (sdrs_log) bridge: TPC1: cp ready ok
<7>[    4.365712] c2 165 (sdrs_log) bridge: open TPC1 ok.
<7>[    4.370178] c1 157 (sdrs) bridge: close lmi0 .
<4>[    4.392136] c1 61 (kworker/1:1) u2d_usb_init
<6>[    4.398271] c1 61 (kworker/1:1) comip-u2d comip-u2d: otg_ohy_status detected = 0x1
<6>[    4.398289] c1 61 (kworker/1:1) PC detected!
<6>[    4.407629] c2 214 (dji_hdvt_gnd) sdr: sdr_open
<6>[    4.408531] c2 214 (dji_hdvt_gnd) sdr: shm:
<6>[    4.408531] ma d0c06000
<6>[    4.408531] ma->buffer_base 17801040
<6>[    4.408531] ma->elem_size 2f7600
<6>[    4.408531] ma->buf_num 16
<6>[    4.408531] ma->reinited 1
<6>[    4.421480] c3 214 (dji_hdvt_gnd) uart1 already has set quot! baud 9600, quot 60!
<6>[    4.421503] c3 214 (dji_hdvt_gnd) uart1 new lcr is 0x3, cval = 0x13
<6>[    4.421588] c3 214 (dji_hdvt_gnd) uart1 is settting quot! baud 115200, quot 8!
<4>[    4.421603] c3 214 (dji_hdvt_gnd) write reg 0xc passes, val 0x93
<4>[    4.421615] c3 214 (dji_hdvt_gnd) write reg 0x0 passes, val 0x8
<4>[    4.421628] c3 214 (dji_hdvt_gnd) write reg 0x4 passes, val 0x0
<4>[    4.421677] c3 214 (dji_hdvt_gnd) write reg 0xc passes, val 0x13
<6>[    4.421691] c3 214 (dji_hdvt_gnd) uart1 new lcr is 0x13, cval = 0x13
<7>[    4.422378] c3 214 (dji_hdvt_gnd) bridge: lmi4: cp ready ok
<7>[    4.422393] c3 214 (dji_hdvt_gnd) bridge: open lmi4 ok.
<7>[    4.422990] c3 214 (dji_hdvt_gnd) bridge: lmi7: cp ready ok
<7>[    4.423005] c3 214 (dji_hdvt_gnd) bridge: open lmi7 ok.
<7>[    4.433170] c0 214 (dji_hdvt_gnd) bridge: lmi5: cp ready ok
<7>[    4.433193] c0 214 (dji_hdvt_gnd) bridge: open lmi5 ok.
<6>[    4.439483] c3 463 (hdvt_work) modem: modem open ref 1, status 3
<6>[    4.439505] c3 463 (hdvt_work) modem: modem status(3) != MODEM_RELEASE.open modem again! 
<6>[    4.442316] c2 214 (dji_hdvt_gnd) adc_a_open is called.
<6>[    4.443246] c1 214 (dji_hdvt_gnd) adc_b_open is called.
<6>[    4.455607] c0 475 (sh) modem: modem release ref 2, status 3
<6>[    4.478938] c3 214 (dji_hdvt_gnd) usbcore: registered new interface driver apple_roleswitch
<4>[    4.479092] c3 214 (dji_hdvt_gnd) apple roleswitch start ok
<6>[    4.479227] c0 491 (dji_hdvt_gnd) usbcore: registered new interface driver usb_aoa
<4>[    4.479235] c3 492 (mfi_dev_timer_k) mfi_dev_timer_kthread start
<4>[    4.479331] c0 491 (dji_hdvt_gnd) aoa start ok
<6>[    4.481357] c1 61 (kworker/1:1) android_work: did not send uevent (0 0   (null))
<4>[    3.879154] c1 75 (kworker/u10:3) u2d:E: comip_ep_dequeue:return ep:0 c05aa68c:cf76cd40:1:1!!
<6>[    4.482096] c1 75 (kworker/u10:3) unloading
<4>[    4.511120] c3 75 (kworker/u10:3) USB_OTG: set vbus power 0
<4>[    4.612114] c3 75 (kworker/u10:3) USB_OTG: set vbus power 1
<4>[    4.713103] c3 75 (kworker/u10:3) USB_OTG: comip_otg_start_host: 186, on = 1
<4>[    4.723153] c3 75 (kworker/u10:3) USB_OTG: comip_otg_start_host:host on......c05a3740
<4>[    4.723171] c3 75 (kworker/u10:3) LZS comip_hcd_driver_start: 1251, enter
<4>[    4.723192] c3 75 (kworker/u10:3) enter comip_hcd_driver_start:id=0
<4>[    4.723206] c3 75 (kworker/u10:3) USB power should be on.
<7>[    4.728355] c3 75 (kworker/u10:3) hcd:I: comip_hcd_driver_start init_reg
<4>[    4.729373] c3 75 (kworker/u10:3) LZS set_usb_init_reg: 192, AP_PWR_PDFSM_ST1=0x00077000
<4>[    4.931476] c3 75 (kworker/u10:3) hcd:Using Descriptor DMA mode
<4>[    4.931495] c3 75 (kworker/u10:3) hcd:Periodic Transfer Interrupt Enhancement - disabled
<4>[    4.931507] c3 75 (kworker/u10:3) hcd:Multiprocessor Interrupt Enhancement - disabled
<4>[    4.931520] c3 75 (kworker/u10:3) hcd:OTG VER PARAM: 1, OTG VER FLAG: 1
<4>[    4.931564] c3 75 (kworker/u10:3) hcd:Init: Power Port (0)
<7>[    4.932407] c2 75 (kworker/u10:3) hcd:I: comip_hcd_driver_start end
<4>[    5.059138] c1 34 (khubd) hcd:Indeed it is in host mode hprt0 = 00021501
<7>[    5.110253] c0 0 (swapper/0) hcd:I:   --Port Interrupt HPRT0=0x0000100d Port Enable Changed--
<7>[    5.135711] c3 513 (ip) bridge: lmi42: cp ready ok
<7>[    5.135728] c3 513 (ip) bridge: open lmi42 ok.
<6>[    5.211133] c1 34 (khubd) usb 1-1: new high-speed USB device number 2 using comip-hcd
<4>[    5.211417] c0 34 (khubd) hcd:Indeed it is in host mode hprt0 = 00001101
<7>[    5.211437] c0 34 (khubd) hcd:I:   --Port Interrupt HPRT0=0x00001109 Port Enable Changed--
<4>[    5.233103] c2 75 (kworker/u10:3) USB_OTG: state change not supported 2!
<4>[    5.233125] c2 75 (kworker/u10:3) USB_OTG: comip_otg_event: end   last_id 0 last_state 1 curr_id 0 curr_state 1
<7>[    5.261775] c0 0 (swapper/0) hcd:I:   --Port Interrupt HPRT0=0x0000100d Port Enable Changed--
<7>[    5.354456] c0 0 (swapper/0) hcd:I:   --Port Interrupt HPRT0=0x00001009 Port Enable Changed--
<6>[    6.148147] c0 463 (hdvt_work) modem: modem open ref 1, status 3
<6>[    6.148170] c0 463 (hdvt_work) modem: modem status(3) != MODEM_RELEASE.open modem again! 
<6>[    6.157808] c0 463 (hdvt_work) modem: modem release ref 2, status 3
<7>[    6.275025] c0 425 (dji_hdvt_gnd) bridge: start_xmit info: lmi42 xmit skb ce233b40 CP busy!
<7>[    6.477460] c0 3 (ksoftirqd/0) bridge: start_xmit info: lmi42 xmit skb ce233b40 CP ready!
<7>[    6.613499] c0 425 (dji_hdvt_gnd) bridge: start_xmit info: lmi42 xmit skb ce718900 CP busy!
<7>[    6.669149] c0 0 (swapper/0) bridge: start_xmit info: lmi42 xmit skb ce718900 CP ready!
<11>[    7.236013] c3 1 (init) init: untracked pid 631 exited
<3>[   15.765118] c3 34 (khubd) usb 1-1: device not accepting address 2, error -110
<4>[   15.766625] c3 34 (khubd) hcd:Indeed it is in host mode hprt0 = 00001501
<7>[   15.819241] c0 0 (swapper/0) hcd:I:   --Port Interrupt HPRT0=0x0000100d Port Enable Changed--
<6>[   15.920122] c3 34 (khubd) usb 1-1: new high-speed USB device number 3 using comip-hcd
<4>[   15.920373] c0 34 (khubd) hcd:Indeed it is in host mode hprt0 = 00001101
<7>[   15.920391] c0 34 (khubd) hcd:I:   --Port Interrupt HPRT0=0x00001109 Port Enable Changed--
<7>[   15.970851] c0 0 (swapper/0) hcd:I:   --Port Interrupt HPRT0=0x0000100d Port Enable Changed--
<7>[   16.054404] c0 0 (swapper/0) hcd:I:   --Port Interrupt HPRT0=0x00001009 Port Enable Changed--
<3>[   26.509252] c1 34 (khubd) usb 1-1: device not accepting address 3, error -110
<4>[   26.511021] c1 34 (khubd) hcd:Indeed it is in host mode hprt0 = 00001501
<7>[   26.561459] c0 0 (swapper/0) hcd:I:   --Port Interrupt HPRT0=0x0000100d Port Enable Changed--
<6>[   26.663136] c1 34 (khubd) usb 1-1: new high-speed USB device number 4 using comip-hcd
<4>[   26.674516] c3 34 (khubd) usb 1-1: config index 0 lenght 39, result 9
<4>[   26.674531] c3 34 (khubd) 09 02 27 00 01 01 05 c0 fa 
<4>[   26.674697] c3 34 (khubd) usb 1-1: config index 0 lenght 39, result 39
<7>[   26.674767] c0 427 (hg_trans_downlo) hcd:I:   --Port Interrupt HPRT0=0x00001009 Port Enable Changed--
<4>[   26.674708] c3 34 (khubd) 09 02 27 00 01 01 05 c0 fa 09 04 00 00 03 06 01 01 00 07 05 02 02 00 02 0a 07 05 81 02 00 02 0a 07 05 83 03 40 00 0a 
<3>[   31.674167] c3 34 (khubd) usb 1-1: unable to read config index 1 descriptor/start: -110
<3>[   31.675747] c3 34 (khubd) usb 1-1: can't read configurations, error -110
<4>[   31.677133] c3 34 (khubd) hcd:Indeed it is in host mode hprt0 = 00001501
<7>[   31.729446] c0 0 (swapper/0) hcd:I:   --Port Interrupt HPRT0=0x0000100d Port Enable Changed--
<7>[   31.744735] c0 0 (swapper/0) hcd:I:   --Port Interrupt HPRT0=0x00001009 Port Enable Changed--
<4>[   31.780108] c1 34 (khubd) hcd:Indeed it is in host mode hprt0 = 00001501
<7>[   31.830411] c0 0 (swapper/0) hcd:I:   --Port Interrupt HPRT0=0x0000100d Port Enable Changed--
<7>[   31.934594] c0 0 (swapper/0) hcd:I:   --Port Interrupt HPRT0=0x00001009 Port Enable Changed--
<4>[   32.031184] c1 34 (khubd) hcd:Indeed it is in host mode hprt0 = 00001501
<7>[   32.081911] c0 36 (kworker/0:1) hcd:I:   --Port Interrupt HPRT0=0x0000100d Port Enable Changed--
<7>[   32.254630] c0 439 (1643_recv_threa) hcd:I:   --Port Interrupt HPRT0=0x00001009 Port Enable Changed--
<4>[   32.282150] c3 34 (khubd) hcd:Indeed it is in host mode hprt0 = 00001501
<7>[   32.332764] c0 0 (swapper/0) hcd:I:   --Port Interrupt HPRT0=0x0000100d Port Enable Changed--
<6>[   32.584169] c3 34 (khubd) usb 1-1: new high-speed USB device number 5 using comip-hcd
<4>[   32.595661] c0 34 (khubd) usb 1-1: config index 0 lenght 39, result 9
<4>[   32.595674] c0 34 (khubd) 09 02 27 00 01 01 05 c0 fa 
<4>[   32.596009] c0 34 (khubd) usb 1-1: config index 0 lenght 39, result 39
<4>[   32.596019] c0 34 (khubd) 09 02 27 00 01 01 05 c0 fa 09 04 00 00 03 06 01 01 00 07 05 02 02 00 02 0a 07 05 81 02 00 02 0a 07 05 83 03 40 00 0a 
<4>[   32.596568] c0 34 (khubd) usb 1-1: config index 1 lenght 149, result 9
<4>[   32.596578] c0 34 (khubd) 09 02 95 00 03 02 06 c0 fa 
<4>[   32.596910] c0 34 (khubd) usb 1-1: config index 1 lenght 149, result 149
<4>[   32.596920] c0 34 (khubd) 09 02 95 00 03 02 06 c0 fa 09 04 00 00 00 01 01 00 00 09 24 01 00 01 1e 00 01 01 0c 24 02 01 01 02 02 02 03 00 00 00 09 24 03 02 01 01 01 01 00 09 04 01 00 00 01 02 00 00 09 04 01 01 01 01 02 00 00 07 24 01 02 
<4>[   32.597628] c0 34 (khubd) usb 1-1: config index 2 lenght 62, result 9
<4>[   32.597638] c0 34 (khubd) 09 02 3e 00 02 03 07 c0 fa 
<4>[   32.597903] c0 34 (khubd) usb 1-1: config index 2 lenght 62, result 62
<4>[   32.597914] c0 34 (khubd) 09 02 3e 00 02 03 07 c0 fa 09 04 00 00 03 06 01 01 00 07 05 02 02 00 02 0a 07 05 81 02 00 02 0a 07 05 83 03 40 00 0a 09 04 01 00 02 ff fe 02 0d 07 05 04 02 00 02 00 07 05 85 02 00 02 00 
<4>[   32.598445] c0 34 (khubd) usb 1-1: config index 3 lenght 117, result 9
<4>[   32.598454] c0 34 (khubd) 09 02 75 00 03 04 08 c0 fa 
<4>[   32.598757] c0 34 (khubd) usb 1-1: config index 3 lenght 117, result 117
<4>[   32.598767] c0 34 (khubd) 09 02 75 00 03 04 08 c0 fa 09 04 00 00 03 06 01 01 00 07 05 02 02 00 02 0a 07 05 81 02 00 02 0a 07 05 83 03 40 00 0a 09 04 01 00 02 ff fe 02 0d 07 05 04 02 00 02 00 07 05 85 02 00 02 00 09 04 02 00 00 ff fd 01 
<3>[   32.600213] c0 34 (khubd) usb 1-1: device v05ac p12a8 is not supported
<4>[   32.603499] c0 34 (khubd) apple device connected
<4>[   32.603536] c0 34 (khubd) usb_aoa: probe of 1-1:1.0 failed with error -1
<7>[   32.754664] c0 284 (MB_Socket_Recei) hcd:I:   --Port Interrupt HPRT0=0x00001009 Port Enable Changed--
<4>[   32.754788] c0 34 (khubd) role switch error:-71
<4>[   32.755006] c0 34 (khubd) apple_roleswitch: probe of 1-1:1.0 failed with error 1
<3>[   32.755565] c0 34 (khubd) hub 1-0:1.0: port 1 disabled by hub (EMI?), re-enabling...
<6>[   32.756985] c0 34 (khubd) usb 1-1: USB disconnect, device number 5
<4>[   32.862155] c0 34 (khubd) hcd:Indeed it is in host mode hprt0 = 00001501
<7>[   32.917581] c0 0 (swapper/0) hcd:I:   --Port Interrupt HPRT0=0x0000100d Port Enable Changed--
<7>[   32.917749] c0 0 (swapper/0) hcd:I:   --Port Interrupt HPRT0=0x00001008 Port Enable Changed--
<6>[   55.578334] c0 463 (hdvt_work) modem: modem open ref 1, status 3
<6>[   55.578399] c0 463 (hdvt_work) modem: modem status(3) != MODEM_RELEASE.open modem again! 
<6>[   55.590668] c1 463 (hdvt_work) modem: modem release ref 2, status 3
<7>[   56.636382] c0 425 (dji_hdvt_gnd) bridge: start_xmit info: lmi42 xmit skb ce715000 CP busy!
<7>[   56.684986] c0 0 (swapper/0) bridge: start_xmit info: lmi42 xmit skb ce715000 CP ready!
<4>[   91.059170] c1 34 (khubd) hcd:Indeed it is in host mode hprt0 = 00021501
<7>[   91.111392] c0 0 (swapper/0) hcd:I:   --Port Interrupt HPRT0=0x0000100d Port Enable Changed--
<6>[   91.213158] c1 34 (khubd) usb 1-1: new high-speed USB device number 7 using comip-hcd
<4>[   91.213488] c0 34 (khubd) hcd:Indeed it is in host mode hprt0 = 00001101
<7>[   91.213512] c0 34 (khubd) hcd:I:   --Port Interrupt HPRT0=0x00001109 Port Enable Changed--
<7>[   91.264391] c0 0 (swapper/0) hcd:I:   --Port Interrupt HPRT0=0x0000100d Port Enable Changed--
<4>[   91.377646] c1 34 (khubd) usb 1-1: config index 0 lenght 39, result 9
<4>[   91.377667] c1 34 (khubd) 09 02 27 00 01 01 05 c0 fa 
<4>[   91.378092] c1 34 (khubd) usb 1-1: config index 0 lenght 39, result 39
<4>[   91.378104] c1 34 (khubd) 09 02 27 00 01 01 05 c0 fa 09 04 00 00 03 06 01 01 00 07 05 02 02 00 02 0a 07 05 81 02 00 02 0a 07 05 83 03 40 00 0a 
<4>[   91.379618] c0 34 (khubd) usb 1-1: config index 1 lenght 149, result 9
<4>[   91.379629] c0 34 (khubd) 09 02 95 00 03 02 06 c0 fa 
<4>[   91.379907] c0 34 (khubd) usb 1-1: config index 1 lenght 149, result 149
<4>[   91.379917] c0 34 (khubd) 09 02 95 00 03 02 06 c0 fa 09 04 00 00 00 01 01 00 00 09 24 01 00 01 1e 00 01 01 0c 24 02 01 01 02 02 02 03 00 00 00 09 24 03 02 01 01 01 01 00 09 04 01 00 00 01 02 00 00 09 04 01 01 01 01 02 00 00 07 24 01 02 
<4>[   91.380763] c0 34 (khubd) usb 1-1: config index 2 lenght 62, result 9
<4>[   91.380773] c0 34 (khubd) 09 02 3e 00 02 03 07 c0 fa 
<4>[   91.381216] c0 34 (khubd) usb 1-1: config index 2 lenght 62, result 62
<4>[   91.381228] c0 34 (khubd) 09 02 3e 00 02 03 07 c0 fa 09 04 00 00 03 06 01 01 00 07 05 02 02 00 02 0a 07 05 81 02 00 02 0a 07 05 83 03 40 00 0a 09 04 01 00 02 ff fe 02 0d 07 05 04 02 00 02 00 07 05 85 02 00 02 00 
<4>[   91.383323] c3 34 (khubd) usb 1-1: config index 3 lenght 117, result 9
<4>[   91.383335] c3 34 (khubd) 09 02 75 00 03 04 08 c0 fa 
<4>[   91.383698] c3 34 (khubd) usb 1-1: config index 3 lenght 117, result 117
<4>[   91.383709] c3 34 (khubd) 09 02 75 00 03 04 08 c0 fa 09 04 00 00 03 06 01 01 00 07 05 02 02 00 02 0a 07 05 81 02 00 02 0a 07 05 83 03 40 00 0a 09 04 01 00 02 ff fe 02 0d 07 05 04 02 00 02 00 07 05 85 02 00 02 00 09 04 02 00 00 ff fd 01 
<3>[   91.385129] c0 34 (khubd) usb 1-1: device v05ac p12a8 is not supported
<4>[   91.391264] c0 34 (khubd) apple device connected
<4>[   91.391306] c0 34 (khubd) usb_aoa: probe of 1-1:1.0 failed with error -1
<4>[   91.551144] c3 34 (khubd) role switch ok:0
<4>[   91.582087] c3 34 (khubd) USB_OTG: comip_otg_host_to_mfi, ID 0 otg_state 3
<4>[   91.582151] c3 34 (khubd) apple_roleswitch: probe of 1-1:1.0 failed with error 1
<4>[   91.582558] c3 6 (kworker/u10:0) USB_OTG: comip_otg_event: begin last_id 0 last_state 1 curr_id 0 curr_state 3
<4>[   91.582572] c3 6 (kworker/u10:0) USB_OTG: id not changed! id = 0
<4>[   91.582587] c3 6 (kworker/u10:0) USB_OTG: comip_otg_start_host: 186, on = 0
<4>[   91.582599] c3 6 (kworker/u10:0) USB_OTG: comip_otg_start_host:host off......
<4>[   91.582614] c3 6 (kworker/u10:0) LZS comip_hcd_driver_stop: 1210, enter:_dev->id=0
<6>[   91.593267] c3 34 (khubd) usb 1-1: USB disconnect, device number 7
<4>[   91.597081] c1 492 (mfi_dev_timer_k) mfi_dev_timer_kthread waiting for apple device enmuration
<4>[   91.699310] c3 6 (kworker/u10:0) USB power should be on.
<7>[   91.699333] c3 6 (kworker/u10:0) hcd:I: comip_hcd_driver_stop end
<4>[   91.709352] c3 6 (kworker/u10:0) USB_OTG: set vbus power 1
<4>[   91.810103] c3 6 (kworker/u10:0) USB_OTG: comip_otg_start_mfi: 242, on = 1
<6>[   91.810157] c3 6 (kworker/u10:0) mfi_dev gadget: mfi_dev ready
<4>[   91.810597] c3 6 (kworker/u10:0) my_alloc_ep_reqs ok
<4>[   91.810610] c3 6 (kworker/u10:0) my_ep_init ok
<4>[   91.810626] c3 6 (kworker/u10:0) my_alloc_ep_reqs ok
<4>[   91.810636] c3 6 (kworker/u10:0) my_ep_init ok
<4>[   91.810649] c3 6 (kworker/u10:0) my_if0_init ok
<4>[   91.810799] c3 6 (kworker/u10:0) my_alloc_ep_reqs ok
<4>[   91.810810] c3 6 (kworker/u10:0) my_ep_init ok
<4>[   91.810829] c3 6 (kworker/u10:0) my_alloc_ep_reqs ok
<4>[   91.810840] c3 6 (kworker/u10:0) my_ep_init ok
<4>[   91.810851] c3 6 (kworker/u10:0) my_if1_init ok
<4>[   91.820878] c3 6 (kworker/u10:0) u2d_usb_init
<4>[   91.981154] c0 0 (swapper/0) dev->gadget.speed = USB_SPEED_HIGH
<6>[   92.009259] c0 0 (swapper/0) mfi_dev gadget: high-speed config #1: mfi device
<4>[   92.009277] c0 0 (swapper/0) if_set_alt s_if0,0.0
<4>[   92.009315] c0 0 (swapper/0) my_if0_en ok
<4>[   92.009327] c0 0 (swapper/0) if_set_alt s_if1,1.0
<4>[   92.128112] c3 6 (kworker/u10:0) USB_OTG: comip_otg_event: end   last_id 0 last_state 3 curr_id 0 curr_state 3
<3>[   92.843725] c0 4120 (iap2_task) i2c-1: wait rx timeout!
<3>[   92.844733] c0 4120 (iap2_task) i2c-1-0x11: xfer error -110.
<4>[   92.845777] c0 4120 (iap2_task) mfi_i2c_read_bytes i2c_master_recv_retry error -110
<3>[   92.986426] c1 4120 (iap2_task) i2c-1: wait rx timeout!
<3>[   92.987353] c1 4120 (iap2_task) i2c-1-0x11: xfer error -110.
<4>[   92.988354] c1 4120 (iap2_task) mfi_i2c_read_bytes i2c_master_recv_retry error -110
<4>[   93.598085] c1 492 (mfi_dev_timer_k) mfi_dev_timer_kthread mfi back to host
<4>[   93.598111] c1 492 (mfi_dev_timer_k) USB_OTG: comip_otg_mfi_to_host, ID 0 otg_state 1
<4>[   93.598165] c2 75 (kworker/u10:3) USB_OTG: comip_otg_event: begin last_id 0 last_state 3 curr_id 0 curr_state 1
<4>[   93.598181] c2 75 (kworker/u10:3) USB_OTG: id not changed! id = 0
<4>[   93.598195] c2 75 (kworker/u10:3) USB_OTG: comip_otg_start_mfi: 242, on = 0
<4>[   93.598324] c2 75 (kworker/u10:3) if_disable s_if0
<4>[   93.598361] c2 75 (kworker/u10:3) my_if0_dis ok
<4>[   93.598374] c2 75 (kworker/u10:3) if_disable s_if1
<4>[   93.598385] c2 75 (kworker/u10:3) my_if1_dis already ok
<4>[   93.600411] c2 75 (kworker/u10:3) if_unbind s_if0
<4>[   93.600436] c2 75 (kworker/u10:3) my_free_ep_reqs ok
<4>[   93.600461] c2 75 (kworker/u10:3) my_free_ep_reqs ok
<4>[   93.600475] c2 75 (kworker/u10:3) my_if0_del ok
<4>[   93.600486] c2 75 (kworker/u10:3) if_unbind s_if1
<4>[   93.600520] c2 75 (kworker/u10:3) my_free_ep_reqs ok
<4>[   93.600726] c2 75 (kworker/u10:3) my_free_ep_reqs ok
<4>[   93.600740] c2 75 (kworker/u10:3) my_if1_del ok
<4>[   93.600752] c2 75 (kworker/u10:3) mfi_dev unbind
<4>[   93.603217] c2 75 (kworker/u10:3) USB_OTG: set vbus power 0
<4>[   93.704087] c2 75 (kworker/u10:3) USB_OTG: set vbus power 1
<4>[   93.735078] c2 75 (kworker/u10:3) USB_OTG: comip_otg_start_host: 186, on = 1
<4>[   93.745103] c2 75 (kworker/u10:3) USB_OTG: comip_otg_start_host:host on......c05a3740
<4>[   93.745118] c2 75 (kworker/u10:3) LZS comip_hcd_driver_start: 1251, enter
<4>[   93.745136] c2 75 (kworker/u10:3) enter comip_hcd_driver_start:id=0
<4>[   93.745148] c2 75 (kworker/u10:3) USB power should be on.
<7>[   93.750162] c2 75 (kworker/u10:3) hcd:I: comip_hcd_driver_start init_reg
<4>[   93.751178] c2 75 (kworker/u10:3) LZS set_usb_init_reg: 192, AP_PWR_PDFSM_ST1=0x00077000
<4>[   93.853231] c2 75 (kworker/u10:3) hcd:Using Descriptor DMA mode
<4>[   93.853244] c2 75 (kworker/u10:3) hcd:Periodic Transfer Interrupt Enhancement - disabled
<4>[   93.853256] c2 75 (kworker/u10:3) hcd:Multiprocessor Interrupt Enhancement - disabled
<4>[   93.853269] c2 75 (kworker/u10:3) hcd:OTG VER PARAM: 1, OTG VER FLAG: 1
<4>[   93.853314] c2 75 (kworker/u10:3) hcd:Init: Power Port (0)
<7>[   93.856957] c2 75 (kworker/u10:3) hcd:I: comip_hcd_driver_start end
<4>[   94.157114] c2 75 (kworker/u10:3) USB_OTG: comip_otg_event: end   last_id 0 last_state 1 curr_id 0 curr_state 1
<4>[   97.309144] c2 34 (khubd) hcd:Indeed it is in host mode hprt0 = 00021501
<7>[   97.359957] c0 0 (swapper/0) hcd:I:   --Port Interrupt HPRT0=0x0000100d Port Enable Changed--
<6>[   97.461152] c0 34 (khubd) usb 1-1: new high-speed USB device number 8 using comip-hcd
<4>[   97.461489] c0 34 (khubd) hcd:Indeed it is in host mode hprt0 = 00001101
<7>[   97.461509] c0 34 (khubd) hcd:I:   --Port Interrupt HPRT0=0x00001109 Port Enable Changed--
<7>[   97.515449] c0 0 (swapper/0) hcd:I:   --Port Interrupt HPRT0=0x0000100d Port Enable Changed--
<4>[   97.628584] c0 34 (khubd) usb 1-1: config index 0 lenght 39, result 9
<4>[   97.628604] c0 34 (khubd) 09 02 27 00 01 01 05 c0 fa 
<4>[   97.628904] c0 34 (khubd) usb 1-1: config index 0 lenght 39, result 39
<4>[   97.628916] c0 34 (khubd) 09 02 27 00 01 01 05 c0 fa 09 04 00 00 03 06 01 01 00 07 05 02 02 00 02 0a 07 05 81 02 00 02 0a 07 05 83 03 40 00 0a 
<4>[   97.629404] c0 34 (khubd) usb 1-1: config index 1 lenght 149, result 9
<4>[   97.629416] c0 34 (khubd) 09 02 95 00 03 02 06 c0 fa 
<4>[   97.629690] c0 34 (khubd) usb 1-1: config index 1 lenght 149, result 149
<4>[   97.629700] c0 34 (khubd) 09 02 95 00 03 02 06 c0 fa 09 04 00 00 00 01 01 00 00 09 24 01 00 01 1e 00 01 01 0c 24 02 01 01 02 02 02 03 00 00 00 09 24 03 02 01 01 01 01 00 09 04 01 00 00 01 02 00 00 09 04 01 01 01 01 02 00 00 07 24 01 02 
<4>[   97.630547] c0 34 (khubd) usb 1-1: config index 2 lenght 62, result 9
<4>[   97.630558] c0 34 (khubd) 09 02 3e 00 02 03 07 c0 fa 
<4>[   97.630797] c0 34 (khubd) usb 1-1: config index 2 lenght 62, result 62
<4>[   97.630822] c0 34 (khubd) 09 02 3e 00 02 03 07 c0 fa 09 04 00 00 03 06 01 01 00 07 05 02 02 00 02 0a 07 05 81 02 00 02 0a 07 05 83 03 40 00 0a 09 04 01 00 02 ff fe 02 0d 07 05 04 02 00 02 00 07 05 85 02 00 02 00 
<4>[   97.631296] c0 34 (khubd) usb 1-1: config index 3 lenght 117, result 9
<4>[   97.631306] c0 34 (khubd) 09 02 75 00 03 04 08 c0 fa 
<4>[   97.631543] c0 34 (khubd) usb 1-1: config index 3 lenght 117, result 117
<4>[   97.631564] c0 34 (khubd) 09 02 75 00 03 04 08 c0 fa 09 04 00 00 03 06 01 01 00 07 05 02 02 00 02 0a 07 05 81 02 00 02 0a 07 05 83 03 40 00 0a 09 04 01 00 02 ff fe 02 0d 07 05 04 02 00 02 00 07 05 85 02 00 02 00 09 04 02 00 00 ff fd 01 
<3>[   97.632886] c0 34 (khubd) usb 1-1: device v05ac p12a8 is not supported
<4>[   97.636679] c0 34 (khubd) apple device connected
<4>[   97.636715] c0 34 (khubd) usb_aoa: probe of 1-1:1.0 failed with error -1
<4>[   97.639661] c0 34 (khubd) role switch ok:0
<4>[   97.670106] c0 34 (khubd) USB_OTG: comip_otg_host_to_mfi, ID 0 otg_state 3
<4>[   97.670153] c3 75 (kworker/u10:3) USB_OTG: comip_otg_event: begin last_id 0 last_state 1 curr_id 0 curr_state 3
<4>[   97.670168] c0 34 (khubd) apple_roleswitch: probe of 1-1:1.0 failed with error 1
<4>[   97.670181] c3 75 (kworker/u10:3) USB_OTG: id not changed! id = 0
<4>[   97.670201] c3 75 (kworker/u10:3) USB_OTG: comip_otg_start_host: 186, on = 0
<4>[   97.670223] c3 75 (kworker/u10:3) USB_OTG: comip_otg_start_host:host off......
<4>[   97.670243] c3 75 (kworker/u10:3) LZS comip_hcd_driver_stop: 1210, enter:_dev->id=0
<6>[   97.673175] c0 34 (khubd) usb 1-1: USB disconnect, device number 8
<4>[   97.739097] c2 492 (mfi_dev_timer_k) mfi_dev_timer_kthread waiting for apple device enmuration
<4>[   97.783610] c3 75 (kworker/u10:3) USB power should be on.
<7>[   97.783630] c3 75 (kworker/u10:3) hcd:I: comip_hcd_driver_stop end
<4>[   97.793651] c3 75 (kworker/u10:3) USB_OTG: set vbus power 1
<4>[   97.894094] c3 75 (kworker/u10:3) USB_OTG: comip_otg_start_mfi: 242, on = 1
<6>[   97.894147] c3 75 (kworker/u10:3) mfi_dev gadget: mfi_dev ready
<4>[   97.894878] c3 75 (kworker/u10:3) my_alloc_ep_reqs ok
<4>[   97.894891] c3 75 (kworker/u10:3) my_ep_init ok
<4>[   97.894909] c3 75 (kworker/u10:3) my_alloc_ep_reqs ok
<4>[   97.894920] c3 75 (kworker/u10:3) my_ep_init ok
<4>[   97.894931] c3 75 (kworker/u10:3) my_if0_init ok
<4>[   97.895077] c3 75 (kworker/u10:3) my_alloc_ep_reqs ok
<4>[   97.895090] c3 75 (kworker/u10:3) my_ep_init ok
<4>[   97.895110] c3 75 (kworker/u10:3) my_alloc_ep_reqs ok
<4>[   97.895121] c3 75 (kworker/u10:3) my_ep_init ok
<4>[   97.895132] c3 75 (kworker/u10:3) my_if1_init ok
<4>[   97.905157] c3 75 (kworker/u10:3) u2d_usb_init
<4>[   98.065115] c0 0 (swapper/0) dev->gadget.speed = USB_SPEED_HIGH
<6>[   98.092953] c0 0 (swapper/0) mfi_dev gadget: high-speed config #1: mfi device
<4>[   98.092976] c0 0 (swapper/0) if_set_alt s_if0,0.0
<4>[   98.093015] c0 0 (swapper/0) my_if0_en ok
<4>[   98.093027] c0 0 (swapper/0) if_set_alt s_if1,1.0
<4>[   98.212136] c0 75 (kworker/u10:3) USB_OTG: comip_otg_event: end   last_id 0 last_state 3 curr_id 0 curr_state 3
<3>[   98.802696] c2 4379 (iap2_task) i2c-1: wait rx timeout!
<3>[   98.803615] c2 4379 (iap2_task) i2c-1-0x11: xfer error -110.
<4>[   98.804598] c2 4379 (iap2_task) mfi_i2c_read_bytes i2c_master_recv_retry error -110
<3>[   98.943865] c0 4379 (iap2_task) i2c-1: wait rx timeout!
<3>[   98.944860] c1 4379 (iap2_task) i2c-1-0x11: xfer error -110.
<4>[   98.945859] c1 4379 (iap2_task) mfi_i2c_read_bytes i2c_master_recv_retry error -110
<4>[  114.266625] c0 0 (swapper/0) if_set_alt s_if1,1.1
<4>[  114.266734] c0 0 (swapper/0) my_if1_en ok
<6>[  114.425371] c3 445 (hg_wl_chn_recei) sdr: to empty: wait cp communication to ready
<6>[  114.527164] c3 445 (hg_wl_chn_recei) sdr: to empty: cp ready
<6>[  114.707742] c1 5020 (mount) EXT4-fs (mmcblk0p5): re-mounted. Opts: (null)
<6>[  114.789209] c1 5025 (mount) EXT4-fs (mmcblk0p5): re-mounted. Opts: (null)
<6>[  118.991998] c1 5210 (mount) EXT4-fs (mmcblk0p5): re-mounted. Opts: (null)
<6>[  119.022787] c1 5211 (mount) EXT4-fs (mmcblk0p5): re-mounted. Opts: (null)
<6>[  120.063283] c1 5257 (mount) EXT4-fs (mmcblk0p5): re-mounted. Opts: (null)
<6>[  120.101725] c0 5258 (mount) EXT4-fs (mmcblk0p5): re-mounted. Opts: (null)
<6>[  127.429210] c2 5540 (mount) EXT4-fs (mmcblk0p5): re-mounted. Opts: (null)
<6>[  127.468315] c0 5541 (mount) EXT4-fs (mmcblk0p5): re-mounted. Opts: (null)
<7>[  166.972725] c1 6 (kworker/u10:0) key 262 reported
<7>[  166.972764] c1 6 (kworker/u10:0) key 393 reported
<7>[  167.165106] c3 6 (kworker/u10:0) key 393 reported
<7>[  264.620191] c2 498 (dji_hdvt_gnd) bridge: start_xmit info: lmi42 xmit skb ce3c2a80 CP busy!
<7>[  264.635878] c0 439 (1643_recv_threa) bridge: start_xmit info: lmi42 xmit skb ce3c2a80 CP ready!
<7>[  325.880060] c0 0 (swapper/0) Warnning: timer1 int-excep
<7>[  343.549206] c1 425 (dji_hdvt_gnd) bridge: start_xmit info: lmi42 xmit skb cac87cc0 CP busy!
<7>[  343.596413] c0 0 (swapper/0) bridge: start_xmit info: lmi42 xmit skb cac87cc0 CP ready!
<7>[  352.744405] c0 425 (dji_hdvt_gnd) bridge: start_xmit info: lmi42 xmit skb ce339e40 CP busy!
<7>[  352.850329] c0 439 (1643_recv_threa) bridge: start_xmit info: lmi42 xmit skb ce339e40 CP ready!
<7>[  352.862284] c2 425 (dji_hdvt_gnd) bridge: start_xmit info: lmi42 xmit skb ce2e1cc0 CP busy!
<7>[  353.061642] c0 0 (swapper/0) bridge: start_xmit info: lmi42 xmit skb ce2e1cc0 CP ready!
<7>[  358.922327] c0 425 (dji_hdvt_gnd) bridge: start_xmit info: lmi42 xmit skb ce2c1540 CP busy!
<7>[  359.061738] c0 0 (swapper/0) bridge: start_xmit info: lmi42 xmit skb ce2c1540 CP ready!
<7>[  361.919180] c2 498 (dji_hdvt_gnd) bridge: start_xmit info: lmi42 xmit skb ce3c4f00 CP busy!
<7>[  363.836671] c0 439 (1643_recv_threa) bridge: start_xmit info: lmi42 xmit skb ce3c4f00 CP ready!
<7>[  365.217162] c2 0 (swapper/2) bridge: start_xmit info: lmi42 xmit skb cac500b0 CP busy!
<7>[  366.076182] c0 425 (dji_hdvt_gnd) bridge: start_xmit info: lmi42 xmit skb cac500b0 CP ready!
<7>[  366.121208] c1 498 (dji_hdvt_gnd) bridge: start_xmit info: lmi42 xmit skb cac96540 CP busy!
<7>[  366.625380] c0 0 (swapper/0) bridge: start_xmit info: lmi42 xmit skb cac96540 CP ready!
<7>[  371.134541] c0 447 (dji_hdvt_gnd) bridge: start_xmit info: lmi42 xmit skb cac81480 CP busy!
<4>[  373.993064] c3 0 (swapper/3) ------------[ cut here ]------------
<4>[  373.993117] c3 0 (swapper/3) WARNING: at net/sched/sch_generic.c:255 dev_watchdog+0x13c/0x230()
<6>[  373.993132] c3 0 (swapper/3) NETDEV WATCHDOG: lmi42 (comip-modem): transmit queue 0 timed out
<4>[  373.993142] c3 0 (swapper/3) Modules linked in: galcore
<4>[  373.993172] c3 0 (swapper/3) CPU: 3 PID: 0 Comm: swapper/3 Not tainted 3.10.62 #1
<4>[  373.993209] c3 0 (swapper/3) [<c0013598>] (unwind_backtrace+0x0/0xe0) from [<c0011680>] (show_stack+0x10/0x14)
<4>[  373.993235] c3 0 (swapper/3) [<c0011680>] (show_stack+0x10/0x14) from [<c0068ef0>] (warn_slowpath_common+0x4c/0x6c)
<4>[  373.993258] c3 0 (swapper/3) [<c0068ef0>] (warn_slowpath_common+0x4c/0x6c) from [<c0068f90>] (warn_slowpath_fmt+0x2c/0x3c)
<4>[  373.993280] c3 0 (swapper/3) [<c0068f90>] (warn_slowpath_fmt+0x2c/0x3c) from [<c03626cc>] (dev_watchdog+0x13c/0x230)
<4>[  373.993306] c3 0 (swapper/3) [<c03626cc>] (dev_watchdog+0x13c/0x230) from [<c0076aa4>] (call_timer_fn+0x80/0x198)
<4>[  373.993329] c3 0 (swapper/3) [<c0076aa4>] (call_timer_fn+0x80/0x198) from [<c00770a8>] (run_timer_softirq+0x1f8/0x270)
<4>[  373.993352] c3 0 (swapper/3) [<c00770a8>] (run_timer_softirq+0x1f8/0x270) from [<c0070630>] (__do_softirq+0x148/0x304)
<4>[  373.993372] c3 0 (swapper/3) [<c0070630>] (__do_softirq+0x148/0x304) from [<c0070884>] (do_softirq+0x48/0x6c)
<4>[  373.993393] c3 0 (swapper/3) [<c0070884>] (do_softirq+0x48/0x6c) from [<c0070ba4>] (irq_exit+0x84/0xd8)
<4>[  373.993414] c3 0 (swapper/3) [<c0070ba4>] (irq_exit+0x84/0xd8) from [<c000e500>] (handle_IRQ+0x68/0x8c)
<4>[  373.993436] c3 0 (swapper/3) [<c000e500>] (handle_IRQ+0x68/0x8c) from [<c0008448>] (gic_handle_irq+0x3c/0x60)
<4>[  373.993457] c3 0 (swapper/3) [<c0008448>] (gic_handle_irq+0x3c/0x60) from [<c000d784>] (__irq_svc+0x44/0x78)
<4>[  373.993472] c3 0 (swapper/3) Exception stack(0xcf471f98 to 0xcf471fe0)
<4>[  373.993487] c3 0 (swapper/3) 1f80:                                                       00000003 00000000
<4>[  373.993506] c3 0 (swapper/3) 1fa0: 00000003 00000000 cf470000 00000015 c03cb818 c05f0f38 0640406a 410fc075
<4>[  373.993525] c3 0 (swapper/3) 1fc0: 00000000 00000000 00000000 cf471fe0 c001c064 c001c068 600f0013 ffffffff
<4>[  373.993548] c3 0 (swapper/3) [<c000d784>] (__irq_svc+0x44/0x78) from [<c001c068>] (comip_wfi_do+0x24/0x28)
<4>[  373.993571] c3 0 (swapper/3) [<c001c068>] (comip_wfi_do+0x24/0x28) from [<c000e8b8>] (arch_cpu_idle+0x18/0x30)
<4>[  373.993597] c3 0 (swapper/3) [<c000e8b8>] (arch_cpu_idle+0x18/0x30) from [<c00a8650>] (cpu_startup_entry+0x174/0x230)
<4>[  373.993620] c3 0 (swapper/3) [<c00a8650>] (cpu_startup_entry+0x174/0x230) from [<067b82a4>] (0x67b82a4)
<4>[  373.993635] c3 0 (swapper/3) ---[ end trace c1d0d848122a5d33 ]---
<7>[  373.993648] c3 0 (swapper/3) bridge: bridge net tx still busy
<7>[  375.993063] c3 0 (swapper/3) bridge: bridge net tx still busy
<7>[  377.993077] c3 0 (swapper/3) bridge: bridge net tx still busy
<7>[  379.993072] c3 0 (swapper/3) bridge: bridge net tx still busy
<7>[  380.696247] c0 0 (swapper/0) bridge: start_xmit info: lmi42 xmit skb cac81480 CP ready!
<7>[  380.806900] c0 425 (dji_hdvt_gnd) bridge: start_xmit info: lmi42 xmit skb cac97780 CP busy!
<7>[  380.837077] c0 0 (swapper/0) bridge: start_xmit info: lmi42 xmit skb cac97780 CP ready!
<7>[  380.878192] c3 425 (dji_hdvt_gnd) bridge: start_xmit info: lmi42 xmit skb ce2303c0 CP busy!
<7>[  381.048434] c0 15486 (ps) bridge: start_xmit info: lmi42 xmit skb ce2303c0 CP ready!
<7>[  381.140878] c1 425 (dji_hdvt_gnd) bridge: start_xmit info: lmi42 xmit skb cac813c0 CP busy!
<7>[  381.147007] c0 15497 (grep) bridge: start_xmit info: lmi42 xmit skb cac813c0 CP ready!
<7>[  381.371036] c0 447 (dji_hdvt_gnd) bridge: start_xmit info: lmi42 xmit skb ce34f6c0 CP busy!
<7>[  381.414730] c0 0 (swapper/0) bridge: start_xmit info: lmi42 xmit skb ce34f6c0 CP ready!
<7>[  428.349522] c0 425 (dji_hdvt_gnd) bridge: start_xmit info: lmi42 xmit skb cebc8f00 CP busy!
<7>[  428.416253] c0 0 (swapper/0) bridge: start_xmit info: lmi42 xmit skb cebc8f00 CP ready!
<7>[  443.447339] c2 425 (dji_hdvt_gnd) bridge: start_xmit info: lmi42 xmit skb ce2ca840 CP busy!
<7>[  443.529423] c0 0 (swapper/0) bridge: start_xmit info: lmi42 xmit skb ce2ca840 CP ready!
<7>[  461.641756] c0 425 (dji_hdvt_gnd) bridge: start_xmit info: lmi42 xmit skb cac38300 CP busy!
<7>[  461.670941] c0 0 (swapper/0) bridge: start_xmit info: lmi42 xmit skb cac38300 CP ready!
<7>[  470.933600] c0 425 (dji_hdvt_gnd) bridge: start_xmit info: lmi42 xmit skb cac84e40 CP busy!
<7>[  471.037511] c0 0 (swapper/0) bridge: start_xmit info: lmi42 xmit skb cac84e40 CP ready!
<7>[  494.801017] c0 425 (dji_hdvt_gnd) bridge: start_xmit info: lmi42 xmit skb ce244c00 CP busy!
<7>[  494.841216] c0 0 (swapper/0) bridge: start_xmit info: lmi42 xmit skb ce244c00 CP ready!
<7>[  540.200684] c0 425 (dji_hdvt_gnd) bridge: start_xmit info: lmi42 xmit skb cac6bc00 CP busy!
<7>[  540.293418] c0 0 (swapper/0) bridge: start_xmit info: lmi42 xmit skb cac6bc00 CP ready!
<7>[  546.324526] c0 425 (dji_hdvt_gnd) bridge: start_xmit info: lmi42 xmit skb ce2ca000 CP busy!
<7>[  546.420459] c0 21994 (sh) bridge: start_xmit info: lmi42 xmit skb ce2ca000 CP ready!
<7>[  552.588286] c0 425 (dji_hdvt_gnd) bridge: start_xmit info: lmi42 xmit skb cad64f00 CP busy!
<7>[  552.702517] c0 456 (MB_WL_Receiver) bridge: start_xmit info: lmi42 xmit skb cad64f00 CP ready!
<7>[  560.543407] c0 425 (dji_hdvt_gnd) bridge: start_xmit info: lmi42 xmit skb ce2cf840 CP busy!
<7>[  560.730715] c0 0 (swapper/0) bridge: start_xmit info: lmi42 xmit skb ce2cf840 CP ready!
<7>[  561.530672] c0 447 (dji_hdvt_gnd) bridge: start_xmit info: lmi42 xmit skb ceb239c0 CP busy!
<7>[  561.730810] c0 0 (swapper/0) bridge: start_xmit info: lmi42 xmit skb ceb239c0 CP ready!
<7>[  561.751714] c0 447 (dji_hdvt_gnd) bridge: start_xmit info: lmi42 xmit skb cad5c900 CP busy!
<7>[  561.928205] c0 3 (ksoftirqd/0) bridge: start_xmit info: lmi42 xmit skb cad5c900 CP ready!
<7>[  561.937636] c2 447 (dji_hdvt_gnd) bridge: start_xmit info: lmi42 xmit skb ce2c8b40 CP busy!
<7>[  562.054771] c0 0 (swapper/0) bridge: start_xmit info: lmi42 xmit skb ce2c8b40 CP ready!
<7>[  562.203361] c0 425 (dji_hdvt_gnd) bridge: start_xmit info: lmi42 xmit skb ce7ae900 CP busy!
<7>[  562.618218] c0 440 (4210_recv_threa) bridge: start_xmit info: lmi42 xmit skb ce7ae900 CP ready!
<7>[  562.668829] c2 447 (dji_hdvt_gnd) bridge: start_xmit info: lmi42 xmit skb cac8ef00 CP busy!
<7>[  562.787242] c0 0 (swapper/0) bridge: start_xmit info: lmi42 xmit skb cac8ef00 CP ready!
<7>[  564.694561] c2 448 (udt_listen_task) bridge: start_xmit info: lmi42 xmit skb cac8ee40 CP busy!
<7>[  564.815487] c0 606 (logcat) bridge: start_xmit info: lmi42 xmit skb cac8ee40 CP ready!
<7>[  564.866407] c0 425 (dji_hdvt_gnd) bridge: start_xmit info: lmi42 xmit skb ce33d000 CP busy!
<7>[  564.899981] c0 0 (swapper/0) bridge: start_xmit info: lmi42 xmit skb ce33d000 CP ready!
<7>[  564.907433] c0 425 (dji_hdvt_gnd) bridge: start_xmit info: lmi42 xmit skb ce33df00 CP busy!
<7>[  564.998603] c0 439 (1643_recv_threa) bridge: start_xmit info: lmi42 xmit skb ce33df00 CP ready!
<7>[  568.768032] c2 425 (dji_hdvt_gnd) bridge: start_xmit info: lmi42 xmit skb ce2cfa80 CP busy!
<7>[  568.829705] c0 0 (swapper/0) bridge: start_xmit info: lmi42 xmit skb ce2cfa80 CP ready!
<7>[  568.904477] c3 447 (dji_hdvt_gnd) bridge: start_xmit info: lmi42 xmit skb cac8e540 CP busy!
<7>[  568.914148] c0 0 (swapper/0) bridge: start_xmit info: lmi42 xmit skb cac8e540 CP ready!
<7>[  568.976596] c1 447 (dji_hdvt_gnd) bridge: start_xmit info: lmi42 xmit skb ce2ca300 CP busy!
<7>[  569.069089] c0 461 (event_task) bridge: start_xmit info: lmi42 xmit skb ce2ca300 CP ready!
<7>[  570.574386] c0 425 (dji_hdvt_gnd) bridge: start_xmit info: lmi42 xmit skb ce996b40 CP busy!
<7>[  570.646659] c0 439 (1643_recv_threa) bridge: start_xmit info: lmi42 xmit skb ce996b40 CP ready!
<7>[  574.487317] c0 425 (dji_hdvt_gnd) bridge: start_xmit info: lmi42 xmit skb ce27c600 CP busy!
<7>[  574.590428] c0 0 (swapper/0) bridge: start_xmit info: lmi42 xmit skb ce27c600 CP ready!
<7>[  577.418516] c0 425 (dji_hdvt_gnd) bridge: start_xmit info: lmi42 xmit skb cebb6900 CP busy!
<7>[  577.590608] c0 68 (mmcqd/0) bridge: start_xmit info: lmi42 xmit skb cebb6900 CP ready!
<7>[  579.557508] c0 425 (dji_hdvt_gnd) bridge: start_xmit info: lmi42 xmit skb ce2b0600 CP busy!
<7>[  579.618724] c0 0 (swapper/0) bridge: start_xmit info: lmi42 xmit skb ce2b0600 CP ready!
<7>[  579.623494] c0 425 (dji_hdvt_gnd) bridge: start_xmit info: lmi42 xmit skb cac38a80 CP busy!
<7>[  579.703333] c0 439 (1643_recv_threa) bridge: start_xmit info: lmi42 xmit skb cac38a80 CP ready!
<7>[  582.630345] c0 425 (dji_hdvt_gnd) bridge: start_xmit info: lmi42 xmit skb cac96600 CP busy!
<7>[  582.731668] c0 0 (swapper/0) bridge: start_xmit info: lmi42 xmit skb cac96600 CP ready!
<7>[  585.947580] c0 425 (dji_hdvt_gnd) bridge: start_xmit info: lmi42 xmit skb cacb9cc0 CP busy!
<7>[  586.027417] c0 3 (ksoftirqd/0) bridge: start_xmit info: lmi42 xmit skb cacb9cc0 CP ready!
<7>[  588.697570] c0 425 (dji_hdvt_gnd) bridge: start_xmit info: lmi42 xmit skb ce2c9900 CP busy!
<7>[  588.802206] c0 0 (swapper/0) bridge: start_xmit info: lmi42 xmit skb ce2c9900 CP ready!
<7>[  594.977672] c0 425 (dji_hdvt_gnd) bridge: start_xmit info: lmi42 xmit skb ce3b2540 CP busy!
<7>[  595.027841] c0 606 (logcat) bridge: start_xmit info: lmi42 xmit skb ce3b2540 CP ready!
<7>[  595.177807] c0 425 (dji_hdvt_gnd) bridge: start_xmit info: lmi42 xmit skb cacb99c0 CP busy!
<7>[  595.267258] c0 0 (swapper/0) bridge: start_xmit info: lmi42 xmit skb cacb99c0 CP ready!
<7>[  595.277580] c0 425 (dji_hdvt_gnd) bridge: start_xmit info: lmi42 xmit skb ceac7180 CP busy!
<7>[  595.718094] c0 0 (swapper/0) bridge: start_xmit info: lmi42 xmit skb ceac7180 CP ready!
<7>[  597.358744] c0 447 (dji_hdvt_gnd) bridge: start_xmit info: lmi42 xmit skb ce3f8600 CP busy!
<7>[  597.647652] c0 235 (Thread_Monitor_) bridge: start_xmit info: lmi42 xmit skb ce3f8600 CP ready!
<7>[  597.827673] c0 425 (dji_hdvt_gnd) bridge: start_xmit info: lmi42 xmit skb ceb23600 CP busy!
<7>[  597.844839] c0 24025 (modem_info.sh) bridge: start_xmit info: lmi42 xmit skb ceb23600 CP ready!
<7>[  598.232798] c0 447 (dji_hdvt_gnd) bridge: start_xmit info: lmi42 xmit skb ce2d0840 CP busy!
<7>[  598.295606] c0 0 (swapper/0) bridge: start_xmit info: lmi42 xmit skb ce2d0840 CP ready!
<7>[  606.793850] c0 425 (dji_hdvt_gnd) bridge: start_xmit info: lmi42 xmit skb cebbbe40 CP busy!
<7>[  607.000259] c0 0 (swapper/0) bridge: start_xmit info: lmi42 xmit skb cebbbe40 CP ready!
<7>[  614.699210] c2 425 (dji_hdvt_gnd) bridge: start_xmit info: lmi42 xmit skb ce2d10c0 CP busy!
<7>[  614.732645] c0 0 (swapper/0) bridge: start_xmit info: lmi42 xmit skb ce2d10c0 CP ready!
<7>[  616.298377] c0 425 (dji_hdvt_gnd) bridge: start_xmit info: lmi42 xmit skb ce2c9d80 CP busy!
<7>[  616.465044] c0 0 (swapper/0) bridge: start_xmit info: lmi42 xmit skb ce2c9d80 CP ready!
<7>[  624.200593] c0 447 (dji_hdvt_gnd) bridge: start_xmit info: lmi42 xmit skb ce383d80 CP busy!
<7>[  624.676657] c0 439 (1643_recv_threa) bridge: start_xmit info: lmi42 xmit skb ce383d80 CP ready!
<7>[  624.732761] c0 447 (dji_hdvt_gnd) bridge: start_xmit info: lmi42 xmit skb ce33dd80 CP busy!
<7>[  624.888011] c0 0 (swapper/0) bridge: start_xmit info: lmi42 xmit skb ce33dd80 CP ready!
<7>[  624.891313] c0 425 (dji_hdvt_gnd) bridge: start_xmit info: lmi42 xmit skb ce33dd80 CP busy!
<7>[  625.014713] c0 439 (1643_recv_threa) bridge: start_xmit info: lmi42 xmit skb ce33dd80 CP ready!
<7>[  625.054316] c0 425 (dji_hdvt_gnd) bridge: start_xmit info: lmi42 xmit skb ce726000 CP busy!
<7>[  625.226203] c0 25092 (ps) bridge: start_xmit info: lmi42 xmit skb ce726000 CP ready!
<7>[  627.347449] c0 425 (dji_hdvt_gnd) bridge: start_xmit info: lmi42 xmit skb cac00840 CP busy!
<7>[  629.993069] c3 0 (swapper/3) bridge: bridge net tx still busy
<7>[  630.691133] c0 25314 (grep) bridge: start_xmit info: lmi42 xmit skb cac00840 CP ready!
<7>[  630.730901] c0 447 (dji_hdvt_gnd) bridge: start_xmit info: lmi42 xmit skb cebc9780 CP busy!
<7>[  630.888099] c0 439 (1643_recv_threa) bridge: start_xmit info: lmi42 xmit skb cebc9780 CP ready!
<7>[  632.358208] c1 447 (dji_hdvt_gnd) bridge: start_xmit info: lmi42 xmit skb ceafc840 CP busy!
<7>[  635.993078] c3 0 (swapper/3) bridge: bridge net tx still busy
<7>[  637.993073] c3 445 (hg_wl_chn_recei) bridge: bridge net tx still busy
<7>[  639.993070] c3 0 (swapper/3) bridge: bridge net tx still busy
<7>[  641.993065] c3 0 (swapper/3) bridge: bridge net tx still busy
<7>[  643.993084] c3 25837 (grep) bridge: bridge net tx still busy
<7>[  645.993067] c3 0 (swapper/3) bridge: bridge net tx still busy
<7>[  647.993070] c3 25991 (ps) bridge: bridge net tx still busy
<7>[  649.993067] c3 445 (hg_wl_chn_recei) bridge: bridge net tx still busy
<7>[  651.993078] c3 26145 (ps) bridge: bridge net tx still busy
<7>[  652.044150] c0 0 (swapper/0) bridge: start_xmit info: lmi42 xmit skb ceafc840 CP ready!
<7>[  652.257175] c2 26177 (sh) bridge: start_xmit info: lmi42 xmit skb cac50230 CP busy!
<7>[  652.818434] c0 0 (swapper/0) bridge: start_xmit info: lmi42 xmit skb cac50230 CP ready!
<7>[  652.823528] c0 425 (dji_hdvt_gnd) bridge: start_xmit info: lmi42 xmit skb ce26af00 CP busy!
<7>[  652.874770] c0 0 (swapper/0) bridge: start_xmit info: lmi42 xmit skb ce26af00 CP ready!
<7>[  653.721472] c3 447 (dji_hdvt_gnd) bridge: start_xmit info: lmi42 xmit skb cf5e7900 CP busy!
<7>[  653.917172] c0 439 (1643_recv_threa) bridge: start_xmit info: lmi42 xmit skb cf5e7900 CP ready!
<7>[  655.197952] c0 425 (dji_hdvt_gnd) bridge: start_xmit info: lmi42 xmit skb ce2b1900 CP busy!
<7>[  655.818615] c0 439 (1643_recv_threa) bridge: start_xmit info: lmi42 xmit skb ce2b1900 CP ready!
<7>[  655.924428] c0 447 (dji_hdvt_gnd) bridge: start_xmit info: lmi42 xmit skb ce223840 CP busy!
<7>[  656.072176] c0 440 (4210_recv_threa) bridge: start_xmit info: lmi42 xmit skb ce223840 CP ready!
<7>[  656.424536] c0 447 (dji_hdvt_gnd) bridge: start_xmit info: lmi42 xmit skb ce2d29c0 CP busy!
<7>[  656.536960] c0 440 (4210_recv_threa) bridge: start_xmit info: lmi42 xmit skb ce2d29c0 CP ready!
<7>[  656.648356] c0 447 (dji_hdvt_gnd) bridge: start_xmit info: lmi42 xmit skb cac3d600 CP busy!
<7>[  656.804711] c0 0 (swapper/0) bridge: start_xmit info: lmi42 xmit skb cac3d600 CP ready!
<7>[  656.916840] c0 425 (dji_hdvt_gnd) bridge: start_xmit info: lmi42 xmit skb ce292480 CP busy!
<7>[  656.987651] c0 0 (swapper/0) bridge: start_xmit info: lmi42 xmit skb ce292480 CP ready!
<7>[  657.517150] c0 447 (dji_hdvt_gnd) bridge: start_xmit info: lmi42 xmit skb ce2f8a80 CP busy!
<7>[  657.861010] c0 0 (swapper/0) bridge: start_xmit info: lmi42 xmit skb ce2f8a80 CP ready!
<7>[  657.920445] c0 425 (dji_hdvt_gnd) bridge: start_xmit info: lmi42 xmit skb ce292b40 CP busy!
<7>[  658.058204] c0 0 (swapper/0) bridge: start_xmit info: lmi42 xmit skb ce292b40 CP ready!
<7>[  658.084716] c2 447 (dji_hdvt_gnd) bridge: start_xmit info: lmi42 xmit skb cacbb780 CP busy!
<7>[  658.579244] c0 0 (swapper/0) bridge: start_xmit info: lmi42 xmit skb cacbb780 CP ready!
<7>[  660.314437] c0 447 (dji_hdvt_gnd) bridge: start_xmit info: lmi42 xmit skb cac81840 CP busy!
<7>[  660.325872] c0 471 (keyscan_task) bridge: start_xmit info: lmi42 xmit skb cac81840 CP ready!
<7>[  660.586833] c0 425 (dji_hdvt_gnd) bridge: start_xmit info: lmi42 xmit skb ce70aa80 CP busy!
<7>[  660.678206] c0 0 (swapper/0) bridge: start_xmit info: lmi42 xmit skb ce70aa80 CP ready!
<7>[  660.859107] c2 425 (dji_hdvt_gnd) bridge: start_xmit info: lmi42 xmit skb cacbb480 CP busy!
<7>[  660.861105] c0 440 (4210_recv_threa) bridge: start_xmit info: lmi42 xmit skb cacbb480 CP ready!
<7>[  660.919559] c0 447 (dji_hdvt_gnd) bridge: start_xmit info: lmi42 xmit skb cac97a80 CP busy!
<7>[  661.016047] c0 0 (swapper/0) bridge: start_xmit info: lmi42 xmit skb cac97a80 CP ready!
<7>[  661.192917] c0 447 (dji_hdvt_gnd) bridge: start_xmit info: lmi42 xmit skb cac97f00 CP busy!
<7>[  661.227307] c0 0 (swapper/0) bridge: start_xmit info: lmi42 xmit skb cac97f00 CP ready!
<7>[  661.861480] c3 426 (UdtDataReceiver) bridge: start_xmit info: lmi42 xmit skb cac96480 CP busy!
<7>[  662.015979] c0 0 (swapper/0) bridge: start_xmit info: lmi42 xmit skb cac96480 CP ready!
<7>[  662.257816] c0 425 (dji_hdvt_gnd) bridge: start_xmit info: lmi42 xmit skb ce294240 CP busy!
<7>[  662.325877] c0 439 (1643_recv_threa) bridge: start_xmit info: lmi42 xmit skb ce294240 CP ready!
<7>[  663.454490] c0 425 (dji_hdvt_gnd) bridge: start_xmit info: lmi42 xmit skb ce3e9000 CP busy!
<7>[  664.311978] c0 26647 (modem_info.sh) bridge: start_xmit info: lmi42 xmit skb ce3e9000 CP ready!
<7>[  666.428230] c0 425 (dji_hdvt_gnd) bridge: start_xmit info: lmi42 xmit skb ce2b1480 CP busy!
<7>[  666.621780] c0 0 (swapper/0) bridge: start_xmit info: lmi42 xmit skb ce2b1480 CP ready!
<7>[  666.714366] c0 425 (dji_hdvt_gnd) bridge: start_xmit info: lmi42 xmit skb cebc9f00 CP busy!
<7>[  666.819098] c0 26734 (grep) bridge: start_xmit info: lmi42 xmit skb cebc9f00 CP ready!
<7>[  668.191970] c0 447 (dji_hdvt_gnd) bridge: start_xmit info: lmi42 xmit skb ce564180 CP busy!
<7>[  668.453025] c0 0 (swapper/0) bridge: start_xmit info: lmi42 xmit skb ce564180 CP ready!
<7>[  668.532475] c1 447 (dji_hdvt_gnd) bridge: start_xmit info: lmi42 xmit skb ce232b40 CP busy!
<7>[  668.650111] c0 68 (mmcqd/0) bridge: start_xmit info: lmi42 xmit skb ce232b40 CP ready!
<7>[  668.716323] c1 447 (dji_hdvt_gnd) bridge: start_xmit info: lmi42 xmit skb ceba0f00 CP busy!
<7>[  668.805003] c0 0 (swapper/0) bridge: start_xmit info: lmi42 xmit skb ceba0f00 CP ready!
<7>[  669.250657] c0 447 (dji_hdvt_gnd) bridge: start_xmit info: lmi42 xmit skb ce2e1e40 CP busy!
<7>[  669.255690] c0 0 (swapper/0) bridge: start_xmit info: lmi42 xmit skb ce2e1e40 CP ready!
<7>[  671.517907] c0 425 (dji_hdvt_gnd) bridge: start_xmit info: lmi42 xmit skb ce70a9c0 CP busy!
<7>[  671.636128] c0 0 (swapper/0) bridge: start_xmit info: lmi42 xmit skb ce70a9c0 CP ready!
<7>[  672.597868] c2 425 (dji_hdvt_gnd) bridge: start_xmit info: lmi42 xmit skb ce3e9f00 CP busy!
<7>[  672.621944] c0 0 (swapper/0) bridge: start_xmit info: lmi42 xmit skb ce3e9f00 CP ready!
<7>[  677.298602] c1 425 (dji_hdvt_gnd) bridge: start_xmit info: lmi42 xmit skb ce7310c0 CP busy!
<7>[  677.481286] c0 0 (swapper/0) bridge: start_xmit info: lmi42 xmit skb ce7310c0 CP ready!
<7>[  679.556534] c0 425 (dji_hdvt_gnd) bridge: start_xmit info: lmi42 xmit skb ce70bb40 CP busy!
<7>[  679.608136] c0 0 (swapper/0) bridge: start_xmit info: lmi42 xmit skb ce70bb40 CP ready!
<7>[  679.610600] c0 447 (dji_hdvt_gnd) bridge: start_xmit info: lmi42 xmit skb ce2926c0 CP busy!
<7>[  679.706767] c0 0 (swapper/0) bridge: start_xmit info: lmi42 xmit skb ce2926c0 CP ready!
<7>[  679.711646] c0 425 (dji_hdvt_gnd) bridge: start_xmit info: lmi42 xmit skb ce34f6c0 CP busy!
<7>[  679.833671] c0 0 (swapper/0) bridge: start_xmit info: lmi42 xmit skb ce34f6c0 CP ready!
<7>[  682.451455] c0 425 (dji_hdvt_gnd) bridge: start_xmit info: lmi42 xmit skb cf6726c0 CP busy!
<7>[  682.521454] c0 0 (swapper/0) bridge: start_xmit info: lmi42 xmit skb cf6726c0 CP ready!
<7>[  682.547741] c0 425 (dji_hdvt_gnd) bridge: start_xmit info: lmi42 xmit skb ceb6a900 CP busy!
<7>[  682.608298] c0 0 (swapper/0) bridge: start_xmit info: lmi42 xmit skb ceb6a900 CP ready!
<7>[  685.527754] c0 425 (dji_hdvt_gnd) bridge: start_xmit info: lmi42 xmit skb ce23ac00 CP busy!
<7>[  685.580221] c0 0 (swapper/0) bridge: start_xmit info: lmi42 xmit skb ce23ac00 CP ready!
<7>[  685.591685] c0 425 (dji_hdvt_gnd) bridge: start_xmit info: lmi42 xmit skb ce23ac00 CP busy!
<7>[  685.650653] c0 0 (swapper/0) bridge: start_xmit info: lmi42 xmit skb ce23ac00 CP ready!
<7>[  688.622306] c0 425 (dji_hdvt_gnd) bridge: start_xmit info: lmi42 xmit skb ceb79840 CP busy!
<7>[  688.664895] c0 0 (swapper/0) bridge: start_xmit info: lmi42 xmit skb ceb79840 CP ready!
<7>[  691.681649] c0 425 (dji_hdvt_gnd) bridge: start_xmit info: lmi42 xmit skb ce339300 CP busy!
<7>[  691.791646] c0 0 (swapper/0) bridge: start_xmit info: lmi42 xmit skb ce339300 CP ready!
<7>[  700.748576] c0 425 (dji_hdvt_gnd) bridge: start_xmit info: lmi42 xmit skb cac8e900 CP busy!
<7>[  700.806127] c0 0 (swapper/0) bridge: start_xmit info: lmi42 xmit skb cac8e900 CP ready!
<7>[  703.726532] c0 425 (dji_hdvt_gnd) bridge: start_xmit info: lmi42 xmit skb ce3f4c00 CP busy!
<7>[  703.820471] c0 471 (keyscan_task) bridge: start_xmit info: lmi42 xmit skb ce3f4c00 CP ready!
<7>[  706.807657] c0 425 (dji_hdvt_gnd) bridge: start_xmit info: lmi42 xmit skb ce339a80 CP busy!
<7>[  706.862649] c0 439 (1643_recv_threa) bridge: start_xmit info: lmi42 xmit skb ce339a80 CP ready!
<7>[  709.778242] c2 425 (dji_hdvt_gnd) bridge: start_xmit info: lmi42 xmit skb cac42480 CP busy!
<7>[  709.820492] c0 0 (swapper/0) bridge: start_xmit info: lmi42 xmit skb cac42480 CP ready!
<7>[  712.822625] c0 425 (dji_hdvt_gnd) bridge: start_xmit info: lmi42 xmit skb ce55fb40 CP busy!
<7>[  712.961422] c0 0 (swapper/0) bridge: start_xmit info: lmi42 xmit skb ce55fb40 CP ready!
<7>[  718.884637] c0 425 (dji_hdvt_gnd) bridge: start_xmit info: lmi42 xmit skb ce565000 CP busy!
<7>[  718.961819] c0 0 (swapper/0) bridge: start_xmit info: lmi42 xmit skb ce565000 CP ready!
<7>[  724.904261] c2 425 (dji_hdvt_gnd) bridge: start_xmit info: lmi42 xmit skb cac160c0 CP busy!
<7>[  725.018261] c0 0 (swapper/0) bridge: start_xmit info: lmi42 xmit skb cac160c0 CP ready!
<7>[  727.940422] c0 425 (dji_hdvt_gnd) bridge: start_xmit info: lmi42 xmit skb ce27cb40 CP busy!
<7>[  728.004288] c0 0 (swapper/0) bridge: start_xmit info: lmi42 xmit skb ce27cb40 CP ready!
<7>[  743.121630] c0 425 (dji_hdvt_gnd) bridge: start_xmit info: lmi42 xmit skb cac00780 CP busy!
<7>[  743.187838] c0 0 (swapper/0) bridge: start_xmit info: lmi42 xmit skb cac00780 CP ready!
<7>[  746.133503] c0 425 (dji_hdvt_gnd) bridge: start_xmit info: lmi42 xmit skb cac16180 CP busy!
<7>[  746.216157] c0 0 (swapper/0) bridge: start_xmit info: lmi42 xmit skb cac16180 CP ready!
<7>[  833.470059] c0 0 (swapper/0) Warnning: timer1 int-excep
<4>[  868.141877] c0 0 (swapper/0) if_set_alt s_if1,1.0
<4>[  876.071703] c0 2553 (ps) if_set_alt s_if1,1.1
<4>[  876.071723] c0 2553 (ps) my_if1_en already ok
<6>[  876.518854] c1 2592 (mount) EXT4-fs (mmcblk0p5): re-mounted. Opts: (null)
<6>[  880.245443] c0 2745 (mount) EXT4-fs (mmcblk0p5): re-mounted. Opts: (null)
<6>[  880.279424] c0 2748 (mount) EXT4-fs (mmcblk0p5): re-mounted. Opts: (null)
<6>[  881.344671] c0 2782 (mount) EXT4-fs (mmcblk0p5): re-mounted. Opts: (null)
<6>[  881.388701] c0 2783 (mount) EXT4-fs (mmcblk0p5): re-mounted. Opts: (null)
<6>[  881.414267] c0 2787 (mount) EXT4-fs (mmcblk0p5): re-mounted. Opts: (null)
<6>[  881.450921] c0 2788 (mount) EXT4-fs (mmcblk0p5): re-mounted. Opts: (null)
<7>[  888.641361] c0 425 (dji_hdvt_gnd) bridge: start_xmit info: lmi42 xmit skb ce232600 CP busy!
<7>[  888.657689] c0 0 (swapper/0) bridge: start_xmit info: lmi42 xmit skb ce232600 CP ready!
<7>[  888.768714] c3 425 (dji_hdvt_gnd) bridge: start_xmit info: lmi42 xmit skb ce560cc0 CP busy!
<7>[  888.840836] c0 0 (swapper/0) bridge: start_xmit info: lmi42 xmit skb ce560cc0 CP ready!
<7>[  888.842957] c0 425 (dji_hdvt_gnd) bridge: start_xmit info: lmi42 xmit skb cf5e3480 CP busy!
<7>[  888.883204] c0 36 (kworker/0:1) bridge: start_xmit info: lmi42 xmit skb cf5e3480 CP ready!
<7>[  964.328242] c0 447 (dji_hdvt_gnd) bridge: start_xmit info: lmi42 xmit skb ce207e40 CP busy!
<7>[  964.477347] c0 0 (swapper/0) bridge: start_xmit info: lmi42 xmit skb ce207e40 CP ready!
<7>[ 1043.899454] c3 425 (dji_hdvt_gnd) bridge: start_xmit info: lmi42 xmit skb ce291e40 CP busy!
<7>[ 1044.043453] c0 0 (swapper/0) bridge: start_xmit info: lmi42 xmit skb ce291e40 CP ready!
<7>[ 1044.054384] c2 447 (dji_hdvt_gnd) bridge: start_xmit info: lmi42 xmit skb cebb6300 CP busy!
<7>[ 1044.268825] c0 0 (swapper/0) bridge: start_xmit info: lmi42 xmit skb cebb6300 CP ready!
<7>[ 1046.305163] c3 445 (hg_wl_chn_recei) bridge: start_xmit info: lmi42 xmit skb ce35a230 CP busy!
<7>[ 1046.550662] c0 0 (swapper/0) bridge: start_xmit info: lmi42 xmit skb ce35a230 CP ready!
<7>[ 1052.318010] c0 425 (dji_hdvt_gnd) bridge: start_xmit info: lmi42 xmit skb cf5e3240 CP busy!
<7>[ 1052.452348] c0 0 (swapper/0) bridge: start_xmit info: lmi42 xmit skb cf5e3240 CP ready!
<7>[ 1052.801619] c0 425 (dji_hdvt_gnd) bridge: start_xmit info: lmi42 xmit skb ce2cc300 CP busy!
<7>[ 1052.846625] c0 0 (swapper/0) bridge: start_xmit info: lmi42 xmit skb ce2cc300 CP ready!
<7>[ 1056.061845] c1 447 (dji_hdvt_gnd) bridge: start_xmit info: lmi42 xmit skb ce27c0c0 CP busy!
<7>[ 1056.100356] c0 0 (swapper/0) bridge: start_xmit info: lmi42 xmit skb ce27c0c0 CP ready!
<7>[ 1068.588115] c3 447 (dji_hdvt_gnd) bridge: start_xmit info: lmi42 xmit skb ce230780 CP busy!
<7>[ 1068.748618] c0 0 (swapper/0) bridge: start_xmit info: lmi42 xmit skb ce230780 CP ready!
<7>[ 1085.633176] c1 447 (dji_hdvt_gnd) bridge: start_xmit info: lmi42 xmit skb cf672780 CP busy!
<7>[ 1085.735020] c0 0 (swapper/0) bridge: start_xmit info: lmi42 xmit skb cf672780 CP ready!
<7>[ 1086.111523] c0 425 (dji_hdvt_gnd) bridge: start_xmit info: lmi42 xmit skb cac8e180 CP busy!
<7>[ 1086.270311] c0 0 (swapper/0) bridge: start_xmit info: lmi42 xmit skb cac8e180 CP ready!
<7>[ 1086.308477] c3 447 (dji_hdvt_gnd) bridge: start_xmit info: lmi42 xmit skb cea8ba80 CP busy!
<7>[ 1086.383097] c0 471 (keyscan_task) bridge: start_xmit info: lmi42 xmit skb cea8ba80 CP ready!
<7>[ 1092.228430] c0 425 (dji_hdvt_gnd) bridge: start_xmit info: lmi42 xmit skb cac3d900 CP busy!
<7>[ 1092.327158] c0 606 (logcat) bridge: start_xmit info: lmi42 xmit skb cac3d900 CP ready!
<7>[ 1098.247301] c0 425 (dji_hdvt_gnd) bridge: start_xmit info: lmi42 xmit skb ce27d3c0 CP busy!
<7>[ 1101.993094] c3 0 (swapper/3) bridge: bridge net tx still busy
<7>[ 1103.993064] c3 0 (swapper/3) bridge: bridge net tx still busy
<7>[ 1105.285016] c0 0 (swapper/0) bridge: start_xmit info: lmi42 xmit skb ce27d3c0 CP ready!
<7>[ 1105.441726] c0 447 (dji_hdvt_gnd) bridge: start_xmit info: lmi42 xmit skb ce7263c0 CP busy!
<7>[ 1105.454000] c0 0 (swapper/0) bridge: start_xmit info: lmi42 xmit skb ce7263c0 CP ready!
<7>[ 1133.548063] c3 0 (swapper/3) Warnning: timer5 int-excep
<7>[ 1187.956060] c0 0 (swapper/0) Warnning: timer1 int-excep
<7>[ 1215.370401] c0 448 (udt_listen_task) bridge: start_xmit info: lmi42 xmit skb ce2cd780 CP busy!
<7>[ 1215.443883] c0 15864 (ps) bridge: start_xmit info: lmi42 xmit skb ce2cd780 CP ready!
<7>[ 1220.428176] c0 425 (dji_hdvt_gnd) bridge: start_xmit info: lmi42 xmit skb ce718900 CP busy!
<7>[ 1220.627228] c0 0 (swapper/0) bridge: start_xmit info: lmi42 xmit skb ce718900 CP ready!
<7>[ 1407.685280] c2 447 (dji_hdvt_gnd) bridge: start_xmit info: lmi42 xmit skb ceb36240 CP busy!
<7>[ 1408.527713] c0 0 (swapper/0) bridge: start_xmit info: lmi42 xmit skb ceb36240 CP ready!


!!!New kernel log start!!!

<6>[    0.000000] c0 0 (swapper) Booting Linux on physical CPU 0x100
<6>[    0.000000] c0 0 (swapper) Initializing cgroup subsys cpu
<6>[    0.000000] c0 0 (swapper) Initializing cgroup subsys cpuacct
<5>[    0.000000] c0 0 (swapper) Linux version 3.10.62 (jenkins@APServer01) (gcc version 4.7 (GCC) ) #1 SMP PREEMPT Thu Dec 28 16:11:42 CST 2017
<4>[    0.000000] c0 0 (swapper) CPU: ARMv7 Processor [410fc075] revision 5 (ARMv7), cr=10c5387d
<4>[    0.000000] c0 0 (swapper) CPU: PIPT / VIPT nonaliasing data cache, VIPT aliasing instruction cache
<4>[    0.000000] c0 0 (swapper) Machine: Leadcore Innopower
<4>[    0.000000] c0 0 (swapper) start comip_parse_tag_mem_ext.
<4>[    0.000000] c0 0 (swapper) Physical memory layout:
<4>[    0.000000] c0 0 (swapper)     DRAM Bank1  : 0x00000000 - 0x20000000  ( 512 MB)
<4>[    0.000000] c0 0 (swapper)     Modem       : 0x00000000 - 0x06400000  ( 100 MB)
<4>[    0.000000] c0 0 (swapper)     Kernel Bank1: 0x06400000 - 0x16800000  ( 260 MB)
<4>[    0.000000] c0 0 (swapper)     Framebuffer : 0x16800000 - 0x17800000  (  16 MB)
<4>[    0.000000] c0 0 (swapper)     ON2         : 0x17800000 - 0x1f800000  ( 128 MB)
<4>[    0.000000] c0 0 (swapper)     TrustZone   : 0x1f800000 - 0x20000000  (   8 MB)
<4>[    0.000000] c0 0 (swapper) Ignoring unrecognised tag 0x54410101
<7>[    0.000000] c0 0 (swapper) Boot mode: normal
<6>[    0.000000] c0 0 (swapper) Main VOUT: 7250/9000
<4>[    0.000000] c0 0 (swapper) Chip id: 0x442db66b, rom id: 0x1, bb id: 0x282e05
<4>[    0.000000] c0 0 (swapper) Ignoring unrecognised tag 0x54410105
<4>[    0.000000] c0 0 (swapper) Memory policy: ECC disabled, Data cache writealloc
<4>[    0.000000] c0 0 (swapper) ddr_pwr_pll_mclk rate:1066000000
<4>[    0.000000] c0 0 (swapper) pll0_out rate:988000000
<4>[    0.000000] c0 0 (swapper) pll1_out rate:1248000000
<4>[    0.000000] c0 0 (swapper) A7 rate: 988000000, gr:16
<7>[    0.000000] c0 0 (swapper) On node 0 totalpages: 66560
<7>[    0.000000] c0 0 (swapper) free_area_init_node: node 0, pgdat c05ecd00, node_mem_map c0956000
<7>[    0.000000] c0 0 (swapper)   Normal zone: 520 pages used for memmap
<7>[    0.000000] c0 0 (swapper)   Normal zone: 0 pages reserved
<7>[    0.000000] c0 0 (swapper)   Normal zone: 66560 pages, LIFO batch:15
<4>[    0.000000] c0 0 (swapper) mcpm_smp_init_cpus: cores number:5
<6>[    0.000000] c0 0 (swapper) cpu logical map 0x100
<6>[    0.000000] c0 0 (swapper) cpu logical map 0x101
<6>[    0.000000] c0 0 (swapper) cpu logical map 0x102
<6>[    0.000000] c0 0 (swapper) cpu logical map 0x103
<6>[    0.000000] c0 0 (swapper) cpu logical map 0x0
<6>[    0.000000] c0 0 (swapper) PERCPU: Embedded 9 pages/cpu @c0b64000 s12928 r8192 d15744 u36864
<7>[    0.000000] c0 0 (swapper) pcpu-alloc: s12928 r8192 d15744 u36864 alloc=9*4096
<7>[    0.000000] c0 0 (swapper) pcpu-alloc: [0] 0 [0] 1 [0] 2 [0] 3 [0] 4 
<4>[    0.000000] c0 0 (swapper) Built 1 zonelists in Zone order, mobility grouping on.  Total pages: 66040
<5>[    0.000000] c0 0 (swapper) Kernel command line: watchdog_thresh=3 console=ttyS3,921600 vmalloc=412M maxcpus=4 android firmware_class.path=/vendor/firmware isolcpus=4 initrd=0x07400000,1M lcpart=mmcblk0=gpt:0:2000:200,ddr:2000:2000:200,env:4000:2000:200,panic:6000:2000:200,amt:8000:20000:200,factory:28000:4000:200,factory_out:2c000:4000:200,recovery:30000:8000:200,normal:38000:8000:200,system:40000:40000:200,vendor:80000:20000:200,cache:a0000:80000:200,blackbox:120000:400000:200,userdata:520000:228000:200  chip_sn=6bb62d44 board_sn=08XUEC90060K1K production quiet board_id=0xe2200104
<6>[    0.000000] c0 0 (swapper) board_id = 0xe2200104
<6>[    0.000000] c0 0 (swapper) PID hash table entries: 2048 (order: 1, 8192 bytes)
<6>[    0.000000] c0 0 (swapper) Dentry cache hash table entries: 65536 (order: 6, 262144 bytes)
<6>[    0.000000] c0 0 (swapper) Inode-cache hash table entries: 32768 (order: 5, 131072 bytes)
<6>[    0.000000] c0 0 (swapper) allocated 532480 bytes of page_cgroup
<6>[    0.000000] c0 0 (swapper) please try 'cgroup_disable=memory' option if you don't want memory cgroups
<6>[    0.000000] c0 0 (swapper) Memory: 260MB = 260MB total
<5>[    0.000000] c0 0 (swapper) Memory: 252448k/252448k available, 13792k reserved, 0K highmem
<5>[    0.000000] c0 0 (swapper) Virtual kernel memory layout:
<5>[    0.000000]     vector  : 0xffff0000 - 0xffff1000   (   4 kB)
<5>[    0.000000]     fixmap  : 0xfff00000 - 0xfffe0000   ( 896 kB)
<5>[    0.000000]     vmalloc : 0xd0800000 - 0xff000000   ( 744 MB)
<5>[    0.000000]     lowmem  : 0xc0000000 - 0xd0400000   ( 260 MB)
<5>[    0.000000]     pkmap   : 0xbfe00000 - 0xc0000000   (   2 MB)
<5>[    0.000000]     modules : 0xbf000000 - 0xbfe00000   (  14 MB)
<5>[    0.000000]       .text : 0xc0008000 - 0xc054486c   (5363 kB)
<5>[    0.000000]       .init : 0xc0545000 - 0xc057d280   ( 225 kB)
<5>[    0.000000]       .data : 0xc057e000 - 0xc05f0bb0   ( 459 kB)
<5>[    0.000000]        .bss : 0xc05f0bb0 - 0xc094d090   (3442 kB)
<6>[    0.000000] c0 0 (swapper) SLUB: HWalign=64, Order=0-3, MinObjects=0, CPUs=5, Nodes=1
<6>[    0.000000] c0 0 (swapper/0) Preemptible hierarchical RCU implementation.
<6>[    0.000000] c0 0 (swapper/0) 	Additional per-CPU info printed with stalls.
<6>[    0.000000] c0 0 (swapper/0) NR_IRQS:458
<6>[    0.000000] c0 0 (swapper/0) sched_clock: 32 bits at 13MHz, resolution 76ns, wraps every 330382ms
<6>[    0.000000] c0 0 (swapper/0) Switching to timer-based delay loop
