

!!!New kernel log start!!!

<6>[    0.000000] c0 0 (swapper) Booting Linux on physical CPU 0x100
<6>[    0.000000] c0 0 (swapper) Initializing cgroup subsys cpu
<6>[    0.000000] c0 0 (swapper) Initializing cgroup subsys cpuacct
<5>[    0.000000] c0 0 (swapper) Linux version 3.10.62 (jenkins@APServer01) (gcc version 4.7 (GCC) ) #1 SMP PREEMPT Mon Feb 27 20:12:56 CST 2017
<4>[    0.000000] c0 0 (swapper) CPU: ARMv7 Processor [410fc075] revision 5 (ARMv7), cr=10c5387d
<4>[    0.000000] c0 0 (swapper) CPU: PIPT / VIPT nonaliasing data cache, VIPT aliasing instruction cache
<4>[    0.000000] c0 0 (swapper) Machine: Leadcore Innopower
<4>[    0.000000] c0 0 (swapper) start comip_parse_tag_mem_ext.
<4>[    0.000000] c0 0 (swapper) Physical memory layout:
<4>[    0.000000] c0 0 (swapper)     DRAM Bank1  : 0x00000000 - 0x20000000  ( 512 MB)
<4>[    0.000000] c0 0 (swapper)     Modem       : 0x00000000 - 0x06400000  ( 100 MB)
<4>[    0.000000] c0 0 (swapper)     Kernel Bank1: 0x06400000 - 0x16800000  ( 260 MB)
<4>[    0.000000] c0 0 (swapper)     Framebuffer : 0x16800000 - 0x17800000  (  16 MB)
<4>[    0.000000] c0 0 (swapper)     ON2         : 0x17800000 - 0x1f800000  ( 128 MB)
<4>[    0.000000] c0 0 (swapper)     TrustZone   : 0x1f800000 - 0x20000000  (   8 MB)
<4>[    0.000000] c0 0 (swapper) Ignoring unrecognised tag 0x54410101
<7>[    0.000000] c0 0 (swapper) Boot mode: normal
<6>[    0.000000] c0 0 (swapper) Main VOUT: 7250/9000
<4>[    0.000000] c0 0 (swapper) Chip id: 0x442db66b, rom id: 0x1, bb id: 0x282e05
<4>[    0.000000] c0 0 (swapper) Ignoring unrecognised tag 0x54410105
<4>[    0.000000] c0 0 (swapper) Memory policy: ECC disabled, Data cache writealloc
<4>[    0.000000] c0 0 (swapper) ddr_pwr_pll_mclk rate:1066000000
<4>[    0.000000] c0 0 (swapper) pll0_out rate:988000000
<4>[    0.000000] c0 0 (swapper) pll1_out rate:1248000000
<4>[    0.000000] c0 0 (swapper) A7 rate: 988000000, gr:16
<7>[    0.000000] c0 0 (swapper) On node 0 totalpages: 66560
<7>[    0.000000] c0 0 (swapper) free_area_init_node: node 0, pgdat c05ecd00, node_mem_map c0956000
<7>[    0.000000] c0 0 (swapper)   Normal zone: 520 pages used for memmap
<7>[    0.000000] c0 0 (swapper)   Normal zone: 0 pages reserved
<7>[    0.000000] c0 0 (swapper)   Normal zone: 66560 pages, LIFO batch:15
<4>[    0.000000] c0 0 (swapper) mcpm_smp_init_cpus: cores number:5
<6>[    0.000000] c0 0 (swapper) cpu logical map 0x100
<6>[    0.000000] c0 0 (swapper) cpu logical map 0x101
<6>[    0.000000] c0 0 (swapper) cpu logical map 0x102
<6>[    0.000000] c0 0 (swapper) cpu logical map 0x103
<6>[    0.000000] c0 0 (swapper) cpu logical map 0x0
<6>[    0.000000] c0 0 (swapper) PERCPU: Embedded 9 pages/cpu @c0b64000 s12928 r8192 d15744 u36864
<7>[    0.000000] c0 0 (swapper) pcpu-alloc: s12928 r8192 d15744 u36864 alloc=9*4096
<7>[    0.000000] c0 0 (swapper) pcpu-alloc: [0] 0 [0] 1 [0] 2 [0] 3 [0] 4 
<4>[    0.000000] c0 0 (swapper) Built 1 zonelists in Zone order, mobility grouping on.  Total pages: 66040
<5>[    0.000000] c0 0 (swapper) Kernel command line: watchdog_thresh=3 console=ttyS3,921600 vmalloc=412M maxcpus=4 android firmware_class.path=/vendor/firmware isolcpus=4 initrd=0x07400000,1M lcpart=mmcblk0=gpt:0:2000:200,ddr:2000:2000:200,env:4000:2000:200,panic:6000:2000:200,amt:8000:20000:200,factory:28000:4000:200,factory_out:2c000:4000:200,recovery:30000:8000:200,normal:38000:8000:200,system:40000:40000:200,vendor:80000:20000:200,cache:a0000:80000:200,blackbox:120000:400000:200,userdata:520000:228000:200  chip_sn=6bb62d44 board_sn=08XUEC90060K1K daak=f9f068a094c049adebb11799f0fe6388 daek=0f5dd7b669a1bf005b2a863418bb6823 drak=6f707f2962351d75bc089ac34da119fa saak=6f402fb8625205ce9bdd580217d218d8 waek=64cd8a9f production quiet board_id=0xe2200104 
<6>[    0.000000] c0 0 (swapper) board_id = 0xe2200104
<6>[    0.000000] c0 0 (swapper) PID hash table entries: 2048 (order: 1, 8192 bytes)
<6>[    0.000000] c0 0 (swapper) Dentry cache hash table entries: 65536 (order: 6, 262144 bytes)
<6>[    0.000000] c0 0 (swapper) Inode-cache hash table entries: 32768 (order: 5, 131072 bytes)
<6>[    0.000000] c0 0 (swapper) allocated 532480 bytes of page_cgroup
<6>[    0.000000] c0 0 (swapper) please try 'cgroup_disable=memory' option if you don't want memory cgroups
<6>[    0.000000] c0 0 (swapper) Memory: 260MB = 260MB total
<5>[    0.000000] c0 0 (swapper) Memory: 252448k/252448k available, 13792k reserved, 0K highmem
<5>[    0.000000] c0 0 (swapper) Virtual kernel memory layout:
<5>[    0.000000]     vector  : 0xffff0000 - 0xffff1000   (   4 kB)
<5>[    0.000000]     fixmap  : 0xfff00000 - 0xfffe0000   ( 896 kB)
<5>[    0.000000]     vmalloc : 0xd0800000 - 0xff000000   ( 744 MB)
<5>[    0.000000]     lowmem  : 0xc0000000 - 0xd0400000   ( 260 MB)
<5>[    0.000000]     pkmap   : 0xbfe00000 - 0xc0000000   (   2 MB)
<5>[    0.000000]     modules : 0xbf000000 - 0xbfe00000   (  14 MB)
<5>[    0.000000]       .text : 0xc0008000 - 0xc054486c   (5363 kB)
<5>[    0.000000]       .init : 0xc0545000 - 0xc057d280   ( 225 kB)
<5>[    0.000000]       .data : 0xc057e000 - 0xc05f0bb0   ( 459 kB)
<5>[    0.000000]        .bss : 0xc05f0bb0 - 0xc094d090   (3442 kB)
<6>[    0.000000] c0 0 (swapper) SLUB: HWalign=64, Order=0-3, MinObjects=0, CPUs=5, Nodes=1
<6>[    0.000000] c0 0 (swapper/0) Preemptible hierarchical RCU implementation.
<6>[    0.000000] c0 0 (swapper/0) 	Additional per-CPU info printed with stalls.
<6>[    0.000000] c0 0 (swapper/0) NR_IRQS:458
<6>[    0.000000] c0 0 (swapper/0) sched_clock: 32 bits at 13MHz, resolution 76ns, wraps every 330382ms
<6>[    0.000000] c0 0 (swapper/0) Switching to timer-based delay loop
<6>[    0.000000] c0 0 (swapper/0) uart3 is settting quot! baud 921600, quot 1!
<4>[    0.000000] c0 0 (swapper/0) write reg 0xc passes, val 0x93
<4>[    0.000000] c0 0 (swapper/0) write reg 0x0 passes, val 0x1
<4>[    0.000000] c0 0 (swapper/0) write reg 0x4 passes, val 0x0
<4>[    0.000000] c0 0 (swapper/0) write reg 0xc passes, val 0x13
<6>[    0.000000] c0 0 (swapper/0) uart3 new lcr is 0x13, cval = 0x13
<6>[    0.000000] c0 0 (swapper/0) console [ttyS3] enabled
<6>[    0.000000] c0 0 (swapper/0) Console: colour dummy device 80x30
<6>[    0.000659] c0 0 (swapper/0) Calibrating delay loop (skipped), value calculated using timer frequency.. 26.00 BogoMIPS (lpj=13000)
<6>[    0.000684] c0 0 (swapper/0) pid_max: default: 32768 minimum: 301
<6>[    0.001017] c0 0 (swapper/0) Mount-cache hash table entries: 512
<6>[    0.002389] c0 0 (swapper/0) Initializing cgroup subsys debug
<6>[    0.002407] c0 0 (swapper/0) Initializing cgroup subsys memory
<6>[    0.002460] c0 0 (swapper/0) Initializing cgroup subsys freezer
<6>[    0.002512] c0 0 (swapper/0) CPU: Testing write buffer coherency: ok
<6>[    0.002892] c0 1 (swapper/0) CPU0: thread -1, cpu 0, socket 1, mpidr 80000100
<6>[    0.002933] c0 1 (swapper/0) Setting up static identity map for 0xc03c2850 - 0xc03c2900
<6>[    0.002963] c0 1 (swapper/0) pm initialized success 
<7>[    0.010878] c1 0 (swapper/1) CPU1: Booted secondary processor
<6>[    0.010897] c1 0 (swapper/1) CPU1: thread -1, cpu 1, socket 1, mpidr 80000101
<7>[    0.013845] c2 0 (swapper/2) CPU2: Booted secondary processor
<6>[    0.013861] c2 0 (swapper/2) CPU2: thread -1, cpu 2, socket 1, mpidr 80000102
<7>[    0.016857] c3 0 (swapper/3) CPU3: Booted secondary processor
<6>[    0.016874] c3 0 (swapper/3) CPU3: thread -1, cpu 3, socket 1, mpidr 80000103
<6>[    0.017004] c0 1 (swapper/0) Brought up 4 CPUs
<6>[    0.017043] c0 1 (swapper/0) SMP: Total of 4 processors activated (104.00 BogoMIPS).
<6>[    0.017054] c0 1 (swapper/0) CPU: All CPU(s) started in SVC mode.
<6>[    0.039559] c0 1 (swapper/0) NET: Registered protocol family 16
<6>[    0.044325] c0 1 (swapper/0) DMA: preallocated 4096 KiB pool for atomic coherent allocations
<6>[    0.044501] c0 1 (swapper/0) Android kernel panic handler initialized (bind=panic)
<4>[    0.045309] c0 1 (swapper/0) comip_init_common_mfp p_otg->fsm.id=0
<7>[    0.047834] c0 1 (swapper/0) addr 0xe100c220: 0x00000000
<7>[    0.047849] c0 1 (swapper/0) addr 0xe100c224: 0x00000000
<7>[    0.047864] c0 1 (swapper/0) addr 0xe100c228: 0x00000000
<7>[    0.047878] c0 1 (swapper/0) addr 0xe100c22c: 0x00000000
<7>[    0.047890] c0 1 (swapper/0) addr 0xe100c230: 0x00000000
<7>[    0.047903] c0 1 (swapper/0) addr 0xe100c234: 0x00000000
<7>[    0.047915] c0 1 (swapper/0) addr 0xe100c238: 0x00000000
<7>[    0.047930] c0 1 (swapper/0) addr 0xe100c23c: 0x00000000
<7>[    0.047942] c0 1 (swapper/0) addr 0xe100c240: 0x00000000
<7>[    0.047957] c0 1 (swapper/0) addr 0xe100c244: 0x00000000
<7>[    0.047971] c0 1 (swapper/0) addr 0xe100c248: 0x00000000
<7>[    0.047985] c0 1 (swapper/0) addr 0xe100c24c: 0x00000000
<7>[    0.047999] c0 1 (swapper/0) addr 0xe100c250: 0x00000000
<7>[    0.048013] c0 1 (swapper/0) addr 0xe100c254: 0x00000000
<7>[    0.048028] c0 1 (swapper/0) addr 0xe100c258: 0x00000000
<7>[    0.048042] c0 1 (swapper/0) addr 0xe100c25c: 0x00000000
<7>[    0.048059] c0 1 (swapper/0) addr 0xe100a120: 0x00000000
<7>[    0.048073] c0 1 (swapper/0) addr 0xe100a124: 0x00000000
<7>[    0.048087] c0 1 (swapper/0) addr 0xe100a128: 0x00000000
<7>[    0.048101] c0 1 (swapper/0) addr 0xe100a12c: 0x00000000
<7>[    0.048138] c0 1 (swapper/0) addr 0xe100a130: 0x00000000
<6>[    0.049030] c0 1 (swapper/0) hw-breakpoint: found 5 (+1 reserved) breakpoint and 4 watchpoint registers.
<6>[    0.049045] c0 1 (swapper/0) hw-breakpoint: maximum watchpoint size is 8 bytes.
<6>[    0.049655] c0 1 (swapper/0) i2c->adap.nr = 0, i2c->flags = 0x2
<3>[    0.049675] c0 1 (swapper/0) i2c-0: clock: 26000000, speed:400000
<6>[    0.050912] c0 1 (swapper/0) i2c->adap.nr = 1, i2c->flags = 0x2
<3>[    0.050930] c0 1 (swapper/0) i2c-1: clock: 26000000, speed:400000
<6>[    0.052178] c0 1 (swapper/0) i2c->adap.nr = 4, i2c->flags = 0x1
<3>[    0.052197] c0 1 (swapper/0) i2c-4: clock: 10660000, speed:100000
<6>[    0.053490] c0 1 (swapper/0) comip-pwm comip-pwm: comip_pwm_probe
<6>[    0.053898] c0 1 (swapper/0) comip-spi comip-spi.0: master is unqueued, this is deprecated
<6>[    0.054189] c0 1 (swapper/0) comip-spi comip-spi.1: master is unqueued, this is deprecated
<6>[    0.054446] c0 1 (swapper/0) comip-spi comip-spi.2: master is unqueued, this is deprecated
<6>[    0.089598] c0 1 (swapper/0) LC1160: version 0x10, eco no 0, rtc version 1
<6>[    0.090522] c0 1 (swapper/0) parse_bootup_reason: value from 0x5c reg is: 0x4
<6>[    0.090537] c0 1 (swapper/0) parse_bootup_reason: +++++++++start of day reason: charger cable plug in
<6>[    0.090551] c0 1 (swapper/0) parse_shutdown_reason: value from 0x5d reg is: 0x1
<6>[    0.090565] c0 1 (swapper/0) parse_shutdown_reason: ----------last end of day reason: power-off-PWREN
<6>[    0.091385] c0 1 (swapper/0) LC1160: Raw startup 0x04(charger),raw shutdown 0x01(ps_hold), saved shutdown 0x01(ps_hold)
<6>[    0.092199] c0 1 (swapper/0) LC1160: Power on reason(reboot_normal), reboot reason(normal)
<6>[    0.095429] c0 1 (swapper/0) PMIC_DCDC5 SET VOUT = 1200 mv
<6>[    0.096243] c0 1 (swapper/0) PMIC_DCDC7 SET VOUT = 1800 mv
<6>[    0.138768] c0 1 (swapper/0) comip_monitor_probe 
<6>[    0.143801] c0 1 (swapper/0) bio: create slab <bio-0> at 0
<5>[    0.144867] c0 1 (swapper/0) SCSI subsystem initialized
<6>[    0.145019] c0 1 (swapper/0) usbcore: registered new interface driver usbfs
<6>[    0.145089] c0 1 (swapper/0) usbcore: registered new interface driver hub
<6>[    0.145239] c0 1 (swapper/0) usbcore: registered new device driver usb
<6>[    0.145506] c0 1 (swapper/0) i2c-gpio i2c-gpio.6: using pins 131 (SDA) and 129 (SCL)
<6>[    0.145639] c0 1 (swapper/0) i2c-gpio i2c-gpio.7: using pins 201 (SDA) and 202 (SCL)
<6>[    0.145785] c0 1 (swapper/0) i2c-gpio i2c-gpio.8: using pins 157 (SDA) and 159 (SCL)
<6>[    0.145922] c0 1 (swapper/0) i2c-gpio i2c-gpio.9: using pins 219 (SDA) and 221 (SCL)
<6>[    0.146064] c0 1 (swapper/0) i2c-gpio i2c-gpio.10: using pins 161 (SDA) and 163 (SCL)
<6>[    0.146423] c0 1 (swapper/0) Advanced Linux Sound Architecture Driver Initialized.
<6>[    0.147825] c0 1 (swapper/0) input: lc1160_adc_a as /devices/platform/lc11xx_adc/input/input0
<6>[    0.148035] c0 1 (swapper/0) input: lc1160_adc_b as /devices/platform/lc11xx_adc/input/input1
<6>[    0.148093] c0 1 (swapper/0) lc1160_adc: probe success
<6>[    0.148411] c0 1 (swapper/0) Switching to clocksource timer3_clk
<4>[    0.176456] c0 1 (swapper/0) USB_OTG: comip_usb_otg_early_init
<4>[    0.176581] c0 1 (swapper/0) USB_OTG: comip_otg_early_probe
<4>[    0.277532] c0 1 (swapper/0) comip_otg_ctrl_gpio_init WM220: set vbus 1, read back vbus 1
<6>[    0.277815] c0 1 (swapper/0) NET: Registered protocol family 2
<6>[    0.278814] c0 1 (swapper/0) TCP established hash table entries: 4096 (order: 3, 32768 bytes)
<6>[    0.278917] c0 1 (swapper/0) TCP bind hash table entries: 4096 (order: 4, 98304 bytes)
<6>[    0.279045] c0 1 (swapper/0) TCP: Hash tables configured (established 4096 bind 4096)
<6>[    0.279133] c0 1 (swapper/0) TCP: reno registered
<6>[    0.279156] c0 1 (swapper/0) UDP hash table entries: 256 (order: 2, 16384 bytes)
<6>[    0.279215] c0 1 (swapper/0) UDP-Lite hash table entries: 256 (order: 2, 16384 bytes)
<6>[    0.279659] c0 1 (swapper/0) NET: Registered protocol family 1
<6>[    0.279964] c0 1 (swapper/0) Unpacking initramfs...
<0>[    0.302135] c0 1 (swapper/0) Initramfs unpacking failed: no cpio magic
<6>[    0.304666] c0 1 (swapper/0) Freeing initrd memory: 1024K (c1000000 - c1100000)
<6>[    0.305147] c0 1 (swapper/0) CPU PMU: probing PMU on CPU 0
<6>[    0.305181] c0 1 (swapper/0) hw perfevents: enabled with ARMv7 Cortex-A7 PMU driver, 5 counters available
<3>[    0.305614] c0 1 (swapper/0) modem: comip_register_reboot_callback faild, non init
<6>[    0.306922] c0 1 (swapper/0) sdr: devices driver up version v1.0.1, build time Feb 27 2017 20:10:55
<6>[    0.306994] c0 1 (swapper/0) comip_wdt_probe: AP_PWR_LP_CTL 607
<6>[    0.307104] c0 1 (swapper/0) comip_wdt_probe: AP_PWR_LP_CTL 600
<6>[    0.307174] c0 1 (swapper/0) comip_wdt_probe: AP_PWR_LP_CTL 600
<6>[    0.307231] c0 1 (swapper/0) comip_wdt_probe: AP_PWR_LP_CTL 600
<6>[    0.308543] c0 1 (swapper/0) comip_snd_soc comip_snd_soc.0: comip_snd_soc_probe
<6>[    0.309735] c0 1 (swapper/0) comip-uart.0: ttyS0 at MMIO 0x0 (irq = 72) is a uart0
<6>[    0.310122] c0 1 (swapper/0) comip-uart.1: ttyS1 at MMIO 0x0 (irq = 73) is a uart1
<6>[    0.310512] c0 1 (swapper/0) comip-uart.2: ttyS2 at MMIO 0x0 (irq = 74) is a uart2
<6>[    0.310860] c1 15 (kworker/1:0) comip-u2d comip-u2d: vbus insert
<6>[    0.310896] c0 1 (swapper/0) comip-uart.3: ttyS3 at MMIO 0x0 (irq = 89) is a uart3
<4>[    0.311882] c1 15 (kworker/1:0) set USB power on.
<7>[    0.316520] c0 1 (swapper/0) mmc-1: set mmc clock rate to 400000
<7>[    0.322676] c0 1 (swapper/0) mmc-0: card detect 0. gpio 243.
<3>[    0.322828] c0 1 (swapper/0) comip_mmc0_set_power: set card vdd ret = -6 vdd = 16
<7>[    0.329503] c0 1 (swapper/0) mmc-0: set mmc clock rate to 400000
<7>[    0.341533] c0 1 (swapper/0) mmc-2: set mmc clock rate to 400000
<6>[    0.347652] c0 1 (swapper/0) ion-lc ion-lc: lc_ion_probe
<6>[    0.347822] c0 1 (swapper/0) ion: creat /dev/ion success
<3>[    0.348128] c0 1 (swapper/0) Failed to create heap debugfs at /ion/heaps/lc_ion_lcmem_heap
<4>[    0.349583] c0 1 (swapper/0) mali ddk r5p0-06rel0 early init
<6>[    0.349816] c0 1 (swapper/0) mali mali.0: Continuing without Mali clock control
<6>[    0.350115] c0 1 (swapper/0) mali mali.0: GPU identified as 0x0620 r1p0 status 1
<6>[    0.350782] c0 1 (swapper/0) mali mali.0: Probed as mali0
<6>[    0.351947] c0 1 (swapper/0) input: comip-gpio-keys as /devices/platform/comip-gpio-keys/input/input2
<7>[    0.351982] c0 1 (swapper/0) key 212 reported
<7>[    0.352079] c0 1 (swapper/0) key 256 reported
<7>[    0.352132] c0 1 (swapper/0) key 257 reported
<7>[    0.352186] c0 1 (swapper/0) key 258 reported
<7>[    0.352238] c0 1 (swapper/0) key 259 reported
<7>[    0.352291] c0 1 (swapper/0) key 260 reported
<7>[    0.352309] c0 1 (swapper/0) key 261 reported
<7>[    0.352363] c0 1 (swapper/0) key 262 reported
<7>[    0.352417] c0 1 (swapper/0) key 263 reported
<7>[    0.352503] c0 1 (swapper/0) key 393 reported
<7>[    0.352517] c0 1 (swapper/0) key 105 reported
<7>[    0.352532] c0 1 (swapper/0) key 106 reported
<6>[    0.352751] c0 1 (swapper/0) comip-i2s comip-i2s.0: comip_i2s_probe, id=0
<6>[    0.352881] c0 1 (swapper/0) comip-pcm comip-pcm.0: comip_pcm_virtual_probe
<6>[    0.353273] c0 1 (swapper/0) comip-snd-lowpower comip-snd-lowpower: snd_lowpower_probe
<6>[    0.362770] c0 1 (swapper/0) comip-rtc comip-rtc: rtc core: registered comip-rtc as rtc0
<6>[    0.363240] c0 1 (swapper/0) hx170dec: dec/pp kernel module. 
<6>[    0.363379] c0 1 (swapper/0) hx170dec: Core 0 HW ID=0x67314808
<6>[    0.363392] c0 1 (swapper/0) hx170dec: Supported HW found at 0xa0340200
<6>[    0.363407] c0 1 (swapper/0) hx170dec: core[0] has H264
<6>[    0.363421] c0 1 (swapper/0) hx170dec: core[0] has JPEG
<6>[    0.363433] c0 1 (swapper/0) hx170dec: core[0] has MPEG4
<6>[    0.363445] c0 1 (swapper/0) hx170dec: core[0] has VC1
<6>[    0.363458] c0 1 (swapper/0) hx170dec: core[0] has MPEG2
<6>[    0.363503] c0 1 (swapper/0) hx170dec: core[0] has VP6
<6>[    0.363517] c0 1 (swapper/0) hx170dec: core[0] has VP8
<6>[    0.363530] c0 1 (swapper/0) hx170dec: core[0] has VP7
<6>[    0.363543] c0 1 (swapper/0) hx170dec: core[0] has WebP
<6>[    0.363556] c0 1 (swapper/0) hx170dec: core[0] has AVS
<6>[    0.363568] c0 1 (swapper/0) hx170dec: core[0] has RV
<6>[    0.363581] c0 1 (swapper/0) hx170dec: core[0] has PP
<4>[    0.363911] c0 1 (swapper/0) hx280enc_probe
<6>[    0.363969] c0 1 (swapper/0) hx280enc: HW ID=0x72802080
<6>[    0.363983] c0 1 (swapper/0) hx280enc: Compatible HW found at 0xa0340000
<6>[    0.364111] c0 1 (swapper/0) hx280enc: probe successfully. Major = 252
<4>[    0.364310] c0 1 (swapper/0) hx280enc_h1_probe
<6>[    0.364361] c0 1 (swapper/0) hx280enc_h1_data.hwregs = f8342000
<6>[    0.364375] c0 1 (swapper/0) hx280enc_h1: HW at base <0xa0342000> with ID <0x48314780>
<4>[    0.364752] c0 1 (swapper/0) lcmem_probe in: module init
<4>[    0.364767] c0 1 (swapper/0) lcmem: Linear Memory Allocator, $Revision: 1.10 $ 
<4>[    0.364780] c0 1 (swapper/0) lcmem: linear memory base = 0x17801000 
<6>[    0.364895] c0 1 (swapper/0) lcmem: probe successfully. Major = 250
<4>[    0.367427] c0 1 (swapper/0) lhc_cdin!
<6>[    0.368075] c0 1 (swapper/0) on2psm: probe successfully. power = 0x7
<6>[    0.368175] c0 1 (swapper/0) thermal: comip_thermal_probe called
<3>[    0.368398] c0 1 (swapper/0) [UREG]Ureg Driver Registered
<6>[    0.369902] c0 6 (kworker/u10:0) mmc0: BKOPS_EN bit is not set
<7>[    0.376522] c0 6 (kworker/u10:0) mmc-1: set mmc clock rate to 104000000
<7>[    0.376544] c0 6 (kworker/u10:0) found (fe014e, Micron), use read_delay 1.
<7>[    0.376565] c0 6 (kworker/u10:0) mmc-1: tuning result phase is 1
<6>[    0.376963] c0 6 (kworker/u10:0) mmc0: new HS200 MMC card at address 0001
<3>[    0.377199] c0 6 (kworker/u10:0) comip_mmc0_set_power: set card vdd ret = -6 vdd = 0
<6>[    0.383299] c1 1 (swapper/0) fuse init (API version 7.22)
<6>[    0.383877] c1 1 (swapper/0) msgmni has been set to 495
<6>[    0.386210] c1 1 (swapper/0) io scheduler noop registered
<6>[    0.386424] c1 1 (swapper/0) io scheduler cfq registered (default)
<6>[    0.398164] c1 1 (swapper/0) loop: module loaded
<4>[    0.398230] c1 1 (swapper/0) mfi_i2c_client addr:17
<4>[    0.398377] c1 1 (swapper/0) applecp module init ok
<6>[    0.398755] c1 1 (swapper/0) usbcore: registered new interface driver cdc_ether
<6>[    0.398815] c1 1 (swapper/0) usbcore: registered new interface driver cdc_eem
<6>[    0.398877] c1 1 (swapper/0) usbcore: registered new interface driver rndis_host
<6>[    0.398934] c1 1 (swapper/0) usbcore: registered new interface driver cdc_subset
<6>[    0.399064] c1 1 (swapper/0) usbcore: registered new interface driver cdc_ncm
<6>[    0.399125] c1 1 (swapper/0) usbcore: registered new interface driver cdc_mbim
<4>[    0.399534] c1 1 (swapper/0) comip_hcd_driver_probe(c05a3740) id=0
<4>[    0.399558] c1 1 (swapper/0) USB power should be on.
<4>[    0.399588] c1 1 (swapper/0) enter comip_cil_init,core_if->type=0
<4>[    0.399600] c1 1 (swapper/0) USB HSIC core power up success.
<4>[    0.400619] c1 1 (swapper/0) LZS set_usb_init_reg: 192, AP_PWR_PDFSM_ST1=0x07077707
<4>[    0.403796] c1 1 (swapper/0) hcd:Core Release: 2.94a
<4>[    0.403814] c1 1 (swapper/0) hcd:Setting default values for core params
<4>[    0.403860] c1 1 (swapper/0) LZS hcd_init: 345, enter
<6>[    0.403937] c1 1 (swapper/0) comip-hcd comip-hcd.0: COMIP Controller
<6>[    0.403967] c1 1 (swapper/0) comip-hcd comip-hcd.0: new USB bus registered, assigned bus number 1
<6>[    0.404015] c1 1 (swapper/0) comip-hcd comip-hcd.0: irq 49, io mem 0x00000000
<4>[    0.404088] c1 1 (swapper/0) usb usb1: config index 0 lenght 25, result 9
<4>[    0.404099] c1 1 (swapper/0) 09 02 19 00 01 01 00 e0 00 
<4>[    0.404163] c1 1 (swapper/0) usb usb1: config index 0 lenght 25, result 25
<4>[    0.404171] c1 1 (swapper/0) 09 02 19 00 01 01 00 e0 00 09 04 00 00 01 09 00 00 00 07 05 81 03 04 00 0c 
<6>[    0.404893] c1 1 (swapper/0) hub 1-0:1.0: USB hub found
<6>[    0.404927] c1 1 (swapper/0) hub 1-0:1.0: 1 port detected
<4>[    0.405219] c1 1 (swapper/0) comip_hcd_driver_probe:comip_hcd_dev->core_if->id=0
<4>[    0.406242] c1 1 (swapper/0) set USB power on.
<4>[    0.406275] c1 1 (swapper/0) comip_hcd_driver_probe(c05a3920) id=2
<4>[    0.411318] c1 1 (swapper/0) USB power should be on.
<4>[    0.411347] c1 1 (swapper/0) enter comip_cil_init,core_if->type=2
<4>[    0.411431] c1 1 (swapper/0) USB HSIC core power up success.
<4>[    0.418455] c1 1 (swapper/0) read USB1_GLPMCFG = 40000000
<4>[    0.418491] c1 1 (swapper/0) [HSIC]: USB1_GRSTCTL = 0x80000001
<7>[    0.418507] c1 1 (swapper/0) [HSIC]: USB1_GRSTCTL = 0x80000000 timeout=99
<4>[    0.419655] c1 1 (swapper/0) hcd:Core Release: 2.94a
<4>[    0.419670] c1 1 (swapper/0) hcd:Setting default values for core params
<4>[    0.419692] c1 1 (swapper/0) LZS hcd_init: 345, enter
<6>[    0.419769] c1 1 (swapper/0) comip-hcd comip-hcd.2: COMIP Controller
<6>[    0.419797] c1 1 (swapper/0) comip-hcd comip-hcd.2: new USB bus registered, assigned bus number 2
<6>[    0.419843] c1 1 (swapper/0) comip-hcd comip-hcd.2: irq 50, io mem 0x00000000
<4>[    0.419876] c1 1 (swapper/0) hcd:Init: Power Port (0)
<4>[    0.419925] c1 1 (swapper/0) usb usb2: config index 0 lenght 25, result 9
<4>[    0.419936] c1 1 (swapper/0) 09 02 19 00 01 01 00 e0 00 
<4>[    0.419996] c1 1 (swapper/0) usb usb2: config index 0 lenght 25, result 25
<4>[    0.420006] c1 1 (swapper/0) 09 02 19 00 01 01 00 e0 00 09 04 00 00 01 09 00 00 00 07 05 81 03 04 00 0c 
<6>[    0.420612] c1 1 (swapper/0) hub 2-0:1.0: USB hub found
<6>[    0.420642] c1 1 (swapper/0) hub 2-0:1.0: 1 port detected
<4>[    0.420916] c1 1 (swapper/0) enter hsic init
<4>[    0.420931] c1 1 (swapper/0) LZS comip_hcd_driver_start: 1251, enter
<4>[    0.420945] c1 1 (swapper/0) enter comip_hcd_driver_start:id=2
<4>[    0.425979] c1 1 (swapper/0) USB power should be on.
<7>[    0.430998] c1 1 (swapper/0) hcd:I: comip_hcd_driver_start init_reg
<4>[    0.438018] c1 1 (swapper/0) read USB1_GLPMCFG = 40000000
<4>[    0.438032] c1 1 (swapper/0) [HSIC]: USB1_GRSTCTL = 0x80000001
<7>[    0.438047] c1 1 (swapper/0) [HSIC]: USB1_GRSTCTL = 0x80000000 timeout=99
<4>[    0.638150] c1 1 (swapper/0) hcd:Using Descriptor DMA mode
<4>[    0.638164] c1 1 (swapper/0) hcd:Periodic Transfer Interrupt Enhancement - disabled
<4>[    0.638177] c1 1 (swapper/0) hcd:Multiprocessor Interrupt Enhancement - disabled
<4>[    0.638192] c1 1 (swapper/0) hcd:OTG VER PARAM: 1, OTG VER FLAG: 1
<4>[    0.638223] c1 1 (swapper/0) hcd:Init: Power Port (0)
<7>[    0.638370] c1 1 (swapper/0) hcd:I: comip_hcd_driver_start end
<6>[    0.638721] c1 1 (swapper/0) usbcore: registered new interface driver cdc_wdm
<6>[    0.638826] c1 1 (swapper/0) usbcore: registered new interface driver usb-storage
<3>[    0.767019] c1 1 (swapper/0) i2c-0: wait rx timeout!
<3>[    0.767867] c1 1 (swapper/0) i2c-0-0x08: xfer error -110.
<3>[    0.768794] c1 1 (swapper/0) usb3503 0-0008: CFG1 failed (-110)
<6>[    0.769819] c1 1 (swapper/0) usb3503 0-0008: usb3503_probe: probed on  hub mode
<4>[    0.772117] c1 1 (swapper/0) usb aoa module init ok
<4>[    0.772222] c1 1 (swapper/0) apple_roleswitch module init ok
<6>[    0.773128] c1 1 (swapper/0) mlx90393 spi0.0: osr = 0x3, dig_filt = 0x7, res_xyz = 0x3f, osr2 = 0x3
<6>[    0.773364] c1 1 (swapper/0) input: mlx90393-0 as /devices/platform/comip-spi.0/spi_master/spi0/spi0.0/input/input3
<6>[    0.779234] c1 1 (swapper/0) mlx90393 spi1.0: osr = 0x3, dig_filt = 0x2, res_xyz = 0x3f, osr2 = 0x3
<6>[    0.779438] c1 1 (swapper/0) input: mlx90393-1 as /devices/platform/comip-spi.1/spi_master/spi1/spi1.0/input/input4
<6>[    0.785127] c1 1 (swapper/0) mlx90393 spi2.0: osr = 0x3, dig_filt = 0x2, res_xyz = 0x3f, osr2 = 0x3
<6>[    0.785346] c1 1 (swapper/0) input: mlx90393-2 as /devices/platform/comip-spi.2/spi_master/spi2/spi2.0/input/input5
<6>[    0.790623] c1 1 (swapper/0) i2c /dev entries driver
<6>[    0.791847] c1 1 (swapper/0) mmcblk0: mmc0:0001 P1J94M 3.64 GiB 
<6>[    0.792126] c1 1 (swapper/0) mmcblk0boot0: mmc0:0001 P1J94M partition 1 1.00 MiB
<6>[    0.792388] c1 1 (swapper/0) mmcblk0boot1: mmc0:0001 P1J94M partition 2 1.00 MiB
<6>[    0.792681] c1 1 (swapper/0) mmcblk0rpmb: mmc0:0001 P1J94M partition 3 1.00 MiB
<6>[    0.793228] c1 1 (swapper/0)  mmcblk0: p1 (gpt) p2 (ddr) p3 (env) p4 (panic) p5 (amt) p6 (factory) p7 (factory_out) p8 (recovery) p9 (normal) p10 (system) p11 (vendor) p12 (cache) p13 (blackbox) p14 (userdata)mmcblk0boot1 has no partition table!
<4>[    0.796868] c1 1 (swapper/0) mmcblk0boot0 has no partition table!
<6>[    0.797730] c1 1 (swapper/0) zram: Created 1 device(s) ...
<6>[    0.798379] c1 1 (swapper/0) ashmem: initialized
<6>[    0.798591] c1 1 (swapper/0) logger: created 256K log 'log_main'
<6>[    0.798755] c1 1 (swapper/0) logger: created 256K log 'log_events'
<6>[    0.798931] c1 1 (swapper/0) logger: created 256K log 'log_radio'
<6>[    0.799091] c1 1 (swapper/0) logger: created 256K log 'log_system'
<4>[    0.799799] c1 1 (swapper/0) soc-audio soc-audio: ASoC: machine comip_snd_soc should use snd_soc_register_card()
<6>[    0.811951] c1 1 (swapper/0) LC1160_R71=0x1d
<6>[    0.812419] c1 1 (swapper/0) LC1160_R72=0x1e
<6>[    0.812887] c1 1 (swapper/0) LC1160_R73=0x1f
<6>[    0.813353] c1 1 (swapper/0) LC1160_R74=0x1f
<6>[    0.813371] c1 1 (swapper/0) comip_codec comip_codec: codec probe success, chip version is LC1160B
<7>[    0.844552] c1 1 (swapper/0) [SND CODEC] comip_pcm_new
<7>[    0.844958] c1 1 (swapper/0) [SND CODEC] comip_pcm_preallocate_dma_buffer addr: 0xe0040000, area: 0xd0d80000, bytes: 131072
<7>[    0.845129] c1 1 (swapper/0) [SND CODEC] comip_pcm_preallocate_dma_buffer addr: 0x14aa0000, area: 0xd0da1000, bytes: 131072
<6>[    0.845145] c1 1 (swapper/0) soc-audio soc-audio:  comip_hifi <-> comip-i2s.0 mapping ok
<6>[    0.845600] c1 1 (swapper/0) soc-audio soc-audio:  comip_voice <-> comip-pcm.0 mapping ok
<6>[    0.849119] c1 1 (swapper/0) input: comip_snd_soc Headset as /devices/platform/soc-audio/sound/card0/input6
<6>[    0.849874] c1 1 (swapper/0) ip_tables: (C) 2000-2006 Netfilter Core Team
<6>[    0.849970] c1 1 (swapper/0) TCP: cubic registered
<6>[    0.849987] c1 1 (swapper/0) NET: Registered protocol family 17
<6>[    0.850275] c1 1 (swapper/0) VFP support v0.3: implementor 41 architecture 2 part 30 variant 7 rev 5
<5>[    0.850315] c1 1 (swapper/0) Registering SWP/SWPB emulation handler
<7>[    0.850332] c1 1 (swapper/0) shadow_timer_delta=6500000, shadow_timer_delta_max=1672352866
<6>[    0.852176] c1 1 (swapper/0) modem: devices driver up.
<6>[    0.854326] c1 62 (kworker/1:2) comip_codec comip_codec: lc1160_irq_work_handle: status = 0x0
<4>[    0.859442] c0 1 (swapper/0) USB_OTG: comip_otg_probe: 799, exit
<4>[    0.859510] c0 1 (swapper/0) comip-otg: probe of comip-otg failed with error 10
<6>[    0.859863] c0 1 (swapper/0) file system registered
<6>[    0.862118] c0 1 (swapper/0) android_usb gadget: Mass Storage Function, version: 2009/09/11
<6>[    0.862133] c0 1 (swapper/0) android_usb gadget: Number of LUNs=1
<6>[    0.862148] c0 1 (swapper/0)  lun0: LUN: removable file: (no medium)
<6>[    0.862184] c0 1 (swapper/0) android_usb gadget: android_usb ready
<6>[    0.865067] c0 1 (swapper/0) comip-rtc comip-rtc: setting system clock to 1980-01-01 00:00:48 UTC (315532848)
<6>[    0.865171] c0 1 (swapper/0) ALSA device list:
<6>[    0.865184] c0 1 (swapper/0)   #0: comip_snd_soc
<6>[    0.865591] c0 1 (swapper/0) uart3 already has set quot! baud 921600, quot 1!
<6>[    0.865607] c0 1 (swapper/0) uart3 new lcr is 0x3, cval = 0x13
<6>[    0.865993] c0 1 (swapper/0) Freeing unused kernel memory: 224K (c0545000 - c057d000)
<11>[    0.870785] c1 1 (init) init: /init.environ.rc: 14: invalid command 'exoprt'
<11>[    0.974218] c1 1 (init) init: /dev/hw_random not found
<6>[    0.975415] c1 1 (init) uart3 already has set quot! baud 921600, quot 1!
<6>[    0.975431] c1 1 (init) uart3 new lcr is 0x3, cval = 0x13
<11>[    0.975791] c1 1 (init) init: cannot open '/initlogo.rle'
<6>[    0.984205] c1 1 (init) EXT4-fs (mmcblk0p5): mounted filesystem with ordered data mode. Opts: (null)
<6>[    0.990230] c1 1 (init) EXT4-fs (mmcblk0p14): mounted filesystem with ordered data mode. Opts: (null)
<6>[    0.995457] c1 1 (init) EXT4-fs (mmcblk0p11): mounted filesystem with ordered data mode. Opts: (null)
<6>[    1.001027] c1 1 (init) EXT4-fs (mmcblk0p10): mounted filesystem with ordered data mode. Opts: (null)
<6>[    1.002861] c1 1 (init) uart1 is settting quot! baud 9600, quot 60!
<4>[    1.002876] c1 1 (init) write reg 0xc passes, val 0x93
<4>[    1.002890] c1 1 (init) write reg 0x0 passes, val 0x60
<4>[    1.002904] c1 1 (init) write reg 0x4 passes, val 0x0
<4>[    1.003336] c1 1 (init) write reg 0xc passes, val 0x13
<6>[    1.003352] c1 1 (init) uart1 new lcr is 0x13, cval = 0x13
<6>[    1.004881] c1 1 (init) uart2 is settting quot! baud 9600, quot 60!
<4>[    1.004896] c1 1 (init) write reg 0xc passes, val 0x93
<4>[    1.004909] c1 1 (init) write reg 0x0 passes, val 0x60
<4>[    1.004923] c1 1 (init) write reg 0x4 passes, val 0x0
<4>[    1.005355] c1 1 (init) write reg 0xc passes, val 0x13
<6>[    1.005370] c1 1 (init) uart2 new lcr is 0x13, cval = 0x13
<11>[    1.006066] c1 1 (init) init: /dev/hw_random not found
<11>[    1.008665] c1 1 (init) init: Unable to open persistent property directory /data/property errno: 2
<11>[    1.010946] c1 1 (init) init: The sn.txt is not exist in the path of amt!
<6>[    1.016003] c2 93 (init) uart3 already has set quot! baud 921600, quot 1!
<6>[    1.016020] c2 93 (init) uart3 new lcr is 0x3, cval = 0x13
<6>[    1.052146] c1 1 (init) Galcore version 4.6.9.9754
<4>[    1.052165] c1 1 (init) galcore options:
<4>[    1.052176] c1 1 (init)   irqLine           = 42
<4>[    1.052187] c1 1 (init)   registerMemBase   = 0xA0300000
<4>[    1.052198] c1 1 (init)   registerMemSize   = 0x00040000
<4>[    1.052209] c1 1 (init)   contiguousSize    = 4194304
<4>[    1.052219] c1 1 (init)   contiguousBase    = 0x00000000
<4>[    1.052230] c1 1 (init)   bankSize          = 0x00000000
<4>[    1.052240] c1 1 (init)   fastClear         = -1
<4>[    1.052251] c1 1 (init)   compression       = -1
<4>[    1.052261] c1 1 (init)   signal            = 48
<4>[    1.052271] c1 1 (init)   baseAddress       = 0x00000000
<4>[    1.052283] c1 1 (init)   physSize          = 0x80000000
<4>[    1.052293] c1 1 (init)   logFileSize       = 0 KB 
<4>[    1.052304] c1 1 (init)   powerManagement   = 1
<4>[    1.052314] c1 1 (init)   gpuProfiler   = 0
<4>[    1.052327] c1 1 (init)   coreClock       = 234000000
<4>[    1.057321] c1 1 (init) orignal gc outstanding setting: 0x3c000000
<6>[    1.057338] c1 1 (init) change gc outstanding setting: 0x3c000000
<11>[    1.071248] c1 1 (init) init: property 'sys.powerctl' doesn't exist while expanding '${sys.powerctl}'
<11>[    1.072953] c1 1 (init) init: powerctl: cannot expand '${sys.powerctl}'
<11>[    1.074186] c1 1 (init) init: using deprecated syntax for specifying property 'persist.sys.usb.config', use ${name} instead
<6>[    1.198740] c1 110 (busybox) EXT4-fs (mmcblk0p14): mounted filesystem with ordered data mode. Opts: data=ordered
<6>[    1.250073] c0 117 (busybox) EXT4-fs (mmcblk0p13): mounted filesystem with ordered data mode. Opts: data=ordered
<6>[    1.298231] c1 124 (busybox) EXT4-fs (mmcblk0p12): mounted filesystem with ordered data mode. Opts: data=ordered
<3>[    1.449120] c0 1 (init) android_usb: already disabled
<11>[    1.450428] c0 1 (init) init: using deprecated syntax for specifying property 'sys.usb.config', use ${name} instead
<6>[    1.452522] c0 1 (init) android functions_store: rndis,mass_storage,bulk,acm
<6>[    1.452751] c0 1 (init) rndis_function_bind_config MAC: 00:00:00:00:00:00
<4>[    1.452837] c0 1 (init) android_usb gadget: using random self ethernet address
<4>[    1.452870] c0 1 (init) android_usb gadget: using random host ethernet address
<11>[    1.453378] c0 82 (ueventd) init: add network interface: rndis0
<6>[    1.454878] c2 1 (init) rndis0: MAC be:8d:e8:98:89:68
<6>[    1.454897] c2 1 (init) rndis0: HOST MAC f2:39:c0:bc:e6:48
<6>[    1.455020] c2 1 (init) bulk_bind_config
<11>[    1.463398] c1 82 (ueventd) init: exec CMD: /system/bin/ifconfig rndis0 192.168.42.2
<4>[    1.465082] c2 1 (init) u2d_usb_init
<11>[    1.471465] c2 1 (init) init: using deprecated syntax for specifying property 'sys.usb.config', use ${name} instead
<6>[    1.505544] c1 15 (kworker/1:0) comip-u2d comip-u2d: otg_ohy_status detected = 0x1
<6>[    1.505566] c1 15 (kworker/1:0) PC detected!
<6>[    1.617907] c0 198 (mount) EXT4-fs (mmcblk0p11): re-mounted. Opts: (null)
<4>[    1.641472] c0 203 (setprop) dev->gadget.speed = USB_SPEED_HIGH
<6>[    1.678839] c0 36 (kworker/0:1) android_work: sent uevent USB_STATE=CONNECTED
<11>[    1.678976] c0 82 (ueventd) init: android_usb CONNECTED, usb_acc_mode1=0
<4>[    1.734473] c0 0 (swapper/0) dev->gadget.speed = USB_SPEED_HIGH
<3>[    1.787533] c1 15 (kworker/1:0) mlx90393 spi1.0: irq frozen: old_irq_cnt = 0, irq_cnt = 0
<6>[    1.789020] c1 15 (kworker/1:0) mlx90393 spi1.0: spi_reset_chip is triggered
<6>[    1.789036] c1 15 (kworker/1:0) mlx90393 spi1.0: g_dev0 timer.
<6>[    1.789050] c1 15 (kworker/1:0) mlx90393 spi1.0: g_dev0 axis_irq.
<6>[    1.789070] c1 15 (kworker/1:0) mlx90393 spi1.0: g_dev1 timer.
<6>[    1.789084] c1 15 (kworker/1:0) mlx90393 spi1.0: g_dev1 axis_irq.
<6>[    1.789100] c1 15 (kworker/1:0) mlx90393 spi1.0: g_dev2 timer.
<6>[    1.789114] c1 15 (kworker/1:0) mlx90393 spi1.0: g_dev2 axis_irq.
<6>[    1.804915] c0 69 (mmcqd/0) android_usb gadget: high-speed config #1: android
<6>[    1.805229] c0 36 (kworker/0:1) usb wake lock
<6>[    1.805291] c0 36 (kworker/0:1) android_work: sent uevent USB_STATE=CONFIGURED
<11>[    1.805380] c0 82 (ueventd) init: android_usb CONFIGURED, usb_acc_mode1=0
<6>[    1.847539] c0 69 (mmcqd/0) rndis_command_complete: MaxTransferSize: 16384 : Multi_pkt_txr: enabled
<7>[    1.855530] c1 74 (kworker/u10:2) key 260 reported
<6>[    1.861343] c1 15 (kworker/1:0) re-config mlx903930
<6>[    1.866657] c1 15 (kworker/1:0) re-config mlx903931
<6>[    1.871511] c1 15 (kworker/1:0) re-config mlx903932
<6>[    1.876608] c1 15 (kworker/1:0) mlx90393 spi1.0: spi_reset_chip finishes..
<6>[    1.876608] 
<3>[    1.877527] c1 15 (kworker/1:0) mlx90393 spi2.0: irq frozen: old_irq_cnt = 0, irq_cnt = 0
<6>[    1.879036] c1 15 (kworker/1:0) mlx90393 spi2.0: spi_reset_chip is triggered
<6>[    1.879053] c1 15 (kworker/1:0) mlx90393 spi2.0: g_dev0 timer.
<6>[    1.879070] c1 15 (kworker/1:0) mlx90393 spi2.0: g_dev0 axis_irq.
<6>[    1.879094] c1 15 (kworker/1:0) mlx90393 spi2.0: g_dev1 timer.
<6>[    1.879109] c1 15 (kworker/1:0) mlx90393 spi2.0: g_dev1 axis_irq.
<6>[    1.879128] c1 15 (kworker/1:0) mlx90393 spi2.0: g_dev2 timer.
<6>[    1.879145] c1 15 (kworker/1:0) mlx90393 spi2.0: g_dev2 axis_irq.
<7>[    1.944525] c1 74 (kworker/u10:2) key 260 reported
<6>[    1.955423] c1 15 (kworker/1:0) re-config mlx903930
<6>[    1.960737] c1 15 (kworker/1:0) re-config mlx903931
<6>[    1.962380] c1 15 (kworker/1:0) re-config mlx903932
<6>[    1.967674] c1 15 (kworker/1:0) mlx90393 spi2.0: spi_reset_chip finishes..
<6>[    1.967674] 
<6>[    2.363429] c0 233 (mount) EXT4-fs (mmcblk0p11): re-mounted. Opts: (null)
<6>[    2.473998] c2 273 (mount) EXT4-fs (mmcblk0p5): re-mounted. Opts: (null)
<6>[    2.507240] c1 279 (mount) EXT4-fs (mmcblk0p5): re-mounted. Opts: (null)
<3>[    2.793525] c1 15 (kworker/1:0) mlx90393 spi1.0: irq frozen: old_irq_cnt = 0, irq_cnt = 0
<6>[    2.794933] c1 15 (kworker/1:0) mlx90393 spi1.0: spi_reset_chip is triggered
<6>[    2.794948] c1 15 (kworker/1:0) mlx90393 spi1.0: g_dev0 timer.
<6>[    2.794962] c1 15 (kworker/1:0) mlx90393 spi1.0: g_dev0 axis_irq.
<6>[    2.794983] c1 15 (kworker/1:0) mlx90393 spi1.0: g_dev1 timer.
<6>[    2.794998] c1 15 (kworker/1:0) mlx90393 spi1.0: g_dev1 axis_irq.
<6>[    2.795017] c1 15 (kworker/1:0) mlx90393 spi1.0: g_dev2 timer.
<6>[    2.795033] c1 15 (kworker/1:0) mlx90393 spi1.0: g_dev2 axis_irq.
<7>[    2.864541] c3 74 (kworker/u10:2) key 260 reported
<6>[    2.869345] c1 15 (kworker/1:0) re-config mlx903930
<6>[    2.874680] c1 15 (kworker/1:0) re-config mlx903931
<6>[    2.879962] c1 15 (kworker/1:0) re-config mlx903932
<6>[    2.885244] c1 15 (kworker/1:0) mlx90393 spi1.0: spi_reset_chip finishes..
<6>[    2.885244] 
<3>[    2.885511] c1 15 (kworker/1:0) mlx90393 spi2.0: irq frozen: old_irq_cnt = 0, irq_cnt = 0
<6>[    2.886958] c1 15 (kworker/1:0) mlx90393 spi2.0: spi_reset_chip is triggered
<6>[    2.886975] c1 15 (kworker/1:0) mlx90393 spi2.0: g_dev0 timer.
<6>[    2.886991] c1 15 (kworker/1:0) mlx90393 spi2.0: g_dev0 axis_irq.
<6>[    2.887009] c1 15 (kworker/1:0) mlx90393 spi2.0: g_dev1 timer.
<6>[    2.887025] c1 15 (kworker/1:0) mlx90393 spi2.0: g_dev1 axis_irq.
<6>[    2.887044] c1 15 (kworker/1:0) mlx90393 spi2.0: g_dev2 timer.
<6>[    2.887059] c1 15 (kworker/1:0) mlx90393 spi2.0: g_dev2 axis_irq.
<7>[    2.955550] c3 74 (kworker/u10:2) key 260 reported
<6>[    2.964559] c1 15 (kworker/1:0) re-config mlx903930
<6>[    2.969689] c1 15 (kworker/1:0) re-config mlx903931
<6>[    2.974682] c1 15 (kworker/1:0) re-config mlx903932
<6>[    2.979589] c1 15 (kworker/1:0) mlx90393 spi2.0: spi_reset_chip finishes..
<6>[    2.979589] 
<6>[    3.339999] c3 152 (sdrs) modem: modem open ref 0, status 0
<3>[    3.799534] c1 15 (kworker/1:0) mlx90393 spi1.0: irq frozen: old_irq_cnt = 0, irq_cnt = 0
<6>[    3.801017] c1 15 (kworker/1:0) mlx90393 spi1.0: spi_reset_chip is triggered
<6>[    3.801033] c1 15 (kworker/1:0) mlx90393 spi1.0: g_dev0 timer.
<6>[    3.801049] c1 15 (kworker/1:0) mlx90393 spi1.0: g_dev0 axis_irq.
<6>[    3.801070] c1 15 (kworker/1:0) mlx90393 spi1.0: g_dev1 timer.
<6>[    3.801084] c1 15 (kworker/1:0) mlx90393 spi1.0: g_dev1 axis_irq.
<6>[    3.801101] c1 15 (kworker/1:0) mlx90393 spi1.0: g_dev2 timer.
<6>[    3.801116] c1 15 (kworker/1:0) mlx90393 spi1.0: g_dev2 axis_irq.
<7>[    3.870555] c1 74 (kworker/u10:2) key 260 reported
<6>[    3.879828] c1 15 (kworker/1:0) re-config mlx903930
<6>[    3.885136] c1 15 (kworker/1:0) re-config mlx903931
<6>[    3.890413] c1 15 (kworker/1:0) re-config mlx903932
<6>[    3.895729] c1 15 (kworker/1:0) mlx90393 spi1.0: spi_reset_chip finishes..
<6>[    3.895729] 
<3>[    3.896508] c1 15 (kworker/1:0) mlx90393 spi2.0: irq frozen: old_irq_cnt = 0, irq_cnt = 0
<6>[    3.897936] c1 15 (kworker/1:0) mlx90393 spi2.0: spi_reset_chip is triggered
<6>[    3.897952] c1 15 (kworker/1:0) mlx90393 spi2.0: g_dev0 timer.
<6>[    3.897967] c1 15 (kworker/1:0) mlx90393 spi2.0: g_dev0 axis_irq.
<6>[    3.897986] c1 15 (kworker/1:0) mlx90393 spi2.0: g_dev1 timer.
<6>[    3.898001] c1 15 (kworker/1:0) mlx90393 spi2.0: g_dev1 axis_irq.
<6>[    3.898017] c1 15 (kworker/1:0) mlx90393 spi2.0: g_dev2 timer.
<6>[    3.898032] c1 15 (kworker/1:0) mlx90393 spi2.0: g_dev2 axis_irq.
<7>[    3.966525] c0 74 (kworker/u10:2) key 260 reported
<6>[    3.972650] c1 15 (kworker/1:0) re-config mlx903930
<6>[    3.977944] c1 15 (kworker/1:0) re-config mlx903931
<6>[    3.983214] c1 15 (kworker/1:0) re-config mlx903932
<6>[    3.988528] c1 15 (kworker/1:0) mlx90393 spi2.0: spi_reset_chip finishes..
<6>[    3.988528] 
<6>[    3.349992] c2 152 (sdrs) modem: request_firmware head data d7d55000 size 1270832
<6>[    4.288235] c2 152 (sdrs) modem: reboot flag 0, 0
<6>[    4.288258] c2 152 (sdrs) modem: run modem, set CP to reset state first
<7>[    4.338528] c2 152 (sdrs) addr 0xe100c220: 0x0000ffff
<7>[    4.338544] c2 152 (sdrs) addr 0xe100c224: 0x0000ffff
<7>[    4.338559] c2 152 (sdrs) addr 0xe100c228: 0x0000ffff
<7>[    4.338574] c2 152 (sdrs) addr 0xe100c22c: 0x0000ffff
<7>[    4.338588] c2 152 (sdrs) addr 0xe100c230: 0x0000ffff
<7>[    4.338602] c2 152 (sdrs) addr 0xe100c234: 0x0000ffff
<7>[    4.338617] c2 152 (sdrs) addr 0xe100c238: 0x0000ffff
<7>[    4.338631] c2 152 (sdrs) addr 0xe100c23c: 0x0000ffff
<7>[    4.338645] c2 152 (sdrs) addr 0xe100c240: 0x0000ffff
<7>[    4.338660] c2 152 (sdrs) addr 0xe100c244: 0x0000ffff
<7>[    4.338674] c2 152 (sdrs) addr 0xe100c248: 0x0000ffff
<7>[    4.338688] c2 152 (sdrs) addr 0xe100c24c: 0x0000ffff
<7>[    4.338703] c2 152 (sdrs) addr 0xe100c250: 0x0000ffff
<7>[    4.338717] c2 152 (sdrs) addr 0xe100c254: 0x0000ffff
<7>[    4.338731] c2 152 (sdrs) addr 0xe100c258: 0x0000ffff
<7>[    4.338745] c2 152 (sdrs) addr 0xe100c25c: 0x0000ffff
<7>[    4.338763] c2 152 (sdrs) addr 0xe100a120: 0x01ffffff
<7>[    4.338775] c2 152 (sdrs) addr 0xe100a124: 0x00000000
<7>[    4.338789] c2 152 (sdrs) addr 0xe100a128: 0x01ffffff
<7>[    4.338804] c2 152 (sdrs) addr 0xe100a12c: 0x01ffffff
<7>[    4.338818] c2 152 (sdrs) addr 0xe100a130: 0x01ffffff
<7>[    4.344518] c2 152 (sdrs) bridge: reset run image flag 2
<7>[    4.344889] c2 152 (sdrs) modem: add bridge TPC0 
<7>[    4.345108] c2 152 (sdrs) bridge: TPC0 found! 
<7>[    4.345499] c2 152 (sdrs) modem: add bridge TPC1 
<7>[    4.345652] c2 152 (sdrs) bridge: TPC1 found! 
<7>[    4.345743] c2 152 (sdrs) modem: add bridge lmi0 
<7>[    4.345888] c2 152 (sdrs) bridge: lmi0 found! 
<7>[    4.345939] c2 152 (sdrs) modem: add bridge lmi1 
<7>[    4.346068] c2 152 (sdrs) bridge: lmi1 found! 
<7>[    4.346119] c2 152 (sdrs) modem: add bridge lmi2 
<7>[    4.346242] c2 152 (sdrs) bridge: lmi2 found! 
<7>[    4.346409] c2 152 (sdrs) modem: add bridge lmi3 
<7>[    4.346583] c2 152 (sdrs) bridge: lmi3 found! 
<7>[    4.346636] c2 152 (sdrs) modem: add bridge lmi4 
<7>[    4.346764] c2 152 (sdrs) bridge: lmi4 found! 
<7>[    4.346820] c2 152 (sdrs) modem: add bridge lmi5 
<7>[    4.346946] c2 152 (sdrs) bridge: lmi5 found! 
<7>[    4.347114] c2 152 (sdrs) modem: add bridge lmi6 
<7>[    4.347253] c2 152 (sdrs) bridge: lmi6 found! 
<7>[    4.347306] c2 152 (sdrs) modem: add bridge lmi7 
<7>[    4.347439] c2 152 (sdrs) bridge: lmi7 found! 
<7>[    4.347901] c2 152 (sdrs) modem: add bridge lmi8 
<7>[    4.348087] c2 152 (sdrs) bridge: lmi8 found! 
<7>[    4.348199] c2 152 (sdrs) modem: add bridge lmi9 
<7>[    4.348508] c2 152 (sdrs) bridge: lmi9 found! 
<7>[    4.348618] c2 152 (sdrs) modem: add bridge lmi10 
<7>[    4.348887] c2 152 (sdrs) bridge: lmi10 found! 
<7>[    4.348911] c2 152 (sdrs) modem: add bridge lmi40 
<7>[    4.349969] c2 152 (sdrs) bridge: lmi40 found! 
<7>[    4.349992] c2 152 (sdrs) modem: add bridge lmi41 
<7>[    4.350783] c2 152 (sdrs) bridge: lmi41 found! 
<7>[    4.350806] c2 152 (sdrs) modem: add bridge lmi42 
<7>[    4.351585] c2 152 (sdrs) bridge: lmi42 found! 
<7>[    4.351609] c2 152 (sdrs) modem: add bridge lmi44 
<7>[    4.352363] c2 152 (sdrs) bridge: lmi44 found! 
<7>[    4.352385] c2 152 (sdrs) modem: add bridge lmi45 
<7>[    4.353186] c2 152 (sdrs) bridge: lmi45 found! 
<7>[    4.353208] c2 152 (sdrs) modem: add bridge lmi46 
<7>[    4.353536] c2 152 (sdrs) bridge: lmi46 found! 
<7>[    4.353559] c2 152 (sdrs) modem: add bridge lmi47 
<7>[    4.353842] c2 152 (sdrs) bridge: lmi47 found! 
<7>[    4.353897] c2 152 (sdrs) modem: add bridge socbridge 
<7>[    4.354170] c2 152 (sdrs) bridge: socbridge found! 
<6>[    4.365840] c1 152 (sdrs) modem: load modemarm 1270832 bytes
<6>[    4.377549] c1 152 (sdrs) modem: load modemdsp_gnd 1483920 bytes
<7>[    4.399376] c1 159 (sdrs_log) bridge: lmi10: cp not ready 0
<7>[    4.401521] c1 152 (sdrs) modem: t0 0:0
<7>[    4.401521] t1 315532851:979509
<7>[    4.401521] t2 0:0
<7>[    4.401521] t3 0:0
<7>[    4.401521] t4 315532852:25488
<7>[    4.401521] t5 315532852:25490
<7>[    4.401557] c1 152 (sdrs) modem: run modem count 1 , status 3.
<7>[    4.499513] c1 159 (sdrs_log) bridge: lmi10: cp not ready 0
<7>[    4.600518] c1 159 (sdrs_log) bridge: lmi10: cp not ready 0
<7>[    4.701519] c1 159 (sdrs_log) bridge: lmi10: cp not ready 0
<7>[    4.802509] c1 159 (sdrs_log) bridge: lmi10: cp not ready 0
<3>[    4.805521] c1 15 (kworker/1:0) mlx90393 spi1.0: irq frozen: old_irq_cnt = 0, irq_cnt = 0
<6>[    4.806943] c1 15 (kworker/1:0) mlx90393 spi1.0: spi_reset_chip is triggered
<6>[    4.806958] c1 15 (kworker/1:0) mlx90393 spi1.0: g_dev0 timer.
<6>[    4.806972] c1 15 (kworker/1:0) mlx90393 spi1.0: g_dev0 axis_irq.
<6>[    4.806991] c1 15 (kworker/1:0) mlx90393 spi1.0: g_dev1 timer.
<6>[    4.807005] c1 15 (kworker/1:0) mlx90393 spi1.0: g_dev1 axis_irq.
<6>[    4.807021] c1 15 (kworker/1:0) mlx90393 spi1.0: g_dev2 timer.
<6>[    4.807035] c1 15 (kworker/1:0) mlx90393 spi1.0: g_dev2 axis_irq.
<7>[    4.875521] c1 74 (kworker/u10:2) key 260 reported
<6>[    4.881422] c1 15 (kworker/1:0) re-config mlx903930
<6>[    4.886715] c1 15 (kworker/1:0) re-config mlx903931
<6>[    4.891563] c1 15 (kworker/1:0) re-config mlx903932
<6>[    4.893126] c1 15 (kworker/1:0) mlx90393 spi1.0: spi_reset_chip finishes..
<6>[    4.893126] 
<3>[    4.901512] c1 15 (kworker/1:0) mlx90393 spi2.0: irq frozen: old_irq_cnt = 0, irq_cnt = 0
<6>[    4.902958] c1 15 (kworker/1:0) mlx90393 spi2.0: spi_reset_chip is triggered
<6>[    4.902973] c1 15 (kworker/1:0) mlx90393 spi2.0: g_dev0 timer.
<6>[    4.902987] c1 15 (kworker/1:0) mlx90393 spi2.0: g_dev0 axis_irq.
<6>[    4.903003] c1 15 (kworker/1:0) mlx90393 spi2.0: g_dev1 timer.
<6>[    4.903017] c1 15 (kworker/1:0) mlx90393 spi2.0: g_dev1 axis_irq.
<6>[    4.903032] c1 15 (kworker/1:0) mlx90393 spi2.0: g_dev2 timer.
<6>[    4.903046] c1 15 (kworker/1:0) mlx90393 spi2.0: g_dev2 axis_irq.
<7>[    4.903501] c1 159 (sdrs_log) bridge: lmi10: cp not ready 0
<7>[    4.969522] c1 74 (kworker/u10:2) key 260 reported
<6>[    4.980110] c1 15 (kworker/1:0) re-config mlx903930
<6>[    4.983726] c1 15 (kworker/1:0) re-config mlx903931
<6>[    4.988976] c1 15 (kworker/1:0) re-config mlx903932
<6>[    4.993820] c1 15 (kworker/1:0) mlx90393 spi2.0: spi_reset_chip finishes..
<6>[    4.993820] 
<7>[    5.004505] c1 159 (sdrs_log) bridge: lmi10: cp ready ok
<7>[    5.004518] c1 159 (sdrs_log) bridge: open lmi10 ok.
<7>[    5.004803] c1 159 (sdrs_log) bridge: TPC0: cp ready ok
<7>[    5.004815] c1 159 (sdrs_log) bridge: open TPC0 ok.
<7>[    5.005019] c1 159 (sdrs_log) bridge: TPC1: cp ready ok
<7>[    5.005032] c1 159 (sdrs_log) bridge: open TPC1 ok.
<7>[    5.005516] c1 204 (dji_hdvt_gnd) bridge: lmi6: cp ready ok
<7>[    5.005530] c1 204 (dji_hdvt_gnd) bridge: open lmi6 ok.
<7>[    5.005705] c0 152 (sdrs) bridge: lmi0: cp ready ok
<7>[    5.005723] c0 152 (sdrs) bridge: open lmi0 ok.
<7>[    5.012620] c0 152 (sdrs) bridge: close lmi0 .
<6>[    5.044311] c0 204 (dji_hdvt_gnd) sdr: sdr_open
<6>[    5.047674] c0 204 (dji_hdvt_gnd) sdr: shm:
<6>[    5.047674] ma d0c06000
<6>[    5.047674] ma->buffer_base 17801040
<6>[    5.047674] ma->elem_size 2f7600
<6>[    5.047674] ma->buf_num 16
<6>[    5.047674] ma->reinited 1
<6>[    5.060921] c1 204 (dji_hdvt_gnd) uart1 already has set quot! baud 9600, quot 60!
<6>[    5.060941] c1 204 (dji_hdvt_gnd) uart1 new lcr is 0x3, cval = 0x13
<6>[    5.061021] c1 204 (dji_hdvt_gnd) uart1 is settting quot! baud 115200, quot 8!
<4>[    5.061036] c1 204 (dji_hdvt_gnd) write reg 0xc passes, val 0x93
<4>[    5.061048] c1 204 (dji_hdvt_gnd) write reg 0x0 passes, val 0x8
<4>[    5.061060] c1 204 (dji_hdvt_gnd) write reg 0x4 passes, val 0x0
<4>[    5.061109] c1 204 (dji_hdvt_gnd) write reg 0xc passes, val 0x13
<6>[    5.061122] c1 204 (dji_hdvt_gnd) uart1 new lcr is 0x13, cval = 0x13
<7>[    5.061811] c1 204 (dji_hdvt_gnd) bridge: lmi4: cp ready ok
<7>[    5.061826] c1 204 (dji_hdvt_gnd) bridge: open lmi4 ok.
<7>[    5.062428] c1 204 (dji_hdvt_gnd) bridge: lmi7: cp ready ok
<7>[    5.062441] c1 204 (dji_hdvt_gnd) bridge: open lmi7 ok.
<7>[    5.069847] c1 204 (dji_hdvt_gnd) bridge: lmi5: cp ready ok
<7>[    5.069868] c1 204 (dji_hdvt_gnd) bridge: open lmi5 ok.
<6>[    5.078441] c2 447 (hdvt_work) modem: modem open ref 1, status 3
<6>[    5.078461] c2 447 (hdvt_work) modem: modem status(3) != MODEM_RELEASE.open modem again! 
<6>[    5.078814] c1 204 (dji_hdvt_gnd) adc_a_open is called.
<6>[    5.080653] c3 204 (dji_hdvt_gnd) adc_b_open is called.
<6>[    5.099126] c2 462 (sh) modem: modem release ref 2, status 3
<6>[    5.112308] c3 204 (dji_hdvt_gnd) usbcore: registered new interface driver apple_roleswitch
<4>[    5.112442] c3 204 (dji_hdvt_gnd) apple roleswitch start ok
<6>[    5.112869] c0 476 (dji_hdvt_gnd) usbcore: registered new interface driver usb_aoa
<4>[    5.112883] c0 476 (dji_hdvt_gnd) aoa start ok
<4>[    5.113798] c2 477 (mfi_dev_timer_k) mfi_dev_timer_kthread start
<7>[    5.738350] c3 502 (ip) bridge: lmi42: cp ready ok
<7>[    5.738370] c3 502 (ip) bridge: open lmi42 ok.
<3>[    5.811548] c1 15 (kworker/1:0) mlx90393 spi1.0: irq frozen: old_irq_cnt = 0, irq_cnt = 0
<6>[    5.812989] c1 15 (kworker/1:0) mlx90393 spi1.0: spi_reset_chip is triggered
<6>[    5.813004] c1 15 (kworker/1:0) mlx90393 spi1.0: g_dev0 timer.
<6>[    5.813019] c1 15 (kworker/1:0) mlx90393 spi1.0: g_dev0 axis_irq.
<6>[    5.813039] c1 15 (kworker/1:0) mlx90393 spi1.0: g_dev1 timer.
<6>[    5.813053] c1 15 (kworker/1:0) mlx90393 spi1.0: g_dev1 axis_irq.
<6>[    5.813068] c1 15 (kworker/1:0) mlx90393 spi1.0: g_dev2 timer.
<6>[    5.813082] c1 15 (kworker/1:0) mlx90393 spi1.0: g_dev2 axis_irq.
<7>[    5.881521] c3 74 (kworker/u10:2) key 260 reported
<6>[    5.890590] c1 15 (kworker/1:0) re-config mlx903930
<6>[    5.895587] c1 15 (kworker/1:0) re-config mlx903931
<6>[    5.900719] c1 15 (kworker/1:0) re-config mlx903932
<6>[    5.905587] c1 15 (kworker/1:0) mlx90393 spi1.0: spi_reset_chip finishes..
<6>[    5.905587] 
<3>[    5.906518] c1 15 (kworker/1:0) mlx90393 spi2.0: irq frozen: old_irq_cnt = 0, irq_cnt = 0
<6>[    5.907988] c1 15 (kworker/1:0) mlx90393 spi2.0: spi_reset_chip is triggered
<6>[    5.908003] c1 15 (kworker/1:0) mlx90393 spi2.0: g_dev0 timer.
<6>[    5.908017] c1 15 (kworker/1:0) mlx90393 spi2.0: g_dev0 axis_irq.
<6>[    5.908033] c1 15 (kworker/1:0) mlx90393 spi2.0: g_dev1 timer.
<6>[    5.908047] c1 15 (kworker/1:0) mlx90393 spi2.0: g_dev1 axis_irq.
<6>[    5.908062] c1 15 (kworker/1:0) mlx90393 spi2.0: g_dev2 timer.
<6>[    5.908076] c1 15 (kworker/1:0) mlx90393 spi2.0: g_dev2 axis_irq.
<7>[    5.975513] c1 74 (kworker/u10:2) key 260 reported
<6>[    5.985511] c1 15 (kworker/1:0) re-config mlx903930
<6>[    5.990573] c1 15 (kworker/1:0) re-config mlx903931
<6>[    5.995823] c1 15 (kworker/1:0) re-config mlx903932
<6>[    6.000638] c1 15 (kworker/1:0) mlx90393 spi2.0: spi_reset_chip finishes..
<6>[    6.000638] 
<3>[    6.817579] c1 15 (kworker/1:0) mlx90393 spi1.0: irq frozen: old_irq_cnt = 0, irq_cnt = 0
<6>[    6.819120] c1 15 (kworker/1:0) mlx90393 spi1.0: spi_reset_chip is triggered
<6>[    6.819137] c1 15 (kworker/1:0) mlx90393 spi1.0: g_dev0 timer.
<6>[    6.819152] c1 15 (kworker/1:0) mlx90393 spi1.0: g_dev0 axis_irq.
<6>[    6.819173] c1 15 (kworker/1:0) mlx90393 spi1.0: g_dev1 timer.
<6>[    6.819234] c1 15 (kworker/1:0) mlx90393 spi1.0: g_dev1 axis_irq.
<6>[    6.819253] c1 15 (kworker/1:0) mlx90393 spi1.0: g_dev2 timer.
<6>[    6.819269] c1 15 (kworker/1:0) mlx90393 spi1.0: g_dev2 axis_irq.
<7>[    6.888531] c1 37 (kworker/u10:1) key 260 reported
<6>[    6.896542] c1 15 (kworker/1:0) re-config mlx903930
<6>[    6.904211] c1 15 (kworker/1:0) re-config mlx903931
<6>[    6.912343] c1 15 (kworker/1:0) re-config mlx903932
<6>[    6.917630] c1 15 (kworker/1:0) mlx90393 spi1.0: spi_reset_chip finishes..
<6>[    6.917630] 
<3>[    6.918534] c1 15 (kworker/1:0) mlx90393 spi2.0: irq frozen: old_irq_cnt = 0, irq_cnt = 0
<6>[    6.920038] c1 15 (kworker/1:0) mlx90393 spi2.0: spi_reset_chip is triggered
<6>[    6.920055] c1 15 (kworker/1:0) mlx90393 spi2.0: g_dev0 timer.
<6>[    6.920070] c1 15 (kworker/1:0) mlx90393 spi2.0: g_dev0 axis_irq.
<6>[    6.920090] c1 15 (kworker/1:0) mlx90393 spi2.0: g_dev1 timer.
<6>[    6.920107] c1 15 (kworker/1:0) mlx90393 spi2.0: g_dev1 axis_irq.
<6>[    6.920153] c1 15 (kworker/1:0) mlx90393 spi2.0: g_dev2 timer.
<6>[    6.920199] c1 15 (kworker/1:0) mlx90393 spi2.0: g_dev2 axis_irq.
<7>[    6.987519] c1 74 (kworker/u10:2) key 260 reported
<6>[    6.997550] c1 15 (kworker/1:0) re-config mlx903930
<6>[    7.002956] c1 15 (kworker/1:0) re-config mlx903931
<6>[    7.007830] c1 15 (kworker/1:0) re-config mlx903932
<6>[    7.010996] c1 15 (kworker/1:0) mlx90393 spi2.0: spi_reset_chip finishes..
<6>[    7.010996] 
<11>[    7.135141] c2 1 (init) init: untracked pid 579 exited
<3>[    7.823529] c1 15 (kworker/1:0) mlx90393 spi1.0: irq frozen: old_irq_cnt = 0, irq_cnt = 0
<6>[    7.824981] c1 15 (kworker/1:0) mlx90393 spi1.0: spi_reset_chip is triggered
<6>[    7.824997] c1 15 (kworker/1:0) mlx90393 spi1.0: g_dev0 timer.
<6>[    7.825011] c1 15 (kworker/1:0) mlx90393 spi1.0: g_dev0 axis_irq.
<6>[    7.825033] c1 15 (kworker/1:0) mlx90393 spi1.0: g_dev1 timer.
<6>[    7.825047] c1 15 (kworker/1:0) mlx90393 spi1.0: g_dev1 axis_irq.
<6>[    7.825062] c1 15 (kworker/1:0) mlx90393 spi1.0: g_dev2 timer.
<6>[    7.825076] c1 15 (kworker/1:0) mlx90393 spi1.0: g_dev2 axis_irq.
<7>[    7.891524] c1 74 (kworker/u10:2) key 260 reported
<6>[    7.900136] c1 15 (kworker/1:0) re-config mlx903930
<6>[    7.905419] c1 15 (kworker/1:0) re-config mlx903931
<6>[    7.908298] c1 15 (kworker/1:0) re-config mlx903932
<6>[    7.913565] c1 15 (kworker/1:0) mlx90393 spi1.0: spi_reset_chip finishes..
<6>[    7.913565] 
<3>[    7.921535] c1 15 (kworker/1:0) mlx90393 spi2.0: irq frozen: old_irq_cnt = 0, irq_cnt = 0
<6>[    7.922980] c1 15 (kworker/1:0) mlx90393 spi2.0: spi_reset_chip is triggered
<6>[    7.922995] c1 15 (kworker/1:0) mlx90393 spi2.0: g_dev0 timer.
<6>[    7.923009] c1 15 (kworker/1:0) mlx90393 spi2.0: g_dev0 axis_irq.
<6>[    7.923028] c1 15 (kworker/1:0) mlx90393 spi2.0: g_dev1 timer.
<6>[    7.923042] c1 15 (kworker/1:0) mlx90393 spi2.0: g_dev1 axis_irq.
<6>[    7.923058] c1 15 (kworker/1:0) mlx90393 spi2.0: g_dev2 timer.
<6>[    7.923073] c1 15 (kworker/1:0) mlx90393 spi2.0: g_dev2 axis_irq.
<7>[    7.990595] c2 74 (kworker/u10:2) key 260 reported
<6>[    8.000831] c1 15 (kworker/1:0) re-config mlx903930
<6>[    8.008227] c1 15 (kworker/1:0) re-config mlx903931
<6>[    8.012667] c1 15 (kworker/1:0) re-config mlx903932
<6>[    8.017996] c1 15 (kworker/1:0) mlx90393 spi2.0: spi_reset_chip finishes..
<6>[    8.017996] 
<3>[    8.829548] c1 15 (kworker/1:0) mlx90393 spi1.0: irq frozen: old_irq_cnt = 0, irq_cnt = 0
<6>[    8.831009] c1 15 (kworker/1:0) mlx90393 spi1.0: spi_reset_chip is triggered
<6>[    8.831025] c1 15 (kworker/1:0) mlx90393 spi1.0: g_dev0 timer.
<6>[    8.831039] c1 15 (kworker/1:0) mlx90393 spi1.0: g_dev0 axis_irq.
<6>[    8.831058] c1 15 (kworker/1:0) mlx90393 spi1.0: g_dev1 timer.
<6>[    8.831072] c1 15 (kworker/1:0) mlx90393 spi1.0: g_dev1 axis_irq.
<6>[    8.831088] c1 15 (kworker/1:0) mlx90393 spi1.0: g_dev2 timer.
<6>[    8.831102] c1 15 (kworker/1:0) mlx90393 spi1.0: g_dev2 axis_irq.
<7>[    8.899534] c1 74 (kworker/u10:2) key 260 reported
<6>[    8.909132] c1 15 (kworker/1:0) re-config mlx903930
<6>[    8.913632] c1 15 (kworker/1:0) re-config mlx903931
<6>[    8.918584] c1 15 (kworker/1:0) re-config mlx903932
<6>[    8.923620] c1 15 (kworker/1:0) mlx90393 spi1.0: spi_reset_chip finishes..
<6>[    8.923620] 
<3>[    8.925550] c1 15 (kworker/1:0) mlx90393 spi2.0: irq frozen: old_irq_cnt = 0, irq_cnt = 0
<6>[    8.927289] c1 15 (kworker/1:0) mlx90393 spi2.0: spi_reset_chip is triggered
<6>[    8.927306] c1 15 (kworker/1:0) mlx90393 spi2.0: g_dev0 timer.
<6>[    8.927321] c1 15 (kworker/1:0) mlx90393 spi2.0: g_dev0 axis_irq.
<6>[    8.927340] c1 15 (kworker/1:0) mlx90393 spi2.0: g_dev1 timer.
<6>[    8.927353] c1 15 (kworker/1:0) mlx90393 spi2.0: g_dev1 axis_irq.
<6>[    8.927369] c1 15 (kworker/1:0) mlx90393 spi2.0: g_dev2 timer.
<6>[    8.927383] c1 15 (kworker/1:0) mlx90393 spi2.0: g_dev2 axis_irq.
<7>[    8.994510] c1 74 (kworker/u10:2) key 260 reported
<6>[    9.005570] c1 15 (kworker/1:0) re-config mlx903930
<6>[    9.011150] c1 15 (kworker/1:0) re-config mlx903931
<6>[    9.015569] c1 15 (kworker/1:0) re-config mlx903932
<6>[    9.020584] c1 15 (kworker/1:0) mlx90393 spi2.0: spi_reset_chip finishes..
<6>[    9.020584] 
<3>[    9.835675] c1 15 (kworker/1:0) mlx90393 spi1.0: irq frozen: old_irq_cnt = 0, irq_cnt = 0
<6>[    9.838293] c1 15 (kworker/1:0) mlx90393 spi1.0: spi_reset_chip is triggered
<6>[    9.838316] c1 15 (kworker/1:0) mlx90393 spi1.0: g_dev0 timer.
<6>[    9.838337] c1 15 (kworker/1:0) mlx90393 spi1.0: g_dev0 axis_irq.
<6>[    9.838365] c1 15 (kworker/1:0) mlx90393 spi1.0: g_dev1 timer.
<6>[    9.838389] c1 15 (kworker/1:0) mlx90393 spi1.0: g_dev1 axis_irq.
<6>[    9.838416] c1 15 (kworker/1:0) mlx90393 spi1.0: g_dev2 timer.
<6>[    9.838436] c1 15 (kworker/1:0) mlx90393 spi1.0: g_dev2 axis_irq.
<7>[    9.907585] c1 74 (kworker/u10:2) key 260 reported
<6>[    9.916756] c1 15 (kworker/1:0) re-config mlx903930
<6>[    9.921598] c1 15 (kworker/1:0) re-config mlx903931
<6>[    9.926659] c1 15 (kworker/1:0) re-config mlx903932
<6>[    9.931699] c1 15 (kworker/1:0) mlx90393 spi1.0: spi_reset_chip finishes..
<6>[    9.931699] 
<3>[    9.935083] c1 15 (kworker/1:0) mlx90393 spi2.0: irq frozen: old_irq_cnt = 0, irq_cnt = 0
<6>[    9.936538] c1 15 (kworker/1:0) mlx90393 spi2.0: spi_reset_chip is triggered
<6>[    9.936553] c1 15 (kworker/1:0) mlx90393 spi2.0: g_dev0 timer.
<6>[    9.936569] c1 15 (kworker/1:0) mlx90393 spi2.0: g_dev0 axis_irq.
<6>[    9.936589] c1 15 (kworker/1:0) mlx90393 spi2.0: g_dev1 timer.
<6>[    9.936603] c1 15 (kworker/1:0) mlx90393 spi2.0: g_dev1 axis_irq.
<6>[    9.936619] c1 15 (kworker/1:0) mlx90393 spi2.0: g_dev2 timer.
<6>[    9.936634] c1 15 (kworker/1:0) mlx90393 spi2.0: g_dev2 axis_irq.
<7>[   10.005544] c3 74 (kworker/u10:2) key 260 reported
<6>[   10.015543] c1 15 (kworker/1:0) re-config mlx903930
<6>[   10.021529] c1 15 (kworker/1:0) re-config mlx903931
<6>[   10.026642] c1 15 (kworker/1:0) re-config mlx903932
<6>[   10.031607] c1 15 (kworker/1:0) mlx90393 spi2.0: spi_reset_chip finishes..
<6>[   10.031607] 
<3>[   10.841552] c1 15 (kworker/1:0) mlx90393 spi1.0: irq frozen: old_irq_cnt = 0, irq_cnt = 0
<6>[   10.843082] c1 15 (kworker/1:0) mlx90393 spi1.0: spi_reset_chip is triggered
<6>[   10.843099] c1 15 (kworker/1:0) mlx90393 spi1.0: g_dev0 timer.
<6>[   10.843113] c1 15 (kworker/1:0) mlx90393 spi1.0: g_dev0 axis_irq.
<6>[   10.843132] c1 15 (kworker/1:0) mlx90393 spi1.0: g_dev1 timer.
<6>[   10.843146] c1 15 (kworker/1:0) mlx90393 spi1.0: g_dev1 axis_irq.
<6>[   10.843162] c1 15 (kworker/1:0) mlx90393 spi1.0: g_dev2 timer.
<6>[   10.843176] c1 15 (kworker/1:0) mlx90393 spi1.0: g_dev2 axis_irq.
<7>[   10.911516] c1 74 (kworker/u10:2) key 260 reported
<6>[   10.920988] c1 15 (kworker/1:0) re-config mlx903930
<6>[   10.923528] c1 15 (kworker/1:0) re-config mlx903931
<6>[   10.928344] c1 15 (kworker/1:0) re-config mlx903932
<6>[   10.933577] c1 15 (kworker/1:0) mlx90393 spi1.0: spi_reset_chip finishes..
<6>[   10.933577] 
<3>[   10.937507] c1 15 (kworker/1:0) mlx90393 spi2.0: irq frozen: old_irq_cnt = 0, irq_cnt = 0
<6>[   10.938923] c1 15 (kworker/1:0) mlx90393 spi2.0: spi_reset_chip is triggered
<6>[   10.938937] c1 15 (kworker/1:0) mlx90393 spi2.0: g_dev0 timer.
<6>[   10.938952] c1 15 (kworker/1:0) mlx90393 spi2.0: g_dev0 axis_irq.
<6>[   10.938970] c1 15 (kworker/1:0) mlx90393 spi2.0: g_dev1 timer.
<6>[   10.938984] c1 15 (kworker/1:0) mlx90393 spi2.0: g_dev1 axis_irq.
<6>[   10.938999] c1 15 (kworker/1:0) mlx90393 spi2.0: g_dev2 timer.
<6>[   10.939048] c1 15 (kworker/1:0) mlx90393 spi2.0: g_dev2 axis_irq.
<7>[   11.005509] c1 74 (kworker/u10:2) key 260 reported
<6>[   11.016529] c1 15 (kworker/1:0) re-config mlx903930
<6>[   11.021443] c1 15 (kworker/1:0) re-config mlx903931
<6>[   11.026728] c1 15 (kworker/1:0) re-config mlx903932
<6>[   11.031565] c1 15 (kworker/1:0) mlx90393 spi2.0: spi_reset_chip finishes..
<6>[   11.031565] 
<6>[   11.558611] c1 849 (mount) EXT4-fs (mmcblk0p5): re-mounted. Opts: (null)
<3>[   11.848892] c1 62 (kworker/1:2) mlx90393 spi1.0: irq frozen: old_irq_cnt = 0, irq_cnt = 0
<6>[   11.850358] c1 62 (kworker/1:2) mlx90393 spi1.0: spi_reset_chip is triggered
<6>[   11.850374] c1 62 (kworker/1:2) mlx90393 spi1.0: g_dev0 timer.
<6>[   11.850388] c1 62 (kworker/1:2) mlx90393 spi1.0: g_dev0 axis_irq.
<6>[   11.850407] c1 62 (kworker/1:2) mlx90393 spi1.0: g_dev1 timer.
<6>[   11.850421] c1 62 (kworker/1:2) mlx90393 spi1.0: g_dev1 axis_irq.
<6>[   11.850437] c1 62 (kworker/1:2) mlx90393 spi1.0: g_dev2 timer.
<6>[   11.850451] c1 62 (kworker/1:2) mlx90393 spi1.0: g_dev2 axis_irq.
<7>[   11.920523] c1 74 (kworker/u10:2) key 260 reported
<6>[   11.932882] c1 62 (kworker/1:2) re-config mlx903930
<6>[   11.934582] c1 62 (kworker/1:2) re-config mlx903931
<6>[   11.938567] c1 62 (kworker/1:2) re-config mlx903932
<6>[   11.943591] c1 62 (kworker/1:2) mlx90393 spi1.0: spi_reset_chip finishes..
<6>[   11.943591] 
<3>[   11.944548] c1 62 (kworker/1:2) mlx90393 spi2.0: irq frozen: old_irq_cnt = 0, irq_cnt = 0
<6>[   11.946086] c1 62 (kworker/1:2) mlx90393 spi2.0: spi_reset_chip is triggered
<6>[   11.946102] c1 62 (kworker/1:2) mlx90393 spi2.0: g_dev0 timer.
<6>[   11.946116] c1 62 (kworker/1:2) mlx90393 spi2.0: g_dev0 axis_irq.
<6>[   11.946134] c1 62 (kworker/1:2) mlx90393 spi2.0: g_dev1 timer.
<6>[   11.946148] c1 62 (kworker/1:2) mlx90393 spi2.0: g_dev1 axis_irq.
<6>[   11.946163] c1 62 (kworker/1:2) mlx90393 spi2.0: g_dev2 timer.
<6>[   11.946177] c1 62 (kworker/1:2) mlx90393 spi2.0: g_dev2 axis_irq.
<7>[   12.012527] c1 74 (kworker/u10:2) key 260 reported
<6>[   12.028527] c1 62 (kworker/1:2) re-config mlx903930
<6>[   12.033577] c1 62 (kworker/1:2) re-config mlx903931
<6>[   12.037040] c1 62 (kworker/1:2) re-config mlx903932
<6>[   12.041592] c1 62 (kworker/1:2) mlx90393 spi2.0: spi_reset_chip finishes..
<6>[   12.041592] 
<6>[   12.649416] c0 894 (mount) EXT4-fs (mmcblk0p5): re-mounted. Opts: (null)
<3>[   12.853542] c1 62 (kworker/1:2) mlx90393 spi1.0: irq frozen: old_irq_cnt = 0, irq_cnt = 0
<6>[   12.855001] c1 62 (kworker/1:2) mlx90393 spi1.0: spi_reset_chip is triggered
<6>[   12.855016] c1 62 (kworker/1:2) mlx90393 spi1.0: g_dev0 timer.
<6>[   12.855031] c1 62 (kworker/1:2) mlx90393 spi1.0: g_dev0 axis_irq.
<6>[   12.855050] c1 62 (kworker/1:2) mlx90393 spi1.0: g_dev1 timer.
<6>[   12.855064] c1 62 (kworker/1:2) mlx90393 spi1.0: g_dev1 axis_irq.
<6>[   12.855080] c1 62 (kworker/1:2) mlx90393 spi1.0: g_dev2 timer.
<6>[   12.855094] c1 62 (kworker/1:2) mlx90393 spi1.0: g_dev2 axis_irq.
<7>[   12.923532] c1 74 (kworker/u10:2) key 260 reported
<6>[   12.932537] c1 62 (kworker/1:2) re-config mlx903930
<6>[   12.937588] c1 62 (kworker/1:2) re-config mlx903931
<6>[   12.942597] c1 62 (kworker/1:2) re-config mlx903932
<6>[   12.947689] c1 62 (kworker/1:2) mlx90393 spi1.0: spi_reset_chip finishes..
<6>[   12.947689] 
<3>[   12.949532] c1 62 (kworker/1:2) mlx90393 spi2.0: irq frozen: old_irq_cnt = 0, irq_cnt = 0
<6>[   12.950975] c1 62 (kworker/1:2) mlx90393 spi2.0: spi_reset_chip is triggered
<6>[   12.950991] c1 62 (kworker/1:2) mlx90393 spi2.0: g_dev0 timer.
<6>[   12.951005] c1 62 (kworker/1:2) mlx90393 spi2.0: g_dev0 axis_irq.
<6>[   12.951023] c1 62 (kworker/1:2) mlx90393 spi2.0: g_dev1 timer.
<6>[   12.951037] c1 62 (kworker/1:2) mlx90393 spi2.0: g_dev1 axis_irq.
<6>[   12.951052] c1 62 (kworker/1:2) mlx90393 spi2.0: g_dev2 timer.
<6>[   12.951066] c1 62 (kworker/1:2) mlx90393 spi2.0: g_dev2 axis_irq.
<7>[   13.018514] c2 74 (kworker/u10:2) key 260 reported
<6>[   13.029517] c1 62 (kworker/1:2) re-config mlx903930
<6>[   13.034785] c1 62 (kworker/1:2) re-config mlx903931
<6>[   13.040072] c1 62 (kworker/1:2) re-config mlx903932
<6>[   13.041438] c1 62 (kworker/1:2) mlx90393 spi2.0: spi_reset_chip finishes..
<6>[   13.041438] 
<3>[   13.859537] c1 62 (kworker/1:2) mlx90393 spi1.0: irq frozen: old_irq_cnt = 0, irq_cnt = 0
<6>[   13.861616] c1 62 (kworker/1:2) mlx90393 spi1.0: spi_reset_chip is triggered
<6>[   13.861636] c1 62 (kworker/1:2) mlx90393 spi1.0: g_dev0 timer.
<6>[   13.861657] c1 62 (kworker/1:2) mlx90393 spi1.0: g_dev0 axis_irq.
<6>[   13.861679] c1 62 (kworker/1:2) mlx90393 spi1.0: g_dev1 timer.
<6>[   13.861695] c1 62 (kworker/1:2) mlx90393 spi1.0: g_dev1 axis_irq.
<6>[   13.861713] c1 62 (kworker/1:2) mlx90393 spi1.0: g_dev2 timer.
<6>[   13.861730] c1 62 (kworker/1:2) mlx90393 spi1.0: g_dev2 axis_irq.
<7>[   13.930557] c2 6 (kworker/u10:0) key 260 reported
<6>[   13.939535] c1 62 (kworker/1:2) re-config mlx903930
<6>[   13.944639] c1 62 (kworker/1:2) re-config mlx903931
<6>[   13.949635] c1 62 (kworker/1:2) re-config mlx903932
<6>[   13.954709] c1 62 (kworker/1:2) mlx90393 spi1.0: spi_reset_chip finishes..
<6>[   13.954709] 
<3>[   13.955591] c1 62 (kworker/1:2) mlx90393 spi2.0: irq frozen: old_irq_cnt = 0, irq_cnt = 0
<6>[   13.957098] c1 62 (kworker/1:2) mlx90393 spi2.0: spi_reset_chip is triggered
<6>[   13.957114] c1 62 (kworker/1:2) mlx90393 spi2.0: g_dev0 timer.
<6>[   13.957130] c1 62 (kworker/1:2) mlx90393 spi2.0: g_dev0 axis_irq.
<6>[   13.957150] c1 62 (kworker/1:2) mlx90393 spi2.0: g_dev1 timer.
<6>[   13.957165] c1 62 (kworker/1:2) mlx90393 spi2.0: g_dev1 axis_irq.
<6>[   13.957186] c1 62 (kworker/1:2) mlx90393 spi2.0: g_dev2 timer.
<6>[   13.957205] c1 62 (kworker/1:2) mlx90393 spi2.0: g_dev2 axis_irq.
<7>[   14.023545] c1 6 (kworker/u10:0) key 260 reported
<6>[   14.034562] c1 62 (kworker/1:2) re-config mlx903930
<6>[   14.039595] c1 62 (kworker/1:2) re-config mlx903931
<6>[   14.044605] c1 62 (kworker/1:2) re-config mlx903932
<6>[   14.049905] c1 62 (kworker/1:2) mlx90393 spi2.0: spi_reset_chip finishes..
<6>[   14.049905] 
<3>[   14.867460] c1 62 (kworker/1:2) mlx90393 spi1.0: irq frozen: old_irq_cnt = 0, irq_cnt = 0
<6>[   14.868939] c1 62 (kworker/1:2) mlx90393 spi1.0: spi_reset_chip is triggered
<6>[   14.868955] c1 62 (kworker/1:2) mlx90393 spi1.0: g_dev0 timer.
<6>[   14.868971] c1 62 (kworker/1:2) mlx90393 spi1.0: g_dev0 axis_irq.
<6>[   14.868991] c1 62 (kworker/1:2) mlx90393 spi1.0: g_dev1 timer.
<6>[   14.869005] c1 62 (kworker/1:2) mlx90393 spi1.0: g_dev1 axis_irq.
<6>[   14.869021] c1 62 (kworker/1:2) mlx90393 spi1.0: g_dev2 timer.
<6>[   14.869035] c1 62 (kworker/1:2) mlx90393 spi1.0: g_dev2 axis_irq.
<7>[   14.937524] c1 6 (kworker/u10:0) key 260 reported
<6>[   14.950821] c1 62 (kworker/1:2) re-config mlx903930
<6>[   14.956100] c1 62 (kworker/1:2) re-config mlx903931
<6>[   14.961427] c1 62 (kworker/1:2) re-config mlx903932
<6>[   14.966721] c1 62 (kworker/1:2) mlx90393 spi1.0: spi_reset_chip finishes..
<6>[   14.966721] 
<3>[   14.967506] c1 62 (kworker/1:2) mlx90393 spi2.0: irq frozen: old_irq_cnt = 0, irq_cnt = 0
<6>[   14.968972] c1 62 (kworker/1:2) mlx90393 spi2.0: spi_reset_chip is triggered
<6>[   14.968987] c1 62 (kworker/1:2) mlx90393 spi2.0: g_dev0 timer.
<6>[   14.969001] c1 62 (kworker/1:2) mlx90393 spi2.0: g_dev0 axis_irq.
<6>[   14.969018] c1 62 (kworker/1:2) mlx90393 spi2.0: g_dev1 timer.
<6>[   14.969032] c1 62 (kworker/1:2) mlx90393 spi2.0: g_dev1 axis_irq.
<6>[   14.969047] c1 62 (kworker/1:2) mlx90393 spi2.0: g_dev2 timer.
<6>[   14.969061] c1 62 (kworker/1:2) mlx90393 spi2.0: g_dev2 axis_irq.
<7>[   15.034531] c0 6 (kworker/u10:0) key 260 reported
<6>[   15.043553] c1 62 (kworker/1:2) re-config mlx903930
<6>[   15.048587] c1 62 (kworker/1:2) re-config mlx903931
<6>[   15.054579] c1 62 (kworker/1:2) re-config mlx903932
<6>[   15.060015] c1 62 (kworker/1:2) mlx90393 spi2.0: spi_reset_chip finishes..
<6>[   15.060015] 
<3>[   15.871529] c1 62 (kworker/1:2) mlx90393 spi1.0: irq frozen: old_irq_cnt = 0, irq_cnt = 0
<6>[   15.873033] c1 62 (kworker/1:2) mlx90393 spi1.0: spi_reset_chip is triggered
<6>[   15.873048] c1 62 (kworker/1:2) mlx90393 spi1.0: g_dev0 timer.
<6>[   15.873062] c1 62 (kworker/1:2) mlx90393 spi1.0: g_dev0 axis_irq.
<6>[   15.873082] c1 62 (kworker/1:2) mlx90393 spi1.0: g_dev1 timer.
<6>[   15.873096] c1 62 (kworker/1:2) mlx90393 spi1.0: g_dev1 axis_irq.
<6>[   15.873112] c1 62 (kworker/1:2) mlx90393 spi1.0: g_dev2 timer.
<6>[   15.873126] c1 62 (kworker/1:2) mlx90393 spi1.0: g_dev2 axis_irq.
<7>[   15.941515] c1 6 (kworker/u10:0) key 260 reported
<6>[   15.948316] c1 62 (kworker/1:2) re-config mlx903930
<6>[   15.953580] c1 62 (kworker/1:2) re-config mlx903931
<6>[   15.958591] c1 62 (kworker/1:2) re-config mlx903932
<6>[   15.963856] c1 62 (kworker/1:2) mlx90393 spi1.0: spi_reset_chip finishes..
<6>[   15.963856] 
<3>[   15.971513] c1 62 (kworker/1:2) mlx90393 spi2.0: irq frozen: old_irq_cnt = 0, irq_cnt = 0
<6>[   15.972926] c1 62 (kworker/1:2) mlx90393 spi2.0: spi_reset_chip is triggered
<6>[   15.972941] c1 62 (kworker/1:2) mlx90393 spi2.0: g_dev0 timer.
<6>[   15.972956] c1 62 (kworker/1:2) mlx90393 spi2.0: g_dev0 axis_irq.
<6>[   15.972973] c1 62 (kworker/1:2) mlx90393 spi2.0: g_dev1 timer.
<6>[   15.972987] c1 62 (kworker/1:2) mlx90393 spi2.0: g_dev1 axis_irq.
<6>[   15.973003] c1 62 (kworker/1:2) mlx90393 spi2.0: g_dev2 timer.
<6>[   15.973016] c1 62 (kworker/1:2) mlx90393 spi2.0: g_dev2 axis_irq.
<7>[   16.040523] c2 6 (kworker/u10:0) key 260 reported
<6>[   16.047793] c1 62 (kworker/1:2) re-config mlx903930
<6>[   16.053061] c1 62 (kworker/1:2) re-config mlx903931
<6>[   16.058056] c1 62 (kworker/1:2) re-config mlx903932
<6>[   16.061436] c1 62 (kworker/1:2) mlx90393 spi2.0: spi_reset_chip finishes..
<6>[   16.061436] 
<3>[   16.877542] c1 62 (kworker/1:2) mlx90393 spi1.0: irq frozen: old_irq_cnt = 0, irq_cnt = 0
<6>[   16.878988] c1 62 (kworker/1:2) mlx90393 spi1.0: spi_reset_chip is triggered
<6>[   16.879003] c1 62 (kworker/1:2) mlx90393 spi1.0: g_dev0 timer.
<6>[   16.879017] c1 62 (kworker/1:2) mlx90393 spi1.0: g_dev0 axis_irq.
<6>[   16.879037] c1 62 (kworker/1:2) mlx90393 spi1.0: g_dev1 timer.
<6>[   16.879051] c1 62 (kworker/1:2) mlx90393 spi1.0: g_dev1 axis_irq.
<6>[   16.879067] c1 62 (kworker/1:2) mlx90393 spi1.0: g_dev2 timer.
<6>[   16.879080] c1 62 (kworker/1:2) mlx90393 spi1.0: g_dev2 axis_irq.
<7>[   16.944534] c1 6 (kworker/u10:0) key 260 reported
<6>[   16.955426] c1 62 (kworker/1:2) re-config mlx903930
<6>[   16.960727] c1 62 (kworker/1:2) re-config mlx903931
<6>[   16.962157] c1 62 (kworker/1:2) re-config mlx903932
<6>[   16.966585] c1 62 (kworker/1:2) mlx90393 spi1.0: spi_reset_chip finishes..
<6>[   16.966585] 
<3>[   16.975509] c1 62 (kworker/1:2) mlx90393 spi2.0: irq frozen: old_irq_cnt = 0, irq_cnt = 0
<6>[   16.976924] c1 62 (kworker/1:2) mlx90393 spi2.0: spi_reset_chip is triggered
<6>[   16.976938] c1 62 (kworker/1:2) mlx90393 spi2.0: g_dev0 timer.
<6>[   16.976952] c1 62 (kworker/1:2) mlx90393 spi2.0: g_dev0 axis_irq.
<6>[   16.976969] c1 62 (kworker/1:2) mlx90393 spi2.0: g_dev1 timer.
<6>[   16.976983] c1 62 (kworker/1:2) mlx90393 spi2.0: g_dev1 axis_irq.
<6>[   16.976998] c1 62 (kworker/1:2) mlx90393 spi2.0: g_dev2 timer.
<6>[   16.977011] c1 62 (kworker/1:2) mlx90393 spi2.0: g_dev2 axis_irq.
<7>[   17.043514] c1 6 (kworker/u10:0) key 260 reported
<6>[   17.054954] c1 62 (kworker/1:2) re-config mlx903930
<6>[   17.060063] c1 62 (kworker/1:2) re-config mlx903931
<6>[   17.063270] c1 62 (kworker/1:2) re-config mlx903932
<6>[   17.067219] c1 62 (kworker/1:2) mlx90393 spi2.0: spi_reset_chip finishes..
<6>[   17.067219] 


!!!New kernel log start!!!

<6>[    0.000000] c0 0 (swapper) Booting Linux on physical CPU 0x100
<6>[    0.000000] c0 0 (swapper) Initializing cgroup subsys cpu
<6>[    0.000000] c0 0 (swapper) Initializing cgroup subsys cpuacct
<5>[    0.000000] c0 0 (swapper) Linux version 3.10.62 (jenkins@APServer01) (gcc version 4.7 (GCC) ) #1 SMP PREEMPT Mon Aug 14 19:43:51 CST 2017
<4>[    0.000000] c0 0 (swapper) CPU: ARMv7 Processor [410fc075] revision 5 (ARMv7), cr=10c5387d
<4>[    0.000000] c0 0 (swapper) CPU: PIPT / VIPT nonaliasing data cache, VIPT aliasing instruction cache
<4>[    0.000000] c0 0 (swapper) Machine: Leadcore Innopower
<4>[    0.000000] c0 0 (swapper) start comip_parse_tag_mem_ext.
<4>[    0.000000] c0 0 (swapper) Physical memory layout:
<4>[    0.000000] c0 0 (swapper)     DRAM Bank1  : 0x00000000 - 0x20000000  ( 512 MB)
<4>[    0.000000] c0 0 (swapper)     Modem       : 0x00000000 - 0x06400000  ( 100 MB)
<4>[    0.000000] c0 0 (swapper)     Kernel Bank1: 0x06400000 - 0x16800000  ( 260 MB)
<4>[    0.000000] c0 0 (swapper)     Framebuffer : 0x16800000 - 0x17800000  (  16 MB)
<4>[    0.000000] c0 0 (swapper)     ON2         : 0x17800000 - 0x1f800000  ( 128 MB)
<4>[    0.000000] c0 0 (swapper)     TrustZone   : 0x1f800000 - 0x20000000  (   8 MB)
<4>[    0.000000] c0 0 (swapper) Ignoring unrecognised tag 0x54410101
<7>[    0.000000] c0 0 (swapper) Boot mode: normal
<6>[    0.000000] c0 0 (swapper) Main VOUT: 7250/9000
<4>[    0.000000] c0 0 (swapper) Chip id: 0x442db66b, rom id: 0x1, bb id: 0x282e05
<4>[    0.000000] c0 0 (swapper) Ignoring unrecognised tag 0x54410105
<4>[    0.000000] c0 0 (swapper) Memory policy: ECC disabled, Data cache writealloc
<4>[    0.000000] c0 0 (swapper) ddr_pwr_pll_mclk rate:1066000000
<4>[    0.000000] c0 0 (swapper) pll0_out rate:988000000
<4>[    0.000000] c0 0 (swapper) pll1_out rate:1248000000
<4>[    0.000000] c0 0 (swapper) A7 rate: 988000000, gr:16
<7>[    0.000000] c0 0 (swapper) On node 0 totalpages: 66560
<7>[    0.000000] c0 0 (swapper) free_area_init_node: node 0, pgdat c05ecd00, node_mem_map c0956000
<7>[    0.000000] c0 0 (swapper)   Normal zone: 520 pages used for memmap
<7>[    0.000000] c0 0 (swapper)   Normal zone: 0 pages reserved
<7>[    0.000000] c0 0 (swapper)   Normal zone: 66560 pages, LIFO batch:15
<4>[    0.000000] c0 0 (swapper) mcpm_smp_init_cpus: cores number:5
<6>[    0.000000] c0 0 (swapper) cpu logical map 0x100
<6>[    0.000000] c0 0 (swapper) cpu logical map 0x101
<6>[    0.000000] c0 0 (swapper) cpu logical map 0x102
<6>[    0.000000] c0 0 (swapper) cpu logical map 0x103
<6>[    0.000000] c0 0 (swapper) cpu logical map 0x0
<6>[    0.000000] c0 0 (swapper) PERCPU: Embedded 9 pages/cpu @c0b64000 s12928 r8192 d15744 u36864
<7>[    0.000000] c0 0 (swapper) pcpu-alloc: s12928 r8192 d15744 u36864 alloc=9*4096
<7>[    0.000000] c0 0 (swapper) pcpu-alloc: [0] 0 [0] 1 [0] 2 [0] 3 [0] 4 
<4>[    0.000000] c0 0 (swapper) Built 1 zonelists in Zone order, mobility grouping on.  Total pages: 66040
<5>[    0.000000] c0 0 (swapper) Kernel command line: watchdog_thresh=3 console=ttyS3,921600 vmalloc=412M maxcpus=4 android firmware_class.path=/vendor/firmware isolcpus=4 initrd=0x07400000,1M lcpart=mmcblk0=gpt:0:2000:200,ddr:2000:2000:200,env:4000:2000:200,panic:6000:2000:200,amt:8000:20000:200,factory:28000:4000:200,factory_out:2c000:4000:200,recovery:30000:8000:200,normal:38000:8000:200,system:40000:40000:200,vendor:80000:20000:200,cache:a0000:80000:200,blackbox:120000:400000:200,userdata:520000:228000:200  chip_sn=6bb62d44 board_sn=08XUEC90060K1K production quiet board_id=0xe2200104
<6>[    0.000000] c0 0 (swapper) board_id = 0xe2200104
<6>[    0.000000] c0 0 (swapper) PID hash table entries: 2048 (order: 1, 8192 bytes)
<6>[    0.000000] c0 0 (swapper) Dentry cache hash table entries: 65536 (order: 6, 262144 bytes)
<6>[    0.000000] c0 0 (swapper) Inode-cache hash table entries: 32768 (order: 5, 131072 bytes)
<6>[    0.000000] c0 0 (swapper) allocated 532480 bytes of page_cgroup
<6>[    0.000000] c0 0 (swapper) please try 'cgroup_disable=memory' option if you don't want memory cgroups
<6>[    0.000000] c0 0 (swapper) Memory: 260MB = 260MB total
<5>[    0.000000] c0 0 (swapper) Memory: 252448k/252448k available, 13792k reserved, 0K highmem
<5>[    0.000000] c0 0 (swapper) Virtual kernel memory layout:
<5>[    0.000000]     vector  : 0xffff0000 - 0xffff1000   (   4 kB)
<5>[    0.000000]     fixmap  : 0xfff00000 - 0xfffe0000   ( 896 kB)
<5>[    0.000000]     vmalloc : 0xd0800000 - 0xff000000   ( 744 MB)
<5>[    0.000000]     lowmem  : 0xc0000000 - 0xd0400000   ( 260 MB)
<5>[    0.000000]     pkmap   : 0xbfe00000 - 0xc0000000   (   2 MB)
<5>[    0.000000]     modules : 0xbf000000 - 0xbfe00000   (  14 MB)
<5>[    0.000000]       .text : 0xc0008000 - 0xc054486c   (5363 kB)
<5>[    0.000000]       .init : 0xc0545000 - 0xc057d280   ( 225 kB)
<5>[    0.000000]       .data : 0xc057e000 - 0xc05f0bb0   ( 459 kB)
<5>[    0.000000]        .bss : 0xc05f0bb0 - 0xc094d090   (3442 kB)
<6>[    0.000000] c0 0 (swapper) SLUB: HWalign=64, Order=0-3, MinObjects=0, CPUs=5, Nodes=1
<6>[    0.000000] c0 0 (swapper/0) Preemptible hierarchical RCU implementation.
<6>[    0.000000] c0 0 (swapper/0) 	Additional per-CPU info printed with stalls.
<6>[    0.000000] c0 0 (swapper/0) NR_IRQS:458
<6>[    0.000000] c0 0 (swapper/0) sched_clock: 32 bits at 13MHz, resolution 76ns, wraps every 330382ms
<6>[    0.000000] c0 0 (swapper/0) Switching to timer-based delay loop
<6>[    0.000000] c0 0 (swapper/0) uart3 is settting quot! baud 921600, quot 1!
<4>[    0.000000] c0 0 (swapper/0) write reg 0xc passes, val 0x93
<4>[    0.000000] c0 0 (swapper/0) write reg 0x0 passes, val 0x1
<4>[    0.000000] c0 0 (swapper/0) write reg 0x4 passes, val 0x0
<4>[    0.000000] c0 0 (swapper/0) write reg 0xc passes, val 0x13
<6>[    0.000000] c0 0 (swapper/0) uart3 new lcr is 0x13, cval = 0x13
<6>[    0.000000] c0 0 (swapper/0) console [ttyS3] enabled
<6>[    0.000000] c0 0 (swapper/0) Console: colour dummy device 80x30
<6>[    0.000661] c0 0 (swapper/0) Calibrating delay loop (skipped), value calculated using timer frequency.. 26.00 BogoMIPS (lpj=13000)
<6>[    0.000684] c0 0 (swapper/0) pid_max: default: 32768 minimum: 301
<6>[    0.001015] c0 0 (swapper/0) Mount-cache hash table entries: 512
<6>[    0.002383] c0 0 (swapper/0) Initializing cgroup subsys debug
<6>[    0.002403] c0 0 (swapper/0) Initializing cgroup subsys memory
<6>[    0.002451] c0 0 (swapper/0) Initializing cgroup subsys freezer
<6>[    0.002503] c0 0 (swapper/0) CPU: Testing write buffer coherency: ok
<6>[    0.002880] c0 1 (swapper/0) CPU0: thread -1, cpu 0, socket 1, mpidr 80000100
<6>[    0.002923] c0 1 (swapper/0) Setting up static identity map for 0xc03c2850 - 0xc03c2900
<6>[    0.002953] c0 1 (swapper/0) pm initialized success 
<7>[    0.010878] c1 0 (swapper/1) CPU1: Booted secondary processor
<6>[    0.010897] c1 0 (swapper/1) CPU1: thread -1, cpu 1, socket 1, mpidr 80000101
<7>[    0.013846] c2 0 (swapper/2) CPU2: Booted secondary processor
<6>[    0.013864] c2 0 (swapper/2) CPU2: thread -1, cpu 2, socket 1, mpidr 80000102
<7>[    0.016859] c3 0 (swapper/3) CPU3: Booted secondary processor
<6>[    0.016876] c3 0 (swapper/3) CPU3: thread -1, cpu 3, socket 1, mpidr 80000103
<6>[    0.017005] c0 1 (swapper/0) Brought up 4 CPUs
<6>[    0.017044] c0 1 (swapper/0) SMP: Total of 4 processors activated (104.00 BogoMIPS).
<6>[    0.017057] c0 1 (swapper/0) CPU: All CPU(s) started in SVC mode.
<6>[    0.039472] c0 1 (swapper/0) NET: Registered protocol family 16
<6>[    0.044194] c0 1 (swapper/0) DMA: preallocated 4096 KiB pool for atomic coherent allocations
<6>[    0.044369] c0 1 (swapper/0) Android kernel panic handler initialized (bind=panic)
<4>[    0.045114] c0 1 (swapper/0) comip_init_common_mfp p_otg->fsm.id=0
<7>[    0.047673] c0 1 (swapper/0) addr 0xe100c220: 0x00000000
<7>[    0.047688] c0 1 (swapper/0) addr 0xe100c224: 0x00000000
<7>[    0.047702] c0 1 (swapper/0) addr 0xe100c228: 0x00000000
<7>[    0.047716] c0 1 (swapper/0) addr 0xe100c22c: 0x00000000
<7>[    0.047731] c0 1 (swapper/0) addr 0xe100c230: 0x00000000
<7>[    0.047745] c0 1 (swapper/0) addr 0xe100c234: 0x00000000
<7>[    0.047759] c0 1 (swapper/0) addr 0xe100c238: 0x00000000
<7>[    0.047773] c0 1 (swapper/0) addr 0xe100c23c: 0x00000000
<7>[    0.047787] c0 1 (swapper/0) addr 0xe100c240: 0x00000000
<7>[    0.047801] c0 1 (swapper/0) addr 0xe100c244: 0x00000000
<7>[    0.047816] c0 1 (swapper/0) addr 0xe100c248: 0x00000000
<7>[    0.047830] c0 1 (swapper/0) addr 0xe100c24c: 0x00000000
<7>[    0.047844] c0 1 (swapper/0) addr 0xe100c250: 0x00000000
<7>[    0.047858] c0 1 (swapper/0) addr 0xe100c254: 0x00000000
<7>[    0.047872] c0 1 (swapper/0) addr 0xe100c258: 0x00000000
<7>[    0.047886] c0 1 (swapper/0) addr 0xe100c25c: 0x00000000
<7>[    0.047902] c0 1 (swapper/0) addr 0xe100a120: 0x00000000
<7>[    0.047914] c0 1 (swapper/0) addr 0xe100a124: 0x00000000
<7>[    0.047928] c0 1 (swapper/0) addr 0xe100a128: 0x00000000
<7>[    0.047941] c0 1 (swapper/0) addr 0xe100a12c: 0x00000000
<7>[    0.047955] c0 1 (swapper/0) addr 0xe100a130: 0x00000000
<6>[    0.048871] c0 1 (swapper/0) hw-breakpoint: found 5 (+1 reserved) breakpoint and 4 watchpoint registers.
<6>[    0.048886] c0 1 (swapper/0) hw-breakpoint: maximum watchpoint size is 8 bytes.
<6>[    0.049458] c0 1 (swapper/0) i2c->adap.nr = 0, i2c->flags = 0x2
<3>[    0.049478] c0 1 (swapper/0) i2c-0: clock: 26000000, speed:400000
<6>[    0.050717] c0 1 (swapper/0) i2c->adap.nr = 1, i2c->flags = 0x2
<3>[    0.050735] c0 1 (swapper/0) i2c-1: clock: 26000000, speed:400000
<6>[    0.051963] c0 1 (swapper/0) i2c->adap.nr = 4, i2c->flags = 0x1
<3>[    0.051982] c0 1 (swapper/0) i2c-4: clock: 10660000, speed:100000
<6>[    0.053296] c0 1 (swapper/0) comip-pwm comip-pwm: comip_pwm_probe
<6>[    0.053705] c0 1 (swapper/0) comip-spi comip-spi.0: master is unqueued, this is deprecated
<6>[    0.053981] c0 1 (swapper/0) comip-spi comip-spi.1: master is unqueued, this is deprecated
<6>[    0.054263] c0 1 (swapper/0) comip-spi comip-spi.2: master is unqueued, this is deprecated
<6>[    0.089410] c0 1 (swapper/0) LC1160: version 0x10, eco no 0, rtc version 1
<6>[    0.090333] c0 1 (swapper/0) parse_bootup_reason: value from 0x5c reg is: 0x1
<6>[    0.090348] c0 1 (swapper/0) parse_bootup_reason: +++++++++start of day reason: onkey
<6>[    0.090362] c0 1 (swapper/0) parse_shutdown_reason: value from 0x5d reg is: 0x0
<6>[    0.090376] c0 1 (swapper/0) parse_shutdown_reason: ----------last end of day reason: unknown
<6>[    0.091193] c0 1 (swapper/0) LC1160: Raw startup 0x01(pwr_key),raw shutdown 0x00(), saved shutdown 0x00()
<6>[    0.091665] c0 1 (swapper/0) LC1160: Power on reason(power_key), reboot reason(null)
<6>[    0.094897] c0 1 (swapper/0) PMIC_DCDC5 SET VOUT = 1200 mv
<6>[    0.095708] c0 1 (swapper/0) PMIC_DCDC7 SET VOUT = 1800 mv
<6>[    0.138281] c0 1 (swapper/0) comip_monitor_probe 
<6>[    0.143350] c0 1 (swapper/0) bio: create slab <bio-0> at 0
<5>[    0.144432] c0 1 (swapper/0) SCSI subsystem initialized
<6>[    0.144586] c0 1 (swapper/0) usbcore: registered new interface driver usbfs
<6>[    0.144653] c0 1 (swapper/0) usbcore: registered new interface driver hub
<6>[    0.144777] c0 1 (swapper/0) usbcore: registered new device driver usb
<6>[    0.145044] c0 1 (swapper/0) i2c-gpio i2c-gpio.6: using pins 131 (SDA) and 129 (SCL)
<6>[    0.145209] c0 1 (swapper/0) i2c-gpio i2c-gpio.7: using pins 201 (SDA) and 202 (SCL)
<6>[    0.145359] c0 1 (swapper/0) i2c-gpio i2c-gpio.8: using pins 157 (SDA) and 159 (SCL)
<6>[    0.145494] c0 1 (swapper/0) i2c-gpio i2c-gpio.9: using pins 219 (SDA) and 221 (SCL)
<6>[    0.145641] c0 1 (swapper/0) i2c-gpio i2c-gpio.10: using pins 161 (SDA) and 163 (SCL)
<6>[    0.145971] c0 1 (swapper/0) Advanced Linux Sound Architecture Driver Initialized.
<6>[    0.147380] c0 1 (swapper/0) input: lc1160_adc_a as /devices/platform/lc11xx_adc/input/input0
<6>[    0.147585] c0 1 (swapper/0) input: lc1160_adc_b as /devices/platform/lc11xx_adc/input/input1
<6>[    0.147644] c0 1 (swapper/0) lc1160_adc: probe success
<6>[    0.147894] c0 1 (swapper/0) Switching to clocksource timer3_clk
<4>[    0.175913] c0 1 (swapper/0) USB_OTG: comip_usb_otg_early_init
<4>[    0.176041] c0 1 (swapper/0) USB_OTG: comip_otg_early_probe
<4>[    0.277027] c0 1 (swapper/0) comip_otg_ctrl_gpio_init WM220: set vbus 1, read back vbus 0
<6>[    0.277313] c0 1 (swapper/0) NET: Registered protocol family 2
<6>[    0.278304] c0 1 (swapper/0) TCP established hash table entries: 4096 (order: 3, 32768 bytes)
<6>[    0.278407] c0 1 (swapper/0) TCP bind hash table entries: 4096 (order: 4, 98304 bytes)
<6>[    0.278535] c0 1 (swapper/0) TCP: Hash tables configured (established 4096 bind 4096)
<6>[    0.278623] c0 1 (swapper/0) TCP: reno registered
<6>[    0.278646] c0 1 (swapper/0) UDP hash table entries: 256 (order: 2, 16384 bytes)
<6>[    0.278707] c0 1 (swapper/0) UDP-Lite hash table entries: 256 (order: 2, 16384 bytes)
<6>[    0.279157] c0 1 (swapper/0) NET: Registered protocol family 1
<6>[    0.279460] c0 1 (swapper/0) Unpacking initramfs...
<0>[    0.305613] c3 1 (swapper/0) Initramfs unpacking failed: junk in compressed archive
<6>[    0.308330] c3 1 (swapper/0) Freeing initrd memory: 1024K (c1000000 - c1100000)
<6>[    0.308797] c3 1 (swapper/0) CPU PMU: probing PMU on CPU 3
<6>[    0.308830] c3 1 (swapper/0) hw perfevents: enabled with ARMv7 Cortex-A7 PMU driver, 5 counters available
<3>[    0.309251] c3 1 (swapper/0) modem: comip_register_reboot_callback faild, non init
<6>[    0.310552] c3 1 (swapper/0) sdr: devices driver up version v1.0.1, build time Aug 14 2017 19:42:12
<6>[    0.310620] c3 1 (swapper/0) comip_wdt_probe: AP_PWR_LP_CTL 607
<6>[    0.310731] c3 1 (swapper/0) comip_wdt_probe: AP_PWR_LP_CTL 600
<6>[    0.310791] c3 1 (swapper/0) comip_wdt_probe: AP_PWR_LP_CTL 600
<6>[    0.310844] c3 1 (swapper/0) comip_wdt_probe: AP_PWR_LP_CTL 600
<6>[    0.312105] c3 1 (swapper/0) comip_snd_soc comip_snd_soc.0: comip_snd_soc_probe
<6>[    0.313080] c3 1 (swapper/0) comip-uart.0: ttyS0 at MMIO 0x0 (irq = 72) is a uart0
<6>[    0.313426] c3 1 (swapper/0) comip-uart.1: ttyS1 at MMIO 0x0 (irq = 73) is a uart1
<6>[    0.313753] c3 1 (swapper/0) comip-uart.2: ttyS2 at MMIO 0x0 (irq = 74) is a uart2
<6>[    0.314132] c3 1 (swapper/0) comip-uart.3: ttyS3 at MMIO 0x0 (irq = 89) is a uart3
<7>[    0.320012] c3 1 (swapper/0) mmc-1: set mmc clock rate to 400000
<7>[    0.326129] c3 1 (swapper/0) mmc-0: card detect 0. gpio 243.
<3>[    0.326295] c3 1 (swapper/0) comip_mmc0_set_power: set card vdd ret = -6 vdd = 16
<7>[    0.333003] c3 1 (swapper/0) mmc-0: set mmc clock rate to 400000
<7>[    0.345005] c3 1 (swapper/0) mmc-2: set mmc clock rate to 400000
<6>[    0.351141] c3 1 (swapper/0) ion-lc ion-lc: lc_ion_probe
<6>[    0.351276] c3 1 (swapper/0) ion: creat /dev/ion success
<3>[    0.351579] c3 1 (swapper/0) Failed to create heap debugfs at /ion/heaps/lc_ion_lcmem_heap
<4>[    0.353036] c3 1 (swapper/0) mali ddk r5p0-06rel0 early init
<6>[    0.353272] c3 1 (swapper/0) mali mali.0: Continuing without Mali clock control
<6>[    0.353574] c3 1 (swapper/0) mali mali.0: GPU identified as 0x0620 r1p0 status 1
<6>[    0.354153] c3 1 (swapper/0) mali mali.0: Probed as mali0
<6>[    0.355400] c0 1 (swapper/0) input: comip-gpio-keys as /devices/platform/comip-gpio-keys/input/input2
<7>[    0.355433] c0 1 (swapper/0) key 212 reported
<7>[    0.355449] c0 1 (swapper/0) key 256 reported
<7>[    0.355465] c0 1 (swapper/0) key 257 reported
<7>[    0.355480] c0 1 (swapper/0) key 258 reported
<7>[    0.355493] c0 1 (swapper/0) key 259 reported
<7>[    0.355509] c0 1 (swapper/0) key 260 reported
<7>[    0.355522] c0 1 (swapper/0) key 261 reported
<7>[    0.355573] c0 1 (swapper/0) key 262 reported
<7>[    0.355590] c0 1 (swapper/0) key 263 reported
<7>[    0.355602] c0 1 (swapper/0) key 393 reported
<7>[    0.355615] c0 1 (swapper/0) key 105 reported
<7>[    0.355632] c0 1 (swapper/0) key 106 reported
<6>[    0.355851] c0 1 (swapper/0) comip-i2s comip-i2s.0: comip_i2s_probe, id=0
<6>[    0.356024] c0 1 (swapper/0) comip-pcm comip-pcm.0: comip_pcm_virtual_probe
<6>[    0.356427] c0 1 (swapper/0) comip-snd-lowpower comip-snd-lowpower: snd_lowpower_probe
<6>[    0.365901] c0 1 (swapper/0) comip-rtc comip-rtc: rtc core: registered comip-rtc as rtc0
<6>[    0.366419] c0 1 (swapper/0) hx170dec: dec/pp kernel module. 
<6>[    0.366553] c0 1 (swapper/0) hx170dec: Core 0 HW ID=0x67314808
<6>[    0.366568] c0 1 (swapper/0) hx170dec: Supported HW found at 0xa0340200
<6>[    0.366583] c0 1 (swapper/0) hx170dec: core[0] has H264
<6>[    0.366597] c0 1 (swapper/0) hx170dec: core[0] has JPEG
<6>[    0.366609] c0 1 (swapper/0) hx170dec: core[0] has MPEG4
<6>[    0.366621] c0 1 (swapper/0) hx170dec: core[0] has VC1
<6>[    0.366635] c0 1 (swapper/0) hx170dec: core[0] has MPEG2
<6>[    0.366647] c0 1 (swapper/0) hx170dec: core[0] has VP6
<6>[    0.366660] c0 1 (swapper/0) hx170dec: core[0] has VP8
<6>[    0.366673] c0 1 (swapper/0) hx170dec: core[0] has VP7
<6>[    0.366686] c0 1 (swapper/0) hx170dec: core[0] has WebP
<6>[    0.366699] c0 1 (swapper/0) hx170dec: core[0] has AVS
<6>[    0.366711] c0 1 (swapper/0) hx170dec: core[0] has RV
<6>[    0.366724] c0 1 (swapper/0) hx170dec: core[0] has PP
<4>[    0.367096] c0 1 (swapper/0) hx280enc_probe
<6>[    0.367152] c0 1 (swapper/0) hx280enc: HW ID=0x72802080
<6>[    0.367165] c0 1 (swapper/0) hx280enc: Compatible HW found at 0xa0340000
<6>[    0.367296] c0 1 (swapper/0) hx280enc: probe successfully. Major = 252
<4>[    0.367501] c0 1 (swapper/0) hx280enc_h1_probe
<6>[    0.367551] c0 1 (swapper/0) hx280enc_h1_data.hwregs = f8342000
<6>[    0.367567] c0 1 (swapper/0) hx280enc_h1: HW at base <0xa0342000> with ID <0x48314780>
<4>[    0.367926] c0 1 (swapper/0) lcmem_probe in: module init
<4>[    0.367941] c0 1 (swapper/0) lcmem: Linear Memory Allocator, $Revision: 1.10 $ 
<4>[    0.367954] c0 1 (swapper/0) lcmem: linear memory base = 0x17801000 
<6>[    0.368102] c0 1 (swapper/0) lcmem: probe successfully. Major = 250
<4>[    0.370645] c0 1 (swapper/0) lhc_cdin!
<6>[    0.371318] c0 1 (swapper/0) on2psm: probe successfully. power = 0x7
<6>[    0.371416] c0 1 (swapper/0) thermal: comip_thermal_probe called
<3>[    0.371635] c0 1 (swapper/0) [UREG]Ureg Driver Registered
<6>[    0.373382] c0 6 (kworker/u10:0) mmc0: BKOPS_EN bit is not set
<7>[    0.380019] c0 6 (kworker/u10:0) mmc-1: set mmc clock rate to 104000000
<7>[    0.380040] c0 6 (kworker/u10:0) found (fe014e, Micron), use read_delay 1.
<7>[    0.380061] c0 6 (kworker/u10:0) mmc-1: tuning result phase is 1
<6>[    0.380464] c0 6 (kworker/u10:0) mmc0: new HS200 MMC card at address 0001
<3>[    0.380705] c0 6 (kworker/u10:0) comip_mmc0_set_power: set card vdd ret = -6 vdd = 0
<7>[    0.385138] c0 40 (kworker/u10:1) key 212 reported
<7>[    0.385156] c0 40 (kworker/u10:1) key 260 reported
<7>[    0.385171] c0 40 (kworker/u10:1) key 261 reported
<6>[    0.386494] c1 1 (swapper/0) fuse init (API version 7.22)
<6>[    0.387069] c1 1 (swapper/0) msgmni has been set to 495
<6>[    0.389301] c1 1 (swapper/0) io scheduler noop registered
<6>[    0.389523] c1 1 (swapper/0) io scheduler cfq registered (default)
<6>[    0.400848] c1 1 (swapper/0) loop: module loaded
<4>[    0.400918] c1 1 (swapper/0) mfi_i2c_client addr:17
<4>[    0.401094] c1 1 (swapper/0) applecp module init ok
<6>[    0.401445] c1 1 (swapper/0) usbcore: registered new interface driver cdc_ether
<6>[    0.401500] c1 1 (swapper/0) usbcore: registered new interface driver cdc_eem
<6>[    0.401562] c1 1 (swapper/0) usbcore: registered new interface driver rndis_host
<6>[    0.401619] c1 1 (swapper/0) usbcore: registered new interface driver cdc_subset
<6>[    0.401747] c1 1 (swapper/0) usbcore: registered new interface driver cdc_ncm
<6>[    0.401804] c1 1 (swapper/0) usbcore: registered new interface driver cdc_mbim
<4>[    0.402208] c1 1 (swapper/0) comip_hcd_driver_probe(c05a3740) id=0
<4>[    0.403241] c1 1 (swapper/0) set USB power on.
<4>[    0.403273] c1 1 (swapper/0) enter comip_cil_init,core_if->type=0
<4>[    0.403285] c1 1 (swapper/0) USB HSIC core power up success.
<4>[    0.404303] c1 1 (swapper/0) LZS set_usb_init_reg: 192, AP_PWR_PDFSM_ST1=0x07077707
<4>[    0.407471] c1 1 (swapper/0) hcd:Core Release: 2.94a
<4>[    0.407490] c1 1 (swapper/0) hcd:Setting default values for core params
<4>[    0.407535] c1 1 (swapper/0) LZS hcd_init: 345, enter
<6>[    0.407618] c1 1 (swapper/0) comip-hcd comip-hcd.0: COMIP Controller
<6>[    0.407647] c1 1 (swapper/0) comip-hcd comip-hcd.0: new USB bus registered, assigned bus number 1
<6>[    0.407692] c1 1 (swapper/0) comip-hcd comip-hcd.0: irq 49, io mem 0x00000000
<4>[    0.407764] c1 1 (swapper/0) usb usb1: config index 0 lenght 25, result 9
<4>[    0.407775] c1 1 (swapper/0) 09 02 19 00 01 01 00 e0 00 
<4>[    0.407839] c1 1 (swapper/0) usb usb1: config index 0 lenght 25, result 25
<4>[    0.407850] c1 1 (swapper/0) 09 02 19 00 01 01 00 e0 00 09 04 00 00 01 09 00 00 00 07 05 81 03 04 00 0c 
<6>[    0.408569] c1 1 (swapper/0) hub 1-0:1.0: USB hub found
<6>[    0.408604] c1 1 (swapper/0) hub 1-0:1.0: 1 port detected
<4>[    0.408893] c1 1 (swapper/0) comip_hcd_driver_probe:comip_hcd_dev->core_if->id=0
<4>[    0.410178] c1 1 (swapper/0) set USB power off.
<4>[    0.410215] c1 1 (swapper/0) comip_hcd_driver_probe(c05a3920) id=2
<4>[    0.417521] c1 1 (swapper/0) set USB power on.
<4>[    0.417552] c1 1 (swapper/0) enter comip_cil_init,core_if->type=2
<4>[    0.417637] c1 1 (swapper/0) USB HSIC core power up success.
<4>[    0.424662] c1 1 (swapper/0) read USB1_GLPMCFG = 40000000
<4>[    0.424676] c1 1 (swapper/0) [HSIC]: USB1_GRSTCTL = 0x80000001
<7>[    0.424691] c1 1 (swapper/0) [HSIC]: USB1_GRSTCTL = 0x80000000 timeout=99
<4>[    0.425839] c1 1 (swapper/0) hcd:Core Release: 2.94a
<4>[    0.425856] c1 1 (swapper/0) hcd:Setting default values for core params
<4>[    0.425877] c1 1 (swapper/0) LZS hcd_init: 345, enter
<6>[    0.425944] c1 1 (swapper/0) comip-hcd comip-hcd.2: COMIP Controller
<6>[    0.425999] c1 1 (swapper/0) comip-hcd comip-hcd.2: new USB bus registered, assigned bus number 2
<6>[    0.426043] c1 1 (swapper/0) comip-hcd comip-hcd.2: irq 50, io mem 0x00000000
<4>[    0.426076] c1 1 (swapper/0) hcd:Init: Power Port (0)
<4>[    0.426122] c1 1 (swapper/0) usb usb2: config index 0 lenght 25, result 9
<4>[    0.426133] c1 1 (swapper/0) 09 02 19 00 01 01 00 e0 00 
<4>[    0.426197] c1 1 (swapper/0) usb usb2: config index 0 lenght 25, result 25
<4>[    0.426208] c1 1 (swapper/0) 09 02 19 00 01 01 00 e0 00 09 04 00 00 01 09 00 00 00 07 05 81 03 04 00 0c 
<6>[    0.426781] c1 1 (swapper/0) hub 2-0:1.0: USB hub found
<6>[    0.426809] c1 1 (swapper/0) hub 2-0:1.0: 1 port detected
<4>[    0.427113] c1 1 (swapper/0) enter hsic init
<4>[    0.427128] c1 1 (swapper/0) LZS comip_hcd_driver_start: 1251, enter
<4>[    0.427140] c1 1 (swapper/0) enter comip_hcd_driver_start:id=2
<4>[    0.432172] c1 1 (swapper/0) USB power should be on.
<7>[    0.437188] c1 1 (swapper/0) hcd:I: comip_hcd_driver_start init_reg
<4>[    0.444210] c1 1 (swapper/0) read USB1_GLPMCFG = 40000000
<4>[    0.444224] c1 1 (swapper/0) [HSIC]: USB1_GRSTCTL = 0x80000001
<7>[    0.444239] c1 1 (swapper/0) [HSIC]: USB1_GRSTCTL = 0x80000000 timeout=99
<4>[    0.644343] c1 1 (swapper/0) hcd:Using Descriptor DMA mode
<4>[    0.644358] c1 1 (swapper/0) hcd:Periodic Transfer Interrupt Enhancement - disabled
<4>[    0.644371] c1 1 (swapper/0) hcd:Multiprocessor Interrupt Enhancement - disabled
<4>[    0.644385] c1 1 (swapper/0) hcd:OTG VER PARAM: 1, OTG VER FLAG: 1
<4>[    0.644418] c1 1 (swapper/0) hcd:Init: Power Port (0)
<7>[    0.644661] c1 1 (swapper/0) hcd:I: comip_hcd_driver_start end
<6>[    0.644809] c1 1 (swapper/0) usbcore: registered new interface driver cdc_wdm
<6>[    0.644915] c1 1 (swapper/0) usbcore: registered new interface driver usb-storage
<7>[    0.674019] c1 6 (kworker/u10:0) key 261 reported
<3>[    0.773494] c1 1 (swapper/0) i2c-0: wait rx timeout!
<3>[    0.774347] c1 1 (swapper/0) i2c-0-0x08: xfer error -110.
<3>[    0.775267] c1 1 (swapper/0) usb3503 0-0008: CFG1 failed (-110)
<6>[    0.776275] c1 1 (swapper/0) usb3503 0-0008: usb3503_probe: probed on  hub mode
<4>[    0.778574] c1 1 (swapper/0) usb aoa module init ok
<4>[    0.778688] c1 1 (swapper/0) apple_roleswitch module init ok
<6>[    0.779634] c1 1 (swapper/0) mlx90393 spi0.0: osr = 0x3, dig_filt = 0x7, res_xyz = 0x3f, osr2 = 0x3
<6>[    0.779871] c1 1 (swapper/0) input: mlx90393-0 as /devices/platform/comip-spi.0/spi_master/spi0/spi0.0/input/input3
<6>[    0.785748] c1 1 (swapper/0) mlx90393 spi1.0: osr = 0x3, dig_filt = 0x2, res_xyz = 0x3f, osr2 = 0x3
<6>[    0.785952] c1 1 (swapper/0) input: mlx90393-1 as /devices/platform/comip-spi.1/spi_master/spi1/spi1.0/input/input4
<6>[    0.791636] c1 1 (swapper/0) mlx90393 spi2.0: osr = 0x3, dig_filt = 0x2, res_xyz = 0x3f, osr2 = 0x3
<6>[    0.791847] c1 1 (swapper/0) input: mlx90393-2 as /devices/platform/comip-spi.2/spi_master/spi2/spi2.0/input/input5
<6>[    0.797514] c1 1 (swapper/0) i2c /dev entries driver
<6>[    0.798728] c1 1 (swapper/0) mmcblk0: mmc0:0001 P1J94M 3.64 GiB 
<6>[    0.799053] c1 1 (swapper/0) mmcblk0boot0: mmc0:0001 P1J94M partition 1 1.00 MiB
<6>[    0.799331] c1 1 (swapper/0) mmcblk0boot1: mmc0:0001 P1J94M partition 2 1.00 MiB
<6>[    0.799591] c1 1 (swapper/0) mmcblk0rpmb: mmc0:0001 P1J94M partition 3 1.00 MiB
<6>[    0.800147] c1 1 (swapper/0)  mmcblk0: p1 (gpt) p2 (ddr) p3 (env) p4 (panic) p5 (amt) p6 (factory) p7 (factory_out) p8 (recovery) p9 (normal) p10 (system) p11 (vendor) p12 (cache) p13 (blackbox) p14 (userdata)mmcblk0boot1 has no partition table!
<4>[    0.803778] c1 1 (swapper/0) mmcblk0boot0 has no partition table!
<6>[    0.804661] c1 1 (swapper/0) zram: Created 1 device(s) ...
<6>[    0.805370] c1 1 (swapper/0) ashmem: initialized
<6>[    0.805547] c1 1 (swapper/0) logger: created 256K log 'log_main'
<6>[    0.805710] c1 1 (swapper/0) logger: created 256K log 'log_events'
<6>[    0.805878] c1 1 (swapper/0) logger: created 256K log 'log_radio'
<6>[    0.806088] c1 1 (swapper/0) logger: created 256K log 'log_system'
<4>[    0.806713] c1 1 (swapper/0) soc-audio soc-audio: ASoC: machine comip_snd_soc should use snd_soc_register_card()
<6>[    0.818244] c1 1 (swapper/0) LC1160_R71=0x1f
<6>[    0.818714] c1 1 (swapper/0) LC1160_R72=0x1f
<6>[    0.819179] c1 1 (swapper/0) LC1160_R73=0x1b
<6>[    0.819646] c1 1 (swapper/0) LC1160_R74=0x1d
<6>[    0.819664] c1 1 (swapper/0) comip_codec comip_codec: codec probe success, chip version is LC1160B
<7>[    0.850857] c1 1 (swapper/0) [SND CODEC] comip_pcm_new
<7>[    0.851290] c1 1 (swapper/0) [SND CODEC] comip_pcm_preallocate_dma_buffer addr: 0xe0040000, area: 0xd0d80000, bytes: 131072
<7>[    0.851463] c1 1 (swapper/0) [SND CODEC] comip_pcm_preallocate_dma_buffer addr: 0x14ac0000, area: 0xd0da1000, bytes: 131072
<6>[    0.851482] c1 1 (swapper/0) soc-audio soc-audio:  comip_hifi <-> comip-i2s.0 mapping ok
<6>[    0.851923] c1 1 (swapper/0) soc-audio soc-audio:  comip_voice <-> comip-pcm.0 mapping ok
<6>[    0.855499] c1 1 (swapper/0) input: comip_snd_soc Headset as /devices/platform/soc-audio/sound/card0/input6
