<11>[    6.993966] c1 1 (init) init: untracked pid 604 exited
<4>[   41.808007] c0 34 (khubd) hcd:Indeed it is in host mode hprt0 = 00021501
<7>[   41.866435] c0 458 (push_buzzer_dat) hcd:I:   --Port Interrupt HPRT0=0x0000100d Port Enable Changed--
<6>[   41.967980] c3 34 (khubd) usb 1-1: new high-speed USB device number 2 using comip-hcd
<4>[   41.968253] c0 34 (khubd) hcd:Indeed it is in host mode hprt0 = 00001101
<7>[   41.968272] c0 34 (khubd) hcd:I:   --Port Interrupt HPRT0=0x00001109 Port Enable Changed--
<7>[   42.018894] c0 0 (swapper/0) hcd:I:   --Port Interrupt HPRT0=0x0000100d Port Enable Changed--
<4>[   42.132616] c0 34 (khubd) usb 1-1: config index 0 lenght 39, result 9
<4>[   42.132640] c0 34 (khubd) 09 02 27 00 01 01 05 c0 fa 
<4>[   42.132949] c0 34 (khubd) usb 1-1: config index 0 lenght 39, result 39
<4>[   42.132963] c0 34 (khubd) 09 02 27 00 01 01 05 c0 fa 09 04 00 00 03 06 01 01 00 07 05 02 02 00 02 0a 07 05 81 02 00 02 0a 07 05 83 03 40 00 0a 
<4>[   42.133392] c0 34 (khubd) usb 1-1: config index 1 lenght 149, result 9
<4>[   42.133404] c0 34 (khubd) 09 02 95 00 03 02 06 c0 fa 
<4>[   42.133635] c0 34 (khubd) usb 1-1: config index 1 lenght 149, result 149
<4>[   42.133651] c0 34 (khubd) 09 02 95 00 03 02 06 c0 fa 09 04 00 00 00 01 01 00 00 09 24 01 00 01 1e 00 01 01 0c 24 02 01 01 02 02 02 03 00 00 00 09 24 03 02 01 01 01 01 00 09 04 01 00 00 01 02 00 00 09 04 01 01 01 01 02 00 00 07 24 01 02 
<4>[   42.134209] c0 34 (khubd) usb 1-1: config index 2 lenght 62, result 9
<4>[   42.134225] c0 34 (khubd) 09 02 3e 00 02 03 07 c0 fa 
<4>[   42.134416] c0 34 (khubd) usb 1-1: config index 2 lenght 62, result 62
<4>[   42.134427] c0 34 (khubd) 09 02 3e 00 02 03 07 c0 fa 09 04 00 00 03 06 01 01 00 07 05 02 02 00 02 0a 07 05 81 02 00 02 0a 07 05 83 03 40 00 0a 09 04 01 00 02 ff fe 02 0c 07 05 04 02 00 02 00 07 05 85 02 00 02 00 
<4>[   42.134848] c0 34 (khubd) usb 1-1: config index 3 lenght 117, result 9
<4>[   42.134883] c0 34 (khubd) 09 02 75 00 03 04 08 c0 fa 
<4>[   42.135112] c0 34 (khubd) usb 1-1: config index 3 lenght 117, result 117
<4>[   42.135126] c0 34 (khubd) 09 02 75 00 03 04 08 c0 fa 09 04 00 00 03 06 01 01 00 07 05 02 02 00 02 0a 07 05 81 02 00 02 0a 07 05 83 03 40 00 0a 09 04 01 00 02 ff fe 02 0c 07 05 04 02 00 02 00 07 05 85 02 00 02 00 09 04 02 00 00 ff fd 01 
<3>[   42.136102] c0 34 (khubd) usb 1-1: device v05ac p12a8 is not supported
<4>[   42.701789] c0 34 (khubd) role switch ok:0
<4>[   42.732075] c0 34 (khubd) USB_OTG: comip_otg_host_to_mfi, ID 0 otg_state 3
<4>[   42.732154] c0 34 (khubd) apple_roleswitch: probe of 1-1:1.0 failed with error 1
<4>[   42.732247] c0 34 (khubd) apple device connected
<4>[   42.732318] c0 34 (khubd) usb_aoa: probe of 1-1:1.0 failed with error -1
<4>[   42.732996] c2 37 (kworker/u10:1) USB_OTG: comip_otg_event: begin last_id 0 last_state 1 curr_id 0 curr_state 3
<4>[   42.733020] c2 37 (kworker/u10:1) USB_OTG: id not changed! id = 0
<4>[   42.733039] c2 37 (kworker/u10:1) USB_OTG: comip_otg_start_host: 186, on = 0
<4>[   42.733055] c2 37 (kworker/u10:1) USB_OTG: comip_otg_start_host:host off......
<4>[   42.733072] c2 37 (kworker/u10:1) LZS comip_hcd_driver_stop: 1210, enter:_dev->id=0
<4>[   42.764951] c1 476 (mfi_dev_timer_k) mfi_dev_timer_kthread waiting for apple device enmuration
<4>[   42.844703] c3 37 (kworker/u10:1) USB power should be on.
<7>[   42.844724] c3 37 (kworker/u10:1) hcd:I: comip_hcd_driver_stop end
<4>[   42.854742] c3 37 (kworker/u10:1) USB_OTG: set vbus power 1
<6>[   42.954041] c2 34 (khubd) usb 1-1: USB disconnect, device number 2
<4>[   42.955327] c3 37 (kworker/u10:1) USB_OTG: comip_otg_start_mfi: 242, on = 1
<6>[   42.955376] c3 37 (kworker/u10:1) mfi_dev gadget: mfi_dev ready
<4>[   42.955606] c3 37 (kworker/u10:1) my_alloc_ep_reqs ok
<4>[   42.955620] c3 37 (kworker/u10:1) my_ep_init ok
<4>[   42.955638] c3 37 (kworker/u10:1) my_alloc_ep_reqs ok
<4>[   42.955649] c3 37 (kworker/u10:1) my_ep_init ok
<4>[   42.955661] c3 37 (kworker/u10:1) my_if0_init ok
<4>[   42.955808] c3 37 (kworker/u10:1) my_alloc_ep_reqs ok
<4>[   42.955821] c3 37 (kworker/u10:1) my_ep_init ok
<4>[   42.955840] c3 37 (kworker/u10:1) my_alloc_ep_reqs ok
<4>[   42.955851] c3 37 (kworker/u10:1) my_ep_init ok
<4>[   42.955862] c3 37 (kworker/u10:1) my_if1_init ok
<4>[   42.965926] c3 37 (kworker/u10:1) u2d_usb_init
<4>[   43.124904] c0 0 (swapper/0) dev->gadget.speed = USB_SPEED_HIGH
<6>[   43.147166] c0 2111 (modem_info.sh) mfi_dev gadget: high-speed config #1: mfi device
<4>[   43.147188] c0 2111 (modem_info.sh) if_set_alt s_if0,0.0
<4>[   43.147227] c0 2111 (modem_info.sh) my_if0_en ok
<4>[   43.147240] c0 2111 (modem_info.sh) if_set_alt s_if1,1.0
<4>[   43.272943] c3 37 (kworker/u10:1) USB_OTG: comip_otg_event: end   last_id 0 last_state 3 curr_id 0 curr_state 3
<3>[   43.847608] c0 2123 (iap2_task) i2c-1: wait rx timeout!
<3>[   43.848577] c1 2123 (iap2_task) i2c-1-0x11: xfer error -110.
<4>[   43.849612] c0 2123 (iap2_task) mfi_i2c_read_bytes i2c_master_recv_retry error -110
<3>[   43.988634] c0 2123 (iap2_task) i2c-1: wait rx timeout!
<3>[   43.989620] c1 2123 (iap2_task) i2c-1-0x11: xfer error -110.
<4>[   43.990614] c1 2123 (iap2_task) mfi_i2c_read_bytes i2c_master_recv_retry error -110
<7>[   47.557964] c0 37 (kworker/u10:1) key 106 reported
<7>[   47.761936] c2 37 (kworker/u10:1) key 106 reported
<7>[   48.211972] c1 37 (kworker/u10:1) key 212 reported
<7>[   48.274990] c1 37 (kworker/u10:1) key 262 reported
<7>[   48.275021] c1 37 (kworker/u10:1) key 393 reported
<7>[   48.540962] c0 37 (kworker/u10:1) key 393 reported
<7>[   48.681934] c0 37 (kworker/u10:1) key 212 reported
<6>[  114.685054] c0 447 (hdvt_work) modem: modem open ref 1, status 3
<6>[  114.685075] c0 447 (hdvt_work) modem: modem status(3) != MODEM_RELEASE.open modem again! 
<6>[  114.695676] c0 447 (hdvt_work) modem: modem release ref 2, status 3
<7>[  114.805019] c0 482 (dji_hdvt_gnd) bridge: start_xmit info: lmi42 xmit skb ce3619c0 CP busy!
<7>[  114.887239] c0 455 (keyscan_task) bridge: start_xmit info: lmi42 xmit skb ce3619c0 CP ready!
<7>[  115.055099] c2 482 (dji_hdvt_gnd) bridge: start_xmit info: lmi42 xmit skb cf5e5c00 CP busy!
<7>[  115.070454] c0 423 (1643_recv_threa) bridge: start_xmit info: lmi42 xmit skb cf5e5c00 CP ready!
<4>[  136.818623] c0 0 (swapper/0) if_set_alt s_if1,1.1
<4>[  136.818727] c0 0 (swapper/0) my_if1_en ok
<6>[  137.162445] c1 429 (hg_wl_chn_recei) sdr: to empty: wait cp communication to ready
<6>[  137.263992] c1 429 (hg_wl_chn_recei) sdr: to empty: cp ready
<6>[  137.932364] c2 5900 (mount) EXT4-fs (mmcblk0p5): re-mounted. Opts: (null)
<6>[  138.039120] c0 5905 (mount) EXT4-fs (mmcblk0p5): re-mounted. Opts: (null)
<6>[  141.574820] c0 6058 (mount) EXT4-fs (mmcblk0p5): re-mounted. Opts: (null)
<6>[  141.607777] c0 6059 (mount) EXT4-fs (mmcblk0p5): re-mounted. Opts: (null)
<6>[  141.973080] c0 6082 (mount) EXT4-fs (mmcblk0p5): re-mounted. Opts: (null)
<6>[  142.008360] c1 6083 (mount) EXT4-fs (mmcblk0p5): re-mounted. Opts: (null)
<6>[  142.391944] c0 6096 (mount) EXT4-fs (mmcblk0p5): re-mounted. Opts: (null)
<6>[  142.456358] c1 6097 (mount) EXT4-fs (mmcblk0p5): re-mounted. Opts: (null)
<7>[  327.486060] c2 431 (dji_hdvt_gnd) bridge: start_xmit info: lmi42 xmit skb cad30a80 CP busy!
<7>[  327.528477] c0 0 (swapper/0) bridge: start_xmit info: lmi42 xmit skb cad30a80 CP ready!
<7>[  336.744113] c1 412 (dji_hdvt_gnd) bridge: start_xmit info: lmi42 xmit skb cac5a600 CP busy!
<7>[  336.838661] c0 68 (mmcqd/0) bridge: start_xmit info: lmi42 xmit skb cac5a600 CP ready!
<7>[  342.845005] c3 431 (dji_hdvt_gnd) bridge: start_xmit info: lmi42 xmit skb cac50180 CP busy!
<7>[  342.867044] c0 0 (swapper/0) bridge: start_xmit info: lmi42 xmit skb cac50180 CP ready!
<7>[  348.830029] c1 482 (dji_hdvt_gnd) bridge: start_xmit info: lmi42 xmit skb ce717a80 CP busy!
<7>[  348.867352] c0 0 (swapper/0) bridge: start_xmit info: lmi42 xmit skb ce717a80 CP ready!
<7>[  367.139055] c1 482 (dji_hdvt_gnd) bridge: start_xmit info: lmi42 xmit skb cac42180 CP busy!
<7>[  367.149616] c0 423 (1643_recv_threa) bridge: start_xmit info: lmi42 xmit skb cac42180 CP ready!
<7>[  375.954090] c2 431 (dji_hdvt_gnd) bridge: start_xmit info: lmi42 xmit skb cea99300 CP busy!
<7>[  376.107743] c0 0 (swapper/0) bridge: start_xmit info: lmi42 xmit skb cea99300 CP ready!
<7>[  382.095977] c1 0 (swapper/1) bridge: start_xmit info: lmi42 xmit skb cac6e530 CP busy!
<7>[  382.178369] c0 423 (1643_recv_threa) bridge: start_xmit info: lmi42 xmit skb cac6e530 CP ready!
<7>[  388.167036] c2 482 (dji_hdvt_gnd) bridge: start_xmit info: lmi42 xmit skb cea9da80 CP busy!
<7>[  388.206652] c0 424 (4210_recv_threa) bridge: start_xmit info: lmi42 xmit skb cea9da80 CP ready!
<7>[  391.087024] c3 431 (dji_hdvt_gnd) bridge: start_xmit info: lmi42 xmit skb cac98e40 CP busy!
<7>[  391.136486] c0 423 (1643_recv_threa) bridge: start_xmit info: lmi42 xmit skb cac98e40 CP ready!
<7>[  415.370338] c0 412 (dji_hdvt_gnd) bridge: start_xmit info: lmi42 xmit skb cf5e0c00 CP busy!
<7>[  415.461197] c0 455 (keyscan_task) bridge: start_xmit info: lmi42 xmit skb cf5e0c00 CP ready!
<7>[  436.625128] c0 412 (dji_hdvt_gnd) bridge: start_xmit info: lmi42 xmit skb ce38fc00 CP busy!
<7>[  436.687399] c0 0 (swapper/0) bridge: start_xmit info: lmi42 xmit skb ce38fc00 CP ready!
<7>[  464.257242] c0 412 (dji_hdvt_gnd) bridge: start_xmit info: lmi42 xmit skb cac91600 CP busy!
<7>[  464.308121] c0 0 (swapper/0) bridge: start_xmit info: lmi42 xmit skb cac91600 CP ready!
<7>[  464.328397] c0 412 (dji_hdvt_gnd) bridge: start_xmit info: lmi42 xmit skb cac70300 CP busy!
<7>[  464.364416] c0 0 (swapper/0) bridge: start_xmit info: lmi42 xmit skb cac70300 CP ready!
<7>[  479.145077] c2 482 (dji_hdvt_gnd) bridge: start_xmit info: lmi42 xmit skb ceb6af00 CP busy!
<7>[  479.153549] c0 256 (grep) bridge: start_xmit info: lmi42 xmit skb ceb6af00 CP ready!
<7>[  485.047164] c0 412 (dji_hdvt_gnd) bridge: start_xmit info: lmi42 xmit skb cac18a80 CP busy!
<7>[  485.167986] c0 0 (swapper/0) bridge: start_xmit info: lmi42 xmit skb cac18a80 CP ready!
<7>[  498.313905] c2 0 (swapper/2) Warnning: timer4 int-excep
<7>[  564.183074] c0 412 (dji_hdvt_gnd) bridge: start_xmit info: lmi42 xmit skb cac35a80 CP busy!
<7>[  564.283351] c0 0 (swapper/0) bridge: start_xmit info: lmi42 xmit skb cac35a80 CP ready!
<7>[  573.317403] c0 412 (dji_hdvt_gnd) bridge: start_xmit info: lmi42 xmit skb cac66840 CP busy!
<7>[  573.480876] c0 36 (kworker/0:1) bridge: start_xmit info: lmi42 xmit skb cac66840 CP ready!
<7>[  579.137542] c2 412 (dji_hdvt_gnd) bridge: start_xmit info: lmi42 xmit skb ce76e9c0 CP busy!
<7>[  579.297923] c0 423 (1643_recv_threa) bridge: start_xmit info: lmi42 xmit skb ce76e9c0 CP ready!
<7>[  588.218272] c1 412 (dji_hdvt_gnd) bridge: start_xmit info: lmi42 xmit skb cf78a840 CP busy!
<7>[  588.298237] c0 0 (swapper/0) bridge: start_xmit info: lmi42 xmit skb cf78a840 CP ready!
<7>[  591.111078] c2 431 (dji_hdvt_gnd) bridge: start_xmit info: lmi42 xmit skb ce3926c0 CP busy!
<7>[  591.157549] c0 0 (swapper/0) bridge: start_xmit info: lmi42 xmit skb ce3926c0 CP ready!
<7>[  594.098772] c0 412 (dji_hdvt_gnd) bridge: start_xmit info: lmi42 xmit skb cac8fe40 CP busy!
<7>[  594.126603] c0 468 (monitor_task) bridge: start_xmit info: lmi42 xmit skb cac8fe40 CP ready!
<7>[  619.679943] c0 13991 (kworker/u10:0) key 263 reported
<7>[  656.803955] c1 13991 (kworker/u10:0) key 263 reported
<7>[  748.482294] c2 482 (dji_hdvt_gnd) bridge: start_xmit info: lmi42 xmit skb cac5b480 CP busy!
<7>[  748.529176] c0 438 (MB_WL_Receiver) bridge: start_xmit info: lmi42 xmit skb cac5b480 CP ready!
<7>[  769.831051] c1 412 (dji_hdvt_gnd) bridge: start_xmit info: lmi42 xmit skb ce2259c0 CP busy!
<7>[  769.868008] c0 3 (ksoftirqd/0) bridge: start_xmit info: lmi42 xmit skb ce2259c0 CP ready!
<7>[  788.159979] c2 0 (swapper/2) bridge: start_xmit info: lmi42 xmit skb ce7126b0 CP busy!
<7>[  788.220621] c0 0 (swapper/0) bridge: start_xmit info: lmi42 xmit skb ce7126b0 CP ready!
<7>[  809.154022] c3 482 (dji_hdvt_gnd) bridge: start_xmit info: lmi42 xmit skb cad26e40 CP busy!
<7>[  809.221399] c0 0 (swapper/0) bridge: start_xmit info: lmi42 xmit skb cad26e40 CP ready!
<7>[  815.143611] c0 412 (dji_hdvt_gnd) bridge: start_xmit info: lmi42 xmit skb ce225cc0 CP busy!
<7>[  815.188228] c0 32422 (grep) bridge: start_xmit info: lmi42 xmit skb ce225cc0 CP ready!
<7>[  841.259969] c1 25777 (kworker/u10:2) key 263 reported
<7>[  900.945908] c1 0 (swapper/1) Warnning: timer2 int-excep
<7>[  906.774951] c1 25777 (kworker/u10:2) key 263 reported
<7>[  909.663906] c3 0 (swapper/3) Warnning: timer5 int-excep
<7>[ 1198.510974] c0 5212 (kworker/u10:1) key 263 reported
<7>[ 1217.044949] c1 5212 (kworker/u10:1) key 263 reported
<6>[ 1217.044969] c1 5212 (kworker/u10:1) key 263 reported. elapse 18534
<7>[ 1311.591911] c2 0 (swapper/2) Warnning: timer4 int-excep
<7>[ 1609.675245] c3 434 (hg_wl_chn_recei) bridge: start_xmit info: lmi42 xmit skb ceb46cc0 CP busy!
<7>[ 1611.422784] c0 424 (4210_recv_threa) bridge: start_xmit info: lmi42 xmit skb ceb46cc0 CP ready!
<4>[ 1798.843511] c0 0 (swapper/0) if_set_alt s_if1,1.0
<7>[ 1805.355958] c3 2188 (kworker/u10:2) key 106 reported
<7>[ 1805.784939] c1 2188 (kworker/u10:2) key 106 reported
<7>[ 1809.649949] c0 2188 (kworker/u10:2) key 106 reported
<7>[ 1810.089945] c2 2188 (kworker/u10:2) key 106 reported
<6>[ 1925.716423] c0 447 (hdvt_work) modem: modem open ref 1, status 3
<6>[ 1925.716480] c0 447 (hdvt_work) modem: modem status(3) != MODEM_RELEASE.open modem again! 
<6>[ 1925.729402] c0 447 (hdvt_work) modem: modem release ref 2, status 3
<7>[ 1926.396607] c0 412 (dji_hdvt_gnd) bridge: start_xmit info: lmi42 xmit skb ce7e4c00 CP busy!
<7>[ 1926.415431] c0 0 (swapper/0) bridge: start_xmit info: lmi42 xmit skb ce7e4c00 CP ready!
<7>[ 1926.544249] c0 0 (swapper/0) bridge: start_xmit info: lmi42 xmit skb ce7e4240 CP busy!
<7>[ 1926.612613] c0 0 (swapper/0) bridge: start_xmit info: lmi42 xmit skb ce7e4240 CP ready!
<4>[ 1930.855708] c0 0 (swapper/0) if_set_alt s_if1,1.1
<4>[ 1930.855728] c0 0 (swapper/0) my_if1_en already ok
<6>[ 1931.603647] c1 11614 (mount) EXT4-fs (mmcblk0p5): re-mounted. Opts: (null)
<6>[ 1931.763675] c2 11620 (mount) EXT4-fs (mmcblk0p5): re-mounted. Opts: (null)
<6>[ 1931.796548] c2 11623 (mount) EXT4-fs (mmcblk0p5): re-mounted. Opts: (null)
<6>[ 1931.939496] c0 11628 (mount) EXT4-fs (mmcblk0p5): re-mounted. Opts: (null)
<6>[ 1933.804643] c1 11691 (mount) EXT4-fs (mmcblk0p5): re-mounted. Opts: (null)
<6>[ 1933.834601] c1 11692 (mount) EXT4-fs (mmcblk0p5): re-mounted. Opts: (null)
<7>[ 1981.492096] c2 482 (dji_hdvt_gnd) bridge: start_xmit info: lmi42 xmit skb ce2a06c0 CP busy!
<7>[ 1981.572381] c0 13584 (ps) bridge: start_xmit info: lmi42 xmit skb ce2a06c0 CP ready!
<7>[ 1993.540047] c2 482 (dji_hdvt_gnd) bridge: start_xmit info: lmi42 xmit skb ce22ea80 CP busy!
<7>[ 1993.615017] c0 455 (keyscan_task) bridge: start_xmit info: lmi42 xmit skb ce22ea80 CP ready!
<7>[ 2078.497057] c1 482 (dji_hdvt_gnd) bridge: start_xmit info: lmi42 xmit skb cebe4480 CP busy!
<7>[ 2078.618020] c0 431 (dji_hdvt_gnd) bridge: start_xmit info: lmi42 xmit skb cebe4480 CP ready!
<7>[ 2090.565042] c2 431 (dji_hdvt_gnd) bridge: start_xmit info: lmi42 xmit skb ce31bf00 CP busy!
<7>[ 2090.688830] c0 424 (4210_recv_threa) bridge: start_xmit info: lmi42 xmit skb ce31bf00 CP ready!
<7>[ 2093.579146] c3 412 (dji_hdvt_gnd) bridge: start_xmit info: lmi42 xmit skb ce3f7900 CP busy!
<7>[ 2093.646746] c0 0 (swapper/0) bridge: start_xmit info: lmi42 xmit skb ce3f7900 CP ready!
<7>[ 2096.633092] c0 412 (dji_hdvt_gnd) bridge: start_xmit info: lmi42 xmit skb ce3bb000 CP busy!
<7>[ 2096.703208] c0 0 (swapper/0) bridge: start_xmit info: lmi42 xmit skb ce3bb000 CP ready!
<7>[ 2102.683296] c0 412 (dji_hdvt_gnd) bridge: start_xmit info: lmi42 xmit skb ce675600 CP busy!
<7>[ 2102.787943] c0 0 (swapper/0) bridge: start_xmit info: lmi42 xmit skb ce675600 CP ready!
<7>[ 2158.705907] c3 0 (swapper/3) Warnning: timer5 int-excep
<7>[ 2211.254069] c1 431 (dji_hdvt_gnd) bridge: start_xmit info: lmi42 xmit skb cac663c0 CP busy!
<7>[ 2211.298703] c0 0 (swapper/0) bridge: start_xmit info: lmi42 xmit skb cac663c0 CP ready!
<7>[ 2529.710916] c1 0 (swapper/1) Warnning: timer2 int-excep
<7>[ 2874.425905] c1 0 (swapper/1) Warnning: timer2 int-excep
<7>[ 2935.534910] c1 0 (swapper/1) Warnning: timer2 int-excep
<7>[ 3237.946910] c0 0 (swapper/0) Warnning: timer1 int-excep
<7>[ 3502.913988] c0 0 (swapper/0) bridge: start_xmit info: lmi42 xmit skb ce37cb30 CP busy!
<7>[ 3503.633659] c0 0 (swapper/0) bridge: start_xmit info: lmi42 xmit skb ce37cb30 CP ready!
<4>[ 3567.792728] c0 0 (swapper/0) if_set_alt s_if1,1.0
<6>[ 3668.749812] c1 447 (hdvt_work) modem: modem open ref 1, status 3
<6>[ 3668.749836] c1 447 (hdvt_work) modem: modem status(3) != MODEM_RELEASE.open modem again! 
<6>[ 3668.764332] c1 447 (hdvt_work) modem: modem release ref 2, status 3
<7>[ 3671.040998] c0 482 (dji_hdvt_gnd) bridge: start_xmit info: lmi42 xmit skb ceb89600 CP busy!
<7>[ 3671.096240] c0 423 (1643_recv_threa) bridge: start_xmit info: lmi42 xmit skb ceb89600 CP ready!
<4>[ 3671.101184] c0 0 (swapper/0) if_set_alt s_if1,1.1
<4>[ 3671.101199] c0 0 (swapper/0) my_if1_en already ok
<7>[ 3671.125044] c2 412 (dji_hdvt_gnd) bridge: start_xmit info: lmi42 xmit skb ce314600 CP busy!
<7>[ 3671.222983] c0 68 (mmcqd/0) bridge: start_xmit info: lmi42 xmit skb ce314600 CP ready!
<7>[ 3671.293041] c0 482 (dji_hdvt_gnd) bridge: start_xmit info: lmi42 xmit skb ceae76c0 CP busy!
<7>[ 3671.307482] c0 0 (swapper/0) bridge: start_xmit info: lmi42 xmit skb ceae76c0 CP ready!
<6>[ 3672.035194] c2 15149 (mount) EXT4-fs (mmcblk0p5): re-mounted. Opts: (null)
<6>[ 3672.165228] c0 15158 (mount) EXT4-fs (mmcblk0p5): re-mounted. Opts: (null)
<6>[ 3672.202354] c0 15159 (mount) EXT4-fs (mmcblk0p5): re-mounted. Opts: (null)
<6>[ 3672.413990] c2 15163 (mount) EXT4-fs (mmcblk0p5): re-mounted. Opts: (null)
<6>[ 3674.668465] c0 15287 (mount) EXT4-fs (mmcblk0p5): re-mounted. Opts: (null)
<6>[ 3674.701011] c0 15288 (mount) EXT4-fs (mmcblk0p5): re-mounted. Opts: (null)
<7>[ 3685.922978] c0 412 (dji_hdvt_gnd) bridge: start_xmit info: lmi42 xmit skb ce7b1f00 CP busy!
<7>[ 3686.012286] c0 0 (swapper/0) bridge: start_xmit info: lmi42 xmit skb ce7b1f00 CP ready!
<7>[ 3686.021302] c3 412 (dji_hdvt_gnd) bridge: start_xmit info: lmi42 xmit skb ce3149c0 CP busy!
<7>[ 3686.036851] c0 0 (swapper/0) bridge: start_xmit info: lmi42 xmit skb ce3149c0 CP ready!
<7>[ 3691.957043] c0 412 (dji_hdvt_gnd) bridge: start_xmit info: lmi42 xmit skb ce301a80 CP busy!
<7>[ 3692.082971] c0 424 (4210_recv_threa) bridge: start_xmit info: lmi42 xmit skb ce301a80 CP ready!
<7>[ 3694.971051] c0 412 (dji_hdvt_gnd) bridge: start_xmit info: lmi42 xmit skb ceac7840 CP busy!
<7>[ 3695.082996] c0 0 (swapper/0) bridge: start_xmit info: lmi42 xmit skb ceac7840 CP ready!
<7>[ 3697.985085] c3 412 (dji_hdvt_gnd) bridge: start_xmit info: lmi42 xmit skb cf78a9c0 CP busy!
<7>[ 3698.068974] c0 485 (data_send_task) bridge: start_xmit info: lmi42 xmit skb cf78a9c0 CP ready!
<7>[ 3701.032026] c0 412 (dji_hdvt_gnd) bridge: start_xmit info: lmi42 xmit skb cac4a480 CP busy!
<7>[ 3701.083257] c0 0 (swapper/0) bridge: start_xmit info: lmi42 xmit skb cac4a480 CP ready!
<7>[ 3704.015134] c3 412 (dji_hdvt_gnd) bridge: start_xmit info: lmi42 xmit skb ceb6bf00 CP busy!
<7>[ 3704.097415] c0 0 (swapper/0) bridge: start_xmit info: lmi42 xmit skb ceb6bf00 CP ready!
<7>[ 3707.065214] c0 412 (dji_hdvt_gnd) bridge: start_xmit info: lmi42 xmit skb ceb47f00 CP busy!
<7>[ 3707.097652] c0 424 (4210_recv_threa) bridge: start_xmit info: lmi42 xmit skb ceb47f00 CP ready!
<7>[ 3707.108106] c3 412 (dji_hdvt_gnd) bridge: start_xmit info: lmi42 xmit skb cac41840 CP busy!
<7>[ 3707.148595] c0 0 (swapper/0) bridge: start_xmit info: lmi42 xmit skb cac41840 CP ready!
<7>[ 3707.155098] c3 482 (dji_hdvt_gnd) bridge: start_xmit info: lmi42 xmit skb cac41300 CP busy!
<7>[ 3707.210318] c0 0 (swapper/0) bridge: start_xmit info: lmi42 xmit skb cac41300 CP ready!
<7>[ 3710.152035] c0 412 (dji_hdvt_gnd) bridge: start_xmit info: lmi42 xmit skb ce37e180 CP busy!
<7>[ 3710.252587] c0 0 (swapper/0) bridge: start_xmit info: lmi42 xmit skb ce37e180 CP ready!
<7>[ 3713.095153] c2 412 (dji_hdvt_gnd) bridge: start_xmit info: lmi42 xmit skb ce302cc0 CP busy!
<7>[ 3713.139996] c0 412 (dji_hdvt_gnd) bridge: start_xmit info: lmi42 xmit skb ce302cc0 CP ready!
<7>[ 3719.221065] c1 412 (dji_hdvt_gnd) bridge: start_xmit info: lmi42 xmit skb cebe56c0 CP busy!
<7>[ 3719.252998] c0 3 (ksoftirqd/0) bridge: start_xmit info: lmi42 xmit skb cebe56c0 CP ready!
<7>[ 3719.256998] c0 412 (dji_hdvt_gnd) bridge: start_xmit info: lmi42 xmit skb ceac7cc0 CP busy!
<7>[ 3719.281058] c0 0 (swapper/0) bridge: start_xmit info: lmi42 xmit skb ceac7cc0 CP ready!
<7>[ 3722.154121] c3 412 (dji_hdvt_gnd) bridge: start_xmit info: lmi42 xmit skb ceabc0c0 CP busy!
<7>[ 3722.267131] c0 68 (mmcqd/0) bridge: start_xmit info: lmi42 xmit skb ceabc0c0 CP ready!
<7>[ 3725.218446] c3 412 (dji_hdvt_gnd) bridge: start_xmit info: lmi42 xmit skb ceae5a80 CP busy!
<7>[ 3725.295399] c0 0 (swapper/0) bridge: start_xmit info: lmi42 xmit skb ceae5a80 CP ready!
<7>[ 3728.253433] c0 412 (dji_hdvt_gnd) bridge: start_xmit info: lmi42 xmit skb cac1f180 CP busy!
<7>[ 3728.267416] c0 0 (swapper/0) bridge: start_xmit info: lmi42 xmit skb cac1f180 CP ready!
<7>[ 3731.234735] c1 412 (dji_hdvt_gnd) bridge: start_xmit info: lmi42 xmit skb ceb8a3c0 CP busy!
<7>[ 3731.323739] c0 0 (swapper/0) bridge: start_xmit info: lmi42 xmit skb ceb8a3c0 CP ready!
<7>[ 3734.265071] c0 412 (dji_hdvt_gnd) bridge: start_xmit info: lmi42 xmit skb cac9d840 CP busy!
<7>[ 3734.337918] c0 0 (swapper/0) bridge: start_xmit info: lmi42 xmit skb cac9d840 CP ready!
<7>[ 3740.365223] c0 412 (dji_hdvt_gnd) bridge: start_xmit info: lmi42 xmit skb ce37e300 CP busy!
<7>[ 3740.408681] c0 17867 (busybox) bridge: start_xmit info: lmi42 xmit skb ce37e300 CP ready!
<7>[ 3740.489050] c3 482 (dji_hdvt_gnd) bridge: start_xmit info: lmi42 xmit skb cad33e40 CP busy!
<7>[ 3740.591641] c0 0 (swapper/0) bridge: start_xmit info: lmi42 xmit skb cad33e40 CP ready!
<7>[ 3743.453828] c1 412 (dji_hdvt_gnd) bridge: start_xmit info: lmi42 xmit skb ce26cf00 CP busy!
<7>[ 3743.479049] c0 0 (swapper/0) bridge: start_xmit info: lmi42 xmit skb ce26cf00 CP ready!
<7>[ 3746.486063] c3 482 (dji_hdvt_gnd) bridge: start_xmit info: lmi42 xmit skb cac43e40 CP busy!
<7>[ 3746.620271] c0 423 (1643_recv_threa) bridge: start_xmit info: lmi42 xmit skb cac43e40 CP ready!
<7>[ 3749.549120] c0 412 (dji_hdvt_gnd) bridge: start_xmit info: lmi42 xmit skb cac46c00 CP busy!
<7>[ 3749.620314] c0 423 (1643_recv_threa) bridge: start_xmit info: lmi42 xmit skb cac46c00 CP ready!
<7>[ 3752.564133] c2 412 (dji_hdvt_gnd) bridge: start_xmit info: lmi42 xmit skb ce76e9c0 CP busy!
<7>[ 3752.662530] c0 18327 (ps) bridge: start_xmit info: lmi42 xmit skb ce76e9c0 CP ready!
<7>[ 3764.668232] c0 412 (dji_hdvt_gnd) bridge: start_xmit info: lmi42 xmit skb cac98b40 CP busy!
<7>[ 3764.761517] c0 255 (logcat) bridge: start_xmit info: lmi42 xmit skb cac98b40 CP ready!
<7>[ 3809.732079] c1 482 (dji_hdvt_gnd) bridge: start_xmit info: lmi42 xmit skb cac70c00 CP busy!
<7>[ 3809.819529] c0 20549 (sh) bridge: start_xmit info: lmi42 xmit skb cac70c00 CP ready!
<7>[ 4185.426021] c0 0 (swapper/0) bridge: start_xmit info: lmi42 xmit skb ce37ccb0 CP busy!
<7>[ 4186.862823] c0 0 (swapper/0) bridge: start_xmit info: lmi42 xmit skb ce37ccb0 CP ready!
<6>[ 4224.804189] c0 447 (hdvt_work) modem: modem open ref 1, status 3
<6>[ 4224.804211] c0 447 (hdvt_work) modem: modem status(3) != MODEM_RELEASE.open modem again! 
<7>[ 4224.814118] c3 482 (dji_hdvt_gnd) bridge: start_xmit info: lmi42 xmit skb cac71840 CP busy!
<6>[ 4224.816565] c2 447 (hdvt_work) modem: modem release ref 2, status 3
<7>[ 4225.186162] c0 445 (event_task) bridge: start_xmit info: lmi42 xmit skb cac71840 CP ready!
<7>[ 4225.203555] c3 431 (dji_hdvt_gnd) bridge: start_xmit info: lmi42 xmit skb ceac7900 CP busy!
<7>[ 4225.209589] c0 423 (1643_recv_threa) bridge: start_xmit info: lmi42 xmit skb ceac7900 CP ready!
<6>[ 4227.774596] c0 4538 (mount) EXT4-fs (mmcblk0p5): re-mounted. Opts: (null)
<6>[ 4227.814852] c1 4542 (mount) EXT4-fs (mmcblk0p5): re-mounted. Opts: (null)
<4>[ 4233.812748] c0 0 (swapper/0) if_set_alt s_if1,1.0
<7>[ 4235.020915] c0 0 (swapper/0) Warnning: timer1 int-excep
<4>[ 4237.424000] c0 423 (1643_recv_threa) if_set_alt s_if1,1.1
<4>[ 4237.424020] c0 423 (1643_recv_threa) my_if1_en already ok
<6>[ 4237.816723] c1 4957 (mount) EXT4-fs (mmcblk0p5): re-mounted. Opts: (null)
<6>[ 4237.932485] c2 4965 (mount) EXT4-fs (mmcblk0p5): re-mounted. Opts: (null)
<6>[ 4237.963769] c2 4970 (mount) EXT4-fs (mmcblk0p5): re-mounted. Opts: (null)
<6>[ 4237.986104] c2 4971 (mount) EXT4-fs (mmcblk0p5): re-mounted. Opts: (null)
<6>[ 4238.024262] c2 4972 (mount) EXT4-fs (mmcblk0p5): re-mounted. Opts: (null)
<6>[ 4238.034794] c0 4977 (mount) EXT4-fs (mmcblk0p5): re-mounted. Opts: (null)
<4>[ 4253.463568] c0 0 (swapper/0) if_set_alt s_if1,1.0
<4>[ 4255.189249] c0 0 (swapper/0) if_set_alt s_if1,1.1
<4>[ 4255.189270] c0 0 (swapper/0) my_if1_en already ok
<6>[ 4255.644236] c1 5712 (mount) EXT4-fs (mmcblk0p5): re-mounted. Opts: (null)
<6>[ 4255.823007] c1 5718 (mount) EXT4-fs (mmcblk0p5): re-mounted. Opts: (null)
<6>[ 4255.855684] c1 5724 (mount) EXT4-fs (mmcblk0p5): re-mounted. Opts: (null)
<6>[ 4255.868074] c1 5725 (mount) EXT4-fs (mmcblk0p5): re-mounted. Opts: (null)
<6>[ 4258.266284] c1 5834 (mount) EXT4-fs (mmcblk0p5): re-mounted. Opts: (null)
<6>[ 4258.296021] c1 5835 (mount) EXT4-fs (mmcblk0p5): re-mounted. Opts: (null)
<7>[ 4262.483249] c2 486 (data_receive_ta) bridge: start_xmit info: lmi42 xmit skb ce7b1840 CP busy!
<7>[ 4263.563968] c0 0 (swapper/0) bridge: start_xmit info: lmi42 xmit skb ce7b1840 CP ready!


!!!New kernel log start!!!

<6>[    0.000000] c0 0 (swapper) Booting Linux on physical CPU 0x100
<6>[    0.000000] c0 0 (swapper) Initializing cgroup subsys cpu
<6>[    0.000000] c0 0 (swapper) Initializing cgroup subsys cpuacct
<5>[    0.000000] c0 0 (swapper) Linux version 3.10.62 (jenkins@APServer01) (gcc version 4.7 (GCC) ) #1 SMP PREEMPT Thu Dec 28 16:11:42 CST 2017
<4>[    0.000000] c0 0 (swapper) CPU: ARMv7 Processor [410fc075] revision 5 (ARMv7), cr=10c5387d
<4>[    0.000000] c0 0 (swapper) CPU: PIPT / VIPT nonaliasing data cache, VIPT aliasing instruction cache
<4>[    0.000000] c0 0 (swapper) Machine: Leadcore Innopower
<4>[    0.000000] c0 0 (swapper) start comip_parse_tag_mem_ext.
<4>[    0.000000] c0 0 (swapper) Physical memory layout:
<4>[    0.000000] c0 0 (swapper)     DRAM Bank1  : 0x00000000 - 0x20000000  ( 512 MB)
<4>[    0.000000] c0 0 (swapper)     Modem       : 0x00000000 - 0x06400000  ( 100 MB)
<4>[    0.000000] c0 0 (swapper)     Kernel Bank1: 0x06400000 - 0x16800000  ( 260 MB)
<4>[    0.000000] c0 0 (swapper)     Framebuffer : 0x16800000 - 0x17800000  (  16 MB)
<4>[    0.000000] c0 0 (swapper)     ON2         : 0x17800000 - 0x1f800000  ( 128 MB)
<4>[    0.000000] c0 0 (swapper)     TrustZone   : 0x1f800000 - 0x20000000  (   8 MB)
<4>[    0.000000] c0 0 (swapper) Ignoring unrecognised tag 0x54410101
<7>[    0.000000] c0 0 (swapper) Boot mode: normal
<6>[    0.000000] c0 0 (swapper) Main VOUT: 7250/9000
<4>[    0.000000] c0 0 (swapper) Chip id: 0x442db66b, rom id: 0x1, bb id: 0x282e05
<4>[    0.000000] c0 0 (swapper) Ignoring unrecognised tag 0x54410105
<4>[    0.000000] c0 0 (swapper) Memory policy: ECC disabled, Data cache writealloc
<4>[    0.000000] c0 0 (swapper) ddr_pwr_pll_mclk rate:1066000000
<4>[    0.000000] c0 0 (swapper) pll0_out rate:988000000
<4>[    0.000000] c0 0 (swapper) pll1_out rate:1248000000
<4>[    0.000000] c0 0 (swapper) A7 rate: 988000000, gr:16
<7>[    0.000000] c0 0 (swapper) On node 0 totalpages: 66560
<7>[    0.000000] c0 0 (swapper) free_area_init_node: node 0, pgdat c05ecd00, node_mem_map c0956000
<7>[    0.000000] c0 0 (swapper)   Normal zone: 520 pages used for memmap
<7>[    0.000000] c0 0 (swapper)   Normal zone: 0 pages reserved
<7>[    0.000000] c0 0 (swapper)   Normal zone: 66560 pages, LIFO batch:15
<4>[    0.000000] c0 0 (swapper) mcpm_smp_init_cpus: cores number:5
<6>[    0.000000] c0 0 (swapper) cpu logical map 0x100
<6>[    0.000000] c0 0 (swapper) cpu logical map 0x101
<6>[    0.000000] c0 0 (swapper) cpu logical map 0x102
<6>[    0.000000] c0 0 (swapper) cpu logical map 0x103
<6>[    0.000000] c0 0 (swapper) cpu logical map 0x0
<6>[    0.000000] c0 0 (swapper) PERCPU: Embedded 9 pages/cpu @c0b64000 s12928 r8192 d15744 u36864
<7>[    0.000000] c0 0 (swapper) pcpu-alloc: s12928 r8192 d15744 u36864 alloc=9*4096
<7>[    0.000000] c0 0 (swapper) pcpu-alloc: [0] 0 [0] 1 [0] 2 [0] 3 [0] 4 
<4>[    0.000000] c0 0 (swapper) Built 1 zonelists in Zone order, mobility grouping on.  Total pages: 66040
<5>[    0.000000] c0 0 (swapper) Kernel command line: watchdog_thresh=3 console=ttyS3,921600 vmalloc=412M maxcpus=4 android firmware_class.path=/vendor/firmware isolcpus=4 initrd=0x07400000,1M lcpart=mmcblk0=gpt:0:2000:200,ddr:2000:2000:200,env:4000:2000:200,panic:6000:2000:200,amt:8000:20000:200,factory:28000:4000:200,factory_out:2c000:4000:200,recovery:30000:8000:200,normal:38000:8000:200,system:40000:40000:200,vendor:80000:20000:200,cache:a0000:80000:200,blackbox:120000:400000:200,userdata:520000:228000:200  chip_sn=6bb62d44 board_sn=08XUEC90060K1K production quiet board_id=0xe2200104
<6>[    0.000000] c0 0 (swapper) board_id = 0xe2200104
<6>[    0.000000] c0 0 (swapper) PID hash table entries: 2048 (order: 1, 8192 bytes)
<6>[    0.000000] c0 0 (swapper) Dentry cache hash table entries: 65536 (order: 6, 262144 bytes)
<6>[    0.000000] c0 0 (swapper) Inode-cache hash table entries: 32768 (order: 5, 131072 bytes)
<6>[    0.000000] c0 0 (swapper) allocated 532480 bytes of page_cgroup
<6>[    0.000000] c0 0 (swapper) please try 'cgroup_disable=memory' option if you don't want memory cgroups
<6>[    0.000000] c0 0 (swapper) Memory: 260MB = 260MB total
<5>[    0.000000] c0 0 (swapper) Memory: 252448k/252448k available, 13792k reserved, 0K highmem
<5>[    0.000000] c0 0 (swapper) Virtual kernel memory layout:
<5>[    0.000000]     vector  : 0xffff0000 - 0xffff1000   (   4 kB)
<5>[    0.000000]     fixmap  : 0xfff00000 - 0xfffe0000   ( 896 kB)
<5>[    0.000000]     vmalloc : 0xd0800000 - 0xff000000   ( 744 MB)
<5>[    0.000000]     lowmem  : 0xc0000000 - 0xd0400000   ( 260 MB)
<5>[    0.000000]     pkmap   : 0xbfe00000 - 0xc0000000   (   2 MB)
<5>[    0.000000]     modules : 0xbf000000 - 0xbfe00000   (  14 MB)
<5>[    0.000000]       .text : 0xc0008000 - 0xc054486c   (5363 kB)
<5>[    0.000000]       .init : 0xc0545000 - 0xc057d280   ( 225 kB)
<5>[    0.000000]       .data : 0xc057e000 - 0xc05f0bb0   ( 459 kB)
<5>[    0.000000]        .bss : 0xc05f0bb0 - 0xc094d090   (3442 kB)
<6>[    0.000000] c0 0 (swapper) SLUB: HWalign=64, Order=0-3, MinObjects=0, CPUs=5, Nodes=1
<6>[    0.000000] c0 0 (swapper/0) Preemptible hierarchical RCU implementation.
<6>[    0.000000] c0 0 (swapper/0) 	Additional per-CPU info printed with stalls.
<6>[    0.000000] c0 0 (swapper/0) NR_IRQS:458
<6>[    0.000000] c0 0 (swapper/0) sched_clock: 32 bits at 13MHz, resolution 76ns, wraps every 330382ms
<6>[    0.000000] c0 0 (swapper/0) Switching to timer-based delay loop
<6>[    0.000000] c0 0 (swapper/0) uart3 is settting quot! baud 921600, quot 1!
<4>[    0.000000] c0 0 (swapper/0) write reg 0xc passes, val 0x93
<4>[    0.000000] c0 0 (swapper/0) write reg 0x0 passes, val 0x1
<4>[    0.000000] c0 0 (swapper/0) write reg 0x4 passes, val 0x0
<4>[    0.000000] c0 0 (swapper/0) write reg 0xc passes, val 0x13
<6>[    0.000000] c0 0 (swapper/0) uart3 new lcr is 0x13, cval = 0x13
<6>[    0.000000] c0 0 (swapper/0) console [ttyS3] enabled
<6>[    0.000000] c0 0 (swapper/0) Console: colour dummy device 80x30
<6>[    0.000657] c0 0 (swapper/0) Calibrating delay loop (skipped), value calculated using timer frequency.. 26.00 BogoMIPS (lpj=13000)
<6>[    0.000680] c0 0 (swapper/0) pid_max: default: 32768 minimum: 301
<6>[    0.001014] c0 0 (swapper/0) Mount-cache hash table entries: 512
<6>[    0.002389] c0 0 (swapper/0) Initializing cgroup subsys debug
<6>[    0.002408] c0 0 (swapper/0) Initializing cgroup subsys memory
<6>[    0.002458] c0 0 (swapper/0) Initializing cgroup subsys freezer
<6>[    0.002510] c0 0 (swapper/0) CPU: Testing write buffer coherency: ok
<6>[    0.002892] c0 1 (swapper/0) CPU0: thread -1, cpu 0, socket 1, mpidr 80000100
<6>[    0.002933] c0 1 (swapper/0) Setting up static identity map for 0xc03c2850 - 0xc03c2900
<6>[    0.002963] c0 1 (swapper/0) pm initialized success 
<7>[    0.010874] c1 0 (swapper/1) CPU1: Booted secondary processor
<6>[    0.010893] c1 0 (swapper/1) CPU1: thread -1, cpu 1, socket 1, mpidr 80000101
<7>[    0.013836] c2 0 (swapper/2) CPU2: Booted secondary processor
<6>[    0.013855] c2 0 (swapper/2) CPU2: thread -1, cpu 2, socket 1, mpidr 80000102
<7>[    0.016864] c3 0 (swapper/3) CPU3: Booted secondary processor
<6>[    0.016882] c3 0 (swapper/3) CPU3: thread -1, cpu 3, socket 1, mpidr 80000103
<6>[    0.017016] c0 1 (swapper/0) Brought up 4 CPUs
<6>[    0.017055] c0 1 (swapper/0) SMP: Total of 4 processors activated (104.00 BogoMIPS).
<6>[    0.017069] c0 1 (swapper/0) CPU: All CPU(s) started in SVC mode.
<6>[    0.039504] c0 1 (swapper/0) NET: Registered protocol family 16
<6>[    0.044230] c0 1 (swapper/0) DMA: preallocated 4096 KiB pool for atomic coherent allocations
<6>[    0.044405] c0 1 (swapper/0) Android kernel panic handler initialized (bind=panic)
<4>[    0.045188] c0 1 (swapper/0) comip_init_common_mfp p_otg->fsm.id=0
<7>[    0.047718] c0 1 (swapper/0) addr 0xe100c220: 0x00000000
<7>[    0.047733] c0 1 (swapper/0) addr 0xe100c224: 0x00000000
<7>[    0.047747] c0 1 (swapper/0) addr 0xe100c228: 0x00000000
<7>[    0.047762] c0 1 (swapper/0) addr 0xe100c22c: 0x00000000
<7>[    0.047776] c0 1 (swapper/0) addr 0xe100c230: 0x00000000
<7>[    0.047790] c0 1 (swapper/0) addr 0xe100c234: 0x00000000
<7>[    0.047805] c0 1 (swapper/0) addr 0xe100c238: 0x00000000
<7>[    0.047819] c0 1 (swapper/0) addr 0xe100c23c: 0x00000000
<7>[    0.047833] c0 1 (swapper/0) addr 0xe100c240: 0x00000000
<7>[    0.047847] c0 1 (swapper/0) addr 0xe100c244: 0x00000000
<7>[    0.047861] c0 1 (swapper/0) addr 0xe100c248: 0x00000000
<7>[    0.047875] c0 1 (swapper/0) addr 0xe100c24c: 0x00000000
<7>[    0.047888] c0 1 (swapper/0) addr 0xe100c250: 0x00000000
<7>[    0.047902] c0 1 (swapper/0) addr 0xe100c254: 0x00000000
<7>[    0.047914] c0 1 (swapper/0) addr 0xe100c258: 0x00000000
<7>[    0.047927] c0 1 (swapper/0) addr 0xe100c25c: 0x00000000
<7>[    0.047941] c0 1 (swapper/0) addr 0xe100a120: 0x00000000
<7>[    0.047955] c0 1 (swapper/0) addr 0xe100a124: 0x00000000
<7>[    0.047969] c0 1 (swapper/0) addr 0xe100a128: 0x00000000
<7>[    0.047983] c0 1 (swapper/0) addr 0xe100a12c: 0x00000000
<7>[    0.047998] c0 1 (swapper/0) addr 0xe100a130: 0x00000000
<6>[    0.048915] c0 1 (swapper/0) hw-breakpoint: found 5 (+1 reserved) breakpoint and 4 watchpoint registers.
<6>[    0.048930] c0 1 (swapper/0) hw-breakpoint: maximum watchpoint size is 8 bytes.
<6>[    0.049498] c0 1 (swapper/0) i2c->adap.nr = 0, i2c->flags = 0x2
<3>[    0.049514] c0 1 (swapper/0) i2c-0: clock: 26000000, speed:400000
<6>[    0.050764] c0 1 (swapper/0) i2c->adap.nr = 1, i2c->flags = 0x2
<3>[    0.050780] c0 1 (swapper/0) i2c-1: clock: 26000000, speed:400000
<6>[    0.052003] c0 1 (swapper/0) i2c->adap.nr = 4, i2c->flags = 0x1
<3>[    0.052022] c0 1 (swapper/0) i2c-4: clock: 10660000, speed:100000
<6>[    0.053340] c0 1 (swapper/0) comip-pwm comip-pwm: comip_pwm_probe
<6>[    0.053756] c0 1 (swapper/0) comip-spi comip-spi.0: master is unqueued, this is deprecated
<6>[    0.054029] c0 1 (swapper/0) comip-spi comip-spi.1: master is unqueued, this is deprecated
<6>[    0.054311] c0 1 (swapper/0) comip-spi comip-spi.2: master is unqueued, this is deprecated
<6>[    0.089537] c0 1 (swapper/0) LC1160: version 0x10, eco no 0, rtc version 1
<6>[    0.090461] c0 1 (swapper/0) parse_bootup_reason: value from 0x5c reg is: 0x1
<6>[    0.090476] c0 1 (swapper/0) parse_bootup_reason: +++++++++start of day reason: onkey
<6>[    0.090489] c0 1 (swapper/0) parse_shutdown_reason: value from 0x5d reg is: 0x0
<6>[    0.090503] c0 1 (swapper/0) parse_shutdown_reason: ----------last end of day reason: unknown
<6>[    0.091321] c0 1 (swapper/0) LC1160: Raw startup 0x01(pwr_key),raw shutdown 0x00(), saved shutdown 0x00()
<6>[    0.091793] c0 1 (swapper/0) LC1160: Power on reason(power_key), reboot reason(null)
<6>[    0.095025] c0 1 (swapper/0) PMIC_DCDC5 SET VOUT = 1200 mv
<6>[    0.095839] c0 1 (swapper/0) PMIC_DCDC7 SET VOUT = 1800 mv
<6>[    0.138383] c0 1 (swapper/0) comip_monitor_probe 
<6>[    0.143429] c0 1 (swapper/0) bio: create slab <bio-0> at 0
<5>[    0.144505] c0 1 (swapper/0) SCSI subsystem initialized
<6>[    0.144659] c0 1 (swapper/0) usbcore: registered new interface driver usbfs
<6>[    0.144730] c0 1 (swapper/0) usbcore: registered new interface driver hub
<6>[    0.144857] c0 1 (swapper/0) usbcore: registered new device driver usb
<6>[    0.145150] c0 1 (swapper/0) i2c-gpio i2c-gpio.6: using pins 131 (SDA) and 129 (SCL)
<6>[    0.145291] c0 1 (swapper/0) i2c-gpio i2c-gpio.7: using pins 201 (SDA) and 202 (SCL)
<6>[    0.145438] c0 1 (swapper/0) i2c-gpio i2c-gpio.8: using pins 157 (SDA) and 159 (SCL)
<6>[    0.145574] c0 1 (swapper/0) i2c-gpio i2c-gpio.9: using pins 219 (SDA) and 221 (SCL)
<6>[    0.145722] c0 1 (swapper/0) i2c-gpio i2c-gpio.10: using pins 161 (SDA) and 163 (SCL)
<6>[    0.146058] c0 1 (swapper/0) Advanced Linux Sound Architecture Driver Initialized.
<6>[    0.147466] c0 1 (swapper/0) input: lc1160_adc_a as /devices/platform/lc11xx_adc/input/input0
<6>[    0.147674] c0 1 (swapper/0) input: lc1160_adc_b as /devices/platform/lc11xx_adc/input/input1
<6>[    0.147732] c0 1 (swapper/0) lc1160_adc: probe success
<6>[    0.147980] c0 1 (swapper/0) Switching to clocksource timer3_clk
<4>[    0.176111] c0 1 (swapper/0) USB_OTG: comip_usb_otg_early_init
<4>[    0.176202] c0 1 (swapper/0) USB_OTG: comip_otg_early_probe
<4>[    0.277106] c0 1 (swapper/0) comip_otg_ctrl_gpio_init WM220: set vbus 1, read back vbus 0
<6>[    0.277392] c0 1 (swapper/0) NET: Registered protocol family 2
<6>[    0.278421] c0 1 (swapper/0) TCP established hash table entries: 4096 (order: 3, 32768 bytes)
<6>[    0.278521] c0 1 (swapper/0) TCP bind hash table entries: 4096 (order: 4, 98304 bytes)
<6>[    0.278650] c0 1 (swapper/0) TCP: Hash tables configured (established 4096 bind 4096)
<6>[    0.278739] c0 1 (swapper/0) TCP: reno registered
<6>[    0.278760] c0 1 (swapper/0) UDP hash table entries: 256 (order: 2, 16384 bytes)
<6>[    0.278819] c0 1 (swapper/0) UDP-Lite hash table entries: 256 (order: 2, 16384 bytes)
<6>[    0.279261] c0 1 (swapper/0) NET: Registered protocol family 1
<6>[    0.279566] c0 1 (swapper/0) Unpacking initramfs...
<0>[    0.305950] c1 1 (swapper/0) Initramfs unpacking failed: broken padding
<6>[    0.308469] c1 1 (swapper/0) Freeing initrd memory: 1024K (c1000000 - c1100000)
<6>[    0.308936] c1 1 (swapper/0) CPU PMU: probing PMU on CPU 1
<6>[    0.308972] c1 1 (swapper/0) hw perfevents: enabled with ARMv7 Cortex-A7 PMU driver, 5 counters available
<3>[    0.309397] c1 1 (swapper/0) modem: comip_register_reboot_callback faild, non init
<6>[    0.310694] c1 1 (swapper/0) sdr: devices driver up version v1.0.1, build time Dec 28 2017 16:10:37
<6>[    0.310765] c1 1 (swapper/0) comip_wdt_probe: AP_PWR_LP_CTL 607
<6>[    0.310876] c1 1 (swapper/0) comip_wdt_probe: AP_PWR_LP_CTL 600
<6>[    0.310935] c1 1 (swapper/0) comip_wdt_probe: AP_PWR_LP_CTL 600
<6>[    0.310993] c1 1 (swapper/0) comip_wdt_probe: AP_PWR_LP_CTL 600
<6>[    0.312219] c1 1 (swapper/0) comip_snd_soc comip_snd_soc.0: comip_snd_soc_probe
<6>[    0.313177] c1 1 (swapper/0) comip-uart.0: ttyS0 at MMIO 0x0 (irq = 72) is a uart0
<6>[    0.313527] c1 1 (swapper/0) comip-uart.1: ttyS1 at MMIO 0x0 (irq = 73) is a uart1
<6>[    0.313846] c1 1 (swapper/0) comip-uart.2: ttyS2 at MMIO 0x0 (irq = 74) is a uart2
<6>[    0.314218] c1 1 (swapper/0) comip-uart.3: ttyS3 at MMIO 0x0 (irq = 89) is a uart3
<7>[    0.320087] c1 1 (swapper/0) mmc-1: set mmc clock rate to 400000
<7>[    0.326203] c1 1 (swapper/0) mmc-0: card detect 0. gpio 243.
<3>[    0.326370] c1 1 (swapper/0) comip_mmc0_set_power: set card vdd ret = -6 vdd = 16
<7>[    0.333079] c1 1 (swapper/0) mmc-0: set mmc clock rate to 400000
<7>[    0.345084] c1 1 (swapper/0) mmc-2: set mmc clock rate to 400000
<6>[    0.351216] c1 1 (swapper/0) ion-lc ion-lc: lc_ion_probe
<6>[    0.351372] c1 1 (swapper/0) ion: creat /dev/ion success
<3>[    0.351662] c1 1 (swapper/0) Failed to create heap debugfs at /ion/heaps/lc_ion_lcmem_heap
<4>[    0.353123] c1 1 (swapper/0) mali ddk r5p0-06rel0 early init
<6>[    0.353363] c1 1 (swapper/0) mali mali.0: Continuing without Mali clock control
<6>[    0.353666] c1 1 (swapper/0) mali mali.0: GPU identified as 0x0620 r1p0 status 1
<6>[    0.354245] c1 1 (swapper/0) mali mali.0: Probed as mali0
<6>[    0.355521] c0 1 (swapper/0) input: comip-gpio-keys as /devices/platform/comip-gpio-keys/input/input2
<7>[    0.355557] c0 1 (swapper/0) key 212 reported
<7>[    0.355573] c0 1 (swapper/0) key 256 reported
<7>[    0.355588] c0 1 (swapper/0) key 257 reported
<7>[    0.355601] c0 1 (swapper/0) key 258 reported
<7>[    0.355615] c0 1 (swapper/0) key 259 reported
<7>[    0.355628] c0 1 (swapper/0) key 260 reported
<7>[    0.355641] c0 1 (swapper/0) key 261 reported
<7>[    0.355658] c0 1 (swapper/0) key 262 reported
<7>[    0.355675] c0 1 (swapper/0) key 263 reported
<7>[    0.355688] c0 1 (swapper/0) key 393 reported
<7>[    0.355703] c0 1 (swapper/0) key 105 reported
<7>[    0.355717] c0 1 (swapper/0) key 106 reported
<6>[    0.355936] c0 1 (swapper/0) comip-i2s comip-i2s.0: comip_i2s_probe, id=0
<6>[    0.356106] c0 1 (swapper/0) comip-pcm comip-pcm.0: comip_pcm_virtual_probe
<6>[    0.356507] c0 1 (swapper/0) comip-snd-lowpower comip-snd-lowpower: snd_lowpower_probe
<6>[    0.365978] c0 1 (swapper/0) comip-rtc comip-rtc: rtc core: registered comip-rtc as rtc0
<6>[    0.366500] c0 1 (swapper/0) hx170dec: dec/pp kernel module. 
<6>[    0.366638] c0 1 (swapper/0) hx170dec: Core 0 HW ID=0x67314808
<6>[    0.366651] c0 1 (swapper/0) hx170dec: Supported HW found at 0xa0340200
<6>[    0.366666] c0 1 (swapper/0) hx170dec: core[0] has H264
<6>[    0.366679] c0 1 (swapper/0) hx170dec: core[0] has JPEG
<6>[    0.366690] c0 1 (swapper/0) hx170dec: core[0] has MPEG4
<6>[    0.366703] c0 1 (swapper/0) hx170dec: core[0] has VC1
<6>[    0.366716] c0 1 (swapper/0) hx170dec: core[0] has MPEG2
<6>[    0.366728] c0 1 (swapper/0) hx170dec: core[0] has VP6
<6>[    0.366741] c0 1 (swapper/0) hx170dec: core[0] has VP8
<6>[    0.366754] c0 1 (swapper/0) hx170dec: core[0] has VP7
<6>[    0.366767] c0 1 (swapper/0) hx170dec: core[0] has WebP
<6>[    0.366780] c0 1 (swapper/0) hx170dec: core[0] has AVS
<6>[    0.366792] c0 1 (swapper/0) hx170dec: core[0] has RV
<6>[    0.366806] c0 1 (swapper/0) hx170dec: core[0] has PP
<4>[    0.367169] c0 1 (swapper/0) hx280enc_probe
<6>[    0.367226] c0 1 (swapper/0) hx280enc: HW ID=0x72802080
<6>[    0.367241] c0 1 (swapper/0) hx280enc: Compatible HW found at 0xa0340000
<6>[    0.367379] c0 1 (swapper/0) hx280enc: probe successfully. Major = 252
<4>[    0.367569] c0 1 (swapper/0) hx280enc_h1_probe
<6>[    0.367621] c0 1 (swapper/0) hx280enc_h1_data.hwregs = f8342000
<6>[    0.367635] c0 1 (swapper/0) hx280enc_h1: HW at base <0xa0342000> with ID <0x48314780>
<4>[    0.367982] c0 1 (swapper/0) lcmem_probe in: module init
<4>[    0.367997] c0 1 (swapper/0) lcmem: Linear Memory Allocator, $Revision: 1.10 $ 
<4>[    0.368011] c0 1 (swapper/0) lcmem: linear memory base = 0x17801000 
<6>[    0.368160] c0 1 (swapper/0) lcmem: probe successfully. Major = 250
<4>[    0.370703] c0 1 (swapper/0) lhc_cdin!
<6>[    0.371377] c0 1 (swapper/0) on2psm: probe successfully. power = 0x7
<6>[    0.371477] c0 1 (swapper/0) thermal: comip_thermal_probe called
<3>[    0.371690] c0 1 (swapper/0) [UREG]Ureg Driver Registered
<6>[    0.373486] c0 6 (kworker/u10:0) mmc0: BKOPS_EN bit is not set
<7>[    0.380105] c0 6 (kworker/u10:0) mmc-1: set mmc clock rate to 104000000
<7>[    0.380127] c0 6 (kworker/u10:0) found (fe014e, Micron), use read_delay 1.
<7>[    0.380148] c0 6 (kworker/u10:0) mmc-1: tuning result phase is 1
<6>[    0.380547] c0 6 (kworker/u10:0) mmc0: new HS200 MMC card at address 0001
<3>[    0.380829] c0 6 (kworker/u10:0) comip_mmc0_set_power: set card vdd ret = -6 vdd = 0
<6>[    0.386640] c1 1 (swapper/0) fuse init (API version 7.22)
<6>[    0.387213] c1 1 (swapper/0) msgmni has been set to 495
<6>[    0.389357] c1 1 (swapper/0) io scheduler noop registered
<6>[    0.389580] c1 1 (swapper/0) io scheduler cfq registered (default)
<6>[    0.401314] c1 1 (swapper/0) loop: module loaded
<4>[    0.401383] c1 1 (swapper/0) mfi_i2c_client addr:17
<4>[    0.401531] c1 1 (swapper/0) applecp module init ok
<6>[    0.401884] c1 1 (swapper/0) usbcore: registered new interface driver cdc_ether
<6>[    0.401944] c1 1 (swapper/0) usbcore: registered new interface driver cdc_eem
<6>[    0.402002] c1 1 (swapper/0) usbcore: registered new interface driver rndis_host
<6>[    0.402090] c1 1 (swapper/0) usbcore: registered new interface driver cdc_subset
<6>[    0.402220] c1 1 (swapper/0) usbcore: registered new interface driver cdc_ncm
<6>[    0.402279] c1 1 (swapper/0) usbcore: registered new interface driver cdc_mbim
<4>[    0.402641] c1 1 (swapper/0) comip_hcd_driver_probe(c05a3740) id=0
<4>[    0.403672] c1 1 (swapper/0) set USB power on.
<4>[    0.403703] c1 1 (swapper/0) enter comip_cil_init,core_if->type=0
<4>[    0.403715] c1 1 (swapper/0) USB HSIC core power up success.
<4>[    0.404735] c1 1 (swapper/0) LZS set_usb_init_reg: 192, AP_PWR_PDFSM_ST1=0x07077707
<4>[    0.407911] c1 1 (swapper/0) hcd:Core Release: 2.94a
<4>[    0.407930] c1 1 (swapper/0) hcd:Setting default values for core params
<4>[    0.407976] c1 1 (swapper/0) LZS hcd_init: 345, enter
<6>[    0.408070] c1 1 (swapper/0) comip-hcd comip-hcd.0: COMIP Controller
<6>[    0.408099] c1 1 (swapper/0) comip-hcd comip-hcd.0: new USB bus registered, assigned bus number 1
<6>[    0.408162] c1 1 (swapper/0) comip-hcd comip-hcd.0: irq 49, io mem 0x00000000
<4>[    0.408225] c1 1 (swapper/0) usb usb1: config index 0 lenght 25, result 9
<4>[    0.408236] c1 1 (swapper/0) 09 02 19 00 01 01 00 e0 00 
<4>[    0.408300] c1 1 (swapper/0) usb usb1: config index 0 lenght 25, result 25
<4>[    0.408310] c1 1 (swapper/0) 09 02 19 00 01 01 00 e0 00 09 04 00 00 01 09 00 00 00 07 05 81 03 04 00 0c 
<6>[    0.409010] c1 1 (swapper/0) hub 1-0:1.0: USB hub found
<6>[    0.409074] c1 1 (swapper/0) hub 1-0:1.0: 1 port detected
<4>[    0.409378] c1 1 (swapper/0) comip_hcd_driver_probe:comip_hcd_dev->core_if->id=0
<4>[    0.410662] c1 1 (swapper/0) set USB power off.
<4>[    0.410698] c1 1 (swapper/0) comip_hcd_driver_probe(c05a3920) id=2
<4>[    0.418003] c1 1 (swapper/0) set USB power on.
<4>[    0.418032] c1 1 (swapper/0) enter comip_cil_init,core_if->type=2
<4>[    0.418140] c1 1 (swapper/0) USB HSIC core power up success.
<4>[    0.425166] c1 1 (swapper/0) read USB1_GLPMCFG = 40000000
<4>[    0.425181] c1 1 (swapper/0) [HSIC]: USB1_GRSTCTL = 0x80000001
<7>[    0.425195] c1 1 (swapper/0) [HSIC]: USB1_GRSTCTL = 0x80000000 timeout=99
<4>[    0.426326] c1 1 (swapper/0) hcd:Core Release: 2.94a
<4>[    0.426344] c1 1 (swapper/0) hcd:Setting default values for core params
<4>[    0.426367] c1 1 (swapper/0) LZS hcd_init: 345, enter
<6>[    0.426429] c1 1 (swapper/0) comip-hcd comip-hcd.2: COMIP Controller
<6>[    0.426456] c1 1 (swapper/0) comip-hcd comip-hcd.2: new USB bus registered, assigned bus number 2
<6>[    0.426500] c1 1 (swapper/0) comip-hcd comip-hcd.2: irq 50, io mem 0x00000000
<4>[    0.426533] c1 1 (swapper/0) hcd:Init: Power Port (0)
<4>[    0.426579] c1 1 (swapper/0) usb usb2: config index 0 lenght 25, result 9
<4>[    0.426590] c1 1 (swapper/0) 09 02 19 00 01 01 00 e0 00 
<4>[    0.426649] c1 1 (swapper/0) usb usb2: config index 0 lenght 25, result 25
<4>[    0.426658] c1 1 (swapper/0) 09 02 19 00 01 01 00 e0 00 09 04 00 00 01 09 00 00 00 07 05 81 03 04 00 0c 
<6>[    0.427262] c1 1 (swapper/0) hub 2-0:1.0: USB hub found
<6>[    0.427298] c1 1 (swapper/0) hub 2-0:1.0: 1 port detected
<4>[    0.427578] c1 1 (swapper/0) enter hsic init
<4>[    0.427591] c1 1 (swapper/0) LZS comip_hcd_driver_start: 1251, enter
<4>[    0.427606] c1 1 (swapper/0) enter comip_hcd_driver_start:id=2
<4>[    0.432638] c1 1 (swapper/0) USB power should be on.
<7>[    0.437653] c1 1 (swapper/0) hcd:I: comip_hcd_driver_start init_reg
<4>[    0.444678] c1 1 (swapper/0) read USB1_GLPMCFG = 40000000
<4>[    0.444692] c1 1 (swapper/0) [HSIC]: USB1_GRSTCTL = 0x80000001
<7>[    0.444706] c1 1 (swapper/0) [HSIC]: USB1_GRSTCTL = 0x80000000 timeout=99
<4>[    0.644812] c1 1 (swapper/0) hcd:Using Descriptor DMA mode
<4>[    0.644826] c1 1 (swapper/0) hcd:Periodic Transfer Interrupt Enhancement - disabled
<4>[    0.644839] c1 1 (swapper/0) hcd:Multiprocessor Interrupt Enhancement - disabled
<4>[    0.644854] c1 1 (swapper/0) hcd:OTG VER PARAM: 1, OTG VER FLAG: 1
<4>[    0.644883] c1 1 (swapper/0) hcd:Init: Power Port (0)
<7>[    0.645180] c1 1 (swapper/0) hcd:I: comip_hcd_driver_start end
<6>[    0.645348] c1 1 (swapper/0) usbcore: registered new interface driver cdc_wdm
<6>[    0.645454] c1 1 (swapper/0) usbcore: registered new interface driver usb-storage
<3>[    0.773578] c1 1 (swapper/0) i2c-0: wait rx timeout!
<3>[    0.774425] c1 1 (swapper/0) i2c-0-0x08: xfer error -110.
<3>[    0.775347] c1 1 (swapper/0) usb3503 0-0008: CFG1 failed (-110)
<6>[    0.776357] c1 1 (swapper/0) usb3503 0-0008: usb3503_probe: probed on  hub mode
<4>[    0.778664] c1 1 (swapper/0) usb aoa module init ok
<4>[    0.778766] c1 1 (swapper/0) apple_roleswitch module init ok
<6>[    0.779737] c1 1 (swapper/0) mlx90393 spi0.0: osr = 0x3, dig_filt = 0x7, res_xyz = 0x3f, osr2 = 0x3
<6>[    0.779965] c1 1 (swapper/0) input: mlx90393-0 as /devices/platform/comip-spi.0/spi_master/spi0/spi0.0/input/input3
<6>[    0.785836] c1 1 (swapper/0) mlx90393 spi1.0: osr = 0x3, dig_filt = 0x2, res_xyz = 0x3f, osr2 = 0x3
<6>[    0.786078] c1 1 (swapper/0) input: mlx90393-1 as /devices/platform/comip-spi.1/spi_master/spi1/spi1.0/input/input4
<6>[    0.791743] c1 1 (swapper/0) mlx90393 spi2.0: osr = 0x3, dig_filt = 0x2, res_xyz = 0x3f, osr2 = 0x3
<6>[    0.791953] c1 1 (swapper/0) input: mlx90393-2 as /devices/platform/comip-spi.2/spi_master/spi2/spi2.0/input/input5
<6>[    0.795200] c1 1 (swapper/0) i2c /dev entries driver
<6>[    0.796429] c1 1 (swapper/0) mmcblk0: mmc0:0001 P1J94M 3.64 GiB 
<6>[    0.796705] c1 1 (swapper/0) mmcblk0boot0: mmc0:0001 P1J94M partition 1 1.00 MiB
<6>[    0.796983] c1 1 (swapper/0) mmcblk0boot1: mmc0:0001 P1J94M partition 2 1.00 MiB
<6>[    0.797274] c1 1 (swapper/0) mmcblk0rpmb: mmc0:0001 P1J94M partition 3 1.00 MiB
<6>[    0.797799] c1 1 (swapper/0)  mmcblk0: p1 (gpt) p2 (ddr) p3 (env) p4 (panic) p5 (amt) p6 (factory) p7 (factory_out) p8 (recovery) p9 (normal) p10 (system) p11 (vendor) p12 (cache) p13 (blackbox) p14 (userdata)mmcblk0boot1 has no partition table!
<4>[    0.801475] c1 1 (swapper/0) mmcblk0boot0 has no partition table!
<6>[    0.802488] c1 1 (swapper/0) zram: Created 1 device(s) ...
<6>[    0.803136] c1 1 (swapper/0) ashmem: initialized
<6>[    0.803310] c1 1 (swapper/0) logger: created 256K log 'log_main'
<6>[    0.803469] c1 1 (swapper/0) logger: created 256K log 'log_events'
<6>[    0.803639] c1 1 (swapper/0) logger: created 256K log 'log_radio'
<6>[    0.803805] c1 1 (swapper/0) logger: created 256K log 'log_system'
<4>[    0.804475] c1 1 (swapper/0) soc-audio soc-audio: ASoC: machine comip_snd_soc should use snd_soc_register_card()
<6>[    0.816618] c1 1 (swapper/0) LC1160_R71=0x1d
<6>[    0.817088] c1 1 (swapper/0) LC1160_R72=0x1e
<6>[    0.817554] c1 1 (swapper/0) LC1160_R73=0x1f
<6>[    0.818020] c1 1 (swapper/0) LC1160_R74=0x1f
<6>[    0.818064] c1 1 (swapper/0) comip_codec comip_codec: codec probe success, chip version is LC1160B
<7>[    0.849229] c1 1 (swapper/0) [SND CODEC] comip_pcm_new
<7>[    0.849636] c1 1 (swapper/0) [SND CODEC] comip_pcm_preallocate_dma_buffer addr: 0xe0040000, area: 0xd0d80000, bytes: 131072
<7>[    0.849807] c1 1 (swapper/0) [SND CODEC] comip_pcm_preallocate_dma_buffer addr: 0x14ac0000, area: 0xd0da1000, bytes: 131072
<6>[    0.849827] c1 1 (swapper/0) soc-audio soc-audio:  comip_hifi <-> comip-i2s.0 mapping ok
<6>[    0.850300] c1 1 (swapper/0) soc-audio soc-audio:  comip_voice <-> comip-pcm.0 mapping ok
<6>[    0.853825] c1 1 (swapper/0) input: comip_snd_soc Headset as /devices/platform/soc-audio/sound/card0/input6
<6>[    0.854563] c1 1 (swapper/0) ip_tables: (C) 2000-2006 Netfilter Core Team
<6>[    0.854657] c1 1 (swapper/0) TCP: cubic registered
<6>[    0.854674] c1 1 (swapper/0) NET: Registered protocol family 17
<6>[    0.854914] c1 1 (swapper/0) VFP support v0.3: implementor 41 architecture 2 part 30 variant 7 rev 5
<5>[    0.854956] c1 1 (swapper/0) Registering SWP/SWPB emulation handler
<7>[    0.854972] c1 1 (swapper/0) shadow_timer_delta=6500000, shadow_timer_delta_max=1672352866
<6>[    0.856827] c1 1 (swapper/0) modem: devices driver up.
<6>[    0.858901] c1 39 (kworker/1:1) comip_codec comip_codec: lc1160_irq_work_handle: status = 0x0
<4>[    0.864007] c0 1 (swapper/0) USB_OTG: comip_otg_probe: 799, exit
<4>[    0.864075] c0 1 (swapper/0) comip-otg: probe of comip-otg failed with error 3
<6>[    0.864432] c0 1 (swapper/0) file system registered
<6>[    0.866693] c0 1 (swapper/0) android_usb gadget: Mass Storage Function, version: 2009/09/11
<6>[    0.866710] c0 1 (swapper/0) android_usb gadget: Number of LUNs=1
<6>[    0.866725] c0 1 (swapper/0)  lun0: LUN: removable file: (no medium)
<6>[    0.866762] c0 1 (swapper/0) android_usb gadget: android_usb ready
<6>[    0.869646] c0 1 (swapper/0) comip-rtc comip-rtc: setting system clock to 1980-01-01 00:00:03 UTC (315532803)
<6>[    0.869749] c0 1 (swapper/0) ALSA device list:
<6>[    0.869762] c0 1 (swapper/0)   #0: comip_snd_soc
<6>[    0.870157] c0 1 (swapper/0) uart3 already has set quot! baud 921600, quot 1!
<6>[    0.870173] c0 1 (swapper/0) uart3 new lcr is 0x3, cval = 0x13
<6>[    0.870520] c0 1 (swapper/0) Freeing unused kernel memory: 224K (c0545000 - c057d000)
<11>[    0.875237] c1 1 (init) init: /init.environ.rc: 14: invalid command 'exoprt'
<11>[    0.978677] c1 1 (init) init: /dev/hw_random not found
<6>[    0.979870] c1 1 (init) uart3 already has set quot! baud 921600, quot 1!
<6>[    0.979888] c1 1 (init) uart3 new lcr is 0x3, cval = 0x13
<11>[    0.980244] c1 1 (init) init: cannot open '/initlogo.rle'
<6>[    0.988337] c1 1 (init) EXT4-fs (mmcblk0p5): mounted filesystem with ordered data mode. Opts: (null)
<6>[    0.996894] c1 1 (init) EXT4-fs (mmcblk0p14): mounted filesystem with ordered data mode. Opts: (null)
<6>[    1.002207] c1 1 (init) EXT4-fs (mmcblk0p11): mounted filesystem with ordered data mode. Opts: (null)
<6>[    1.008081] c1 1 (init) EXT4-fs (mmcblk0p10): mounted filesystem with ordered data mode. Opts: (null)
<6>[    1.011848] c1 1 (init) EXT4-fs (mmcblk0p12): mounted filesystem with ordered data mode. Opts: (null)
<6>[    1.014944] c1 1 (init) uart1 is settting quot! baud 9600, quot 60!
<4>[    1.014961] c1 1 (init) write reg 0xc passes, val 0x93
<4>[    1.014974] c1 1 (init) write reg 0x0 passes, val 0x60
<4>[    1.014988] c1 1 (init) write reg 0x4 passes, val 0x0
<4>[    1.015419] c1 1 (init) write reg 0xc passes, val 0x13
<6>[    1.015459] c1 1 (init) uart1 new lcr is 0x13, cval = 0x13
<6>[    1.017777] c1 1 (init) uart2 is settting quot! baud 9600, quot 60!
<4>[    1.017793] c1 1 (init) write reg 0xc passes, val 0x93
<4>[    1.017805] c1 1 (init) write reg 0x0 passes, val 0x60
<4>[    1.017817] c1 1 (init) write reg 0x4 passes, val 0x0
<4>[    1.018248] c1 1 (init) write reg 0xc passes, val 0x13
<6>[    1.018296] c1 1 (init) uart2 new lcr is 0x13, cval = 0x13
<11>[    1.018970] c1 1 (init) init: /dev/hw_random not found
<11>[    1.023671] c1 1 (init) init: The sn.txt is not exist in the path of amt!
<6>[    1.028390] c2 98 (init) uart3 already has set quot! baud 921600, quot 1!
<6>[    1.028408] c2 98 (init) uart3 new lcr is 0x3, cval = 0x13
<6>[    1.067849] c1 1 (init) Galcore version 4.6.9.9754
<4>[    1.067872] c1 1 (init) galcore options:
<4>[    1.067887] c1 1 (init)   irqLine           = 42
<4>[    1.067905] c1 1 (init)   registerMemBase   = 0xA0300000
<4>[    1.067923] c1 1 (init)   registerMemSize   = 0x00040000
<4>[    1.067935] c1 1 (init)   contiguousSize    = 4194304
<4>[    1.067947] c1 1 (init)   contiguousBase    = 0x00000000
<4>[    1.067958] c1 1 (init)   bankSize          = 0x00000000
<4>[    1.067975] c1 1 (init)   fastClear         = -1
<4>[    1.067986] c1 1 (init)   compression       = -1
<4>[    1.067997] c1 1 (init)   signal            = 48
<4>[    1.068008] c1 1 (init)   baseAddress       = 0x00000000
<4>[    1.068019] c1 1 (init)   physSize          = 0x80000000
<4>[    1.068031] c1 1 (init)   logFileSize       = 0 KB 
<4>[    1.068075] c1 1 (init)   powerManagement   = 1
<4>[    1.068086] c1 1 (init)   gpuProfiler   = 0
<4>[    1.068099] c1 1 (init)   coreClock       = 234000000
<4>[    1.073065] c1 1 (init) orignal gc outstanding setting: 0x3c000000
<6>[    1.073084] c1 1 (init) change gc outstanding setting: 0x3c000000
<11>[    1.087422] c1 1 (init) init: property 'sys.powerctl' doesn't exist while expanding '${sys.powerctl}'
<11>[    1.089097] c1 1 (init) init: powerctl: cannot expand '${sys.powerctl}'
<11>[    1.090355] c1 1 (init) init: using deprecated syntax for specifying property 'persist.sys.usb.config', use ${name} instead
<6>[    1.241318] c2 120 (busybox) EXT4-fs (mmcblk0p13): mounted filesystem with ordered data mode. Opts: data=ordered
<6>[    1.308546] c1 127 (busybox) EXT4-fs (mmcblk0p12): mounted filesystem with ordered data mode. Opts: data=ordered
<3>[    1.489850] c2 1 (init) android_usb: already disabled
<11>[    1.491180] c2 1 (init) init: using deprecated syntax for specifying property 'sys.usb.config', use ${name} instead
<6>[    1.493218] c2 1 (init) android functions_store: rndis,mass_storage,bulk,acm
<6>[    1.493456] c2 1 (init) rndis_function_bind_config MAC: 00:00:00:00:00:00
<4>[    1.493551] c2 1 (init) android_usb gadget: using random self ethernet address
<4>[    1.493587] c2 1 (init) android_usb gadget: using random host ethernet address
<11>[    1.494117] c2 85 (ueventd) init: add network interface: rndis0
<6>[    1.495673] c2 1 (init) rndis0: MAC 32:fb:40:07:be:4c
<6>[    1.495689] c2 1 (init) rndis0: HOST MAC 42:55:06:3a:75:15
<6>[    1.495823] c2 1 (init) bulk_bind_config
<11>[    1.504448] c3 85 (ueventd) init: exec CMD: /system/bin/ifconfig rndis0 192.168.42.2
<4>[    1.505882] c2 1 (init) u2d_usb_init
<11>[    1.512376] c2 1 (init) init: using deprecated syntax for specifying property 'sys.usb.config', use ${name} instead
<6>[    1.997632] c1 273 (mount) EXT4-fs (mmcblk0p5): re-mounted. Opts: (null)
<6>[    2.031309] c0 274 (mount) EXT4-fs (mmcblk0p5): re-mounted. Opts: (null)
<6>[    2.743766] c3 158 (sdrs) modem: modem open ref 0, status 0
<6>[    2.753789] c1 158 (sdrs) modem: request_firmware head data d7d55000 size 1272448
<6>[    3.664620] c1 158 (sdrs) modem: reboot flag 0, 0
<6>[    3.664643] c1 158 (sdrs) modem: run modem, set CP to reset state first
<7>[    3.715091] c1 158 (sdrs) addr 0xe100c220: 0x0000ffff
<7>[    3.715108] c1 158 (sdrs) addr 0xe100c224: 0x0000ffff
<7>[    3.715121] c1 158 (sdrs) addr 0xe100c228: 0x0000ffff
<7>[    3.715137] c1 158 (sdrs) addr 0xe100c22c: 0x0000ffff
<7>[    3.715152] c1 158 (sdrs) addr 0xe100c230: 0x0000ffff
<7>[    3.715166] c1 158 (sdrs) addr 0xe100c234: 0x0000ffff
<7>[    3.715181] c1 158 (sdrs) addr 0xe100c238: 0x0000ffff
<7>[    3.715195] c1 158 (sdrs) addr 0xe100c23c: 0x0000ffff
<7>[    3.715210] c1 158 (sdrs) addr 0xe100c240: 0x0000ffff
<7>[    3.715224] c1 158 (sdrs) addr 0xe100c244: 0x0000ffff
<7>[    3.715238] c1 158 (sdrs) addr 0xe100c248: 0x0000ffff
<7>[    3.715253] c1 158 (sdrs) addr 0xe100c24c: 0x0000ffff
<7>[    3.715267] c1 158 (sdrs) addr 0xe100c250: 0x0000ffff
<7>[    3.715281] c1 158 (sdrs) addr 0xe100c254: 0x0000ffff
<7>[    3.715296] c1 158 (sdrs) addr 0xe100c258: 0x0000ffff
<7>[    3.715310] c1 158 (sdrs) addr 0xe100c25c: 0x0000ffff
<7>[    3.715327] c1 158 (sdrs) addr 0xe100a120: 0x01ffffff
<7>[    3.715341] c1 158 (sdrs) addr 0xe100a124: 0x00000000
<7>[    3.715356] c1 158 (sdrs) addr 0xe100a128: 0x01ffffff
<7>[    3.715370] c1 158 (sdrs) addr 0xe100a12c: 0x01ffffff
<7>[    3.715385] c1 158 (sdrs) addr 0xe100a130: 0x01ffffff
<7>[    3.721071] c1 158 (sdrs) bridge: reset run image flag 2
<7>[    3.721466] c1 158 (sdrs) modem: add bridge TPC0 
<7>[    3.721685] c1 158 (sdrs) bridge: TPC0 found! 
<7>[    3.722076] c1 158 (sdrs) modem: add bridge TPC1 
<7>[    3.722233] c1 158 (sdrs) bridge: TPC1 found! 
<7>[    3.722326] c1 158 (sdrs) modem: add bridge lmi0 
<7>[    3.722470] c1 158 (sdrs) bridge: lmi0 found! 
<7>[    3.722523] c1 158 (sdrs) modem: add bridge lmi1 
<7>[    3.722648] c1 158 (sdrs) bridge: lmi1 found! 
<7>[    3.722698] c1 158 (sdrs) modem: add bridge lmi2 
<7>[    3.722834] c1 158 (sdrs) bridge: lmi2 found! 
<7>[    3.723002] c1 158 (sdrs) modem: add bridge lmi3 
<7>[    3.723172] c1 158 (sdrs) bridge: lmi3 found! 
<7>[    3.723224] c1 158 (sdrs) modem: add bridge lmi4 
<7>[    3.723529] c1 158 (sdrs) bridge: lmi4 found! 
<7>[    3.723582] c1 158 (sdrs) modem: add bridge lmi5 
<7>[    3.723841] c1 158 (sdrs) bridge: lmi5 found! 
<7>[    3.724009] c1 158 (sdrs) modem: add bridge lmi6 
<7>[    3.724332] c1 158 (sdrs) bridge: lmi6 found! 
<7>[    3.724383] c1 158 (sdrs) modem: add bridge lmi7 
<7>[    3.724654] c1 158 (sdrs) bridge: lmi7 found! 
<7>[    3.724707] c1 158 (sdrs) modem: add bridge lmi8 
<7>[    3.724960] c1 158 (sdrs) bridge: lmi8 found! 
<7>[    3.725110] c1 158 (sdrs) modem: add bridge lmi9 
<7>[    3.725386] c1 158 (sdrs) bridge: lmi9 found! 
<7>[    3.725497] c1 158 (sdrs) modem: add bridge lmi10 
<7>[    3.725853] c1 158 (sdrs) bridge: lmi10 found! 
<7>[    3.725877] c1 158 (sdrs) modem: add bridge lmi40 
<7>[    3.726794] c1 158 (sdrs) bridge: lmi40 found! 
<7>[    3.726817] c1 158 (sdrs) modem: add bridge lmi41 
<7>[    3.727619] c1 158 (sdrs) bridge: lmi41 found! 
<7>[    3.727642] c1 158 (sdrs) modem: add bridge lmi42 
<7>[    3.728441] c1 158 (sdrs) bridge: lmi42 found! 
<7>[    3.728464] c1 158 (sdrs) modem: add bridge lmi44 
<7>[    3.729244] c1 158 (sdrs) bridge: lmi44 found! 
<7>[    3.729267] c1 158 (sdrs) modem: add bridge lmi45 
<7>[    3.730031] c1 158 (sdrs) bridge: lmi45 found! 
<7>[    3.730095] c1 158 (sdrs) modem: add bridge lmi46 
<7>[    3.730382] c1 158 (sdrs) bridge: lmi46 found! 
<7>[    3.730407] c1 158 (sdrs) modem: add bridge lmi47 
<7>[    3.730686] c1 158 (sdrs) bridge: lmi47 found! 
<7>[    3.730740] c1 158 (sdrs) modem: add bridge socbridge 
<7>[    3.731020] c1 158 (sdrs) bridge: socbridge found! 
<7>[    3.737094] c3 209 (dji_hdvt_gnd) bridge: lmi6: cp not ready 0
<6>[    3.743592] c1 158 (sdrs) modem: load modemarm 1272448 bytes
<6>[    3.755564] c1 158 (sdrs) modem: load modemdsp_gnd 1483856 bytes
<7>[    3.780101] c1 158 (sdrs) modem: t0 0:0
<7>[    3.780101] t1 315532806:351485
<7>[    3.780101] t2 0:0
<7>[    3.780101] t3 0:0
<7>[    3.780101] t4 315532806:399476
<7>[    3.780101] t5 315532806:399478
<7>[    3.780144] c1 158 (sdrs) modem: run modem count 1 , status 3.
<7>[    3.838095] c3 209 (dji_hdvt_gnd) bridge: lmi6: cp not ready 0
<4>[    3.873102] c3 77 (kworker/u10:3) USB_OTG: comip_otg_event: begin last_id 1 last_state 2 curr_id 0 curr_state 1
<4>[    3.873117] c3 77 (kworker/u10:3) USB_OTG: comip_otg_start_gadget: 227, on = 0
<6>[    3.875198] c3 37 (kworker/3:1) android_work: did not send uevent (0 0   (null))
<7>[    3.939074] c3 209 (dji_hdvt_gnd) bridge: lmi6: cp not ready 0
<11>[    3.973860] c2 85 (ueventd) init: remove network interface: rndis0
<11>[    4.007934] c1 1 (init) init: untracked pid 170 exited
<7>[    4.040088] c3 209 (dji_hdvt_gnd) bridge: lmi6: cp not ready 0
<6>[    4.127741] c2 38 (kworker/2:1) comip-u2d comip-u2d: vbus insert
<4>[    4.127763] c2 38 (kworker/2:1) USB power should be on.
<7>[    4.141082] c3 209 (dji_hdvt_gnd) bridge: lmi6: cp not ready 0
<7>[    4.242087] c3 209 (dji_hdvt_gnd) bridge: lmi6: cp not ready 0
<7>[    4.343077] c3 209 (dji_hdvt_gnd) bridge: lmi6: cp ready ok
<7>[    4.343099] c3 209 (dji_hdvt_gnd) bridge: open lmi6 ok.
<7>[    4.343222] c1 166 (sdrs_log) bridge: lmi10: cp ready ok
<7>[    4.343239] c1 166 (sdrs_log) bridge: open lmi10 ok.
<7>[    4.343517] c1 166 (sdrs_log) bridge: TPC0: cp ready ok
<7>[    4.343536] c1 166 (sdrs_log) bridge: open TPC0 ok.
<7>[    4.343749] c1 166 (sdrs_log) bridge: TPC1: cp ready ok
<7>[    4.343765] c1 166 (sdrs_log) bridge: open TPC1 ok.
<7>[    4.343889] c0 158 (sdrs) bridge: lmi0: cp ready ok
<7>[    4.343910] c0 158 (sdrs) bridge: open lmi0 ok.
<7>[    4.349116] c0 158 (sdrs) bridge: close lmi0 .
<6>[    4.380011] c0 209 (dji_hdvt_gnd) sdr: sdr_open
<6>[    4.381098] c0 209 (dji_hdvt_gnd) sdr: shm:
<6>[    4.381098] ma d0c06000
<6>[    4.381098] ma->buffer_base 17801040
<6>[    4.381098] ma->elem_size 2f7600
<6>[    4.381098] ma->buf_num 16
<6>[    4.381098] ma->reinited 1
<4>[    4.392121] c2 38 (kworker/2:1) u2d_usb_init
<6>[    4.397147] c1 209 (dji_hdvt_gnd) uart1 already has set quot! baud 9600, quot 60!
<6>[    4.397168] c1 209 (dji_hdvt_gnd) uart1 new lcr is 0x3, cval = 0x13
<6>[    4.397260] c1 209 (dji_hdvt_gnd) uart1 is settting quot! baud 115200, quot 8!
<4>[    4.397276] c1 209 (dji_hdvt_gnd) write reg 0xc passes, val 0x93
<4>[    4.397289] c1 209 (dji_hdvt_gnd) write reg 0x0 passes, val 0x8
<4>[    4.397303] c1 209 (dji_hdvt_gnd) write reg 0x4 passes, val 0x0
<4>[    4.397353] c1 209 (dji_hdvt_gnd) write reg 0xc passes, val 0x13
<6>[    4.397367] c1 209 (dji_hdvt_gnd) uart1 new lcr is 0x13, cval = 0x13
<7>[    4.398116] c1 209 (dji_hdvt_gnd) bridge: lmi4: cp ready ok
<7>[    4.398130] c1 209 (dji_hdvt_gnd) bridge: open lmi4 ok.
<6>[    4.398283] c2 38 (kworker/2:1) comip-u2d comip-u2d: otg_ohy_status detected = 0x1
<6>[    4.398298] c2 38 (kworker/2:1) PC detected!
<7>[    4.398727] c1 209 (dji_hdvt_gnd) bridge: lmi7: cp ready ok
<7>[    4.398740] c1 209 (dji_hdvt_gnd) bridge: open lmi7 ok.
<7>[    4.406587] c2 209 (dji_hdvt_gnd) bridge: lmi5: cp ready ok
<7>[    4.406605] c2 209 (dji_hdvt_gnd) bridge: open lmi5 ok.
<6>[    4.415575] c2 209 (dji_hdvt_gnd) adc_a_open is called.
<6>[    4.415670] c2 209 (dji_hdvt_gnd) adc_b_open is called.
<6>[    4.415891] c3 460 (hdvt_work) modem: modem open ref 1, status 3
<6>[    4.415906] c3 460 (hdvt_work) modem: modem status(3) != MODEM_RELEASE.open modem again! 
<6>[    4.433629] c2 475 (sh) modem: modem release ref 2, status 3
<6>[    4.450620] c0 488 (dji_hdvt_gnd) usbcore: registered new interface driver usb_aoa
<4>[    4.450640] c0 488 (dji_hdvt_gnd) aoa start ok
<6>[    4.450775] c3 209 (dji_hdvt_gnd) usbcore: registered new interface driver apple_roleswitch
<4>[    4.451005] c3 209 (dji_hdvt_gnd) apple roleswitch start ok
<4>[    4.451018] c2 489 (mfi_dev_timer_k) mfi_dev_timer_kthread start
<4>[    3.875228] c3 77 (kworker/u10:3) u2d:E: comip_ep_dequeue:return ep:0 c05aa68c:cf7c6c00:1:1!!
<6>[    4.481413] c3 77 (kworker/u10:3) unloading
<4>[    4.503089] c3 77 (kworker/u10:3) USB_OTG: set vbus power 0
<4>[    4.604177] c3 77 (kworker/u10:3) USB_OTG: set vbus power 1
<4>[    4.705147] c2 77 (kworker/u10:3) USB_OTG: comip_otg_start_host: 186, on = 1
<4>[    4.715172] c2 77 (kworker/u10:3) USB_OTG: comip_otg_start_host:host on......c05a3740
<4>[    4.715188] c2 77 (kworker/u10:3) LZS comip_hcd_driver_start: 1251, enter
<4>[    4.715207] c2 77 (kworker/u10:3) enter comip_hcd_driver_start:id=0
<4>[    4.715219] c2 77 (kworker/u10:3) USB power should be on.
<7>[    4.720235] c2 77 (kworker/u10:3) hcd:I: comip_hcd_driver_start init_reg
<4>[    4.721253] c2 77 (kworker/u10:3) LZS set_usb_init_reg: 192, AP_PWR_PDFSM_ST1=0x00077000
<4>[    4.923354] c2 77 (kworker/u10:3) hcd:Using Descriptor DMA mode
<4>[    4.923374] c2 77 (kworker/u10:3) hcd:Periodic Transfer Interrupt Enhancement - disabled
<4>[    4.923387] c2 77 (kworker/u10:3) hcd:Multiprocessor Interrupt Enhancement - disabled
<4>[    4.923400] c2 77 (kworker/u10:3) hcd:OTG VER PARAM: 1, OTG VER FLAG: 1
<4>[    4.923444] c2 77 (kworker/u10:3) hcd:Init: Power Port (0)
<7>[    4.925178] c1 77 (kworker/u10:3) hcd:I: comip_hcd_driver_start end
<7>[    5.108986] c3 514 (ip) bridge: lmi42: cp ready ok
<7>[    5.109007] c3 514 (ip) bridge: open lmi42 ok.
<4>[    5.226107] c1 77 (kworker/u10:3) USB_OTG: state change not supported 2!
<4>[    5.226133] c1 77 (kworker/u10:3) USB_OTG: comip_otg_event: end   last_id 0 last_state 1 curr_id 0 curr_state 1
<11>[    7.215208] c3 1 (init) init: untracked pid 629 exited
<6>[   22.111237] c0 460 (hdvt_work) modem: modem open ref 1, status 3
<6>[   22.111259] c0 460 (hdvt_work) modem: modem status(3) != MODEM_RELEASE.open modem again! 
<6>[   22.131039] c1 460 (hdvt_work) modem: modem release ref 2, status 3
<7>[   22.725453] c0 425 (dji_hdvt_gnd) bridge: start_xmit info: lmi42 xmit skb ce2049c0 CP busy!
<7>[   22.740641] c0 284 (MB_Socket_Recei) bridge: start_xmit info: lmi42 xmit skb ce2049c0 CP ready!
<7>[   22.827231] c0 444 (dji_hdvt_gnd) bridge: start_xmit info: lmi42 xmit skb ce204540 CP busy!
<7>[   22.895586] c0 436 (1643_recv_threa) bridge: start_xmit info: lmi42 xmit skb ce204540 CP ready!
<7>[   22.972190] c0 425 (dji_hdvt_gnd) bridge: start_xmit info: lmi42 xmit skb ce204240 CP busy!
<7>[   22.994129] c0 468 (keyscan_task) bridge: start_xmit info: lmi42 xmit skb ce204240 CP ready!
<7>[   55.004096] c0 77 (kworker/u10:3) key 393 reported
<7>[   55.227099] c1 77 (kworker/u10:3) key 393 reported
<7>[   65.059374] c2 444 (dji_hdvt_gnd) bridge: start_xmit info: lmi42 xmit skb ce374f00 CP busy!
<7>[   65.080297] c0 0 (swapper/0) bridge: start_xmit info: lmi42 xmit skb ce374f00 CP ready!
<7>[   80.135560] c3 425 (dji_hdvt_gnd) bridge: start_xmit info: lmi42 xmit skb cac63840 CP busy!
<7>[   80.221565] c0 284 (MB_Socket_Recei) bridge: start_xmit info: lmi42 xmit skb cac63840 CP ready!
<7>[  195.194114] c1 77 (kworker/u10:3) key 263 reported
<7>[  204.318149] c2 495 (dji_hdvt_gnd) bridge: start_xmit info: lmi42 xmit skb ce20a840 CP busy!
<7>[  204.423128] c0 0 (swapper/0) bridge: start_xmit info: lmi42 xmit skb ce20a840 CP ready!
<7>[  209.086097] c0 77 (kworker/u10:3) key 263 reported
<6>[  209.086117] c0 77 (kworker/u10:3) key 263 reported. elapse 13892
<7>[  228.599197] c3 495 (dji_hdvt_gnd) bridge: start_xmit info: lmi42 xmit skb ce285000 CP busy!
<7>[  228.621056] c0 0 (swapper/0) bridge: start_xmit info: lmi42 xmit skb ce285000 CP ready!
<7>[  243.678682] c0 425 (dji_hdvt_gnd) bridge: start_xmit info: lmi42 xmit skb cac5ec00 CP busy!
<7>[  243.790782] c0 468 (keyscan_task) bridge: start_xmit info: lmi42 xmit skb cac5ec00 CP ready!
<7>[  252.763239] c0 425 (dji_hdvt_gnd) bridge: start_xmit info: lmi42 xmit skb cac89300 CP busy!
<7>[  252.819256] c0 86 (kworker/0:1H) bridge: start_xmit info: lmi42 xmit skb cac89300 CP ready!
<7>[  255.778669] c0 425 (dji_hdvt_gnd) bridge: start_xmit info: lmi42 xmit skb ce210840 CP busy!
<7>[  255.833515] c0 0 (swapper/0) bridge: start_xmit info: lmi42 xmit skb ce210840 CP ready!
<7>[  258.795533] c0 425 (dji_hdvt_gnd) bridge: start_xmit info: lmi42 xmit skb caca9840 CP busy!
<7>[  258.875741] c0 284 (MB_Socket_Recei) bridge: start_xmit info: lmi42 xmit skb caca9840 CP ready!
<7>[  283.058319] c3 425 (dji_hdvt_gnd) bridge: start_xmit info: lmi42 xmit skb ce2569c0 CP busy!
<7>[  283.101863] c0 0 (swapper/0) bridge: start_xmit info: lmi42 xmit skb ce2569c0 CP ready!
<7>[  331.571351] c1 425 (dji_hdvt_gnd) bridge: start_xmit info: lmi42 xmit skb cac13780 CP busy!
<7>[  331.638758] c0 284 (MB_Socket_Recei) bridge: start_xmit info: lmi42 xmit skb cac13780 CP ready!
<7>[  334.616165] c0 495 (dji_hdvt_gnd) bridge: start_xmit info: lmi42 xmit skb cf679600 CP busy!
<7>[  334.638984] c0 284 (MB_Socket_Recei) bridge: start_xmit info: lmi42 xmit skb cf679600 CP ready!
<7>[  342.969287] c3 77 (kworker/u10:3) key 105 reported
<7>[  343.223096] c0 77 (kworker/u10:3) key 105 reported
<6>[  442.014186] c0 460 (hdvt_work) modem: modem open ref 1, status 3
<6>[  442.014224] c0 460 (hdvt_work) modem: modem status(3) != MODEM_RELEASE.open modem again! 
<6>[  442.025774] c2 460 (hdvt_work) modem: modem release ref 2, status 3
<7>[  444.724559] c0 495 (dji_hdvt_gnd) bridge: start_xmit info: lmi42 xmit skb cac8e900 CP busy!
<7>[  444.783568] c0 468 (keyscan_task) bridge: start_xmit info: lmi42 xmit skb cac8e900 CP ready!
<7>[  444.863411] c0 0 (swapper/0) bridge: start_xmit info: lmi42 xmit skb cac8e6c0 CP busy!
<7>[  444.868084] c0 468 (keyscan_task) bridge: start_xmit info: lmi42 xmit skb cac8e6c0 CP ready!
<7>[  445.010501] c0 70 (mmcqd/0) bridge: start_xmit info: lmi42 xmit skb ce252a80 CP busy!
<7>[  445.023114] c0 436 (1643_recv_threa) bridge: start_xmit info: lmi42 xmit skb ce252a80 CP ready!
<7>[  462.424473] c0 425 (dji_hdvt_gnd) bridge: start_xmit info: lmi42 xmit skb caca3000 CP busy!
<7>[  462.544823] c0 468 (keyscan_task) bridge: start_xmit info: lmi42 xmit skb caca3000 CP ready!
<7>[  486.340099] c3 77 (kworker/u10:3) key 393 reported
<7>[  486.614104] c2 77 (kworker/u10:3) key 393 reported
<7>[  574.498178] c3 444 (dji_hdvt_gnd) bridge: start_xmit info: lmi42 xmit skb cac8f300 CP busy!
<7>[  574.576876] c0 437 (4210_recv_threa) bridge: start_xmit info: lmi42 xmit skb cac8f300 CP ready!
<7>[  616.832491] c0 425 (dji_hdvt_gnd) bridge: start_xmit info: lmi42 xmit skb ce217f00 CP busy!
<7>[  616.916409] c0 468 (keyscan_task) bridge: start_xmit info: lmi42 xmit skb ce217f00 CP ready!
<7>[  656.194801] c1 425 (dji_hdvt_gnd) bridge: start_xmit info: lmi42 xmit skb cac60cc0 CP busy!
<7>[  656.227623] c0 468 (keyscan_task) bridge: start_xmit info: lmi42 xmit skb cac60cc0 CP ready!
<7>[  674.418194] c1 495 (dji_hdvt_gnd) bridge: start_xmit info: lmi42 xmit skb cac8f840 CP busy!
<7>[  674.425444] c0 468 (keyscan_task) bridge: start_xmit info: lmi42 xmit skb cac8f840 CP ready!
<7>[  683.491312] c2 425 (dji_hdvt_gnd) bridge: start_xmit info: lmi42 xmit skb ceb62e40 CP busy!
<7>[  683.552509] c0 468 (keyscan_task) bridge: start_xmit info: lmi42 xmit skb ceb62e40 CP ready!
<7>[  747.189122] c2 0 (swapper/2) bridge: start_xmit info: lmi42 xmit skb cac146b0 CP busy!
<7>[  747.202749] c0 608 (logcat) bridge: start_xmit info: lmi42 xmit skb cac146b0 CP ready!
<7>[  974.373095] c2 77 (kworker/u10:3) key 393 reported
<7>[  974.695100] c0 77 (kworker/u10:3) key 393 reported
<7>[  987.872056] c0 0 (swapper/0) Warnning: timer1 int-excep
<6>[ 1018.708752] c0 460 (hdvt_work) modem: modem open ref 1, status 3
<6>[ 1018.708817] c0 460 (hdvt_work) modem: modem status(3) != MODEM_RELEASE.open modem again! 
<6>[ 1018.719925] c0 460 (hdvt_work) modem: modem release ref 2, status 3
<7>[ 1019.452306] c0 298 (MB_Socket_Recei) bridge: start_xmit info: lmi42 xmit skb ce38c3b0 CP busy!
<7>[ 1019.493906] c0 468 (keyscan_task) bridge: start_xmit info: lmi42 xmit skb ce38c3b0 CP ready!
<7>[ 1019.518253] c0 495 (dji_hdvt_gnd) bridge: start_xmit info: lmi42 xmit skb cac34540 CP busy!
<7>[ 1019.592478] c0 448 (MB_UART_Receive) bridge: start_xmit info: lmi42 xmit skb cac34540 CP ready!
<7>[ 1027.382279] c1 425 (dji_hdvt_gnd) bridge: start_xmit info: lmi42 xmit skb ce759e40 CP busy!
<7>[ 1027.418118] c0 9262 (ps) bridge: start_xmit info: lmi42 xmit skb ce759e40 CP ready!
<7>[ 1054.685181] c3 444 (dji_hdvt_gnd) bridge: start_xmit info: lmi42 xmit skb ce31d780 CP busy!
<7>[ 1054.776818] c0 468 (keyscan_task) bridge: start_xmit info: lmi42 xmit skb ce31d780 CP ready!
<7>[ 1096.599058] c0 0 (swapper/0) Warnning: timer1 int-excep
<7>[ 1100.169134] c1 495 (dji_hdvt_gnd) bridge: start_xmit info: lmi42 xmit skb cac8b000 CP busy!
<7>[ 1100.257272] c0 468 (keyscan_task) bridge: start_xmit info: lmi42 xmit skb cac8b000 CP ready!
<7>[ 1103.638054] c3 0 (swapper/3) Warnning: timer5 int-excep


!!!New kernel log start!!!

<6>[    0.000000] c0 0 (swapper) Booting Linux on physical CPU 0x100
<6>[    0.000000] c0 0 (swapper) Initializing cgroup subsys cpu
<6>[    0.000000] c0 0 (swapper) Initializing cgroup subsys cpuacct
<5>[    0.000000] c0 0 (swapper) Linux version 3.10.62 (jenkins@APServer01) (gcc version 4.7 (GCC) ) #1 SMP PREEMPT Thu Dec 28 16:11:42 CST 2017
<4>[    0.000000] c0 0 (swapper) CPU: ARMv7 Processor [410fc075] revision 5 (ARMv7), cr=10c5387d
<4>[    0.000000] c0 0 (swapper) CPU: PIPT / VIPT nonaliasing data cache, VIPT aliasing instruction cache
<4>[    0.000000] c0 0 (swapper) Machine: Leadcore Innopower
<4>[    0.000000] c0 0 (swapper) start comip_parse_tag_mem_ext.
<4>[    0.000000] c0 0 (swapper) Physical memory layout:
<4>[    0.000000] c0 0 (swapper)     DRAM Bank1  : 0x00000000 - 0x20000000  ( 512 MB)
<4>[    0.000000] c0 0 (swapper)     Modem       : 0x00000000 - 0x06400000  ( 100 MB)
<4>[    0.000000] c0 0 (swapper)     Kernel Bank1: 0x06400000 - 0x16800000  ( 260 MB)
<4>[    0.000000] c0 0 (swapper)     Framebuffer : 0x16800000 - 0x17800000  (  16 MB)
<4>[    0.000000] c0 0 (swapper)     ON2         : 0x17800000 - 0x1f800000  ( 128 MB)
<4>[    0.000000] c0 0 (swapper)     TrustZone   : 0x1f800000 - 0x20000000  (   8 MB)
<4>[    0.000000] c0 0 (swapper) Ignoring unrecognised tag 0x54410101
<7>[    0.000000] c0 0 (swapper) Boot mode: normal
<6>[    0.000000] c0 0 (swapper) Main VOUT: 7250/9000
<4>[    0.000000] c0 0 (swapper) Chip id: 0x442db66b, rom id: 0x1, bb id: 0x282e05
<4>[    0.000000] c0 0 (swapper) Ignoring unrecognised tag 0x54410105
<4>[    0.000000] c0 0 (swapper) Memory policy: ECC disabled, Data cache writealloc
<4>[    0.000000] c0 0 (swapper) ddr_pwr_pll_mclk rate:1066000000
<4>[    0.000000] c0 0 (swapper) pll0_out rate:988000000
<4>[    0.000000] c0 0 (swapper) pll1_out rate:1248000000
<4>[    0.000000] c0 0 (swapper) A7 rate: 988000000, gr:16
<7>[    0.000000] c0 0 (swapper) On node 0 totalpages: 66560
<7>[    0.000000] c0 0 (swapper) free_area_init_node: node 0, pgdat c05ecd00, node_mem_map c0956000
<7>[    0.000000] c0 0 (swapper)   Normal zone: 520 pages used for memmap
<7>[    0.000000] c0 0 (swapper)   Normal zone: 0 pages reserved
<7>[    0.000000] c0 0 (swapper)   Normal zone: 66560 pages, LIFO batch:15
<4>[    0.000000] c0 0 (swapper) mcpm_smp_init_cpus: cores number:5
<6>[    0.000000] c0 0 (swapper) cpu logical map 0x100
<6>[    0.000000] c0 0 (swapper) cpu logical map 0x101
<6>[    0.000000] c0 0 (swapper) cpu logical map 0x102
<6>[    0.000000] c0 0 (swapper) cpu logical map 0x103
<6>[    0.000000] c0 0 (swapper) cpu logical map 0x0
<6>[    0.000000] c0 0 (swapper) PERCPU: Embedded 9 pages/cpu @c0b64000 s12928 r8192 d15744 u36864
<7>[    0.000000] c0 0 (swapper) pcpu-alloc: s12928 r8192 d15744 u36864 alloc=9*4096
<7>[    0.000000] c0 0 (swapper) pcpu-alloc: [0] 0 [0] 1 [0] 2 [0] 3 [0] 4 
<4>[    0.000000] c0 0 (swapper) Built 1 zonelists in Zone order, mobility grouping on.  Total pages: 66040
<5>[    0.000000] c0 0 (swapper) Kernel command line: watchdog_thresh=3 console=ttyS3,921600 vmalloc=412M maxcpus=4 android firmware_class.path=/vendor/firmware isolcpus=4 initrd=0x07400000,1M lcpart=mmcblk0=gpt:0:2000:200,ddr:2000:2000:200,env:4000:2000:200,panic:6000:2000:200,amt:8000:20000:200,factory:28000:4000:200,factory_out:2c000:4000:200,recovery:30000:8000:200,normal:38000:8000:200,system:40000:40000:200,vendor:80000:20000:200,cache:a0000:80000:200,blackbox:120000:400000:200,userdata:520000:228000:200  chip_sn=6bb62d44 board_sn=08XUEC90060K1K production quiet board_id=0xe2200104
<6>[    0.000000] c0 0 (swapper) board_id = 0xe2200104
<6>[    0.000000] c0 0 (swapper) PID hash table entries: 2048 (order: 1, 8192 bytes)
<6>[    0.000000] c0 0 (swapper) Dentry cache hash table entries: 65536 (order: 6, 262144 bytes)
<6>[    0.000000] c0 0 (swapper) Inode-cache hash table entries: 32768 (order: 5, 131072 bytes)
<6>[    0.000000] c0 0 (swapper) allocated 532480 bytes of page_cgroup
<6>[    0.000000] c0 0 (swapper) please try 'cgroup_disable=memory' option if you don't want memory cgroups
<6>[    0.000000] c0 0 (swapper) Memory: 260MB = 260MB total
<5>[    0.000000] c0 0 (swapper) Memory: 252448k/252448k available, 13792k reserved, 0K highmem
<5>[    0.000000] c0 0 (swapper) Virtual kernel memory layout:
<5>[    0.000000]     vector  : 0xffff0000 - 0xffff1000   (   4 kB)
<5>[    0.000000]     fixmap  : 0xfff00000 - 0xfffe0000   ( 896 kB)
<5>[    0.000000]     vmalloc : 0xd0800000 - 0xff000000   ( 744 MB)
<5>[    0.000000]     lowmem  : 0xc0000000 - 0xd0400000   ( 260 MB)
<5>[    0.000000]     pkmap   : 0xbfe00000 - 0xc0000000   (   2 MB)
<5>[    0.000000]     modules : 0xbf000000 - 0xbfe00000   (  14 MB)
<5>[    0.000000]       .text : 0xc0008000 - 0xc054486c   (5363 kB)
<5>[    0.000000]       .init : 0xc0545000 - 0xc057d280   ( 225 kB)
<5>[    0.000000]       .data : 0xc057e000 - 0xc05f0bb0   ( 459 kB)
<5>[    0.000000]        .bss : 0xc05f0bb0 - 0xc094d090   (3442 kB)
<6>[    0.000000] c0 0 (swapper) SLUB: HWalign=64, Order=0-3, MinObjects=0, CPUs=5, Nodes=1
<6>[    0.000000] c0 0 (swapper/0) Preemptible hierarchical RCU implementation.
<6>[    0.000000] c0 0 (swapper/0) 	Additional per-CPU info printed with stalls.
<6>[    0.000000] c0 0 (swapper/0) NR_IRQS:458
<6>[    0.000000] c0 0 (swapper/0) sched_clock: 32 bits at 13MHz, resolution 76ns, wraps every 330382ms
<6>[    0.000000] c0 0 (swapper/0) Switching to timer-based delay loop
<6>[    0.000000] c0 0 (swapper/0) uart3 is settting quot! baud 921600, quot 1!
<4>[    0.000000] c0 0 (swapper/0) write reg 0xc passes, val 0x93
<4>[    0.000000] c0 0 (swapper/0) write reg 0x0 passes, val 0x1
<4>[    0.000000] c0 0 (swapper/0) write reg 0x4 passes, val 0x0
<4>[    0.000000] c0 0 (swapper/0) write reg 0xc passes, val 0x13
<6>[    0.000000] c0 0 (swapper/0) uart3 new lcr is 0x13, cval = 0x13
<6>[    0.000000] c0 0 (swapper/0) console [ttyS3] enabled
<6>[    0.000000] c0 0 (swapper/0) Console: colour dummy device 80x30
<6>[    0.000656] c0 0 (swapper/0) Calibrating delay loop (skipped), value calculated using timer frequency.. 26.00 BogoMIPS (lpj=13000)
<6>[    0.000679] c0 0 (swapper/0) pid_max: default: 32768 minimum: 301
<6>[    0.001009] c0 0 (swapper/0) Mount-cache hash table entries: 512
<6>[    0.002369] c0 0 (swapper/0) Initializing cgroup subsys debug
<6>[    0.002387] c0 0 (swapper/0) Initializing cgroup subsys memory
<6>[    0.002438] c0 0 (swapper/0) Initializing cgroup subsys freezer
<6>[    0.002490] c0 0 (swapper/0) CPU: Testing write buffer coherency: ok
<6>[    0.002875] c0 1 (swapper/0) CPU0: thread -1, cpu 0, socket 1, mpidr 80000100
<6>[    0.002917] c0 1 (swapper/0) Setting up static identity map for 0xc03c2850 - 0xc03c2900
<6>[    0.002948] c0 1 (swapper/0) pm initialized success 
<7>[    0.010870] c1 0 (swapper/1) CPU1: Booted secondary processor
<6>[    0.010888] c1 0 (swapper/1) CPU1: thread -1, cpu 1, socket 1, mpidr 80000101
<7>[    0.013834] c2 0 (swapper/2) CPU2: Booted secondary processor
<6>[    0.013852] c2 0 (swapper/2) CPU2: thread -1, cpu 2, socket 1, mpidr 80000102
<7>[    0.016853] c3 0 (swapper/3) CPU3: Booted secondary processor
<6>[    0.016871] c3 0 (swapper/3) CPU3: thread -1, cpu 3, socket 1, mpidr 80000103
<6>[    0.017001] c0 1 (swapper/0) Brought up 4 CPUs
<6>[    0.017042] c0 1 (swapper/0) SMP: Total of 4 processors activated (104.00 BogoMIPS).
<6>[    0.017056] c0 1 (swapper/0) CPU: All CPU(s) started in SVC mode.
<6>[    0.039466] c0 1 (swapper/0) NET: Registered protocol family 16
<6>[    0.044186] c0 1 (swapper/0) DMA: preallocated 4096 KiB pool for atomic coherent allocations
<6>[    0.044363] c0 1 (swapper/0) Android kernel panic handler initialized (bind=panic)
<4>[    0.045108] c0 1 (swapper/0) comip_init_common_mfp p_otg->fsm.id=0
<7>[    0.047670] c0 1 (swapper/0) addr 0xe100c220: 0x00000000
<7>[    0.047685] c0 1 (swapper/0) addr 0xe100c224: 0x00000000
<7>[    0.047699] c0 1 (swapper/0) addr 0xe100c228: 0x00000000
<7>[    0.047713] c0 1 (swapper/0) addr 0xe100c22c: 0x00000000
<7>[    0.047728] c0 1 (swapper/0) addr 0xe100c230: 0x00000000
<7>[    0.047742] c0 1 (swapper/0) addr 0xe100c234: 0x00000000
<7>[    0.047756] c0 1 (swapper/0) addr 0xe100c238: 0x00000000
<7>[    0.047768] c0 1 (swapper/0) addr 0xe100c23c: 0x00000000
<7>[    0.047783] c0 1 (swapper/0) addr 0xe100c240: 0x00000000
<7>[    0.047797] c0 1 (swapper/0) addr 0xe100c244: 0x00000000
<7>[    0.047811] c0 1 (swapper/0) addr 0xe100c248: 0x00000000
<7>[    0.047825] c0 1 (swapper/0) addr 0xe100c24c: 0x00000000
<7>[    0.047839] c0 1 (swapper/0) addr 0xe100c250: 0x00000000
<7>[    0.047853] c0 1 (swapper/0) addr 0xe100c254: 0x00000000
<7>[    0.047867] c0 1 (swapper/0) addr 0xe100c258: 0x00000000
<7>[    0.047881] c0 1 (swapper/0) addr 0xe100c25c: 0x00000000
<7>[    0.047895] c0 1 (swapper/0) addr 0xe100a120: 0x00000000
<7>[    0.047908] c0 1 (swapper/0) addr 0xe100a124: 0x00000000
<7>[    0.047922] c0 1 (swapper/0) addr 0xe100a128: 0x00000000
<7>[    0.047935] c0 1 (swapper/0) addr 0xe100a12c: 0x00000000
<7>[    0.047949] c0 1 (swapper/0) addr 0xe100a130: 0x00000000
<6>[    0.048853] c0 1 (swapper/0) hw-breakpoint: found 5 (+1 reserved) breakpoint and 4 watchpoint registers.
<6>[    0.048867] c0 1 (swapper/0) hw-breakpoint: maximum watchpoint size is 8 bytes.
<6>[    0.049437] c0 1 (swapper/0) i2c->adap.nr = 0, i2c->flags = 0x2
<3>[    0.049454] c0 1 (swapper/0) i2c-0: clock: 26000000, speed:400000
<6>[    0.050699] c0 1 (swapper/0) i2c->adap.nr = 1, i2c->flags = 0x2
<3>[    0.050715] c0 1 (swapper/0) i2c-1: clock: 26000000, speed:400000
<6>[    0.051939] c0 1 (swapper/0) i2c->adap.nr = 4, i2c->flags = 0x1
<3>[    0.051960] c0 1 (swapper/0) i2c-4: clock: 10660000, speed:100000
<6>[    0.053284] c0 1 (swapper/0) comip-pwm comip-pwm: comip_pwm_probe
<6>[    0.053697] c0 1 (swapper/0) comip-spi comip-spi.0: master is unqueued, this is deprecated
<6>[    0.053969] c0 1 (swapper/0) comip-spi comip-spi.1: master is unqueued, this is deprecated
<6>[    0.054252] c0 1 (swapper/0) comip-spi comip-spi.2: master is unqueued, this is deprecated
<6>[    0.089418] c0 1 (swapper/0) LC1160: version 0x10, eco no 0, rtc version 1
<6>[    0.090341] c0 1 (swapper/0) parse_bootup_reason: value from 0x5c reg is: 0x1
<6>[    0.090356] c0 1 (swapper/0) parse_bootup_reason: +++++++++start of day reason: onkey
<6>[    0.090370] c0 1 (swapper/0) parse_shutdown_reason: value from 0x5d reg is: 0x0
<6>[    0.090384] c0 1 (swapper/0) parse_shutdown_reason: ----------last end of day reason: unknown
<6>[    0.091200] c0 1 (swapper/0) LC1160: Raw startup 0x01(pwr_key),raw shutdown 0x00(), saved shutdown 0x00()
<6>[    0.091672] c0 1 (swapper/0) LC1160: Power on reason(power_key), reboot reason(null)
<6>[    0.094903] c0 1 (swapper/0) PMIC_DCDC5 SET VOUT = 1200 mv
<6>[    0.095715] c0 1 (swapper/0) PMIC_DCDC7 SET VOUT = 1800 mv
<6>[    0.138259] c0 1 (swapper/0) comip_monitor_probe 
<6>[    0.143331] c0 1 (swapper/0) bio: create slab <bio-0> at 0
<5>[    0.144412] c0 1 (swapper/0) SCSI subsystem initialized
<6>[    0.144562] c0 1 (swapper/0) usbcore: registered new interface driver usbfs
<6>[    0.144631] c0 1 (swapper/0) usbcore: registered new interface driver hub
<6>[    0.144757] c0 1 (swapper/0) usbcore: registered new device driver usb
<6>[    0.145019] c0 1 (swapper/0) i2c-gpio i2c-gpio.6: using pins 131 (SDA) and 129 (SCL)
<6>[    0.145184] c0 1 (swapper/0) i2c-gpio i2c-gpio.7: using pins 201 (SDA) and 202 (SCL)
<6>[    0.145331] c0 1 (swapper/0) i2c-gpio i2c-gpio.8: using pins 157 (SDA) and 159 (SCL)
<6>[    0.145469] c0 1 (swapper/0) i2c-gpio i2c-gpio.9: using pins 219 (SDA) and 221 (SCL)
<6>[    0.145615] c0 1 (swapper/0) i2c-gpio i2c-gpio.10: using pins 161 (SDA) and 163 (SCL)
<6>[    0.145947] c0 1 (swapper/0) Advanced Linux Sound Architecture Driver Initialized.
<6>[    0.147371] c0 1 (swapper/0) input: lc1160_adc_a as /devices/platform/lc11xx_adc/input/input0
<6>[    0.147587] c0 1 (swapper/0) input: lc1160_adc_b as /devices/platform/lc11xx_adc/input/input1
<6>[    0.147647] c0 1 (swapper/0) lc1160_adc: probe success
<6>[    0.147899] c0 1 (swapper/0) Switching to clocksource timer3_clk
<4>[    0.175960] c0 1 (swapper/0) USB_OTG: comip_usb_otg_early_init
<4>[    0.176082] c0 1 (swapper/0) USB_OTG: comip_otg_early_probe
<4>[    0.277032] c0 1 (swapper/0) comip_otg_ctrl_gpio_init WM220: set vbus 1, read back vbus 0
<6>[    0.277314] c0 1 (swapper/0) NET: Registered protocol family 2
<6>[    0.278344] c0 1 (swapper/0) TCP established hash table entries: 4096 (order: 3, 32768 bytes)
<6>[    0.278444] c0 1 (swapper/0) TCP bind hash table entries: 4096 (order: 4, 98304 bytes)
<6>[    0.278572] c0 1 (swapper/0) TCP: Hash tables configured (established 4096 bind 4096)
<6>[    0.278661] c0 1 (swapper/0) TCP: reno registered
<6>[    0.278683] c0 1 (swapper/0) UDP hash table entries: 256 (order: 2, 16384 bytes)
<6>[    0.278744] c0 1 (swapper/0) UDP-Lite hash table entries: 256 (order: 2, 16384 bytes)
<6>[    0.279187] c0 1 (swapper/0) NET: Registered protocol family 1
<6>[    0.279492] c0 1 (swapper/0) Unpacking initramfs...
<0>[    0.306061] c1 1 (swapper/0) Initramfs unpacking failed: broken padding
<6>[    0.308576] c1 1 (swapper/0) Freeing initrd memory: 1024K (c1000000 - c1100000)
<6>[    0.309076] c1 1 (swapper/0) CPU PMU: probing PMU on CPU 1
<6>[    0.309111] c1 1 (swapper/0) hw perfevents: enabled with ARMv7 Cortex-A7 PMU driver, 5 counters available
<3>[    0.309490] c1 1 (swapper/0) modem: comip_register_reboot_callback faild, non init
<6>[    0.310783] c1 1 (swapper/0) sdr: devices driver up version v1.0.1, build time Dec 28 2017 16:10:37
<6>[    0.310849] c1 1 (swapper/0) comip_wdt_probe: AP_PWR_LP_CTL 607
<6>[    0.310984] c1 1 (swapper/0) comip_wdt_probe: AP_PWR_LP_CTL 600
<6>[    0.311044] c1 1 (swapper/0) comip_wdt_probe: AP_PWR_LP_CTL 600
<6>[    0.311101] c1 1 (swapper/0) comip_wdt_probe: AP_PWR_LP_CTL 600
<6>[    0.312298] c1 1 (swapper/0) comip_snd_soc comip_snd_soc.0: comip_snd_soc_probe
<6>[    0.313255] c1 1 (swapper/0) comip-uart.0: ttyS0 at MMIO 0x0 (irq = 72) is a uart0
<6>[    0.313597] c1 1 (swapper/0) comip-uart.1: ttyS1 at MMIO 0x0 (irq = 73) is a uart1
<6>[    0.313917] c1 1 (swapper/0) comip-uart.2: ttyS2 at MMIO 0x0 (irq = 74) is a uart2
<6>[    0.314297] c1 1 (swapper/0) comip-uart.3: ttyS3 at MMIO 0x0 (irq = 89) is a uart3
<7>[    0.320014] c1 1 (swapper/0) mmc-1: set mmc clock rate to 400000
<7>[    0.326130] c1 1 (swapper/0) mmc-0: card detect 0. gpio 243.
<3>[    0.326296] c1 1 (swapper/0) comip_mmc0_set_power: set card vdd ret = -6 vdd = 16
<7>[    0.333006] c1 1 (swapper/0) mmc-0: set mmc clock rate to 400000
<7>[    0.345007] c1 1 (swapper/0) mmc-2: set mmc clock rate to 400000
<6>[    0.351145] c1 1 (swapper/0) ion-lc ion-lc: lc_ion_probe
<6>[    0.351303] c1 1 (swapper/0) ion: creat /dev/ion success
<3>[    0.351596] c1 1 (swapper/0) Failed to create heap debugfs at /ion/heaps/lc_ion_lcmem_heap
<4>[    0.353050] c1 1 (swapper/0) mali ddk r5p0-06rel0 early init
<6>[    0.353293] c1 1 (swapper/0) mali mali.0: Continuing without Mali clock control
<6>[    0.353606] c1 1 (swapper/0) mali mali.0: GPU identified as 0x0620 r1p0 status 1
<6>[    0.354182] c1 1 (swapper/0) mali mali.0: Probed as mali0
<6>[    0.355446] c0 1 (swapper/0) input: comip-gpio-keys as /devices/platform/comip-gpio-keys/input/input2
<7>[    0.355480] c0 1 (swapper/0) key 212 reported
<7>[    0.355496] c0 1 (swapper/0) key 256 reported
<7>[    0.355511] c0 1 (swapper/0) key 257 reported
<7>[    0.355524] c0 1 (swapper/0) key 258 reported
<7>[    0.355540] c0 1 (swapper/0) key 259 reported
<7>[    0.355554] c0 1 (swapper/0) key 260 reported
<7>[    0.355569] c0 1 (swapper/0) key 261 reported
<7>[    0.355584] c0 1 (swapper/0) key 262 reported
<7>[    0.355600] c0 1 (swapper/0) key 263 reported
<7>[    0.355615] c0 1 (swapper/0) key 393 reported
<7>[    0.355629] c0 1 (swapper/0) key 105 reported
<7>[    0.355646] c0 1 (swapper/0) key 106 reported
<6>[    0.355865] c0 1 (swapper/0) comip-i2s comip-i2s.0: comip_i2s_probe, id=0
<6>[    0.356036] c0 1 (swapper/0) comip-pcm comip-pcm.0: comip_pcm_virtual_probe
<6>[    0.356443] c0 1 (swapper/0) comip-snd-lowpower comip-snd-lowpower: snd_lowpower_probe
<6>[    0.365895] c0 1 (swapper/0) comip-rtc comip-rtc: rtc core: registered comip-rtc as rtc0
<6>[    0.366415] c0 1 (swapper/0) hx170dec: dec/pp kernel module. 
<6>[    0.366548] c0 1 (swapper/0) hx170dec: Core 0 HW ID=0x67314808
<6>[    0.366561] c0 1 (swapper/0) hx170dec: Supported HW found at 0xa0340200
<6>[    0.366575] c0 1 (swapper/0) hx170dec: core[0] has H264
<6>[    0.366590] c0 1 (swapper/0) hx170dec: core[0] has JPEG
<6>[    0.366601] c0 1 (swapper/0) hx170dec: core[0] has MPEG4
<6>[    0.366614] c0 1 (swapper/0) hx170dec: core[0] has VC1
<6>[    0.366627] c0 1 (swapper/0) hx170dec: core[0] has MPEG2
<6>[    0.366640] c0 1 (swapper/0) hx170dec: core[0] has VP6
<6>[    0.366653] c0 1 (swapper/0) hx170dec: core[0] has VP8
<6>[    0.366664] c0 1 (swapper/0) hx170dec: core[0] has VP7
<6>[    0.366677] c0 1 (swapper/0) hx170dec: core[0] has WebP
<6>[    0.366690] c0 1 (swapper/0) hx170dec: core[0] has AVS
<6>[    0.366702] c0 1 (swapper/0) hx170dec: core[0] has RV
<6>[    0.366715] c0 1 (swapper/0) hx170dec: core[0] has PP
<4>[    0.367077] c0 1 (swapper/0) hx280enc_probe
<6>[    0.367131] c0 1 (swapper/0) hx280enc: HW ID=0x72802080
<6>[    0.367145] c0 1 (swapper/0) hx280enc: Compatible HW found at 0xa0340000
<6>[    0.367279] c0 1 (swapper/0) hx280enc: probe successfully. Major = 252
<4>[    0.367471] c0 1 (swapper/0) hx280enc_h1_probe
<6>[    0.367521] c0 1 (swapper/0) hx280enc_h1_data.hwregs = f8342000
<6>[    0.367537] c0 1 (swapper/0) hx280enc_h1: HW at base <0xa0342000> with ID <0x48314780>
<4>[    0.367886] c0 1 (swapper/0) lcmem_probe in: module init
<4>[    0.367900] c0 1 (swapper/0) lcmem: Linear Memory Allocator, $Revision: 1.10 $ 
<4>[    0.367914] c0 1 (swapper/0) lcmem: linear memory base = 0x17801000 
<6>[    0.368066] c0 1 (swapper/0) lcmem: probe successfully. Major = 250
<4>[    0.370588] c0 1 (swapper/0) lhc_cdin!
<6>[    0.371247] c0 1 (swapper/0) on2psm: probe successfully. power = 0x7
<6>[    0.371349] c0 1 (swapper/0) thermal: comip_thermal_probe called
<3>[    0.371560] c0 1 (swapper/0) [UREG]Ureg Driver Registered
<6>[    0.373378] c0 6 (kworker/u10:0) mmc0: BKOPS_EN bit is not set
<7>[    0.380046] c0 6 (kworker/u10:0) mmc-1: set mmc clock rate to 104000000
<7>[    0.380068] c0 6 (kworker/u10:0) found (fe014e, Micron), use read_delay 1.
<7>[    0.380088] c0 6 (kworker/u10:0) mmc-1: tuning result phase is 1
<6>[    0.380487] c0 6 (kworker/u10:0) mmc0: new HS200 MMC card at address 0001
<3>[    0.380749] c0 6 (kworker/u10:0) comip_mmc0_set_power: set card vdd ret = -6 vdd = 0
<6>[    0.386420] c1 1 (swapper/0) fuse init (API version 7.22)
<6>[    0.387006] c1 1 (swapper/0) msgmni has been set to 495
<6>[    0.389112] c1 1 (swapper/0) io scheduler noop registered
<6>[    0.389329] c1 1 (swapper/0) io scheduler cfq registered (default)
<6>[    0.400899] c1 1 (swapper/0) loop: module loaded
<4>[    0.401000] c1 1 (swapper/0) mfi_i2c_client addr:17
<4>[    0.401160] c1 1 (swapper/0) applecp module init ok
<6>[    0.401502] c1 1 (swapper/0) usbcore: registered new interface driver cdc_ether
<6>[    0.401566] c1 1 (swapper/0) usbcore: registered new interface driver cdc_eem
<6>[    0.401626] c1 1 (swapper/0) usbcore: registered new interface driver rndis_host
<6>[    0.401684] c1 1 (swapper/0) usbcore: registered new interface driver cdc_subset
<6>[    0.401804] c1 1 (swapper/0) usbcore: registered new interface driver cdc_ncm
<6>[    0.401865] c1 1 (swapper/0) usbcore: registered new interface driver cdc_mbim
<4>[    0.402273] c1 1 (swapper/0) comip_hcd_driver_probe(c05a3740) id=0
<4>[    0.403304] c1 1 (swapper/0) set USB power on.
<4>[    0.403336] c1 1 (swapper/0) enter comip_cil_init,core_if->type=0
<4>[    0.403349] c1 1 (swapper/0) USB HSIC core power up success.
<4>[    0.404368] c1 1 (swapper/0) LZS set_usb_init_reg: 192, AP_PWR_PDFSM_ST1=0x07077707
<4>[    0.407535] c1 1 (swapper/0) hcd:Core Release: 2.94a
<4>[    0.407555] c1 1 (swapper/0) hcd:Setting default values for core params
<4>[    0.407599] c1 1 (swapper/0) LZS hcd_init: 345, enter
<6>[    0.407674] c1 1 (swapper/0) comip-hcd comip-hcd.0: COMIP Controller
<6>[    0.407704] c1 1 (swapper/0) comip-hcd comip-hcd.0: new USB bus registered, assigned bus number 1
<6>[    0.407757] c1 1 (swapper/0) comip-hcd comip-hcd.0: irq 49, io mem 0x00000000
<4>[    0.407820] c1 1 (swapper/0) usb usb1: config index 0 lenght 25, result 9
<4>[    0.407831] c1 1 (swapper/0) 09 02 19 00 01 01 00 e0 00 
<4>[    0.407895] c1 1 (swapper/0) usb usb1: config index 0 lenght 25, result 25
<4>[    0.407905] c1 1 (swapper/0) 09 02 19 00 01 01 00 e0 00 09 04 00 00 01 09 00 00 00 07 05 81 03 04 00 0c 
<6>[    0.408636] c1 1 (swapper/0) hub 1-0:1.0: USB hub found
<6>[    0.408668] c1 1 (swapper/0) hub 1-0:1.0: 1 port detected
<4>[    0.408989] c1 1 (swapper/0) comip_hcd_driver_probe:comip_hcd_dev->core_if->id=0
<4>[    0.410274] c1 1 (swapper/0) set USB power off.
<4>[    0.410317] c1 1 (swapper/0) comip_hcd_driver_probe(c05a3920) id=2
<4>[    0.417620] c1 1 (swapper/0) set USB power on.
<4>[    0.417650] c1 1 (swapper/0) enter comip_cil_init,core_if->type=2
<4>[    0.417736] c1 1 (swapper/0) USB HSIC core power up success.
<4>[    0.424760] c1 1 (swapper/0) read USB1_GLPMCFG = 40000000
<4>[    0.424775] c1 1 (swapper/0) [HSIC]: USB1_GRSTCTL = 0x80000001
<7>[    0.424788] c1 1 (swapper/0) [HSIC]: USB1_GRSTCTL = 0x80000000 timeout=99
<4>[    0.425919] c1 1 (swapper/0) hcd:Core Release: 2.94a
<4>[    0.425934] c1 1 (swapper/0) hcd:Setting default values for core params
<4>[    0.425958] c1 1 (swapper/0) LZS hcd_init: 345, enter
<6>[    0.426046] c1 1 (swapper/0) comip-hcd comip-hcd.2: COMIP Controller
<6>[    0.426073] c1 1 (swapper/0) comip-hcd comip-hcd.2: new USB bus registered, assigned bus number 2
<6>[    0.426118] c1 1 (swapper/0) comip-hcd comip-hcd.2: irq 50, io mem 0x00000000
<4>[    0.426155] c1 1 (swapper/0) hcd:Init: Power Port (0)
<4>[    0.426204] c1 1 (swapper/0) usb usb2: config index 0 lenght 25, result 9
<4>[    0.426215] c1 1 (swapper/0) 09 02 19 00 01 01 00 e0 00 
<4>[    0.426275] c1 1 (swapper/0) usb usb2: config index 0 lenght 25, result 25
<4>[    0.426286] c1 1 (swapper/0) 09 02 19 00 01 01 00 e0 00 09 04 00 00 01 09 00 00 00 07 05 81 03 04 00 0c 
<6>[    0.426853] c1 1 (swapper/0) hub 2-0:1.0: USB hub found
<6>[    0.426883] c1 1 (swapper/0) hub 2-0:1.0: 1 port detected
<4>[    0.427208] c1 1 (swapper/0) enter hsic init
<4>[    0.427223] c1 1 (swapper/0) LZS comip_hcd_driver_start: 1251, enter
<4>[    0.427236] c1 1 (swapper/0) enter comip_hcd_driver_start:id=2
<4>[    0.432268] c1 1 (swapper/0) USB power should be on.
<7>[    0.437284] c1 1 (swapper/0) hcd:I: comip_hcd_driver_start init_reg
<4>[    0.444307] c1 1 (swapper/0) read USB1_GLPMCFG = 40000000
<4>[    0.444319] c1 1 (swapper/0) [HSIC]: USB1_GRSTCTL = 0x80000001
<7>[    0.444332] c1 1 (swapper/0) [HSIC]: USB1_GRSTCTL = 0x80000000 timeout=99
<4>[    0.644439] c1 1 (swapper/0) hcd:Using Descriptor DMA mode
<4>[    0.644453] c1 1 (swapper/0) hcd:Periodic Transfer Interrupt Enhancement - disabled
